  Determining projects to restore...
  Restored C:\Users\bbqch\proj\microbians\AeroCMS\src\Aero.Cms.Marten.Identity\Aero.Cms.Marten.Identity.csproj (in 254 ms).
C:\Users\bbqch\proj\microbians\AeroCMS\src\Aero.Cms.Web\Aero.Cms.Web.csproj : warning NU1510: PackageReference Microsoft.Extensions.Logging.Abstractions will not be pruned. Consider removing this package from your dependencies, as it is likely unnecessary. [C:\Users\bbqch\proj\microbians\AeroCMS\src\aero.cms.slnx]
C:\Users\bbqch\proj\microbians\AeroCMS\src\Aero.Cms.Services\Aero.Cms.Services.csproj : warning NU1608: Detected package version outside of dependency constraint: Microsoft.CodeAnalysis.CSharp 3.7.0 requires Microsoft.CodeAnalysis.Common (= 3.7.0) but version Microsoft.CodeAnalysis.Common 5.0.0 was resolved. [C:\Users\bbqch\proj\microbians\AeroCMS\src\aero.cms.slnx]
C:\Users\bbqch\proj\microbians\AeroCMS\src\Aero.Cms.Modules.Footer\Aero.Cms.Modules.Footer.csproj : warning NU1608: Detected package version outside of dependency constraint: Microsoft.CodeAnalysis.CSharp 3.7.0 requires Microsoft.CodeAnalysis.Common (= 3.7.0) but version Microsoft.CodeAnalysis.Common 5.0.0 was resolved. [C:\Users\bbqch\proj\microbians\AeroCMS\src\aero.cms.slnx]
C:\Users\bbqch\proj\microbians\AeroCMS\src\Aero.Cms.Modules.Forum\Aero.Cms.Modules.Forum.csproj : warning NU1608: Detected package version outside of dependency constraint: Microsoft.CodeAnalysis.CSharp 3.7.0 requires Microsoft.CodeAnalysis.Common (= 3.7.0) but version Microsoft.CodeAnalysis.Common 5.0.0 was resolved. [C:\Users\bbqch\proj\microbians\AeroCMS\src\aero.cms.slnx]
C:\Users\bbqch\proj\microbians\AeroCMS\src\Aero.Cms.Modules.Theming\Aero.Cms.Modules.Theming.csproj : warning NU1608: Detected package version outside of dependency constraint: Microsoft.CodeAnalysis.CSharp 3.7.0 requires Microsoft.CodeAnalysis.Common (= 3.7.0) but version Microsoft.CodeAnalysis.Common 5.0.0 was resolved. [C:\Users\bbqch\proj\microbians\AeroCMS\src\aero.cms.slnx]
C:\Users\bbqch\proj\microbians\AeroCMS\src\Aero.Cms.Modules.Secrets\Aero.Cms.Modules.Secrets.csproj : warning NU1608: Detected package version outside of dependency constraint: Microsoft.CodeAnalysis.CSharp 3.7.0 requires Microsoft.CodeAnalysis.Common (= 3.7.0) but version Microsoft.CodeAnalysis.Common 5.0.0 was resolved. [C:\Users\bbqch\proj\microbians\AeroCMS\src\aero.cms.slnx]
C:\Users\bbqch\proj\microbians\AeroCMS\src\Aero.Cms.Modules.Mailer\Aero.Cms.Modules.Mailer.csproj : warning NU1608: Detected package version outside of dependency constraint: Microsoft.CodeAnalysis.CSharp 3.7.0 requires Microsoft.CodeAnalysis.Common (= 3.7.0) but version Microsoft.CodeAnalysis.Common 5.0.0 was resolved. [C:\Users\bbqch\proj\microbians\AeroCMS\src\aero.cms.slnx]
C:\Users\bbqch\proj\microbians\AeroCMS\src\Aero.Cms.Modules.Logging\Aero.Cms.Modules.Logging.csproj : warning NU1608: Detected package version outside of dependency constraint: Microsoft.CodeAnalysis.CSharp 3.7.0 requires Microsoft.CodeAnalysis.Common (= 3.7.0) but version Microsoft.CodeAnalysis.Common 5.0.0 was resolved. [C:\Users\bbqch\proj\microbians\AeroCMS\src\aero.cms.slnx]
C:\Users\bbqch\proj\microbians\AeroCMS\src\Aero.Cms.Modules.Tenant\Aero.Cms.Modules.Tenant.csproj : warning NU1608: Detected package version outside of dependency constraint: Microsoft.CodeAnalysis.CSharp 3.7.0 requires Microsoft.CodeAnalysis.Common (= 3.7.0) but version Microsoft.CodeAnalysis.Common 5.0.0 was resolved. [C:\Users\bbqch\proj\microbians\AeroCMS\src\aero.cms.slnx]
C:\Users\bbqch\proj\microbians\AeroCMS\src\Aero.Cms.Modules.Identity\Aero.Cms.Modules.Identity.csproj : warning NU1608: Detected package version outside of dependency constraint: Microsoft.CodeAnalysis.CSharp 3.7.0 requires Microsoft.CodeAnalysis.Common (= 3.7.0) but version Microsoft.CodeAnalysis.Common 5.0.0 was resolved. [C:\Users\bbqch\proj\microbians\AeroCMS\src\aero.cms.slnx]
C:\Users\bbqch\proj\microbians\AeroCMS\src\Aero.Cms.Modules.Localization\Aero.Cms.Modules.Localization.csproj : warning NU1608: Detected package version outside of dependency constraint: Microsoft.CodeAnalysis.CSharp 3.7.0 requires Microsoft.CodeAnalysis.Common (= 3.7.0) but version Microsoft.CodeAnalysis.Common 5.0.0 was resolved. [C:\Users\bbqch\proj\microbians\AeroCMS\src\aero.cms.slnx]
C:\Users\bbqch\proj\microbians\AeroCMS\src\Aero.Cms.Modules.Members\Aero.Cms.Modules.Members.csproj : warning NU1608: Detected package version outside of dependency constraint: Microsoft.CodeAnalysis.CSharp 3.7.0 requires Microsoft.CodeAnalysis.Common (= 3.7.0) but version Microsoft.CodeAnalysis.Common 5.0.0 was resolved. [C:\Users\bbqch\proj\microbians\AeroCMS\src\aero.cms.slnx]
C:\Users\bbqch\proj\microbians\AeroCMS\src\Aero.Cms.Modules.Grpc\Aero.Cms.Modules.Grpc.csproj : warning NU1608: Detected package version outside of dependency constraint: Microsoft.CodeAnalysis.CSharp 3.7.0 requires Microsoft.CodeAnalysis.Common (= 3.7.0) but version Microsoft.CodeAnalysis.Common 5.0.0 was resolved. [C:\Users\bbqch\proj\microbians\AeroCMS\src\aero.cms.slnx]
C:\Users\bbqch\proj\microbians\AeroCMS\src\Aero.Cms.Modules.WorkOS\Aero.Cms.Modules.WorkOS.csproj : warning NU1608: Detected package version outside of dependency constraint: Microsoft.CodeAnalysis.CSharp 3.7.0 requires Microsoft.CodeAnalysis.Common (= 3.7.0) but version Microsoft.CodeAnalysis.Common 5.0.0 was resolved. [C:\Users\bbqch\proj\microbians\AeroCMS\src\aero.cms.slnx]
C:\Users\bbqch\proj\microbians\AeroCMS\src\Aero.Cms.Modules.MiniProfiler\Aero.Cms.Modules.MiniProfiler.csproj : warning NU1608: Detected package version outside of dependency constraint: Microsoft.CodeAnalysis.CSharp 3.7.0 requires Microsoft.CodeAnalysis.Common (= 3.7.0) but version Microsoft.CodeAnalysis.Common 5.0.0 was resolved. [C:\Users\bbqch\proj\microbians\AeroCMS\src\aero.cms.slnx]
C:\Users\bbqch\proj\microbians\AeroCMS\src\Aero.Cms.Modules.WebOptimizer\Aero.Cms.Modules.WebOptimizer.csproj : warning NU1608: Detected package version outside of dependency constraint: Microsoft.CodeAnalysis.CSharp 3.7.0 requires Microsoft.CodeAnalysis.Common (= 3.7.0) but version Microsoft.CodeAnalysis.Common 5.0.0 was resolved. [C:\Users\bbqch\proj\microbians\AeroCMS\src\aero.cms.slnx]
C:\Users\bbqch\proj\microbians\AeroCMS\src\Aero.Cms.Modules.Settings\Aero.Cms.Modules.Settings.csproj : warning NU1608: Detected package version outside of dependency constraint: Microsoft.CodeAnalysis.CSharp 3.7.0 requires Microsoft.CodeAnalysis.Common (= 3.7.0) but version Microsoft.CodeAnalysis.Common 5.0.0 was resolved. [C:\Users\bbqch\proj\microbians\AeroCMS\src\aero.cms.slnx]
C:\Users\bbqch\proj\microbians\AeroCMS\src\Aero.Cms.Modules.Users\Aero.Cms.Modules.Users.csproj : warning NU1608: Detected package version outside of dependency constraint: Microsoft.CodeAnalysis.CSharp 3.7.0 requires Microsoft.CodeAnalysis.Common (= 3.7.0) but version Microsoft.CodeAnalysis.Common 5.0.0 was resolved. [C:\Users\bbqch\proj\microbians\AeroCMS\src\aero.cms.slnx]
C:\Users\bbqch\proj\microbians\AeroCMS\src\Aero.Cms.Modules.Mail\Aero.Cms.Modules.Mail.csproj : warning NU1608: Detected package version outside of dependency constraint: Microsoft.CodeAnalysis.CSharp 3.7.0 requires Microsoft.CodeAnalysis.Common (= 3.7.0) but version Microsoft.CodeAnalysis.Common 5.0.0 was resolved. [C:\Users\bbqch\proj\microbians\AeroCMS\src\aero.cms.slnx]
C:\Users\bbqch\proj\microbians\AeroCMS\src\Aero.Cms.Modules.Mcp\Aero.Cms.Modules.Mcp.csproj : warning NU1608: Detected package version outside of dependency constraint: Microsoft.CodeAnalysis.CSharp 3.7.0 requires Microsoft.CodeAnalysis.Common (= 3.7.0) but version Microsoft.CodeAnalysis.Common 5.0.0 was resolved. [C:\Users\bbqch\proj\microbians\AeroCMS\src\aero.cms.slnx]
C:\Users\bbqch\proj\microbians\AeroCMS\src\Aero.Cms.CookiePolicy\Aero.Cms.CookiePolicy.csproj : warning NU1608: Detected package version outside of dependency constraint: Microsoft.CodeAnalysis.CSharp 3.7.0 requires Microsoft.CodeAnalysis.Common (= 3.7.0) but version Microsoft.CodeAnalysis.Common 5.0.0 was resolved. [C:\Users\bbqch\proj\microbians\AeroCMS\src\aero.cms.slnx]
C:\Users\bbqch\proj\microbians\AeroCMS\src\Aero.Cms.Modules.MagicLink\Aero.Cms.Modules.MagicLink.csproj : warning NU1608: Detected package version outside of dependency constraint: Microsoft.CodeAnalysis.CSharp 3.7.0 requires Microsoft.CodeAnalysis.Common (= 3.7.0) but version Microsoft.CodeAnalysis.Common 5.0.0 was resolved. [C:\Users\bbqch\proj\microbians\AeroCMS\src\aero.cms.slnx]
C:\Users\bbqch\proj\microbians\AeroCMS\src\Aero.Cms.Modules.Sites\Aero.Cms.Modules.Sites.csproj : warning NU1608: Detected package version outside of dependency constraint: Microsoft.CodeAnalysis.CSharp 3.7.0 requires Microsoft.CodeAnalysis.Common (= 3.7.0) but version Microsoft.CodeAnalysis.Common 5.0.0 was resolved. [C:\Users\bbqch\proj\microbians\AeroCMS\src\aero.cms.slnx]
C:\Users\bbqch\proj\microbians\AeroCMS\src\Aero.Cms.Modules.Search\Aero.Cms.Modules.Search.csproj : warning NU1608: Detected package version outside of dependency constraint: Microsoft.CodeAnalysis.CSharp 3.7.0 requires Microsoft.CodeAnalysis.Common (= 3.7.0) but version Microsoft.CodeAnalysis.Common 5.0.0 was resolved. [C:\Users\bbqch\proj\microbians\AeroCMS\src\aero.cms.slnx]
C:\Users\bbqch\proj\microbians\AeroCMS\src\Aero.Cms.Modules.OneTimePasscode\Aero.Cms.Modules.OneTimePasscode.csproj : warning NU1608: Detected package version outside of dependency constraint: Microsoft.CodeAnalysis.CSharp 3.7.0 requires Microsoft.CodeAnalysis.Common (= 3.7.0) but version Microsoft.CodeAnalysis.Common 5.0.0 was resolved. [C:\Users\bbqch\proj\microbians\AeroCMS\src\aero.cms.slnx]
C:\Users\bbqch\proj\microbians\AeroCMS\src\Aero.Cms.Modules.Chat\Aero.Cms.Modules.Chat.csproj : warning NU1608: Detected package version outside of dependency constraint: Microsoft.CodeAnalysis.CSharp 3.7.0 requires Microsoft.CodeAnalysis.Common (= 3.7.0) but version Microsoft.CodeAnalysis.Common 5.0.0 was resolved. [C:\Users\bbqch\proj\microbians\AeroCMS\src\aero.cms.slnx]
C:\Users\bbqch\proj\microbians\AeroCMS\src\Aero.Cms.Modules.Ai\Aero.Cms.Modules.Ai.csproj : warning NU1608: Detected package version outside of dependency constraint: Microsoft.CodeAnalysis.CSharp 3.7.0 requires Microsoft.CodeAnalysis.Common (= 3.7.0) but version Microsoft.CodeAnalysis.Common 5.0.0 was resolved. [C:\Users\bbqch\proj\microbians\AeroCMS\src\aero.cms.slnx]
C:\Users\bbqch\proj\microbians\AeroCMS\src\Aero.Cms.Modules.Cache\Aero.Cms.Modules.Cache.csproj : warning NU1608: Detected package version outside of dependency constraint: Microsoft.CodeAnalysis.CSharp 3.7.0 requires Microsoft.CodeAnalysis.Common (= 3.7.0) but version Microsoft.CodeAnalysis.Common 5.0.0 was resolved. [C:\Users\bbqch\proj\microbians\AeroCMS\src\aero.cms.slnx]
C:\Users\bbqch\proj\microbians\AeroCMS\src\Aero.Cms.Modules.Commerce.Client\Aero.Cms.Modules.Commerce.Client.csproj : warning NU1608: Detected package version outside of dependency constraint: Microsoft.CodeAnalysis.CSharp 3.7.0 requires Microsoft.CodeAnalysis.Common (= 3.7.0) but version Microsoft.CodeAnalysis.Common 5.0.0 was resolved. [C:\Users\bbqch\proj\microbians\AeroCMS\src\aero.cms.slnx]
C:\Users\bbqch\proj\microbians\AeroCMS\src\Aero.Cms.Modules.Jobs\Aero.Cms.Modules.Jobs.csproj : warning NU1608: Detected package version outside of dependency constraint: Microsoft.CodeAnalysis.CSharp 3.7.0 requires Microsoft.CodeAnalysis.Common (= 3.7.0) but version Microsoft.CodeAnalysis.Common 5.0.0 was resolved. [C:\Users\bbqch\proj\microbians\AeroCMS\src\aero.cms.slnx]
C:\Users\bbqch\proj\microbians\AeroCMS\src\Aero.Cms.Modules.Health\Aero.Cms.Modules.Health.csproj : warning NU1608: Detected package version outside of dependency constraint: Microsoft.CodeAnalysis.CSharp 3.7.0 requires Microsoft.CodeAnalysis.Common (= 3.7.0) but version Microsoft.CodeAnalysis.Common 5.0.0 was resolved. [C:\Users\bbqch\proj\microbians\AeroCMS\src\aero.cms.slnx]
C:\Users\bbqch\proj\microbians\AeroCMS\src\Aero.Cms.Modules.Security\Aero.Cms.Modules.Security.csproj : warning NU1608: Detected package version outside of dependency constraint: Microsoft.CodeAnalysis.CSharp 3.7.0 requires Microsoft.CodeAnalysis.Common (= 3.7.0) but version Microsoft.CodeAnalysis.Common 5.0.0 was resolved. [C:\Users\bbqch\proj\microbians\AeroCMS\src\aero.cms.slnx]
C:\Users\bbqch\proj\microbians\AeroCMS\src\Aero.Cms.Modules.SiteMap\Aero.Cms.Modules.SiteMap.csproj : warning NU1608: Detected package version outside of dependency constraint: Microsoft.CodeAnalysis.CSharp 3.7.0 requires Microsoft.CodeAnalysis.Common (= 3.7.0) but version Microsoft.CodeAnalysis.Common 5.0.0 was resolved. [C:\Users\bbqch\proj\microbians\AeroCMS\src\aero.cms.slnx]
C:\Users\bbqch\proj\microbians\AeroCMS\src\Aero.Cms.Web\Aero.Cms.Web.csproj : warning NU1608: Detected package version outside of dependency constraint: HtmlSanitizer 9.0.892 requires AngleSharp (= 0.17.1) but version AngleSharp 1.5.2 was resolved. [C:\Users\bbqch\proj\microbians\AeroCMS\src\aero.cms.slnx]
C:\Users\bbqch\proj\microbians\AeroCMS\src\Aero.Cms.Web\Aero.Cms.Web.csproj : warning NU1608: Detected package version outside of dependency constraint: AngleSharp.Css 0.17.0 requires AngleSharp (>= 0.17.0 && < 0.18.0) but version AngleSharp 1.5.2 was resolved. [C:\Users\bbqch\proj\microbians\AeroCMS\src\aero.cms.slnx]
C:\Users\bbqch\proj\microbians\AeroCMS\src\Aero.Cms.Modules.WorkOS\Aero.Cms.Modules.WorkOS.csproj : warning NU1902: Package 'MailKit' 2.10.1 has a known moderate severity vulnerability, https://github.com/advisories/GHSA-9j88-vvj5-vhgr [C:\Users\bbqch\proj\microbians\AeroCMS\src\aero.cms.slnx]
C:\Users\bbqch\proj\microbians\AeroCMS\src\Aero.Cms.Modules.Theming\Aero.Cms.Modules.Theming.csproj : warning NU1902: Package 'MailKit' 2.10.1 has a known moderate severity vulnerability, https://github.com/advisories/GHSA-9j88-vvj5-vhgr [C:\Users\bbqch\proj\microbians\AeroCMS\src\aero.cms.slnx]
C:\Users\bbqch\proj\microbians\AeroCMS\src\Aero.Cms.Modules.OneTimePasscode\Aero.Cms.Modules.OneTimePasscode.csproj : warning NU1902: Package 'MailKit' 2.10.1 has a known moderate severity vulnerability, https://github.com/advisories/GHSA-9j88-vvj5-vhgr [C:\Users\bbqch\proj\microbians\AeroCMS\src\aero.cms.slnx]
C:\Users\bbqch\proj\microbians\AeroCMS\src\Aero.Cms.Web\Aero.Cms.Web.csproj : warning NU1902: Package 'SharpCompress' 0.34.2 has a known moderate severity vulnerability, https://github.com/advisories/GHSA-6c8g-7p36-r338 [C:\Users\bbqch\proj\microbians\AeroCMS\src\aero.cms.slnx]
C:\Users\bbqch\proj\microbians\AeroCMS\src\Aero.Cms.Modules.Search\Aero.Cms.Modules.Search.csproj : warning NU1902: Package 'MailKit' 2.10.1 has a known moderate severity vulnerability, https://github.com/advisories/GHSA-9j88-vvj5-vhgr [C:\Users\bbqch\proj\microbians\AeroCMS\src\aero.cms.slnx]
C:\Users\bbqch\proj\microbians\AeroCMS\src\Aero.Cms.Modules.Sites\Aero.Cms.Modules.Sites.csproj : warning NU1902: Package 'MailKit' 2.10.1 has a known moderate severity vulnerability, https://github.com/advisories/GHSA-9j88-vvj5-vhgr [C:\Users\bbqch\proj\microbians\AeroCMS\src\aero.cms.slnx]
C:\Users\bbqch\proj\microbians\AeroCMS\src\Aero.Cms.CookiePolicy\Aero.Cms.CookiePolicy.csproj : warning NU1902: Package 'MailKit' 2.10.1 has a known moderate severity vulnerability, https://github.com/advisories/GHSA-9j88-vvj5-vhgr [C:\Users\bbqch\proj\microbians\AeroCMS\src\aero.cms.slnx]
C:\Users\bbqch\proj\microbians\AeroCMS\src\Aero.Cms.Modules.Settings\Aero.Cms.Modules.Settings.csproj : warning NU1902: Package 'MailKit' 2.10.1 has a known moderate severity vulnerability, https://github.com/advisories/GHSA-9j88-vvj5-vhgr [C:\Users\bbqch\proj\microbians\AeroCMS\src\aero.cms.slnx]
C:\Users\bbqch\proj\microbians\AeroCMS\src\Aero.Cms.Modules.WebOptimizer\Aero.Cms.Modules.WebOptimizer.csproj : warning NU1902: Package 'MailKit' 2.10.1 has a known moderate severity vulnerability, https://github.com/advisories/GHSA-9j88-vvj5-vhgr [C:\Users\bbqch\proj\microbians\AeroCMS\src\aero.cms.slnx]
C:\Users\bbqch\proj\microbians\AeroCMS\src\Aero.Cms.Modules.Users\Aero.Cms.Modules.Users.csproj : warning NU1902: Package 'MailKit' 2.10.1 has a known moderate severity vulnerability, https://github.com/advisories/GHSA-9j88-vvj5-vhgr [C:\Users\bbqch\proj\microbians\AeroCMS\src\aero.cms.slnx]
C:\Users\bbqch\proj\microbians\AeroCMS\src\Aero.Cms.Modules.Ai\Aero.Cms.Modules.Ai.csproj : warning NU1902: Package 'MailKit' 2.10.1 has a known moderate severity vulnerability, https://github.com/advisories/GHSA-9j88-vvj5-vhgr [C:\Users\bbqch\proj\microbians\AeroCMS\src\aero.cms.slnx]
C:\Users\bbqch\proj\microbians\AeroCMS\src\Aero.Cms.Modules.WorkOS\Aero.Cms.Modules.WorkOS.csproj : warning NU1902: Package 'MimeKit' 2.10.1 has a known moderate severity vulnerability, https://github.com/advisories/GHSA-g7hc-96xr-gvvx [C:\Users\bbqch\proj\microbians\AeroCMS\src\aero.cms.slnx]
C:\Users\bbqch\proj\microbians\AeroCMS\src\Aero.Cms.Modules.WebOptimizer\Aero.Cms.Modules.WebOptimizer.csproj : warning NU1902: Package 'MimeKit' 2.10.1 has a known moderate severity vulnerability, https://github.com/advisories/GHSA-g7hc-96xr-gvvx [C:\Users\bbqch\proj\microbians\AeroCMS\src\aero.cms.slnx]
C:\Users\bbqch\proj\microbians\AeroCMS\src\Aero.Cms.Modules.Grpc\Aero.Cms.Modules.Grpc.csproj : warning NU1902: Package 'MailKit' 2.10.1 has a known moderate severity vulnerability, https://github.com/advisories/GHSA-9j88-vvj5-vhgr [C:\Users\bbqch\proj\microbians\AeroCMS\src\aero.cms.slnx]
C:\Users\bbqch\proj\microbians\AeroCMS\src\Aero.Cms.Modules.Sites\Aero.Cms.Modules.Sites.csproj : warning NU1902: Package 'MimeKit' 2.10.1 has a known moderate severity vulnerability, https://github.com/advisories/GHSA-g7hc-96xr-gvvx [C:\Users\bbqch\proj\microbians\AeroCMS\src\aero.cms.slnx]
C:\Users\bbqch\proj\microbians\AeroCMS\src\Aero.Cms.CookiePolicy\Aero.Cms.CookiePolicy.csproj : warning NU1902: Package 'MimeKit' 2.10.1 has a known moderate severity vulnerability, https://github.com/advisories/GHSA-g7hc-96xr-gvvx [C:\Users\bbqch\proj\microbians\AeroCMS\src\aero.cms.slnx]
C:\Users\bbqch\proj\microbians\AeroCMS\src\Aero.Cms.Modules.OneTimePasscode\Aero.Cms.Modules.OneTimePasscode.csproj : warning NU1902: Package 'MimeKit' 2.10.1 has a known moderate severity vulnerability, https://github.com/advisories/GHSA-g7hc-96xr-gvvx [C:\Users\bbqch\proj\microbians\AeroCMS\src\aero.cms.slnx]
C:\Users\bbqch\proj\microbians\AeroCMS\src\Aero.Cms.Modules.Jobs\Aero.Cms.Modules.Jobs.csproj : warning NU1902: Package 'MailKit' 2.10.1 has a known moderate severity vulnerability, https://github.com/advisories/GHSA-9j88-vvj5-vhgr [C:\Users\bbqch\proj\microbians\AeroCMS\src\aero.cms.slnx]
C:\Users\bbqch\proj\microbians\AeroCMS\src\Aero.Cms.Modules.Ai\Aero.Cms.Modules.Ai.csproj : warning NU1902: Package 'MimeKit' 2.10.1 has a known moderate severity vulnerability, https://github.com/advisories/GHSA-g7hc-96xr-gvvx [C:\Users\bbqch\proj\microbians\AeroCMS\src\aero.cms.slnx]
C:\Users\bbqch\proj\microbians\AeroCMS\src\Aero.Cms.Modules.SiteMap\Aero.Cms.Modules.SiteMap.csproj : warning NU1902: Package 'MailKit' 2.10.1 has a known moderate severity vulnerability, https://github.com/advisories/GHSA-9j88-vvj5-vhgr [C:\Users\bbqch\proj\microbians\AeroCMS\src\aero.cms.slnx]
C:\Users\bbqch\proj\microbians\AeroCMS\src\Aero.Cms.Modules.Grpc\Aero.Cms.Modules.Grpc.csproj : warning NU1902: Package 'MimeKit' 2.10.1 has a known moderate severity vulnerability, https://github.com/advisories/GHSA-g7hc-96xr-gvvx [C:\Users\bbqch\proj\microbians\AeroCMS\src\aero.cms.slnx]
C:\Users\bbqch\proj\microbians\AeroCMS\src\Aero.Cms.Modules.Jobs\Aero.Cms.Modules.Jobs.csproj : warning NU1902: Package 'MimeKit' 2.10.1 has a known moderate severity vulnerability, https://github.com/advisories/GHSA-g7hc-96xr-gvvx [C:\Users\bbqch\proj\microbians\AeroCMS\src\aero.cms.slnx]
C:\Users\bbqch\proj\microbians\AeroCMS\src\Aero.Cms.Modules.Secrets\Aero.Cms.Modules.Secrets.csproj : warning NU1902: Package 'MailKit' 2.10.1 has a known moderate severity vulnerability, https://github.com/advisories/GHSA-9j88-vvj5-vhgr [C:\Users\bbqch\proj\microbians\AeroCMS\src\aero.cms.slnx]
C:\Users\bbqch\proj\microbians\AeroCMS\src\Aero.Cms.Modules.Security\Aero.Cms.Modules.Security.csproj : warning NU1902: Package 'MailKit' 2.10.1 has a known moderate severity vulnerability, https://github.com/advisories/GHSA-9j88-vvj5-vhgr [C:\Users\bbqch\proj\microbians\AeroCMS\src\aero.cms.slnx]
C:\Users\bbqch\proj\microbians\AeroCMS\src\Aero.Cms.Modules.SiteMap\Aero.Cms.Modules.SiteMap.csproj : warning NU1902: Package 'MimeKit' 2.10.1 has a known moderate severity vulnerability, https://github.com/advisories/GHSA-g7hc-96xr-gvvx [C:\Users\bbqch\proj\microbians\AeroCMS\src\aero.cms.slnx]
C:\Users\bbqch\proj\microbians\AeroCMS\Aero\src\Aero.Core\Aero.Core.csproj : warning NU1903: Package 'Newtonsoft.Json' 10.0.2 has a known high severity vulnerability, https://github.com/advisories/GHSA-5crp-9r3c-p9vr [C:\Users\bbqch\proj\microbians\AeroCMS\src\aero.cms.slnx]
C:\Users\bbqch\proj\microbians\AeroCMS\src\Aero.Cms.Modules.Commerce.Client\Aero.Cms.Modules.Commerce.Client.csproj : warning NU1902: Package 'MailKit' 2.10.1 has a known moderate severity vulnerability, https://github.com/advisories/GHSA-9j88-vvj5-vhgr [C:\Users\bbqch\proj\microbians\AeroCMS\src\aero.cms.slnx]
C:\Users\bbqch\proj\microbians\AeroCMS\src\Aero.Cms.Modules.Secrets\Aero.Cms.Modules.Secrets.csproj : warning NU1902: Package 'MimeKit' 2.10.1 has a known moderate severity vulnerability, https://github.com/advisories/GHSA-g7hc-96xr-gvvx [C:\Users\bbqch\proj\microbians\AeroCMS\src\aero.cms.slnx]
C:\Users\bbqch\proj\microbians\AeroCMS\src\Aero.Cms.Modules.Identity\Aero.Cms.Modules.Identity.csproj : warning NU1902: Package 'MailKit' 2.10.1 has a known moderate severity vulnerability, https://github.com/advisories/GHSA-9j88-vvj5-vhgr [C:\Users\bbqch\proj\microbians\AeroCMS\src\aero.cms.slnx]
C:\Users\bbqch\proj\microbians\AeroCMS\src\Aero.Cms.Modules.Security\Aero.Cms.Modules.Security.csproj : warning NU1902: Package 'MimeKit' 2.10.1 has a known moderate severity vulnerability, https://github.com/advisories/GHSA-g7hc-96xr-gvvx [C:\Users\bbqch\proj\microbians\AeroCMS\src\aero.cms.slnx]
C:\Users\bbqch\proj\microbians\AeroCMS\src\Aero.Cms.Modules.Footer\Aero.Cms.Modules.Footer.csproj : warning NU1902: Package 'MailKit' 2.10.1 has a known moderate severity vulnerability, https://github.com/advisories/GHSA-9j88-vvj5-vhgr [C:\Users\bbqch\proj\microbians\AeroCMS\src\aero.cms.slnx]
C:\Users\bbqch\proj\microbians\AeroCMS\src\Aero.Cms.Modules.Commerce.Client\Aero.Cms.Modules.Commerce.Client.csproj : warning NU1902: Package 'MimeKit' 2.10.1 has a known moderate severity vulnerability, https://github.com/advisories/GHSA-g7hc-96xr-gvvx [C:\Users\bbqch\proj\microbians\AeroCMS\src\aero.cms.slnx]
C:\Users\bbqch\proj\microbians\AeroCMS\src\Aero.Cms.Modules.Cache\Aero.Cms.Modules.Cache.csproj : warning NU1902: Package 'MailKit' 2.10.1 has a known moderate severity vulnerability, https://github.com/advisories/GHSA-9j88-vvj5-vhgr [C:\Users\bbqch\proj\microbians\AeroCMS\src\aero.cms.slnx]
C:\Users\bbqch\proj\microbians\AeroCMS\src\Aero.Cms.Modules.Identity\Aero.Cms.Modules.Identity.csproj : warning NU1902: Package 'MimeKit' 2.10.1 has a known moderate severity vulnerability, https://github.com/advisories/GHSA-g7hc-96xr-gvvx [C:\Users\bbqch\proj\microbians\AeroCMS\src\aero.cms.slnx]
C:\Users\bbqch\proj\microbians\AeroCMS\src\Aero.Cms.Modules.Localization\Aero.Cms.Modules.Localization.csproj : warning NU1902: Package 'MailKit' 2.10.1 has a known moderate severity vulnerability, https://github.com/advisories/GHSA-9j88-vvj5-vhgr [C:\Users\bbqch\proj\microbians\AeroCMS\src\aero.cms.slnx]
C:\Users\bbqch\proj\microbians\AeroCMS\src\Aero.Cms.Modules.Users\Aero.Cms.Modules.Users.csproj : warning NU1902: Package 'MimeKit' 2.10.1 has a known moderate severity vulnerability, https://github.com/advisories/GHSA-g7hc-96xr-gvvx [C:\Users\bbqch\proj\microbians\AeroCMS\src\aero.cms.slnx]
C:\Users\bbqch\proj\microbians\AeroCMS\src\Aero.Cms.Modules.Settings\Aero.Cms.Modules.Settings.csproj : warning NU1902: Package 'MimeKit' 2.10.1 has a known moderate severity vulnerability, https://github.com/advisories/GHSA-g7hc-96xr-gvvx [C:\Users\bbqch\proj\microbians\AeroCMS\src\aero.cms.slnx]
C:\Users\bbqch\proj\microbians\AeroCMS\src\Aero.Cms.Modules.MiniProfiler\Aero.Cms.Modules.MiniProfiler.csproj : warning NU1902: Package 'MailKit' 2.10.1 has a known moderate severity vulnerability, https://github.com/advisories/GHSA-9j88-vvj5-vhgr [C:\Users\bbqch\proj\microbians\AeroCMS\src\aero.cms.slnx]
C:\Users\bbqch\proj\microbians\AeroCMS\src\Aero.Cms.Modules.Footer\Aero.Cms.Modules.Footer.csproj : warning NU1902: Package 'MimeKit' 2.10.1 has a known moderate severity vulnerability, https://github.com/advisories/GHSA-g7hc-96xr-gvvx [C:\Users\bbqch\proj\microbians\AeroCMS\src\aero.cms.slnx]
C:\Users\bbqch\proj\microbians\AeroCMS\src\Aero.Cms.Modules.Cache\Aero.Cms.Modules.Cache.csproj : warning NU1902: Package 'MimeKit' 2.10.1 has a known moderate severity vulnerability, https://github.com/advisories/GHSA-g7hc-96xr-gvvx [C:\Users\bbqch\proj\microbians\AeroCMS\src\aero.cms.slnx]
C:\Users\bbqch\proj\microbians\AeroCMS\src\Aero.Cms.Modules.MagicLink\Aero.Cms.Modules.MagicLink.csproj : warning NU1902: Package 'MailKit' 2.10.1 has a known moderate severity vulnerability, https://github.com/advisories/GHSA-9j88-vvj5-vhgr [C:\Users\bbqch\proj\microbians\AeroCMS\src\aero.cms.slnx]
C:\Users\bbqch\proj\microbians\AeroCMS\src\Aero.Cms.Modules.Logging\Aero.Cms.Modules.Logging.csproj : warning NU1902: Package 'MailKit' 2.10.1 has a known moderate severity vulnerability, https://github.com/advisories/GHSA-9j88-vvj5-vhgr [C:\Users\bbqch\proj\microbians\AeroCMS\src\aero.cms.slnx]
C:\Users\bbqch\proj\microbians\AeroCMS\src\Aero.Cms.Modules.Localization\Aero.Cms.Modules.Localization.csproj : warning NU1902: Package 'MimeKit' 2.10.1 has a known moderate severity vulnerability, https://github.com/advisories/GHSA-g7hc-96xr-gvvx [C:\Users\bbqch\proj\microbians\AeroCMS\src\aero.cms.slnx]
C:\Users\bbqch\proj\microbians\AeroCMS\src\Aero.Cms.Modules.Forum\Aero.Cms.Modules.Forum.csproj : warning NU1902: Package 'MailKit' 2.10.1 has a known moderate severity vulnerability, https://github.com/advisories/GHSA-9j88-vvj5-vhgr [C:\Users\bbqch\proj\microbians\AeroCMS\src\aero.cms.slnx]
C:\Users\bbqch\proj\microbians\AeroCMS\src\Aero.Cms.Modules.Mailer\Aero.Cms.Modules.Mailer.csproj : warning NU1902: Package 'MailKit' 2.10.1 has a known moderate severity vulnerability, https://github.com/advisories/GHSA-9j88-vvj5-vhgr [C:\Users\bbqch\proj\microbians\AeroCMS\src\aero.cms.slnx]
C:\Users\bbqch\proj\microbians\AeroCMS\src\Aero.Cms.Modules.MiniProfiler\Aero.Cms.Modules.MiniProfiler.csproj : warning NU1902: Package 'MimeKit' 2.10.1 has a known moderate severity vulnerability, https://github.com/advisories/GHSA-g7hc-96xr-gvvx [C:\Users\bbqch\proj\microbians\AeroCMS\src\aero.cms.slnx]
C:\Users\bbqch\proj\microbians\AeroCMS\src\Aero.Cms.Modules.Health\Aero.Cms.Modules.Health.csproj : warning NU1902: Package 'MailKit' 2.10.1 has a known moderate severity vulnerability, https://github.com/advisories/GHSA-9j88-vvj5-vhgr [C:\Users\bbqch\proj\microbians\AeroCMS\src\aero.cms.slnx]
C:\Users\bbqch\proj\microbians\AeroCMS\src\Aero.Cms.Modules.Logging\Aero.Cms.Modules.Logging.csproj : warning NU1902: Package 'MimeKit' 2.10.1 has a known moderate severity vulnerability, https://github.com/advisories/GHSA-g7hc-96xr-gvvx [C:\Users\bbqch\proj\microbians\AeroCMS\src\aero.cms.slnx]
C:\Users\bbqch\proj\microbians\AeroCMS\src\Aero.Cms.Modules.MagicLink\Aero.Cms.Modules.MagicLink.csproj : warning NU1902: Package 'MimeKit' 2.10.1 has a known moderate severity vulnerability, https://github.com/advisories/GHSA-g7hc-96xr-gvvx [C:\Users\bbqch\proj\microbians\AeroCMS\src\aero.cms.slnx]
C:\Users\bbqch\proj\microbians\AeroCMS\src\Aero.Cms.Modules.Forum\Aero.Cms.Modules.Forum.csproj : warning NU1902: Package 'MimeKit' 2.10.1 has a known moderate severity vulnerability, https://github.com/advisories/GHSA-g7hc-96xr-gvvx [C:\Users\bbqch\proj\microbians\AeroCMS\src\aero.cms.slnx]
C:\Users\bbqch\proj\microbians\AeroCMS\src\Aero.Cms.Modules.Search\Aero.Cms.Modules.Search.csproj : warning NU1902: Package 'MimeKit' 2.10.1 has a known moderate severity vulnerability, https://github.com/advisories/GHSA-g7hc-96xr-gvvx [C:\Users\bbqch\proj\microbians\AeroCMS\src\aero.cms.slnx]
C:\Users\bbqch\proj\microbians\AeroCMS\src\Aero.Cms.Modules.Members\Aero.Cms.Modules.Members.csproj : warning NU1902: Package 'MailKit' 2.10.1 has a known moderate severity vulnerability, https://github.com/advisories/GHSA-9j88-vvj5-vhgr [C:\Users\bbqch\proj\microbians\AeroCMS\src\aero.cms.slnx]
C:\Users\bbqch\proj\microbians\AeroCMS\src\Aero.Cms.Modules.Mailer\Aero.Cms.Modules.Mailer.csproj : warning NU1902: Package 'MimeKit' 2.10.1 has a known moderate severity vulnerability, https://github.com/advisories/GHSA-g7hc-96xr-gvvx [C:\Users\bbqch\proj\microbians\AeroCMS\src\aero.cms.slnx]
C:\Users\bbqch\proj\microbians\AeroCMS\src\Aero.Cms.Modules.Tenant\Aero.Cms.Modules.Tenant.csproj : warning NU1902: Package 'MailKit' 2.10.1 has a known moderate severity vulnerability, https://github.com/advisories/GHSA-9j88-vvj5-vhgr [C:\Users\bbqch\proj\microbians\AeroCMS\src\aero.cms.slnx]
C:\Users\bbqch\proj\microbians\AeroCMS\src\Aero.Cms.Modules.Health\Aero.Cms.Modules.Health.csproj : warning NU1902: Package 'MimeKit' 2.10.1 has a known moderate severity vulnerability, https://github.com/advisories/GHSA-g7hc-96xr-gvvx [C:\Users\bbqch\proj\microbians\AeroCMS\src\aero.cms.slnx]
C:\Users\bbqch\proj\microbians\AeroCMS\src\Aero.Cms.Modules.Mcp\Aero.Cms.Modules.Mcp.csproj : warning NU1902: Package 'MailKit' 2.10.1 has a known moderate severity vulnerability, https://github.com/advisories/GHSA-9j88-vvj5-vhgr [C:\Users\bbqch\proj\microbians\AeroCMS\src\aero.cms.slnx]
C:\Users\bbqch\proj\microbians\AeroCMS\src\Aero.Cms.Modules.Theming\Aero.Cms.Modules.Theming.csproj : warning NU1902: Package 'MimeKit' 2.10.1 has a known moderate severity vulnerability, https://github.com/advisories/GHSA-g7hc-96xr-gvvx [C:\Users\bbqch\proj\microbians\AeroCMS\src\aero.cms.slnx]
C:\Users\bbqch\proj\microbians\AeroCMS\src\Aero.Cms.Modules.Members\Aero.Cms.Modules.Members.csproj : warning NU1902: Package 'MimeKit' 2.10.1 has a known moderate severity vulnerability, https://github.com/advisories/GHSA-g7hc-96xr-gvvx [C:\Users\bbqch\proj\microbians\AeroCMS\src\aero.cms.slnx]
C:\Users\bbqch\proj\microbians\AeroCMS\src\Aero.Cms.Services\Aero.Cms.Services.csproj : warning NU1902: Package 'MailKit' 2.10.1 has a known moderate severity vulnerability, https://github.com/advisories/GHSA-9j88-vvj5-vhgr [C:\Users\bbqch\proj\microbians\AeroCMS\src\aero.cms.slnx]
C:\Users\bbqch\proj\microbians\AeroCMS\src\Aero.Cms.Modules.Chat\Aero.Cms.Modules.Chat.csproj : warning NU1902: Package 'MailKit' 2.10.1 has a known moderate severity vulnerability, https://github.com/advisories/GHSA-9j88-vvj5-vhgr [C:\Users\bbqch\proj\microbians\AeroCMS\src\aero.cms.slnx]
C:\Users\bbqch\proj\microbians\AeroCMS\src\Aero.Cms.Modules.Tenant\Aero.Cms.Modules.Tenant.csproj : warning NU1902: Package 'MimeKit' 2.10.1 has a known moderate severity vulnerability, https://github.com/advisories/GHSA-g7hc-96xr-gvvx [C:\Users\bbqch\proj\microbians\AeroCMS\src\aero.cms.slnx]
C:\Users\bbqch\proj\microbians\AeroCMS\src\Aero.Cms.Modules.Mcp\Aero.Cms.Modules.Mcp.csproj : warning NU1902: Package 'MimeKit' 2.10.1 has a known moderate severity vulnerability, https://github.com/advisories/GHSA-g7hc-96xr-gvvx [C:\Users\bbqch\proj\microbians\AeroCMS\src\aero.cms.slnx]
C:\Users\bbqch\proj\microbians\AeroCMS\src\Aero.Cms.Services\Aero.Cms.Services.csproj : warning NU1902: Package 'MimeKit' 2.10.1 has a known moderate severity vulnerability, https://github.com/advisories/GHSA-g7hc-96xr-gvvx [C:\Users\bbqch\proj\microbians\AeroCMS\src\aero.cms.slnx]
C:\Users\bbqch\proj\microbians\AeroCMS\src\Aero.Cms.Modules.Chat\Aero.Cms.Modules.Chat.csproj : warning NU1902: Package 'MimeKit' 2.10.1 has a known moderate severity vulnerability, https://github.com/advisories/GHSA-g7hc-96xr-gvvx [C:\Users\bbqch\proj\microbians\AeroCMS\src\aero.cms.slnx]
C:\Users\bbqch\proj\microbians\AeroCMS\Aero\src\Aero.Marten\Aero.Marten.csproj : warning NU1903: Package 'Newtonsoft.Json' 10.0.2 has a known high severity vulnerability, https://github.com/advisories/GHSA-5crp-9r3c-p9vr [C:\Users\bbqch\proj\microbians\AeroCMS\src\aero.cms.slnx]
C:\Users\bbqch\proj\microbians\AeroCMS\src\Aero.Cms.Modules.Media\Aero.Cms.Modules.Media.csproj : warning NU1902: Package 'MailKit' 2.10.1 has a known moderate severity vulnerability, https://github.com/advisories/GHSA-9j88-vvj5-vhgr [C:\Users\bbqch\proj\microbians\AeroCMS\src\aero.cms.slnx]
C:\Users\bbqch\proj\microbians\AeroCMS\src\Aero.Cms.Modules.Media\Aero.Cms.Modules.Media.csproj : warning NU1902: Package 'MimeKit' 2.10.1 has a known moderate severity vulnerability, https://github.com/advisories/GHSA-g7hc-96xr-gvvx [C:\Users\bbqch\proj\microbians\AeroCMS\src\aero.cms.slnx]
C:\Users\bbqch\proj\microbians\AeroCMS\src\Aero.Cms.Web.Bootstrap\Aero.Cms.Web.Bootstrap.csproj : warning NU1902: Package 'MailKit' 2.10.1 has a known moderate severity vulnerability, https://github.com/advisories/GHSA-9j88-vvj5-vhgr [C:\Users\bbqch\proj\microbians\AeroCMS\src\aero.cms.slnx]
C:\Users\bbqch\proj\microbians\AeroCMS\src\Aero.Cms.Web.Bootstrap\Aero.Cms.Web.Bootstrap.csproj : warning NU1902: Package 'MimeKit' 2.10.1 has a known moderate severity vulnerability, https://github.com/advisories/GHSA-g7hc-96xr-gvvx [C:\Users\bbqch\proj\microbians\AeroCMS\src\aero.cms.slnx]
C:\Users\bbqch\proj\microbians\AeroCMS\src\Aero.Cms.Web.Bootstrap\Aero.Cms.Web.Bootstrap.csproj : warning NU1902: Package 'SharpCompress' 0.34.2 has a known moderate severity vulnerability, https://github.com/advisories/GHSA-6c8g-7p36-r338 [C:\Users\bbqch\proj\microbians\AeroCMS\src\aero.cms.slnx]
  Restored C:\Users\bbqch\proj\microbians\AeroCMS\src\Aero.Cms.ServiceDefaults\Aero.Cms.ServiceDefaults.csproj (in 1.11 sec).
  Restored C:\Users\bbqch\proj\microbians\AeroCMS\AeroDB\src\AeroDB.Sable\AeroDB.Sable.csproj (in 1.16 sec).
  Restored C:\Users\bbqch\proj\microbians\AeroCMS\AeroDB\src\AeroDB.ML\AeroDB.ML.csproj (in 1.16 sec).
  Restored C:\Users\bbqch\proj\microbians\AeroCMS\AeroDB\src\AeroDB.AspNetIdentity\AeroDB.AspNetIdentity.csproj (in 1.16 sec).
  Restored C:\Users\bbqch\proj\microbians\AeroCMS\AeroDB\src\AeroDB.Reactive\AeroDB.Reactive.csproj (in 749 ms).
  Restored C:\Users\bbqch\proj\microbians\AeroCMS\Aero\src\Aero.Core\Aero.Core.csproj (in 1.16 sec).
  Restored C:\Users\bbqch\proj\microbians\AeroCMS\Aero\src\Aero.Actors\Aero.Actors.csproj (in 1.18 sec).
  Restored C:\Users\bbqch\proj\microbians\AeroCMS\Aero\src\Aero.Events\Aero.Events.csproj (in 1.18 sec).
  Restored C:\Users\bbqch\proj\microbians\AeroCMS\Aero\src\Aero.Actors.Abstractions\Aero.Actors.Abstractions.csproj (in 1.2 sec).
C:\Users\bbqch\proj\microbians\AeroCMS\src\Aero.Cms.Contracts\Aero.Cms.Contracts.csproj : warning NU1903: Package 'Newtonsoft.Json' 10.0.2 has a known high severity vulnerability, https://github.com/advisories/GHSA-5crp-9r3c-p9vr [C:\Users\bbqch\proj\microbians\AeroCMS\src\aero.cms.slnx]
  Restored C:\Users\bbqch\proj\microbians\AeroCMS\Aero\src\Aero.Marten\Aero.Marten.csproj (in 1.18 sec).
C:\Users\bbqch\proj\microbians\AeroCMS\src\Aero.Cms.AppHost\Aero.Cms.AppHost.csproj : warning NU1902: Package 'MessagePack' 2.5.192 has a known moderate severity vulnerability, https://github.com/advisories/GHSA-2f33-pr97-265q [C:\Users\bbqch\proj\microbians\AeroCMS\src\aero.cms.slnx]
C:\Users\bbqch\proj\microbians\AeroCMS\src\Aero.Cms.AppHost\Aero.Cms.AppHost.csproj : warning NU1902: Package 'MessagePack' 2.5.192 has a known moderate severity vulnerability, https://github.com/advisories/GHSA-2x83-8g95-xh59 [C:\Users\bbqch\proj\microbians\AeroCMS\src\aero.cms.slnx]
C:\Users\bbqch\proj\microbians\AeroCMS\src\Aero.Cms.AppHost\Aero.Cms.AppHost.csproj : warning NU1902: Package 'MessagePack' 2.5.192 has a known moderate severity vulnerability, https://github.com/advisories/GHSA-cj9g-3mj2-g8vv [C:\Users\bbqch\proj\microbians\AeroCMS\src\aero.cms.slnx]
C:\Users\bbqch\proj\microbians\AeroCMS\src\Aero.Cms.AppHost\Aero.Cms.AppHost.csproj : warning NU1902: Package 'MessagePack' 2.5.192 has a known moderate severity vulnerability, https://github.com/advisories/GHSA-cxmj-83gh-fp49 [C:\Users\bbqch\proj\microbians\AeroCMS\src\aero.cms.slnx]
C:\Users\bbqch\proj\microbians\AeroCMS\src\Aero.Cms.AppHost\Aero.Cms.AppHost.csproj : warning NU1903: Package 'MessagePack' 2.5.192 has a known high severity vulnerability, https://github.com/advisories/GHSA-hv8m-jj95-wg3x [C:\Users\bbqch\proj\microbians\AeroCMS\src\aero.cms.slnx]
C:\Users\bbqch\proj\microbians\AeroCMS\src\Aero.Cms.AppHost\Aero.Cms.AppHost.csproj : warning NU1902: Package 'MessagePack' 2.5.192 has a known moderate severity vulnerability, https://github.com/advisories/GHSA-q2h6-ghwm-5qm8 [C:\Users\bbqch\proj\microbians\AeroCMS\src\aero.cms.slnx]
C:\Users\bbqch\proj\microbians\AeroCMS\src\Aero.Cms.AppHost\Aero.Cms.AppHost.csproj : warning NU1902: Package 'MessagePack' 2.5.192 has a known moderate severity vulnerability, https://github.com/advisories/GHSA-qhmf-xw27-6rqr [C:\Users\bbqch\proj\microbians\AeroCMS\src\aero.cms.slnx]
C:\Users\bbqch\proj\microbians\AeroCMS\src\Aero.Cms.AppHost\Aero.Cms.AppHost.csproj : warning NU1902: Package 'MessagePack' 2.5.192 has a known moderate severity vulnerability, https://github.com/advisories/GHSA-v72x-2h86-7f8m [C:\Users\bbqch\proj\microbians\AeroCMS\src\aero.cms.slnx]
C:\Users\bbqch\proj\microbians\AeroCMS\src\Aero.Cms.AppHost\Aero.Cms.AppHost.csproj : warning NU1903: Package 'MessagePack' 2.5.192 has a known high severity vulnerability, https://github.com/advisories/GHSA-vh6j-jc39-fggf [C:\Users\bbqch\proj\microbians\AeroCMS\src\aero.cms.slnx]
C:\Users\bbqch\proj\microbians\AeroCMS\src\Aero.Cms.AppHost\Aero.Cms.AppHost.csproj : warning NU1902: Package 'MessagePack' 2.5.192 has a known moderate severity vulnerability, https://github.com/advisories/GHSA-w567-gjr2-hm5j [C:\Users\bbqch\proj\microbians\AeroCMS\src\aero.cms.slnx]
C:\Users\bbqch\proj\microbians\AeroCMS\src\Aero.Cms.AppHost\Aero.Cms.AppHost.csproj : warning NU1902: Package 'MessagePack' 2.5.192 has a known moderate severity vulnerability, https://github.com/advisories/GHSA-wfr3-xj75-pfwh [C:\Users\bbqch\proj\microbians\AeroCMS\src\aero.cms.slnx]
C:\Users\bbqch\proj\microbians\AeroCMS\src\Aero.AppServer\Aero.AppServer.csproj : warning NU1510: PackageReference Microsoft.Extensions.Caching.Abstractions will not be pruned. Consider removing this package from your dependencies, as it is likely unnecessary. [C:\Users\bbqch\proj\microbians\AeroCMS\src\aero.cms.slnx]
C:\Users\bbqch\proj\microbians\AeroCMS\src\Aero.AppServer\Aero.AppServer.csproj : warning NU1510: PackageReference Microsoft.Extensions.Configuration.Abstractions will not be pruned. Consider removing this package from your dependencies, as it is likely unnecessary. [C:\Users\bbqch\proj\microbians\AeroCMS\src\aero.cms.slnx]
C:\Users\bbqch\proj\microbians\AeroCMS\src\Aero.AppServer\Aero.AppServer.csproj : warning NU1510: PackageReference Microsoft.Extensions.Hosting.Abstractions will not be pruned. Consider removing this package from your dependencies, as it is likely unnecessary. [C:\Users\bbqch\proj\microbians\AeroCMS\src\aero.cms.slnx]
C:\Users\bbqch\proj\microbians\AeroCMS\src\Aero.AppServer\Aero.AppServer.csproj : warning NU1510: PackageReference Microsoft.Extensions.Logging.Abstractions will not be pruned. Consider removing this package from your dependencies, as it is likely unnecessary. [C:\Users\bbqch\proj\microbians\AeroCMS\src\aero.cms.slnx]
  Restored C:\Users\bbqch\proj\microbians\AeroCMS\src\Aero.Cms.Contracts\Aero.Cms.Contracts.csproj (in 46 ms).
C:\Users\bbqch\proj\microbians\AeroCMS\Aero\src\Aero.Caching\Aero.Caching.csproj : warning NU1903: Package 'Newtonsoft.Json' 10.0.2 has a known high severity vulnerability, https://github.com/advisories/GHSA-5crp-9r3c-p9vr [C:\Users\bbqch\proj\microbians\AeroCMS\src\aero.cms.slnx]
C:\Users\bbqch\proj\microbians\AeroCMS\src\Aero.AppServer\Aero.AppServer.csproj : warning NU1902: Package 'SharpCompress' 0.34.2 has a known moderate severity vulnerability, https://github.com/advisories/GHSA-6c8g-7p36-r338 [C:\Users\bbqch\proj\microbians\AeroCMS\src\aero.cms.slnx]
C:\Users\bbqch\proj\microbians\AeroCMS\src\Aero.Cms.Modules.Aliases\Aero.Cms.Modules.Aliases.csproj : warning NU1510: PackageReference Microsoft.AspNetCore.Rewrite will not be pruned. Consider removing this package from your dependencies, as it is likely unnecessary. [C:\Users\bbqch\proj\microbians\AeroCMS\src\aero.cms.slnx]
  Restored C:\Users\bbqch\proj\microbians\AeroCMS\src\Aero.Cms.AppHost\Aero.Cms.AppHost.csproj (in 157 ms).
  Restored C:\Users\bbqch\proj\microbians\AeroCMS\src\Aero.Cms.Ui.Neo\Aero.Cms.Ui.Neo.csproj (in 1.24 sec).
  Restored C:\Users\bbqch\proj\microbians\AeroCMS\src\Aero.Cms.Shared\Aero.Cms.Shared.csproj (in 1.26 sec).
  Restored C:\Users\bbqch\proj\microbians\AeroCMS\src\Aero.Cms.Services\Aero.Cms.Services.csproj (in 1.26 sec).
C:\Users\bbqch\proj\microbians\AeroCMS\src\Aero.Cms.Modules.Banner\Aero.Cms.Modules.Banner.csproj : warning NU1608: Detected package version outside of dependency constraint: Microsoft.CodeAnalysis.CSharp 3.7.0 requires Microsoft.CodeAnalysis.Common (= 3.7.0) but version Microsoft.CodeAnalysis.Common 5.0.0 was resolved. [C:\Users\bbqch\proj\microbians\AeroCMS\src\aero.cms.slnx]
C:\Users\bbqch\proj\microbians\AeroCMS\src\Aero.Cms.Modules.Banner\Aero.Cms.Modules.Banner.csproj : warning NU1902: Package 'MailKit' 2.10.1 has a known moderate severity vulnerability, https://github.com/advisories/GHSA-9j88-vvj5-vhgr [C:\Users\bbqch\proj\microbians\AeroCMS\src\aero.cms.slnx]
C:\Users\bbqch\proj\microbians\AeroCMS\src\Aero.Cms.Modules.Banner\Aero.Cms.Modules.Banner.csproj : warning NU1902: Package 'MimeKit' 2.10.1 has a known moderate severity vulnerability, https://github.com/advisories/GHSA-g7hc-96xr-gvvx [C:\Users\bbqch\proj\microbians\AeroCMS\src\aero.cms.slnx]
C:\Users\bbqch\proj\microbians\AeroCMS\Aero\src\Aero.Auth\Aero.Auth.csproj : warning NU1903: Package 'Newtonsoft.Json' 10.0.2 has a known high severity vulnerability, https://github.com/advisories/GHSA-5crp-9r3c-p9vr [C:\Users\bbqch\proj\microbians\AeroCMS\src\aero.cms.slnx]
  Restored C:\Users\bbqch\proj\microbians\AeroCMS\src\Aero.Cms.Abstractions\Aero.Cms.Abstractions.csproj (in 175 ms).
C:\Users\bbqch\proj\microbians\AeroCMS\Aero\src\Aero.Social\Aero.Social.csproj : warning NU1903: Package 'Newtonsoft.Json' 10.0.2 has a known high severity vulnerability, https://github.com/advisories/GHSA-5crp-9r3c-p9vr [C:\Users\bbqch\proj\microbians\AeroCMS\src\aero.cms.slnx]
C:\Users\bbqch\proj\microbians\AeroCMS\Aero\src\Aero.SignalR\Aero.SignalR.csproj : warning NU1903: Package 'Newtonsoft.Json' 11.0.2 has a known high severity vulnerability, https://github.com/advisories/GHSA-5crp-9r3c-p9vr [C:\Users\bbqch\proj\microbians\AeroCMS\src\aero.cms.slnx]
C:\Users\bbqch\proj\microbians\AeroCMS\src\Aero.Cms.Modules.RateLimiting\Aero.Cms.Modules.RateLimiting.csproj : warning NU1608: Detected package version outside of dependency constraint: Microsoft.CodeAnalysis.CSharp 3.7.0 requires Microsoft.CodeAnalysis.Common (= 3.7.0) but version Microsoft.CodeAnalysis.Common 5.0.0 was resolved. [C:\Users\bbqch\proj\microbians\AeroCMS\src\aero.cms.slnx]
C:\Users\bbqch\proj\microbians\AeroCMS\src\Aero.Cms.Modules.RateLimiting\Aero.Cms.Modules.RateLimiting.csproj : warning NU1902: Package 'MailKit' 2.10.1 has a known moderate severity vulnerability, https://github.com/advisories/GHSA-9j88-vvj5-vhgr [C:\Users\bbqch\proj\microbians\AeroCMS\src\aero.cms.slnx]
C:\Users\bbqch\proj\microbians\AeroCMS\src\Aero.Cms.Modules.RateLimiting\Aero.Cms.Modules.RateLimiting.csproj : warning NU1902: Package 'MimeKit' 2.10.1 has a known moderate severity vulnerability, https://github.com/advisories/GHSA-g7hc-96xr-gvvx [C:\Users\bbqch\proj\microbians\AeroCMS\src\aero.cms.slnx]
C:\Users\bbqch\proj\microbians\AeroCMS\src\Aero.Cms.Modules.Blog.Importer\Aero.Cms.Modules.Blog.Importer.csproj : warning NU1608: Detected package version outside of dependency constraint: AngleSharp.Css 0.17.0 requires AngleSharp (>= 0.17.0 && < 0.18.0) but version AngleSharp 1.5.2 was resolved. [C:\Users\bbqch\proj\microbians\AeroCMS\src\aero.cms.slnx]
C:\Users\bbqch\proj\microbians\AeroCMS\src\Aero.Cms.Modules.Blog.Importer\Aero.Cms.Modules.Blog.Importer.csproj : warning NU1608: Detected package version outside of dependency constraint: HtmlSanitizer 9.0.892 requires AngleSharp (= 0.17.1) but version AngleSharp 1.5.2 was resolved. [C:\Users\bbqch\proj\microbians\AeroCMS\src\aero.cms.slnx]
C:\Users\bbqch\proj\microbians\AeroCMS\src\Aero.Cms.Modules.Blog.Importer\Aero.Cms.Modules.Blog.Importer.csproj : warning NU1608: Detected package version outside of dependency constraint: Microsoft.CodeAnalysis.CSharp 3.7.0 requires Microsoft.CodeAnalysis.Common (= 3.7.0) but version Microsoft.CodeAnalysis.Common 5.0.0 was resolved. [C:\Users\bbqch\proj\microbians\AeroCMS\src\aero.cms.slnx]
C:\Users\bbqch\proj\microbians\AeroCMS\src\Aero.Cms.Modules.Blog.Importer\Aero.Cms.Modules.Blog.Importer.csproj : warning NU1902: Package 'MailKit' 2.10.1 has a known moderate severity vulnerability, https://github.com/advisories/GHSA-9j88-vvj5-vhgr [C:\Users\bbqch\proj\microbians\AeroCMS\src\aero.cms.slnx]
C:\Users\bbqch\proj\microbians\AeroCMS\src\Aero.Cms.Modules.Blog.Importer\Aero.Cms.Modules.Blog.Importer.csproj : warning NU1902: Package 'MimeKit' 2.10.1 has a known moderate severity vulnerability, https://github.com/advisories/GHSA-g7hc-96xr-gvvx [C:\Users\bbqch\proj\microbians\AeroCMS\src\aero.cms.slnx]
  Restored C:\Users\bbqch\proj\microbians\AeroCMS\Aero\src\Aero.Caching\Aero.Caching.csproj (in 82 ms).
C:\Users\bbqch\proj\microbians\AeroCMS\src\Aero.Cms.Modules.Posts\Aero.Cms.Modules.Posts.csproj : warning NU1608: Detected package version outside of dependency constraint: Microsoft.CodeAnalysis.CSharp 3.7.0 requires Microsoft.CodeAnalysis.Common (= 3.7.0) but version Microsoft.CodeAnalysis.Common 5.0.0 was resolved. [C:\Users\bbqch\proj\microbians\AeroCMS\src\aero.cms.slnx]
C:\Users\bbqch\proj\microbians\AeroCMS\src\Aero.Cms.Modules.Posts\Aero.Cms.Modules.Posts.csproj : warning NU1902: Package 'MailKit' 2.10.1 has a known moderate severity vulnerability, https://github.com/advisories/GHSA-9j88-vvj5-vhgr [C:\Users\bbqch\proj\microbians\AeroCMS\src\aero.cms.slnx]
C:\Users\bbqch\proj\microbians\AeroCMS\src\Aero.Cms.Modules.Posts\Aero.Cms.Modules.Posts.csproj : warning NU1902: Package 'MimeKit' 2.10.1 has a known moderate severity vulnerability, https://github.com/advisories/GHSA-g7hc-96xr-gvvx [C:\Users\bbqch\proj\microbians\AeroCMS\src\aero.cms.slnx]
C:\Users\bbqch\proj\microbians\AeroCMS\src\Aero.Cms.Modules.Aliases\Aero.Cms.Modules.Aliases.csproj : warning NU1902: Package 'MailKit' 2.10.1 has a known moderate severity vulnerability, https://github.com/advisories/GHSA-9j88-vvj5-vhgr [C:\Users\bbqch\proj\microbians\AeroCMS\src\aero.cms.slnx]
C:\Users\bbqch\proj\microbians\AeroCMS\src\Aero.Cms.Modules.Aliases\Aero.Cms.Modules.Aliases.csproj : warning NU1902: Package 'MimeKit' 2.10.1 has a known moderate severity vulnerability, https://github.com/advisories/GHSA-g7hc-96xr-gvvx [C:\Users\bbqch\proj\microbians\AeroCMS\src\aero.cms.slnx]
  Restored C:\Users\bbqch\proj\microbians\AeroCMS\Aero\src\Aero.Social\Aero.Social.csproj (in 71 ms).
  Restored C:\Users\bbqch\proj\microbians\AeroCMS\Aero\src\Aero.Auth\Aero.Auth.csproj (in 93 ms).
  Restored C:\Users\bbqch\proj\microbians\AeroCMS\Aero\src\Aero.SignalR\Aero.SignalR.csproj (in 91 ms).
  Restored C:\Users\bbqch\proj\microbians\AeroCMS\src\Aero.Cms.Modules.Search\Aero.Cms.Modules.Search.csproj (in 1.36 sec).
  Restored C:\Users\bbqch\proj\microbians\AeroCMS\src\Aero.Cms.Modules.Ai\Aero.Cms.Modules.Ai.csproj (in 1.36 sec).
  Restored C:\Users\bbqch\proj\microbians\AeroCMS\src\Aero.Cms.Modules.Logging\Aero.Cms.Modules.Logging.csproj (in 1.36 sec).
  Restored C:\Users\bbqch\proj\microbians\AeroCMS\src\Aero.Cms.Db.Sable\Aero.Cms.Db.Sable.csproj (in 8 ms).
  Restored C:\Users\bbqch\proj\microbians\AeroCMS\src\Aero.Cms.Modules.Localization\Aero.Cms.Modules.Localization.csproj (in 1.36 sec).
C:\Users\bbqch\proj\microbians\AeroCMS\Aero\src\Aero.Modular\Aero.Modular.csproj : warning NU1903: Package 'Newtonsoft.Json' 10.0.2 has a known high severity vulnerability, https://github.com/advisories/GHSA-5crp-9r3c-p9vr [C:\Users\bbqch\proj\microbians\AeroCMS\src\aero.cms.slnx]
  Restored C:\Users\bbqch\proj\microbians\AeroCMS\src\Aero.Cms.Modules.Settings\Aero.Cms.Modules.Settings.csproj (in 1.38 sec).
  Restored C:\Users\bbqch\proj\microbians\AeroCMS\src\Aero.Cms.Modules.Forum\Aero.Cms.Modules.Forum.csproj (in 1.38 sec).
C:\Users\bbqch\proj\microbians\AeroCMS\src\Aero.Cms.Modules.Commerce\Aero.Cms.Modules.Commerce.csproj : warning NU1902: Package 'MailKit' 2.10.1 has a known moderate severity vulnerability, https://github.com/advisories/GHSA-9j88-vvj5-vhgr [C:\Users\bbqch\proj\microbians\AeroCMS\src\aero.cms.slnx]
C:\Users\bbqch\proj\microbians\AeroCMS\src\Aero.Cms.Modules.Commerce\Aero.Cms.Modules.Commerce.csproj : warning NU1902: Package 'MimeKit' 2.10.1 has a known moderate severity vulnerability, https://github.com/advisories/GHSA-g7hc-96xr-gvvx [C:\Users\bbqch\proj\microbians\AeroCMS\src\aero.cms.slnx]
  Restored C:\Users\bbqch\proj\microbians\AeroCMS\src\Aero.Cms.Modules.Mail\Aero.Cms.Modules.Mail.csproj (in 1.38 sec).
  Restored C:\Users\bbqch\proj\microbians\AeroCMS\src\Aero.Cms.Modules.Sites\Aero.Cms.Modules.Sites.csproj (in 1.38 sec).
C:\Users\bbqch\proj\microbians\AeroCMS\Aero\src\Aero.Models\Aero.Models.csproj : warning NU1903: Package 'Newtonsoft.Json' 10.0.2 has a known high severity vulnerability, https://github.com/advisories/GHSA-5crp-9r3c-p9vr [C:\Users\bbqch\proj\microbians\AeroCMS\src\aero.cms.slnx]
  Restored C:\Users\bbqch\proj\microbians\AeroCMS\src\Aero.Cms.Modules.Mailer\Aero.Cms.Modules.Mailer.csproj (in 1.38 sec).
  Restored C:\Users\bbqch\proj\microbians\AeroCMS\src\Aero.Cms.Core.Entities\Aero.Cms.Core.Entities.csproj (in 244 ms).
C:\Users\bbqch\proj\microbians\AeroCMS\src\Aero.Cms.Modules.Export\Aero.Cms.Modules.Export.csproj : warning NU1608: Detected package version outside of dependency constraint: Microsoft.CodeAnalysis.CSharp 3.7.0 requires Microsoft.CodeAnalysis.Common (= 3.7.0) but version Microsoft.CodeAnalysis.Common 5.0.0 was resolved. [C:\Users\bbqch\proj\microbians\AeroCMS\src\aero.cms.slnx]
C:\Users\bbqch\proj\microbians\AeroCMS\src\Aero.Cms.Modules.Export\Aero.Cms.Modules.Export.csproj : warning NU1902: Package 'MailKit' 2.10.1 has a known moderate severity vulnerability, https://github.com/advisories/GHSA-9j88-vvj5-vhgr [C:\Users\bbqch\proj\microbians\AeroCMS\src\aero.cms.slnx]
C:\Users\bbqch\proj\microbians\AeroCMS\src\Aero.Cms.Modules.Export\Aero.Cms.Modules.Export.csproj : warning NU1902: Package 'MimeKit' 2.10.1 has a known moderate severity vulnerability, https://github.com/advisories/GHSA-g7hc-96xr-gvvx [C:\Users\bbqch\proj\microbians\AeroCMS\src\aero.cms.slnx]
  Restored C:\Users\bbqch\proj\microbians\AeroCMS\src\Aero.AppServer\Aero.AppServer.csproj (in 302 ms).
  Restored C:\Users\bbqch\proj\microbians\AeroCMS\src\Aero.Cms.Modules.Mcp\Aero.Cms.Modules.Mcp.csproj (in 1.4 sec).
  Restored C:\Users\bbqch\proj\microbians\AeroCMS\src\Aero.Cms.Modules.Grpc\Aero.Cms.Modules.Grpc.csproj (in 1.38 sec).
  Restored C:\Users\bbqch\proj\microbians\AeroCMS\src\Aero.Cms.Modules.Chat\Aero.Cms.Modules.Chat.csproj (in 1.39 sec).
  Restored C:\Users\bbqch\proj\microbians\AeroCMS\src\Aero.Cms.Modules.MagicLink\Aero.Cms.Modules.MagicLink.csproj (in 1.4 sec).
C:\Users\bbqch\proj\microbians\AeroCMS\Aero\src\Aero.Validators\Aero.Validators.csproj : warning NU1903: Package 'Newtonsoft.Json' 10.0.2 has a known high severity vulnerability, https://github.com/advisories/GHSA-5crp-9r3c-p9vr [C:\Users\bbqch\proj\microbians\AeroCMS\src\aero.cms.slnx]
  Restored C:\Users\bbqch\proj\microbians\AeroCMS\src\Aero.Cms.Modules.Secrets\Aero.Cms.Modules.Secrets.csproj (in 1.44 sec).
  Restored C:\Users\bbqch\proj\microbians\AeroCMS\src\Aero.Cms.Modules.Footer\Aero.Cms.Modules.Footer.csproj (in 1.39 sec).
  Restored C:\Users\bbqch\proj\microbians\AeroCMS\src\Aero.Cms.Modules.Users\Aero.Cms.Modules.Users.csproj (in 1.4 sec).
  Restored C:\Users\bbqch\proj\microbians\AeroCMS\src\Aero.Cms.Modules.Theming\Aero.Cms.Modules.Theming.csproj (in 1.42 sec).
  Restored C:\Users\bbqch\proj\microbians\AeroCMS\src\Aero.Cms.Modules.Members\Aero.Cms.Modules.Members.csproj (in 1.4 sec).
  Restored C:\Users\bbqch\proj\microbians\AeroCMS\src\Aero.Cms.Modules.Cache\Aero.Cms.Modules.Cache.csproj (in 1.45 sec).
  Restored C:\Users\bbqch\proj\microbians\AeroCMS\src\Aero.Cms.CookiePolicy\Aero.Cms.CookiePolicy.csproj (in 1.4 sec).
  Restored C:\Users\bbqch\proj\microbians\AeroCMS\src\Aero.Cms.Modules.MiniProfiler\Aero.Cms.Modules.MiniProfiler.csproj (in 1.42 sec).
  Restored C:\Users\bbqch\proj\microbians\AeroCMS\src\Aero.Cms.Modules.WebOptimizer\Aero.Cms.Modules.WebOptimizer.csproj (in 1.42 sec).
  Restored C:\Users\bbqch\proj\microbians\AeroCMS\src\Aero.Cms.Modules.Identity\Aero.Cms.Modules.Identity.csproj (in 1.42 sec).
  Restored C:\Users\bbqch\proj\microbians\AeroCMS\src\Aero.Cms.Modules.Tenant\Aero.Cms.Modules.Tenant.csproj (in 1.4 sec).
  Restored C:\Users\bbqch\proj\microbians\AeroCMS\src\Aero.Cms.Modules.WorkOS\Aero.Cms.Modules.WorkOS.csproj (in 1.44 sec).
C:\Users\bbqch\proj\microbians\AeroCMS\src\Aero.Cms.Web.Core\Aero.Cms.Web.Core.csproj : warning NU1510: PackageReference Microsoft.Extensions.Configuration.Abstractions will not be pruned. Consider removing this package from your dependencies, as it is likely unnecessary. [C:\Users\bbqch\proj\microbians\AeroCMS\src\aero.cms.slnx]
C:\Users\bbqch\proj\microbians\AeroCMS\src\Aero.Cms.Web.Core\Aero.Cms.Web.Core.csproj : warning NU1510: PackageReference Microsoft.Extensions.Logging.Abstractions will not be pruned. Consider removing this package from your dependencies, as it is likely unnecessary. [C:\Users\bbqch\proj\microbians\AeroCMS\src\aero.cms.slnx]
  Restored C:\Users\bbqch\proj\microbians\AeroCMS\src\Aero.Cms.Modules.Media\Aero.Cms.Modules.Media.csproj (in 1.39 sec).
  Restored C:\Users\bbqch\proj\microbians\AeroCMS\src\Aero.Cms.Modules.OneTimePasscode\Aero.Cms.Modules.OneTimePasscode.csproj (in 1.4 sec).
  Restored C:\Users\bbqch\proj\microbians\AeroCMS\Aero\src\Aero.Modular\Aero.Modular.csproj (in 67 ms).
  Restored C:\Users\bbqch\proj\microbians\AeroCMS\src\Aero.Cms.Modules.Health\Aero.Cms.Modules.Health.csproj (in 1.46 sec).
C:\Users\bbqch\proj\microbians\AeroCMS\src\Aero.Cms.Modules.Docs\Aero.Cms.Modules.Docs.csproj : warning NU1608: Detected package version outside of dependency constraint: Microsoft.CodeAnalysis.CSharp 3.7.0 requires Microsoft.CodeAnalysis.Common (= 3.7.0) but version Microsoft.CodeAnalysis.Common 5.0.0 was resolved. [C:\Users\bbqch\proj\microbians\AeroCMS\src\aero.cms.slnx]
  Restored C:\Users\bbqch\proj\microbians\AeroCMS\src\Aero.Cms.Modules.Commerce.Client\Aero.Cms.Modules.Commerce.Client.csproj (in 1.5 sec).
C:\Users\bbqch\proj\microbians\AeroCMS\src\Aero.Cms.Modules.Docs\Aero.Cms.Modules.Docs.csproj : warning NU1902: Package 'MailKit' 2.10.1 has a known moderate severity vulnerability, https://github.com/advisories/GHSA-9j88-vvj5-vhgr [C:\Users\bbqch\proj\microbians\AeroCMS\src\aero.cms.slnx]
C:\Users\bbqch\proj\microbians\AeroCMS\src\Aero.Cms.Modules.Docs\Aero.Cms.Modules.Docs.csproj : warning NU1902: Package 'MimeKit' 2.10.1 has a known moderate severity vulnerability, https://github.com/advisories/GHSA-g7hc-96xr-gvvx [C:\Users\bbqch\proj\microbians\AeroCMS\src\aero.cms.slnx]
  Restored C:\Users\bbqch\proj\microbians\AeroCMS\src\Aero.Cms.Modules.Jobs\Aero.Cms.Modules.Jobs.csproj (in 1.5 sec).
  Restored C:\Users\bbqch\proj\microbians\AeroCMS\src\Aero.Cms.Modules.Security\Aero.Cms.Modules.Security.csproj (in 1.5 sec).
C:\Users\bbqch\proj\microbians\AeroCMS\Aero\src\Aero.Web\Aero.Web.csproj : warning NU1902: Package 'MailKit' 2.10.1 has a known moderate severity vulnerability, https://github.com/advisories/GHSA-9j88-vvj5-vhgr [C:\Users\bbqch\proj\microbians\AeroCMS\src\aero.cms.slnx]
C:\Users\bbqch\proj\microbians\AeroCMS\Aero\src\Aero.Web\Aero.Web.csproj : warning NU1902: Package 'MimeKit' 2.10.1 has a known moderate severity vulnerability, https://github.com/advisories/GHSA-g7hc-96xr-gvvx [C:\Users\bbqch\proj\microbians\AeroCMS\src\aero.cms.slnx]
  Restored C:\Users\bbqch\proj\microbians\AeroCMS\Aero\src\Aero.Models\Aero.Models.csproj (in 92 ms).
C:\Users\bbqch\proj\microbians\AeroCMS\src\Aero.Cms.Modules.AiAssistant\Aero.Cms.Modules.AiAssistant.csproj : warning NU1608: Detected package version outside of dependency constraint: Microsoft.CodeAnalysis.CSharp 3.7.0 requires Microsoft.CodeAnalysis.Common (= 3.7.0) but version Microsoft.CodeAnalysis.Common 5.0.0 was resolved. [C:\Users\bbqch\proj\microbians\AeroCMS\src\aero.cms.slnx]
C:\Users\bbqch\proj\microbians\AeroCMS\src\Aero.Cms.Modules.AiAssistant\Aero.Cms.Modules.AiAssistant.csproj : warning NU1902: Package 'MailKit' 2.10.1 has a known moderate severity vulnerability, https://github.com/advisories/GHSA-9j88-vvj5-vhgr [C:\Users\bbqch\proj\microbians\AeroCMS\src\aero.cms.slnx]
C:\Users\bbqch\proj\microbians\AeroCMS\src\Aero.Cms.Modules.AiAssistant\Aero.Cms.Modules.AiAssistant.csproj : warning NU1902: Package 'MimeKit' 2.10.1 has a known moderate severity vulnerability, https://github.com/advisories/GHSA-g7hc-96xr-gvvx [C:\Users\bbqch\proj\microbians\AeroCMS\src\aero.cms.slnx]
  Restored C:\Users\bbqch\proj\microbians\AeroCMS\src\Aero.Cms.Modules.RateLimiting\Aero.Cms.Modules.RateLimiting.csproj (in 416 ms).
  Restored C:\Users\bbqch\proj\microbians\AeroCMS\src\Aero.Cms.Modules.Banner\Aero.Cms.Modules.Banner.csproj (in 416 ms).
  Restored C:\Users\bbqch\proj\microbians\AeroCMS\Aero\src\Aero.Validators\Aero.Validators.csproj (in 69 ms).
  Restored C:\Users\bbqch\proj\microbians\AeroCMS\src\Aero.Cms.Modules.SiteMap\Aero.Cms.Modules.SiteMap.csproj (in 1.5 sec).
C:\Users\bbqch\proj\microbians\AeroCMS\Aero\src\Aero.EfCore\Aero.EfCore.csproj : warning NU1903: Package 'Newtonsoft.Json' 10.0.2 has a known high severity vulnerability, https://github.com/advisories/GHSA-5crp-9r3c-p9vr [C:\Users\bbqch\proj\microbians\AeroCMS\src\aero.cms.slnx]
C:\Users\bbqch\proj\microbians\AeroCMS\Aero\src\Aero.Secrets\Aero.Secrets.csproj : warning NU1903: Package 'Newtonsoft.Json' 10.0.2 has a known high severity vulnerability, https://github.com/advisories/GHSA-5crp-9r3c-p9vr [C:\Users\bbqch\proj\microbians\AeroCMS\src\aero.cms.slnx]
C:\Users\bbqch\proj\microbians\AeroCMS\src\Aero.Cms.Web.Core\Aero.Cms.Web.Core.csproj : warning NU1608: Detected package version outside of dependency constraint: Microsoft.CodeAnalysis.CSharp 3.7.0 requires Microsoft.CodeAnalysis.Common (= 3.7.0) but version Microsoft.CodeAnalysis.Common 5.0.0 was resolved. [C:\Users\bbqch\proj\microbians\AeroCMS\src\aero.cms.slnx]
C:\Users\bbqch\proj\microbians\AeroCMS\src\Aero.Cms.Web.Core\Aero.Cms.Web.Core.csproj : warning NU1902: Package 'MailKit' 2.10.1 has a known moderate severity vulnerability, https://github.com/advisories/GHSA-9j88-vvj5-vhgr [C:\Users\bbqch\proj\microbians\AeroCMS\src\aero.cms.slnx]
C:\Users\bbqch\proj\microbians\AeroCMS\src\Aero.Cms.Web.Core\Aero.Cms.Web.Core.csproj : warning NU1902: Package 'MimeKit' 2.10.1 has a known moderate severity vulnerability, https://github.com/advisories/GHSA-g7hc-96xr-gvvx [C:\Users\bbqch\proj\microbians\AeroCMS\src\aero.cms.slnx]
  Restored C:\Users\bbqch\proj\microbians\AeroCMS\Aero\src\Aero.Cloudflare\Aero.Cloudflare.csproj (in 94 ms).
C:\Users\bbqch\proj\microbians\AeroCMS\src\Aero.Cms.Modules.Audit\Aero.Cms.Modules.Audit.csproj : warning NU1608: Detected package version outside of dependency constraint: Microsoft.CodeAnalysis.CSharp 3.7.0 requires Microsoft.CodeAnalysis.Common (= 3.7.0) but version Microsoft.CodeAnalysis.Common 5.0.0 was resolved. [C:\Users\bbqch\proj\microbians\AeroCMS\src\aero.cms.slnx]
C:\Users\bbqch\proj\microbians\AeroCMS\src\Aero.Cms.Modules.Audit\Aero.Cms.Modules.Audit.csproj : warning NU1902: Package 'MailKit' 2.10.1 has a known moderate severity vulnerability, https://github.com/advisories/GHSA-9j88-vvj5-vhgr [C:\Users\bbqch\proj\microbians\AeroCMS\src\aero.cms.slnx]
C:\Users\bbqch\proj\microbians\AeroCMS\src\Aero.Cms.Modules.Audit\Aero.Cms.Modules.Audit.csproj : warning NU1902: Package 'MimeKit' 2.10.1 has a known moderate severity vulnerability, https://github.com/advisories/GHSA-g7hc-96xr-gvvx [C:\Users\bbqch\proj\microbians\AeroCMS\src\aero.cms.slnx]
  Restored C:\Users\bbqch\proj\microbians\AeroCMS\src\Aero.Cms.Modules.Blog.Importer\Aero.Cms.Modules.Blog.Importer.csproj (in 492 ms).
C:\Users\bbqch\proj\microbians\AeroCMS\src\Aero.Cms.Modules.Crm\Aero.Cms.Modules.Crm.csproj : warning NU1608: Detected package version outside of dependency constraint: Microsoft.CodeAnalysis.CSharp 3.7.0 requires Microsoft.CodeAnalysis.Common (= 3.7.0) but version Microsoft.CodeAnalysis.Common 5.0.0 was resolved. [C:\Users\bbqch\proj\microbians\AeroCMS\src\aero.cms.slnx]
C:\Users\bbqch\proj\microbians\AeroCMS\src\Aero.Cms.Modules.Crm\Aero.Cms.Modules.Crm.csproj : warning NU1902: Package 'MailKit' 2.10.1 has a known moderate severity vulnerability, https://github.com/advisories/GHSA-9j88-vvj5-vhgr [C:\Users\bbqch\proj\microbians\AeroCMS\src\aero.cms.slnx]
C:\Users\bbqch\proj\microbians\AeroCMS\src\Aero.Cms.Modules.Crm\Aero.Cms.Modules.Crm.csproj : warning NU1902: Package 'MimeKit' 2.10.1 has a known moderate severity vulnerability, https://github.com/advisories/GHSA-g7hc-96xr-gvvx [C:\Users\bbqch\proj\microbians\AeroCMS\src\aero.cms.slnx]
C:\Users\bbqch\proj\microbians\AeroCMS\src\Aero.Cms.Modules.Navigation\Aero.Cms.Modules.Navigation.csproj : warning NU1608: Detected package version outside of dependency constraint: Microsoft.CodeAnalysis.CSharp 3.7.0 requires Microsoft.CodeAnalysis.Common (= 3.7.0) but version Microsoft.CodeAnalysis.Common 5.0.0 was resolved. [C:\Users\bbqch\proj\microbians\AeroCMS\src\aero.cms.slnx]
  Restored C:\Users\bbqch\proj\microbians\AeroCMS\src\Aero.Cms.SourceGenerators\Aero.Cms.SourceGenerators.csproj (in 142 ms).
C:\Users\bbqch\proj\microbians\AeroCMS\src\Aero.Cms.Modules.Navigation\Aero.Cms.Modules.Navigation.csproj : warning NU1902: Package 'MailKit' 2.10.1 has a known moderate severity vulnerability, https://github.com/advisories/GHSA-9j88-vvj5-vhgr [C:\Users\bbqch\proj\microbians\AeroCMS\src\aero.cms.slnx]
C:\Users\bbqch\proj\microbians\AeroCMS\src\Aero.Cms.Modules.Navigation\Aero.Cms.Modules.Navigation.csproj : warning NU1902: Package 'MimeKit' 2.10.1 has a known moderate severity vulnerability, https://github.com/advisories/GHSA-g7hc-96xr-gvvx [C:\Users\bbqch\proj\microbians\AeroCMS\src\aero.cms.slnx]
  Restored C:\Users\bbqch\proj\microbians\AeroCMS\AeroDB\src\AeroDB.SourceGenerators\AeroDB.SourceGenerators.csproj (in 122 ms).
  Restored C:\Users\bbqch\proj\microbians\AeroCMS\src\Aero.Cms.Modules.Posts\Aero.Cms.Modules.Posts.csproj (in 486 ms).
C:\Users\bbqch\proj\microbians\AeroCMS\src\Aero.Cms.Modules.Analytics\Aero.Cms.Modules.Analytics.csproj : warning NU1608: Detected package version outside of dependency constraint: Microsoft.CodeAnalysis.CSharp 3.7.0 requires Microsoft.CodeAnalysis.Common (= 3.7.0) but version Microsoft.CodeAnalysis.Common 5.0.0 was resolved. [C:\Users\bbqch\proj\microbians\AeroCMS\src\aero.cms.slnx]
C:\Users\bbqch\proj\microbians\AeroCMS\src\Aero.Cms.Modules.Analytics\Aero.Cms.Modules.Analytics.csproj : warning NU1902: Package 'MailKit' 2.10.1 has a known moderate severity vulnerability, https://github.com/advisories/GHSA-9j88-vvj5-vhgr [C:\Users\bbqch\proj\microbians\AeroCMS\src\aero.cms.slnx]
C:\Users\bbqch\proj\microbians\AeroCMS\src\Aero.Cms.Modules.Analytics\Aero.Cms.Modules.Analytics.csproj : warning NU1902: Package 'MimeKit' 2.10.1 has a known moderate severity vulnerability, https://github.com/advisories/GHSA-g7hc-96xr-gvvx [C:\Users\bbqch\proj\microbians\AeroCMS\src\aero.cms.slnx]
  Restored C:\Users\bbqch\proj\microbians\AeroCMS\AeroDB\src\AeroDB.WolverineFx\AeroDB.WolverineFx.csproj (in 108 ms).
  Restored C:\Users\bbqch\proj\microbians\AeroCMS\src\Aero.Cms.Modules.Aliases\Aero.Cms.Modules.Aliases.csproj (in 543 ms).
C:\Users\bbqch\proj\microbians\AeroCMS\src\Aero.Cms.Modules.Content\Aero.Cms.Modules.Content.csproj : warning NU1608: Detected package version outside of dependency constraint: Microsoft.CodeAnalysis.CSharp 3.7.0 requires Microsoft.CodeAnalysis.Common (= 3.7.0) but version Microsoft.CodeAnalysis.Common 5.0.0 was resolved. [C:\Users\bbqch\proj\microbians\AeroCMS\src\aero.cms.slnx]
C:\Users\bbqch\proj\microbians\AeroCMS\src\Aero.Cms.Modules.Content\Aero.Cms.Modules.Content.csproj : warning NU1902: Package 'MailKit' 2.10.1 has a known moderate severity vulnerability, https://github.com/advisories/GHSA-9j88-vvj5-vhgr [C:\Users\bbqch\proj\microbians\AeroCMS\src\aero.cms.slnx]
C:\Users\bbqch\proj\microbians\AeroCMS\src\Aero.Cms.Modules.Content\Aero.Cms.Modules.Content.csproj : warning NU1902: Package 'MimeKit' 2.10.1 has a known moderate severity vulnerability, https://github.com/advisories/GHSA-g7hc-96xr-gvvx [C:\Users\bbqch\proj\microbians\AeroCMS\src\aero.cms.slnx]
  Restored C:\Users\bbqch\proj\microbians\AeroCMS\src\Aero.Cms.Web.Bootstrap\Aero.Cms.Web.Bootstrap.csproj (in 1.51 sec).
C:\Users\bbqch\proj\microbians\AeroCMS\Aero\src\Aero.Services\Aero.Services.csproj : warning NU1902: Package 'MailKit' 2.10.1 has a known moderate severity vulnerability, https://github.com/advisories/GHSA-9j88-vvj5-vhgr [C:\Users\bbqch\proj\microbians\AeroCMS\src\aero.cms.slnx]
C:\Users\bbqch\proj\microbians\AeroCMS\Aero\src\Aero.Services\Aero.Services.csproj : warning NU1902: Package 'MimeKit' 2.10.1 has a known moderate severity vulnerability, https://github.com/advisories/GHSA-g7hc-96xr-gvvx [C:\Users\bbqch\proj\microbians\AeroCMS\src\aero.cms.slnx]
C:\Users\bbqch\proj\microbians\AeroCMS\src\Aero.Cms.Modules.LettuceEncrypt\Aero.Cms.Modules.LettuceEncrypt.csproj : warning NU1608: Detected package version outside of dependency constraint: Microsoft.CodeAnalysis.CSharp 3.7.0 requires Microsoft.CodeAnalysis.Common (= 3.7.0) but version Microsoft.CodeAnalysis.Common 5.0.0 was resolved. [C:\Users\bbqch\proj\microbians\AeroCMS\src\aero.cms.slnx]
C:\Users\bbqch\proj\microbians\AeroCMS\src\Aero.Cms.Modules.LettuceEncrypt\Aero.Cms.Modules.LettuceEncrypt.csproj : warning NU1902: Package 'MailKit' 2.10.1 has a known moderate severity vulnerability, https://github.com/advisories/GHSA-9j88-vvj5-vhgr [C:\Users\bbqch\proj\microbians\AeroCMS\src\aero.cms.slnx]
C:\Users\bbqch\proj\microbians\AeroCMS\src\Aero.Cms.Modules.Manager\Aero.Cms.Modules.Manager.csproj : warning NU1608: Detected package version outside of dependency constraint: Microsoft.CodeAnalysis.CSharp 3.7.0 requires Microsoft.CodeAnalysis.Common (= 3.7.0) but version Microsoft.CodeAnalysis.Common 5.0.0 was resolved. [C:\Users\bbqch\proj\microbians\AeroCMS\src\aero.cms.slnx]
C:\Users\bbqch\proj\microbians\AeroCMS\src\Aero.Cms.Modules.LettuceEncrypt\Aero.Cms.Modules.LettuceEncrypt.csproj : warning NU1902: Package 'MimeKit' 2.10.1 has a known moderate severity vulnerability, https://github.com/advisories/GHSA-g7hc-96xr-gvvx [C:\Users\bbqch\proj\microbians\AeroCMS\src\aero.cms.slnx]
C:\Users\bbqch\proj\microbians\AeroCMS\src\Aero.Cms.Modules.Static\Aero.Cms.Modules.Static.csproj : warning NU1608: Detected package version outside of dependency constraint: Microsoft.CodeAnalysis.CSharp 3.7.0 requires Microsoft.CodeAnalysis.Common (= 3.7.0) but version Microsoft.CodeAnalysis.Common 5.0.0 was resolved. [C:\Users\bbqch\proj\microbians\AeroCMS\src\aero.cms.slnx]
C:\Users\bbqch\proj\microbians\AeroCMS\src\Aero.Cms.Modules.Manager\Aero.Cms.Modules.Manager.csproj : warning NU1902: Package 'MailKit' 2.10.1 has a known moderate severity vulnerability, https://github.com/advisories/GHSA-9j88-vvj5-vhgr [C:\Users\bbqch\proj\microbians\AeroCMS\src\aero.cms.slnx]
C:\Users\bbqch\proj\microbians\AeroCMS\src\Aero.Cms.Modules.Manager\Aero.Cms.Modules.Manager.csproj : warning NU1902: Package 'MimeKit' 2.10.1 has a known moderate severity vulnerability, https://github.com/advisories/GHSA-g7hc-96xr-gvvx [C:\Users\bbqch\proj\microbians\AeroCMS\src\aero.cms.slnx]
C:\Users\bbqch\proj\microbians\AeroCMS\src\Aero.Cms.Modules.Static\Aero.Cms.Modules.Static.csproj : warning NU1902: Package 'MailKit' 2.10.1 has a known moderate severity vulnerability, https://github.com/advisories/GHSA-9j88-vvj5-vhgr [C:\Users\bbqch\proj\microbians\AeroCMS\src\aero.cms.slnx]
C:\Users\bbqch\proj\microbians\AeroCMS\src\Aero.Cms.Modules.Static\Aero.Cms.Modules.Static.csproj : warning NU1902: Package 'MimeKit' 2.10.1 has a known moderate severity vulnerability, https://github.com/advisories/GHSA-g7hc-96xr-gvvx [C:\Users\bbqch\proj\microbians\AeroCMS\src\aero.cms.slnx]
  Restored C:\Users\bbqch\proj\microbians\AeroCMS\Aero\src\Aero.Secrets\Aero.Secrets.csproj (in 83 ms).
C:\Users\bbqch\proj\microbians\AeroCMS\src\Aero.Cms.Modules.SimpleSecurity\Aero.Cms.Modules.SimpleSecurity.csproj : warning NU1608: Detected package version outside of dependency constraint: Microsoft.CodeAnalysis.CSharp 3.7.0 requires Microsoft.CodeAnalysis.Common (= 3.7.0) but version Microsoft.CodeAnalysis.Common 5.0.0 was resolved. [C:\Users\bbqch\proj\microbians\AeroCMS\src\aero.cms.slnx]
C:\Users\bbqch\proj\microbians\AeroCMS\src\Aero.Cms.Modules.SimpleSecurity\Aero.Cms.Modules.SimpleSecurity.csproj : warning NU1902: Package 'MailKit' 2.10.1 has a known moderate severity vulnerability, https://github.com/advisories/GHSA-9j88-vvj5-vhgr [C:\Users\bbqch\proj\microbians\AeroCMS\src\aero.cms.slnx]
C:\Users\bbqch\proj\microbians\AeroCMS\src\Aero.Cms.Modules.SimpleSecurity\Aero.Cms.Modules.SimpleSecurity.csproj : warning NU1902: Package 'MimeKit' 2.10.1 has a known moderate severity vulnerability, https://github.com/advisories/GHSA-g7hc-96xr-gvvx [C:\Users\bbqch\proj\microbians\AeroCMS\src\aero.cms.slnx]
C:\Users\bbqch\proj\microbians\AeroCMS\src\Aero.Cms.Modules.OutputCache\Aero.Cms.Modules.OutputCache.csproj : warning NU1608: Detected package version outside of dependency constraint: Microsoft.CodeAnalysis.CSharp 3.7.0 requires Microsoft.CodeAnalysis.Common (= 3.7.0) but version Microsoft.CodeAnalysis.Common 5.0.0 was resolved. [C:\Users\bbqch\proj\microbians\AeroCMS\src\aero.cms.slnx]
C:\Users\bbqch\proj\microbians\AeroCMS\src\Aero.Cms.Modules.OutputCache\Aero.Cms.Modules.OutputCache.csproj : warning NU1902: Package 'MailKit' 2.10.1 has a known moderate severity vulnerability, https://github.com/advisories/GHSA-9j88-vvj5-vhgr [C:\Users\bbqch\proj\microbians\AeroCMS\src\aero.cms.slnx]
C:\Users\bbqch\proj\microbians\AeroCMS\src\Aero.Cms.Modules.OutputCache\Aero.Cms.Modules.OutputCache.csproj : warning NU1902: Package 'MimeKit' 2.10.1 has a known moderate severity vulnerability, https://github.com/advisories/GHSA-g7hc-96xr-gvvx [C:\Users\bbqch\proj\microbians\AeroCMS\src\aero.cms.slnx]
  Restored C:\Users\bbqch\proj\microbians\AeroCMS\src\Aero.Cms.Modules.Export\Aero.Cms.Modules.Export.csproj (in 311 ms).
C:\Users\bbqch\proj\microbians\AeroCMS\src\Aero.Cms.Modules.Tcp\Aero.Cms.Modules.Tcp.csproj : warning NU1608: Detected package version outside of dependency constraint: Microsoft.CodeAnalysis.CSharp 3.7.0 requires Microsoft.CodeAnalysis.Common (= 3.7.0) but version Microsoft.CodeAnalysis.Common 5.0.0 was resolved. [C:\Users\bbqch\proj\microbians\AeroCMS\src\aero.cms.slnx]
C:\Users\bbqch\proj\microbians\AeroCMS\src\Aero.Cms.Modules.Tcp\Aero.Cms.Modules.Tcp.csproj : warning NU1902: Package 'MailKit' 2.10.1 has a known moderate severity vulnerability, https://github.com/advisories/GHSA-9j88-vvj5-vhgr [C:\Users\bbqch\proj\microbians\AeroCMS\src\aero.cms.slnx]
C:\Users\bbqch\proj\microbians\AeroCMS\src\Aero.Cms.Modules.Tcp\Aero.Cms.Modules.Tcp.csproj : warning NU1902: Package 'MimeKit' 2.10.1 has a known moderate severity vulnerability, https://github.com/advisories/GHSA-g7hc-96xr-gvvx [C:\Users\bbqch\proj\microbians\AeroCMS\src\aero.cms.slnx]
  Restored C:\Users\bbqch\proj\microbians\AeroCMS\Aero\src\Aero.EfCore\Aero.EfCore.csproj (in 207 ms).
  Restored C:\Users\bbqch\proj\microbians\AeroCMS\Aero\src\Aero.Core.Ai\Aero.Core.Ai.csproj (in 256 ms).
C:\Users\bbqch\proj\microbians\AeroCMS\src\Aero.Cms.Modules.Scalar\Aero.Cms.Modules.Scalar.csproj : warning NU1608: Detected package version outside of dependency constraint: Microsoft.CodeAnalysis.CSharp 3.7.0 requires Microsoft.CodeAnalysis.Common (= 3.7.0) but version Microsoft.CodeAnalysis.Common 5.0.0 was resolved. [C:\Users\bbqch\proj\microbians\AeroCMS\src\aero.cms.slnx]
C:\Users\bbqch\proj\microbians\AeroCMS\src\Aero.Cms.Modules.Scalar\Aero.Cms.Modules.Scalar.csproj : warning NU1902: Package 'MailKit' 2.10.1 has a known moderate severity vulnerability, https://github.com/advisories/GHSA-9j88-vvj5-vhgr [C:\Users\bbqch\proj\microbians\AeroCMS\src\aero.cms.slnx]
C:\Users\bbqch\proj\microbians\AeroCMS\src\Aero.Cms.Modules.Scalar\Aero.Cms.Modules.Scalar.csproj : warning NU1902: Package 'MimeKit' 2.10.1 has a known moderate severity vulnerability, https://github.com/advisories/GHSA-g7hc-96xr-gvvx [C:\Users\bbqch\proj\microbians\AeroCMS\src\aero.cms.slnx]
C:\Users\bbqch\proj\microbians\AeroCMS\src\Aero.Cms.Db.Marten\Aero.Cms.Db.Marten.csproj : warning NU1902: Package 'SharpCompress' 0.34.2 has a known moderate severity vulnerability, https://github.com/advisories/GHSA-6c8g-7p36-r338 [C:\Users\bbqch\proj\microbians\AeroCMS\src\aero.cms.slnx]
  Restored C:\Users\bbqch\proj\microbians\AeroCMS\src\Aero.Cms.Modules.Commerce\Aero.Cms.Modules.Commerce.csproj (in 347 ms).
C:\Users\bbqch\proj\microbians\AeroCMS\src\Aero.Cms.Modules.Pages\Aero.Cms.Modules.Pages.csproj : warning NU1608: Detected package version outside of dependency constraint: Microsoft.CodeAnalysis.CSharp 3.7.0 requires Microsoft.CodeAnalysis.Common (= 3.7.0) but version Microsoft.CodeAnalysis.Common 5.0.0 was resolved. [C:\Users\bbqch\proj\microbians\AeroCMS\src\aero.cms.slnx]
C:\Users\bbqch\proj\microbians\AeroCMS\src\Aero.Cms.Modules.Pages\Aero.Cms.Modules.Pages.csproj : warning NU1902: Package 'MailKit' 2.10.1 has a known moderate severity vulnerability, https://github.com/advisories/GHSA-9j88-vvj5-vhgr [C:\Users\bbqch\proj\microbians\AeroCMS\src\aero.cms.slnx]
C:\Users\bbqch\proj\microbians\AeroCMS\src\Aero.Cms.Modules.Pages\Aero.Cms.Modules.Pages.csproj : warning NU1902: Package 'MimeKit' 2.10.1 has a known moderate severity vulnerability, https://github.com/advisories/GHSA-g7hc-96xr-gvvx [C:\Users\bbqch\proj\microbians\AeroCMS\src\aero.cms.slnx]
C:\Users\bbqch\proj\microbians\AeroCMS\src\Aero.Cms.Modules.Jwt\Aero.Cms.Modules.Jwt.csproj : warning NU1608: Detected package version outside of dependency constraint: Microsoft.CodeAnalysis.CSharp 3.7.0 requires Microsoft.CodeAnalysis.Common (= 3.7.0) but version Microsoft.CodeAnalysis.Common 5.0.0 was resolved. [C:\Users\bbqch\proj\microbians\AeroCMS\src\aero.cms.slnx]
C:\Users\bbqch\proj\microbians\AeroCMS\src\Aero.Cms.Modules.Jwt\Aero.Cms.Modules.Jwt.csproj : warning NU1902: Package 'MailKit' 2.10.1 has a known moderate severity vulnerability, https://github.com/advisories/GHSA-9j88-vvj5-vhgr [C:\Users\bbqch\proj\microbians\AeroCMS\src\aero.cms.slnx]
C:\Users\bbqch\proj\microbians\AeroCMS\src\Aero.Cms.Modules.Jwt\Aero.Cms.Modules.Jwt.csproj : warning NU1902: Package 'MimeKit' 2.10.1 has a known moderate severity vulnerability, https://github.com/advisories/GHSA-g7hc-96xr-gvvx [C:\Users\bbqch\proj\microbians\AeroCMS\src\aero.cms.slnx]
C:\Users\bbqch\proj\microbians\AeroCMS\src\Aero.Cms.Modules.OpenTelemetry\Aero.Cms.Modules.OpenTelemetry.csproj : warning NU1608: Detected package version outside of dependency constraint: Microsoft.CodeAnalysis.CSharp 3.7.0 requires Microsoft.CodeAnalysis.Common (= 3.7.0) but version Microsoft.CodeAnalysis.Common 5.0.0 was resolved. [C:\Users\bbqch\proj\microbians\AeroCMS\src\aero.cms.slnx]
C:\Users\bbqch\proj\microbians\AeroCMS\src\Aero.Cms.Modules.OpenTelemetry\Aero.Cms.Modules.OpenTelemetry.csproj : warning NU1902: Package 'MailKit' 2.10.1 has a known moderate severity vulnerability, https://github.com/advisories/GHSA-9j88-vvj5-vhgr [C:\Users\bbqch\proj\microbians\AeroCMS\src\aero.cms.slnx]
C:\Users\bbqch\proj\microbians\AeroCMS\src\Aero.Cms.Modules.OpenTelemetry\Aero.Cms.Modules.OpenTelemetry.csproj : warning NU1902: Package 'MimeKit' 2.10.1 has a known moderate severity vulnerability, https://github.com/advisories/GHSA-g7hc-96xr-gvvx [C:\Users\bbqch\proj\microbians\AeroCMS\src\aero.cms.slnx]
C:\Users\bbqch\proj\microbians\AeroCMS\tests\Aero.Cms.Modules.Footer.Tests\Aero.Cms.Modules.Footer.Tests.csproj : warning NU1608: Detected package version outside of dependency constraint: Microsoft.CodeAnalysis.CSharp 3.7.0 requires Microsoft.CodeAnalysis.Common (= 3.7.0) but version Microsoft.CodeAnalysis.Common 5.0.0 was resolved. [C:\Users\bbqch\proj\microbians\AeroCMS\src\aero.cms.slnx]
  Restored C:\Users\bbqch\proj\microbians\AeroCMS\src\Aero.Cms.Generated.Json\Aero.Cms.Generated.Json.csproj (in 357 ms).
  Restored C:\Users\bbqch\proj\microbians\AeroCMS\Aero\src\Aero.Web\Aero.Web.csproj (in 388 ms).
C:\Users\bbqch\proj\microbians\AeroCMS\tests\Aero.Cms.Modules.Footer.Tests\Aero.Cms.Modules.Footer.Tests.csproj : warning NU1902: Package 'MailKit' 2.10.1 has a known moderate severity vulnerability, https://github.com/advisories/GHSA-9j88-vvj5-vhgr [C:\Users\bbqch\proj\microbians\AeroCMS\src\aero.cms.slnx]
C:\Users\bbqch\proj\microbians\AeroCMS\tests\Aero.Cms.Modules.Footer.Tests\Aero.Cms.Modules.Footer.Tests.csproj : warning NU1902: Package 'MimeKit' 2.10.1 has a known moderate severity vulnerability, https://github.com/advisories/GHSA-g7hc-96xr-gvvx [C:\Users\bbqch\proj\microbians\AeroCMS\src\aero.cms.slnx]
C:\Users\bbqch\proj\microbians\AeroCMS\src\Aero.Cms.Modules.RequestLog\Aero.Cms.Modules.RequestLog.csproj : warning NU1608: Detected package version outside of dependency constraint: Microsoft.CodeAnalysis.CSharp 3.7.0 requires Microsoft.CodeAnalysis.Common (= 3.7.0) but version Microsoft.CodeAnalysis.Common 5.0.0 was resolved. [C:\Users\bbqch\proj\microbians\AeroCMS\src\aero.cms.slnx]
  Restored C:\Users\bbqch\proj\microbians\AeroCMS\src\Aero.Cms.Modules.Modules\Aero.Cms.Modules.Modules.csproj (in 322 ms).
C:\Users\bbqch\proj\microbians\AeroCMS\src\Aero.Cms.Modules.RequestLog\Aero.Cms.Modules.RequestLog.csproj : warning NU1902: Package 'MailKit' 2.10.1 has a known moderate severity vulnerability, https://github.com/advisories/GHSA-9j88-vvj5-vhgr [C:\Users\bbqch\proj\microbians\AeroCMS\src\aero.cms.slnx]
C:\Users\bbqch\proj\microbians\AeroCMS\src\Aero.Cms.Modules.RequestLog\Aero.Cms.Modules.RequestLog.csproj : warning NU1902: Package 'MimeKit' 2.10.1 has a known moderate severity vulnerability, https://github.com/advisories/GHSA-g7hc-96xr-gvvx [C:\Users\bbqch\proj\microbians\AeroCMS\src\aero.cms.slnx]
C:\Users\bbqch\proj\microbians\AeroCMS\src\Aero.Cms.Modules.Setup\Aero.Cms.Modules.Setup.csproj : warning NU1902: Package 'MailKit' 2.10.1 has a known moderate severity vulnerability, https://github.com/advisories/GHSA-9j88-vvj5-vhgr [C:\Users\bbqch\proj\microbians\AeroCMS\src\aero.cms.slnx]
C:\Users\bbqch\proj\microbians\AeroCMS\src\Aero.Cms.Modules.Setup\Aero.Cms.Modules.Setup.csproj : warning NU1902: Package 'MimeKit' 2.10.1 has a known moderate severity vulnerability, https://github.com/advisories/GHSA-g7hc-96xr-gvvx [C:\Users\bbqch\proj\microbians\AeroCMS\src\aero.cms.slnx]
C:\Users\bbqch\proj\microbians\AeroCMS\src\Aero.Cms.Modules.Setup\Aero.Cms.Modules.Setup.csproj : warning NU1902: Package 'SharpCompress' 0.34.2 has a known moderate severity vulnerability, https://github.com/advisories/GHSA-6c8g-7p36-r338 [C:\Users\bbqch\proj\microbians\AeroCMS\src\aero.cms.slnx]
  Restored C:\Users\bbqch\proj\microbians\AeroCMS\src\Aero.Cms.Modules.Docs\Aero.Cms.Modules.Docs.csproj (in 462 ms).
  Restored C:\Users\bbqch\proj\microbians\AeroCMS\Aero\src\Aero.Services\Aero.Services.csproj (in 320 ms).
C:\Users\bbqch\proj\microbians\AeroCMS\tests\Aero.Cms.Core.Tests\Aero.Cms.Core.Tests.csproj : warning NU1902: Package 'MailKit' 2.10.1 has a known moderate severity vulnerability, https://github.com/advisories/GHSA-9j88-vvj5-vhgr [C:\Users\bbqch\proj\microbians\AeroCMS\src\aero.cms.slnx]
C:\Users\bbqch\proj\microbians\AeroCMS\tests\Aero.Cms.Core.Tests\Aero.Cms.Core.Tests.csproj : warning NU1902: Package 'MimeKit' 2.10.1 has a known moderate severity vulnerability, https://github.com/advisories/GHSA-g7hc-96xr-gvvx [C:\Users\bbqch\proj\microbians\AeroCMS\src\aero.cms.slnx]
C:\Users\bbqch\proj\microbians\AeroCMS\tests\Aero.Cms.Core.Tests\Aero.Cms.Core.Tests.csproj : warning NU1902: Package 'SharpCompress' 0.34.2 has a known moderate severity vulnerability, https://github.com/advisories/GHSA-6c8g-7p36-r338 [C:\Users\bbqch\proj\microbians\AeroCMS\src\aero.cms.slnx]
  Restored C:\Users\bbqch\proj\microbians\AeroCMS\src\Aero.Cms.Modules.AiAssistant\Aero.Cms.Modules.AiAssistant.csproj (in 458 ms).
  Restored C:\Users\bbqch\proj\microbians\AeroCMS\src\Aero.Cms.Data\Aero.Cms.Data.csproj (in 439 ms).
  Restored C:\Users\bbqch\proj\microbians\AeroCMS\src\Aero.Cms.Web.Core\Aero.Cms.Web.Core.csproj (in 537 ms).
  Restored C:\Users\bbqch\proj\microbians\AeroCMS\src\Aero.Cms.Modules.Audit\Aero.Cms.Modules.Audit.csproj (in 493 ms).
  Restored C:\Users\bbqch\proj\microbians\AeroCMS\src\Aero.Cms.Db.Polecat\Aero.Cms.Db.Polecat.csproj (in 515 ms).
  Restored C:\Users\bbqch\proj\microbians\AeroCMS\src\Aero.Cms.Modules.Crm\Aero.Cms.Modules.Crm.csproj (in 503 ms).
  Restored C:\Users\bbqch\proj\microbians\AeroCMS\src\Aero.Cms.Core\Aero.Cms.Core.csproj (in 488 ms).
  Restored C:\Users\bbqch\proj\microbians\AeroCMS\src\Aero.Cms.Modules.Navigation\Aero.Cms.Modules.Navigation.csproj (in 549 ms).
  Restored C:\Users\bbqch\proj\microbians\AeroCMS\src\Aero.Cms.Modules.Analytics\Aero.Cms.Modules.Analytics.csproj (in 567 ms).
  Restored C:\Users\bbqch\proj\microbians\AeroCMS\src\Aero.Cms.Ui.Hyper\Aero.Cms.Ui.Hyper.csproj (in 486 ms).
  Restored C:\Users\bbqch\proj\microbians\AeroCMS\src\Aero.Cms.Web\Aero.Cms.Web.csproj (in 1.53 sec).
  Restored C:\Users\bbqch\proj\microbians\AeroCMS\src\Aero.Cms.Modules.Content\Aero.Cms.Modules.Content.csproj (in 555 ms).
  Restored C:\Users\bbqch\proj\microbians\AeroCMS\src\Aero.Cms.Modules.Static\Aero.Cms.Modules.Static.csproj (in 521 ms).
  Restored C:\Users\bbqch\proj\microbians\AeroCMS\src\Aero.Cms.Modules.LettuceEncrypt\Aero.Cms.Modules.LettuceEncrypt.csproj (in 556 ms).
  Restored C:\Users\bbqch\proj\microbians\AeroCMS\src\Aero.Cms.Modules.Manager\Aero.Cms.Modules.Manager.csproj (in 564 ms).
  Restored C:\Users\bbqch\proj\microbians\AeroCMS\src\Aero.Cms.Modules.Tcp\Aero.Cms.Modules.Tcp.csproj (in 563 ms).
  Restored C:\Users\bbqch\proj\microbians\AeroCMS\src\Aero.Cms.Modules.OutputCache\Aero.Cms.Modules.OutputCache.csproj (in 563 ms).
  Restored C:\Users\bbqch\proj\microbians\AeroCMS\src\Aero.Cms.Modules.Scalar\Aero.Cms.Modules.Scalar.csproj (in 475 ms).
  Restored C:\Users\bbqch\proj\microbians\AeroCMS\src\Aero.Cms.Db.Marten\Aero.Cms.Db.Marten.csproj (in 577 ms).
  Restored C:\Users\bbqch\proj\microbians\AeroCMS\src\Aero.Cms.Modules.SimpleSecurity\Aero.Cms.Modules.SimpleSecurity.csproj (in 651 ms).
  Restored C:\Users\bbqch\proj\microbians\AeroCMS\src\Aero.Cms.Modules.OpenTelemetry\Aero.Cms.Modules.OpenTelemetry.csproj (in 405 ms).
  Restored C:\Users\bbqch\proj\microbians\AeroCMS\src\Aero.Cms.Modules.Pages\Aero.Cms.Modules.Pages.csproj (in 590 ms).
  Restored C:\Users\bbqch\proj\microbians\AeroCMS\src\Aero.Cms.Modules.Jwt\Aero.Cms.Modules.Jwt.csproj (in 639 ms).
  Restored C:\Users\bbqch\proj\microbians\AeroCMS\src\Aero.Cms.Modules.RequestLog\Aero.Cms.Modules.RequestLog.csproj (in 511 ms).
  Restored C:\Users\bbqch\proj\microbians\AeroCMS\src\Aero.Cms\Aero.Cms.csproj (in 2.45 sec).
  Restored C:\Users\bbqch\proj\microbians\AeroCMS\tests\Aero.Cms.Modules.Footer.Tests\Aero.Cms.Modules.Footer.Tests.csproj (in 624 ms).
  Restored C:\Users\bbqch\proj\microbians\AeroCMS\src\Aero.Cms.Web.Client\Aero.Cms.Web.Client.csproj (in 789 ms).
  Restored C:\Users\bbqch\proj\microbians\AeroCMS\src\Aero.Cms.Modules.Setup\Aero.Cms.Modules.Setup.csproj (in 690 ms).
  Restored C:\Users\bbqch\proj\microbians\AeroCMS\tests\Aero.Cms.Core.Tests\Aero.Cms.Core.Tests.csproj (in 656 ms).
C:\Users\bbqch\proj\microbians\AeroCMS\src\Aero.AppServer\Aero.AppServer.csproj : warning NU1510: PackageReference Microsoft.Extensions.Caching.Abstractions will not be pruned. Consider removing this package from your dependencies, as it is likely unnecessary.
C:\Users\bbqch\proj\microbians\AeroCMS\src\Aero.AppServer\Aero.AppServer.csproj : warning NU1510: PackageReference Microsoft.Extensions.Configuration.Abstractions will not be pruned. Consider removing this package from your dependencies, as it is likely unnecessary.
C:\Users\bbqch\proj\microbians\AeroCMS\src\Aero.AppServer\Aero.AppServer.csproj : warning NU1510: PackageReference Microsoft.Extensions.Hosting.Abstractions will not be pruned. Consider removing this package from your dependencies, as it is likely unnecessary.
C:\Users\bbqch\proj\microbians\AeroCMS\src\Aero.AppServer\Aero.AppServer.csproj : warning NU1510: PackageReference Microsoft.Extensions.Logging.Abstractions will not be pruned. Consider removing this package from your dependencies, as it is likely unnecessary.
C:\Users\bbqch\proj\microbians\AeroCMS\src\Aero.AppServer\Aero.AppServer.csproj : warning NU1902: Package 'SharpCompress' 0.34.2 has a known moderate severity vulnerability, https://github.com/advisories/GHSA-6c8g-7p36-r338
C:\Users\bbqch\proj\microbians\AeroCMS\Aero\src\Aero.Secrets\Aero.Secrets.csproj : warning NU1903: Package 'Newtonsoft.Json' 10.0.2 has a known high severity vulnerability, https://github.com/advisories/GHSA-5crp-9r3c-p9vr
C:\Users\bbqch\proj\microbians\AeroCMS\src\Aero.Cms.Contracts\Aero.Cms.Contracts.csproj : warning NU1903: Package 'Newtonsoft.Json' 10.0.2 has a known high severity vulnerability, https://github.com/advisories/GHSA-5crp-9r3c-p9vr
C:\Users\bbqch\proj\microbians\AeroCMS\Aero\src\Aero.EfCore\Aero.EfCore.csproj : warning NU1903: Package 'Newtonsoft.Json' 10.0.2 has a known high severity vulnerability, https://github.com/advisories/GHSA-5crp-9r3c-p9vr
C:\Users\bbqch\proj\microbians\AeroCMS\Aero\src\Aero.Modular\Aero.Modular.csproj : warning NU1903: Package 'Newtonsoft.Json' 10.0.2 has a known high severity vulnerability, https://github.com/advisories/GHSA-5crp-9r3c-p9vr
C:\Users\bbqch\proj\microbians\AeroCMS\Aero\src\Aero.Validators\Aero.Validators.csproj : warning NU1903: Package 'Newtonsoft.Json' 10.0.2 has a known high severity vulnerability, https://github.com/advisories/GHSA-5crp-9r3c-p9vr
C:\Users\bbqch\proj\microbians\AeroCMS\Aero\src\Aero.Marten\Aero.Marten.csproj : warning NU1903: Package 'Newtonsoft.Json' 10.0.2 has a known high severity vulnerability, https://github.com/advisories/GHSA-5crp-9r3c-p9vr
C:\Users\bbqch\proj\microbians\AeroCMS\Aero\src\Aero.Web\Aero.Web.csproj : warning NU1902: Package 'MailKit' 2.10.1 has a known moderate severity vulnerability, https://github.com/advisories/GHSA-9j88-vvj5-vhgr
C:\Users\bbqch\proj\microbians\AeroCMS\Aero\src\Aero.Web\Aero.Web.csproj : warning NU1902: Package 'MimeKit' 2.10.1 has a known moderate severity vulnerability, https://github.com/advisories/GHSA-g7hc-96xr-gvvx
C:\Users\bbqch\proj\microbians\AeroCMS\Aero\src\Aero.Models\Aero.Models.csproj : warning NU1903: Package 'Newtonsoft.Json' 10.0.2 has a known high severity vulnerability, https://github.com/advisories/GHSA-5crp-9r3c-p9vr
C:\Users\bbqch\proj\microbians\AeroCMS\src\Aero.Cms.Web.Core\Aero.Cms.Web.Core.csproj : warning NU1510: PackageReference Microsoft.Extensions.Configuration.Abstractions will not be pruned. Consider removing this package from your dependencies, as it is likely unnecessary.
C:\Users\bbqch\proj\microbians\AeroCMS\src\Aero.Cms.Web.Core\Aero.Cms.Web.Core.csproj : warning NU1510: PackageReference Microsoft.Extensions.Logging.Abstractions will not be pruned. Consider removing this package from your dependencies, as it is likely unnecessary.
C:\Users\bbqch\proj\microbians\AeroCMS\Aero\src\Aero.Services\Aero.Services.csproj : warning NU1902: Package 'MailKit' 2.10.1 has a known moderate severity vulnerability, https://github.com/advisories/GHSA-9j88-vvj5-vhgr
C:\Users\bbqch\proj\microbians\AeroCMS\Aero\src\Aero.Services\Aero.Services.csproj : warning NU1902: Package 'MimeKit' 2.10.1 has a known moderate severity vulnerability, https://github.com/advisories/GHSA-g7hc-96xr-gvvx
C:\Users\bbqch\proj\microbians\AeroCMS\src\Aero.Cms.Web.Core\Aero.Cms.Web.Core.csproj : warning NU1608: Detected package version outside of dependency constraint: Microsoft.CodeAnalysis.CSharp 3.7.0 requires Microsoft.CodeAnalysis.Common (= 3.7.0) but version Microsoft.CodeAnalysis.Common 5.0.0 was resolved.
C:\Users\bbqch\proj\microbians\AeroCMS\src\Aero.Cms.Web.Core\Aero.Cms.Web.Core.csproj : warning NU1902: Package 'MailKit' 2.10.1 has a known moderate severity vulnerability, https://github.com/advisories/GHSA-9j88-vvj5-vhgr
C:\Users\bbqch\proj\microbians\AeroCMS\src\Aero.Cms.Web.Core\Aero.Cms.Web.Core.csproj : warning NU1902: Package 'MimeKit' 2.10.1 has a known moderate severity vulnerability, https://github.com/advisories/GHSA-g7hc-96xr-gvvx
C:\Users\bbqch\proj\microbians\AeroCMS\Aero\src\Aero.Auth\Aero.Auth.csproj : warning NU1903: Package 'Newtonsoft.Json' 10.0.2 has a known high severity vulnerability, https://github.com/advisories/GHSA-5crp-9r3c-p9vr
C:\Users\bbqch\proj\microbians\AeroCMS\Aero\src\Aero.Social\Aero.Social.csproj : warning NU1903: Package 'Newtonsoft.Json' 10.0.2 has a known high severity vulnerability, https://github.com/advisories/GHSA-5crp-9r3c-p9vr
C:\Users\bbqch\proj\microbians\AeroCMS\src\Aero.Cms.Db.Marten\Aero.Cms.Db.Marten.csproj : warning NU1902: Package 'SharpCompress' 0.34.2 has a known moderate severity vulnerability, https://github.com/advisories/GHSA-6c8g-7p36-r338
C:\Users\bbqch\proj\microbians\AeroCMS\Aero\src\Aero.SignalR\Aero.SignalR.csproj : warning NU1903: Package 'Newtonsoft.Json' 11.0.2 has a known high severity vulnerability, https://github.com/advisories/GHSA-5crp-9r3c-p9vr
C:\Users\bbqch\proj\microbians\AeroCMS\Aero\src\Aero.Core\Aero.Core.csproj : warning NU1903: Package 'Newtonsoft.Json' 10.0.2 has a known high severity vulnerability, https://github.com/advisories/GHSA-5crp-9r3c-p9vr
C:\Users\bbqch\proj\microbians\AeroCMS\Aero\src\Aero.Caching\Aero.Caching.csproj : warning NU1903: Package 'Newtonsoft.Json' 10.0.2 has a known high severity vulnerability, https://github.com/advisories/GHSA-5crp-9r3c-p9vr
C:\Users\bbqch\proj\microbians\AeroCMS\src\Aero.Cms.Services\Aero.Cms.Services.csproj : warning NU1608: Detected package version outside of dependency constraint: Microsoft.CodeAnalysis.CSharp 3.7.0 requires Microsoft.CodeAnalysis.Common (= 3.7.0) but version Microsoft.CodeAnalysis.Common 5.0.0 was resolved.
C:\Users\bbqch\proj\microbians\AeroCMS\src\Aero.Cms.Services\Aero.Cms.Services.csproj : warning NU1902: Package 'MailKit' 2.10.1 has a known moderate severity vulnerability, https://github.com/advisories/GHSA-9j88-vvj5-vhgr
C:\Users\bbqch\proj\microbians\AeroCMS\src\Aero.Cms.Services\Aero.Cms.Services.csproj : warning NU1902: Package 'MimeKit' 2.10.1 has a known moderate severity vulnerability, https://github.com/advisories/GHSA-g7hc-96xr-gvvx
C:\Users\bbqch\proj\microbians\AeroCMS\src\Aero.Cms.CookiePolicy\Aero.Cms.CookiePolicy.csproj : warning NU1608: Detected package version outside of dependency constraint: Microsoft.CodeAnalysis.CSharp 3.7.0 requires Microsoft.CodeAnalysis.Common (= 3.7.0) but version Microsoft.CodeAnalysis.Common 5.0.0 was resolved.
C:\Users\bbqch\proj\microbians\AeroCMS\src\Aero.Cms.CookiePolicy\Aero.Cms.CookiePolicy.csproj : warning NU1902: Package 'MailKit' 2.10.1 has a known moderate severity vulnerability, https://github.com/advisories/GHSA-9j88-vvj5-vhgr
C:\Users\bbqch\proj\microbians\AeroCMS\src\Aero.Cms.CookiePolicy\Aero.Cms.CookiePolicy.csproj : warning NU1902: Package 'MimeKit' 2.10.1 has a known moderate severity vulnerability, https://github.com/advisories/GHSA-g7hc-96xr-gvvx
C:\Users\bbqch\proj\microbians\AeroCMS\src\Aero.Cms.Web.Bootstrap\Aero.Cms.Web.Bootstrap.csproj : warning NU1902: Package 'MailKit' 2.10.1 has a known moderate severity vulnerability, https://github.com/advisories/GHSA-9j88-vvj5-vhgr
C:\Users\bbqch\proj\microbians\AeroCMS\src\Aero.Cms.Web.Bootstrap\Aero.Cms.Web.Bootstrap.csproj : warning NU1902: Package 'MimeKit' 2.10.1 has a known moderate severity vulnerability, https://github.com/advisories/GHSA-g7hc-96xr-gvvx
C:\Users\bbqch\proj\microbians\AeroCMS\src\Aero.Cms.Web.Bootstrap\Aero.Cms.Web.Bootstrap.csproj : warning NU1902: Package 'SharpCompress' 0.34.2 has a known moderate severity vulnerability, https://github.com/advisories/GHSA-6c8g-7p36-r338
C:\Users\bbqch\proj\microbians\AeroCMS\src\Aero.Cms.Modules.Banner\Aero.Cms.Modules.Banner.csproj : warning NU1608: Detected package version outside of dependency constraint: Microsoft.CodeAnalysis.CSharp 3.7.0 requires Microsoft.CodeAnalysis.Common (= 3.7.0) but version Microsoft.CodeAnalysis.Common 5.0.0 was resolved.
C:\Users\bbqch\proj\microbians\AeroCMS\src\Aero.Cms.Modules.Banner\Aero.Cms.Modules.Banner.csproj : warning NU1902: Package 'MailKit' 2.10.1 has a known moderate severity vulnerability, https://github.com/advisories/GHSA-9j88-vvj5-vhgr
C:\Users\bbqch\proj\microbians\AeroCMS\src\Aero.Cms.Modules.Banner\Aero.Cms.Modules.Banner.csproj : warning NU1902: Package 'MimeKit' 2.10.1 has a known moderate severity vulnerability, https://github.com/advisories/GHSA-g7hc-96xr-gvvx
C:\Users\bbqch\proj\microbians\AeroCMS\src\Aero.Cms.Modules.Audit\Aero.Cms.Modules.Audit.csproj : warning NU1608: Detected package version outside of dependency constraint: Microsoft.CodeAnalysis.CSharp 3.7.0 requires Microsoft.CodeAnalysis.Common (= 3.7.0) but version Microsoft.CodeAnalysis.Common 5.0.0 was resolved.
C:\Users\bbqch\proj\microbians\AeroCMS\src\Aero.Cms.Modules.Audit\Aero.Cms.Modules.Audit.csproj : warning NU1902: Package 'MailKit' 2.10.1 has a known moderate severity vulnerability, https://github.com/advisories/GHSA-9j88-vvj5-vhgr
C:\Users\bbqch\proj\microbians\AeroCMS\src\Aero.Cms.Modules.Audit\Aero.Cms.Modules.Audit.csproj : warning NU1902: Package 'MimeKit' 2.10.1 has a known moderate severity vulnerability, https://github.com/advisories/GHSA-g7hc-96xr-gvvx
C:\Users\bbqch\proj\microbians\AeroCMS\src\Aero.Cms.Modules.Analytics\Aero.Cms.Modules.Analytics.csproj : warning NU1608: Detected package version outside of dependency constraint: Microsoft.CodeAnalysis.CSharp 3.7.0 requires Microsoft.CodeAnalysis.Common (= 3.7.0) but version Microsoft.CodeAnalysis.Common 5.0.0 was resolved.
C:\Users\bbqch\proj\microbians\AeroCMS\src\Aero.Cms.Modules.Analytics\Aero.Cms.Modules.Analytics.csproj : warning NU1902: Package 'MailKit' 2.10.1 has a known moderate severity vulnerability, https://github.com/advisories/GHSA-9j88-vvj5-vhgr
C:\Users\bbqch\proj\microbians\AeroCMS\src\Aero.Cms.Modules.Analytics\Aero.Cms.Modules.Analytics.csproj : warning NU1902: Package 'MimeKit' 2.10.1 has a known moderate severity vulnerability, https://github.com/advisories/GHSA-g7hc-96xr-gvvx
C:\Users\bbqch\proj\microbians\AeroCMS\src\Aero.Cms.Modules.Docs\Aero.Cms.Modules.Docs.csproj : warning NU1608: Detected package version outside of dependency constraint: Microsoft.CodeAnalysis.CSharp 3.7.0 requires Microsoft.CodeAnalysis.Common (= 3.7.0) but version Microsoft.CodeAnalysis.Common 5.0.0 was resolved.
C:\Users\bbqch\proj\microbians\AeroCMS\src\Aero.Cms.Modules.Docs\Aero.Cms.Modules.Docs.csproj : warning NU1902: Package 'MailKit' 2.10.1 has a known moderate severity vulnerability, https://github.com/advisories/GHSA-9j88-vvj5-vhgr
C:\Users\bbqch\proj\microbians\AeroCMS\src\Aero.Cms.Modules.Docs\Aero.Cms.Modules.Docs.csproj : warning NU1902: Package 'MimeKit' 2.10.1 has a known moderate severity vulnerability, https://github.com/advisories/GHSA-g7hc-96xr-gvvx
C:\Users\bbqch\proj\microbians\AeroCMS\src\Aero.Cms.Modules.Cache\Aero.Cms.Modules.Cache.csproj : warning NU1608: Detected package version outside of dependency constraint: Microsoft.CodeAnalysis.CSharp 3.7.0 requires Microsoft.CodeAnalysis.Common (= 3.7.0) but version Microsoft.CodeAnalysis.Common 5.0.0 was resolved.
C:\Users\bbqch\proj\microbians\AeroCMS\src\Aero.Cms.Modules.Cache\Aero.Cms.Modules.Cache.csproj : warning NU1902: Package 'MailKit' 2.10.1 has a known moderate severity vulnerability, https://github.com/advisories/GHSA-9j88-vvj5-vhgr
C:\Users\bbqch\proj\microbians\AeroCMS\src\Aero.Cms.Modules.Cache\Aero.Cms.Modules.Cache.csproj : warning NU1902: Package 'MimeKit' 2.10.1 has a known moderate severity vulnerability, https://github.com/advisories/GHSA-g7hc-96xr-gvvx
C:\Users\bbqch\proj\microbians\AeroCMS\src\Aero.Cms.Web\Aero.Cms.Web.csproj : warning NU1510: PackageReference Microsoft.Extensions.Logging.Abstractions will not be pruned. Consider removing this package from your dependencies, as it is likely unnecessary.
C:\Users\bbqch\proj\microbians\AeroCMS\src\Aero.Cms.Web\Aero.Cms.Web.csproj : warning NU1608: Detected package version outside of dependency constraint: HtmlSanitizer 9.0.892 requires AngleSharp (= 0.17.1) but version AngleSharp 1.5.2 was resolved.
C:\Users\bbqch\proj\microbians\AeroCMS\src\Aero.Cms.Web\Aero.Cms.Web.csproj : warning NU1608: Detected package version outside of dependency constraint: AngleSharp.Css 0.17.0 requires AngleSharp (>= 0.17.0 && < 0.18.0) but version AngleSharp 1.5.2 was resolved.
C:\Users\bbqch\proj\microbians\AeroCMS\src\Aero.Cms.Web\Aero.Cms.Web.csproj : warning NU1902: Package 'SharpCompress' 0.34.2 has a known moderate severity vulnerability, https://github.com/advisories/GHSA-6c8g-7p36-r338
C:\Users\bbqch\proj\microbians\AeroCMS\src\Aero.Cms.Modules.Ai\Aero.Cms.Modules.Ai.csproj : warning NU1608: Detected package version outside of dependency constraint: Microsoft.CodeAnalysis.CSharp 3.7.0 requires Microsoft.CodeAnalysis.Common (= 3.7.0) but version Microsoft.CodeAnalysis.Common 5.0.0 was resolved.
C:\Users\bbqch\proj\microbians\AeroCMS\src\Aero.Cms.Modules.Ai\Aero.Cms.Modules.Ai.csproj : warning NU1902: Package 'MailKit' 2.10.1 has a known moderate severity vulnerability, https://github.com/advisories/GHSA-9j88-vvj5-vhgr
C:\Users\bbqch\proj\microbians\AeroCMS\src\Aero.Cms.Modules.Ai\Aero.Cms.Modules.Ai.csproj : warning NU1902: Package 'MimeKit' 2.10.1 has a known moderate severity vulnerability, https://github.com/advisories/GHSA-g7hc-96xr-gvvx
C:\Users\bbqch\proj\microbians\AeroCMS\src\Aero.Cms.Modules.Aliases\Aero.Cms.Modules.Aliases.csproj : warning NU1510: PackageReference Microsoft.AspNetCore.Rewrite will not be pruned. Consider removing this package from your dependencies, as it is likely unnecessary.
C:\Users\bbqch\proj\microbians\AeroCMS\src\Aero.Cms.Modules.Aliases\Aero.Cms.Modules.Aliases.csproj : warning NU1902: Package 'MailKit' 2.10.1 has a known moderate severity vulnerability, https://github.com/advisories/GHSA-9j88-vvj5-vhgr
C:\Users\bbqch\proj\microbians\AeroCMS\src\Aero.Cms.Modules.Aliases\Aero.Cms.Modules.Aliases.csproj : warning NU1902: Package 'MimeKit' 2.10.1 has a known moderate severity vulnerability, https://github.com/advisories/GHSA-g7hc-96xr-gvvx
C:\Users\bbqch\proj\microbians\AeroCMS\src\Aero.Cms.Modules.Blog.Importer\Aero.Cms.Modules.Blog.Importer.csproj : warning NU1608: Detected package version outside of dependency constraint: AngleSharp.Css 0.17.0 requires AngleSharp (>= 0.17.0 && < 0.18.0) but version AngleSharp 1.5.2 was resolved.
C:\Users\bbqch\proj\microbians\AeroCMS\src\Aero.Cms.Modules.Blog.Importer\Aero.Cms.Modules.Blog.Importer.csproj : warning NU1608: Detected package version outside of dependency constraint: HtmlSanitizer 9.0.892 requires AngleSharp (= 0.17.1) but version AngleSharp 1.5.2 was resolved.
C:\Users\bbqch\proj\microbians\AeroCMS\src\Aero.Cms.Modules.Blog.Importer\Aero.Cms.Modules.Blog.Importer.csproj : warning NU1608: Detected package version outside of dependency constraint: Microsoft.CodeAnalysis.CSharp 3.7.0 requires Microsoft.CodeAnalysis.Common (= 3.7.0) but version Microsoft.CodeAnalysis.Common 5.0.0 was resolved.
C:\Users\bbqch\proj\microbians\AeroCMS\src\Aero.Cms.Modules.Blog.Importer\Aero.Cms.Modules.Blog.Importer.csproj : warning NU1902: Package 'MailKit' 2.10.1 has a known moderate severity vulnerability, https://github.com/advisories/GHSA-9j88-vvj5-vhgr
C:\Users\bbqch\proj\microbians\AeroCMS\src\Aero.Cms.Modules.Blog.Importer\Aero.Cms.Modules.Blog.Importer.csproj : warning NU1902: Package 'MimeKit' 2.10.1 has a known moderate severity vulnerability, https://github.com/advisories/GHSA-g7hc-96xr-gvvx
  AeroDB.SourceGenerators -> C:\Users\bbqch\proj\microbians\AeroCMS\AeroDB\src\AeroDB.SourceGenerators\bin\Debug\netstandard2.0\AeroDB.SourceGenerators.dll
C:\Users\bbqch\proj\microbians\AeroCMS\src\Aero.Cms.Modules.Crm\Aero.Cms.Modules.Crm.csproj : warning NU1608: Detected package version outside of dependency constraint: Microsoft.CodeAnalysis.CSharp 3.7.0 requires Microsoft.CodeAnalysis.Common (= 3.7.0) but version Microsoft.CodeAnalysis.Common 5.0.0 was resolved.
C:\Users\bbqch\proj\microbians\AeroCMS\src\Aero.Cms.Modules.Crm\Aero.Cms.Modules.Crm.csproj : warning NU1902: Package 'MailKit' 2.10.1 has a known moderate severity vulnerability, https://github.com/advisories/GHSA-9j88-vvj5-vhgr
C:\Users\bbqch\proj\microbians\AeroCMS\src\Aero.Cms.Modules.Crm\Aero.Cms.Modules.Crm.csproj : warning NU1902: Package 'MimeKit' 2.10.1 has a known moderate severity vulnerability, https://github.com/advisories/GHSA-g7hc-96xr-gvvx
C:\Users\bbqch\proj\microbians\AeroCMS\src\Aero.Cms.Modules.Jobs\Aero.Cms.Modules.Jobs.csproj : warning NU1608: Detected package version outside of dependency constraint: Microsoft.CodeAnalysis.CSharp 3.7.0 requires Microsoft.CodeAnalysis.Common (= 3.7.0) but version Microsoft.CodeAnalysis.Common 5.0.0 was resolved.
C:\Users\bbqch\proj\microbians\AeroCMS\src\Aero.Cms.Modules.Jobs\Aero.Cms.Modules.Jobs.csproj : warning NU1902: Package 'MailKit' 2.10.1 has a known moderate severity vulnerability, https://github.com/advisories/GHSA-9j88-vvj5-vhgr
C:\Users\bbqch\proj\microbians\AeroCMS\src\Aero.Cms.Modules.Jobs\Aero.Cms.Modules.Jobs.csproj : warning NU1902: Package 'MimeKit' 2.10.1 has a known moderate severity vulnerability, https://github.com/advisories/GHSA-g7hc-96xr-gvvx
C:\Users\bbqch\proj\microbians\AeroCMS\src\Aero.Cms.Modules.Export\Aero.Cms.Modules.Export.csproj : warning NU1608: Detected package version outside of dependency constraint: Microsoft.CodeAnalysis.CSharp 3.7.0 requires Microsoft.CodeAnalysis.Common (= 3.7.0) but version Microsoft.CodeAnalysis.Common 5.0.0 was resolved.
C:\Users\bbqch\proj\microbians\AeroCMS\src\Aero.Cms.Modules.Export\Aero.Cms.Modules.Export.csproj : warning NU1902: Package 'MailKit' 2.10.1 has a known moderate severity vulnerability, https://github.com/advisories/GHSA-9j88-vvj5-vhgr
C:\Users\bbqch\proj\microbians\AeroCMS\src\Aero.Cms.Modules.Export\Aero.Cms.Modules.Export.csproj : warning NU1902: Package 'MimeKit' 2.10.1 has a known moderate severity vulnerability, https://github.com/advisories/GHSA-g7hc-96xr-gvvx
C:\Users\bbqch\proj\microbians\AeroCMS\src\Aero.Cms.Modules.Jwt\Aero.Cms.Modules.Jwt.csproj : warning NU1608: Detected package version outside of dependency constraint: Microsoft.CodeAnalysis.CSharp 3.7.0 requires Microsoft.CodeAnalysis.Common (= 3.7.0) but version Microsoft.CodeAnalysis.Common 5.0.0 was resolved.
C:\Users\bbqch\proj\microbians\AeroCMS\src\Aero.Cms.Modules.Jwt\Aero.Cms.Modules.Jwt.csproj : warning NU1902: Package 'MailKit' 2.10.1 has a known moderate severity vulnerability, https://github.com/advisories/GHSA-9j88-vvj5-vhgr
C:\Users\bbqch\proj\microbians\AeroCMS\src\Aero.Cms.Modules.Jwt\Aero.Cms.Modules.Jwt.csproj : warning NU1902: Package 'MimeKit' 2.10.1 has a known moderate severity vulnerability, https://github.com/advisories/GHSA-g7hc-96xr-gvvx
C:\Users\bbqch\proj\microbians\AeroCMS\src\Aero.Cms.Modules.AiAssistant\Aero.Cms.Modules.AiAssistant.csproj : warning NU1608: Detected package version outside of dependency constraint: Microsoft.CodeAnalysis.CSharp 3.7.0 requires Microsoft.CodeAnalysis.Common (= 3.7.0) but version Microsoft.CodeAnalysis.Common 5.0.0 was resolved.
C:\Users\bbqch\proj\microbians\AeroCMS\src\Aero.Cms.Modules.AiAssistant\Aero.Cms.Modules.AiAssistant.csproj : warning NU1902: Package 'MailKit' 2.10.1 has a known moderate severity vulnerability, https://github.com/advisories/GHSA-9j88-vvj5-vhgr
C:\Users\bbqch\proj\microbians\AeroCMS\src\Aero.Cms.Modules.AiAssistant\Aero.Cms.Modules.AiAssistant.csproj : warning NU1902: Package 'MimeKit' 2.10.1 has a known moderate severity vulnerability, https://github.com/advisories/GHSA-g7hc-96xr-gvvx
C:\Users\bbqch\proj\microbians\AeroCMS\src\Aero.Cms.Modules.Chat\Aero.Cms.Modules.Chat.csproj : warning NU1608: Detected package version outside of dependency constraint: Microsoft.CodeAnalysis.CSharp 3.7.0 requires Microsoft.CodeAnalysis.Common (= 3.7.0) but version Microsoft.CodeAnalysis.Common 5.0.0 was resolved.
C:\Users\bbqch\proj\microbians\AeroCMS\src\Aero.Cms.Modules.Chat\Aero.Cms.Modules.Chat.csproj : warning NU1902: Package 'MailKit' 2.10.1 has a known moderate severity vulnerability, https://github.com/advisories/GHSA-9j88-vvj5-vhgr
C:\Users\bbqch\proj\microbians\AeroCMS\src\Aero.Cms.Modules.Chat\Aero.Cms.Modules.Chat.csproj : warning NU1902: Package 'MimeKit' 2.10.1 has a known moderate severity vulnerability, https://github.com/advisories/GHSA-g7hc-96xr-gvvx
C:\Users\bbqch\proj\microbians\AeroCMS\src\Aero.Cms.Modules.LettuceEncrypt\Aero.Cms.Modules.LettuceEncrypt.csproj : warning NU1608: Detected package version outside of dependency constraint: Microsoft.CodeAnalysis.CSharp 3.7.0 requires Microsoft.CodeAnalysis.Common (= 3.7.0) but version Microsoft.CodeAnalysis.Common 5.0.0 was resolved.
C:\Users\bbqch\proj\microbians\AeroCMS\src\Aero.Cms.Modules.LettuceEncrypt\Aero.Cms.Modules.LettuceEncrypt.csproj : warning NU1902: Package 'MailKit' 2.10.1 has a known moderate severity vulnerability, https://github.com/advisories/GHSA-9j88-vvj5-vhgr
C:\Users\bbqch\proj\microbians\AeroCMS\src\Aero.Cms.Modules.LettuceEncrypt\Aero.Cms.Modules.LettuceEncrypt.csproj : warning NU1902: Package 'MimeKit' 2.10.1 has a known moderate severity vulnerability, https://github.com/advisories/GHSA-g7hc-96xr-gvvx
C:\Users\bbqch\proj\microbians\AeroCMS\src\Aero.Cms.Modules.Health\Aero.Cms.Modules.Health.csproj : warning NU1608: Detected package version outside of dependency constraint: Microsoft.CodeAnalysis.CSharp 3.7.0 requires Microsoft.CodeAnalysis.Common (= 3.7.0) but version Microsoft.CodeAnalysis.Common 5.0.0 was resolved.
C:\Users\bbqch\proj\microbians\AeroCMS\src\Aero.Cms.Modules.Health\Aero.Cms.Modules.Health.csproj : warning NU1902: Package 'MailKit' 2.10.1 has a known moderate severity vulnerability, https://github.com/advisories/GHSA-9j88-vvj5-vhgr
C:\Users\bbqch\proj\microbians\AeroCMS\src\Aero.Cms.Modules.Health\Aero.Cms.Modules.Health.csproj : warning NU1902: Package 'MimeKit' 2.10.1 has a known moderate severity vulnerability, https://github.com/advisories/GHSA-g7hc-96xr-gvvx
C:\Users\bbqch\proj\microbians\AeroCMS\src\Aero.Cms.Modules.Content\Aero.Cms.Modules.Content.csproj : warning NU1608: Detected package version outside of dependency constraint: Microsoft.CodeAnalysis.CSharp 3.7.0 requires Microsoft.CodeAnalysis.Common (= 3.7.0) but version Microsoft.CodeAnalysis.Common 5.0.0 was resolved.
C:\Users\bbqch\proj\microbians\AeroCMS\src\Aero.Cms.Modules.Content\Aero.Cms.Modules.Content.csproj : warning NU1902: Package 'MailKit' 2.10.1 has a known moderate severity vulnerability, https://github.com/advisories/GHSA-9j88-vvj5-vhgr
C:\Users\bbqch\proj\microbians\AeroCMS\src\Aero.Cms.Modules.Content\Aero.Cms.Modules.Content.csproj : warning NU1902: Package 'MimeKit' 2.10.1 has a known moderate severity vulnerability, https://github.com/advisories/GHSA-g7hc-96xr-gvvx
C:\Users\bbqch\proj\microbians\AeroCMS\src\Aero.Cms.Modules.Mailer\Aero.Cms.Modules.Mailer.csproj : warning NU1608: Detected package version outside of dependency constraint: Microsoft.CodeAnalysis.CSharp 3.7.0 requires Microsoft.CodeAnalysis.Common (= 3.7.0) but version Microsoft.CodeAnalysis.Common 5.0.0 was resolved.
C:\Users\bbqch\proj\microbians\AeroCMS\src\Aero.Cms.Modules.Mailer\Aero.Cms.Modules.Mailer.csproj : warning NU1902: Package 'MailKit' 2.10.1 has a known moderate severity vulnerability, https://github.com/advisories/GHSA-9j88-vvj5-vhgr
C:\Users\bbqch\proj\microbians\AeroCMS\src\Aero.Cms.Modules.Mailer\Aero.Cms.Modules.Mailer.csproj : warning NU1902: Package 'MimeKit' 2.10.1 has a known moderate severity vulnerability, https://github.com/advisories/GHSA-g7hc-96xr-gvvx
C:\Users\bbqch\proj\microbians\AeroCMS\src\Aero.Cms.Modules.Logging\Aero.Cms.Modules.Logging.csproj : warning NU1608: Detected package version outside of dependency constraint: Microsoft.CodeAnalysis.CSharp 3.7.0 requires Microsoft.CodeAnalysis.Common (= 3.7.0) but version Microsoft.CodeAnalysis.Common 5.0.0 was resolved.
C:\Users\bbqch\proj\microbians\AeroCMS\src\Aero.Cms.Modules.Logging\Aero.Cms.Modules.Logging.csproj : warning NU1902: Package 'MailKit' 2.10.1 has a known moderate severity vulnerability, https://github.com/advisories/GHSA-9j88-vvj5-vhgr
C:\Users\bbqch\proj\microbians\AeroCMS\src\Aero.Cms.Modules.Logging\Aero.Cms.Modules.Logging.csproj : warning NU1902: Package 'MimeKit' 2.10.1 has a known moderate severity vulnerability, https://github.com/advisories/GHSA-g7hc-96xr-gvvx
C:\Users\bbqch\proj\microbians\AeroCMS\src\Aero.Cms.Modules.MagicLink\Aero.Cms.Modules.MagicLink.csproj : warning NU1608: Detected package version outside of dependency constraint: Microsoft.CodeAnalysis.CSharp 3.7.0 requires Microsoft.CodeAnalysis.Common (= 3.7.0) but version Microsoft.CodeAnalysis.Common 5.0.0 was resolved.
C:\Users\bbqch\proj\microbians\AeroCMS\src\Aero.Cms.Modules.MagicLink\Aero.Cms.Modules.MagicLink.csproj : warning NU1902: Package 'MailKit' 2.10.1 has a known moderate severity vulnerability, https://github.com/advisories/GHSA-9j88-vvj5-vhgr
C:\Users\bbqch\proj\microbians\AeroCMS\src\Aero.Cms.Modules.MagicLink\Aero.Cms.Modules.MagicLink.csproj : warning NU1902: Package 'MimeKit' 2.10.1 has a known moderate severity vulnerability, https://github.com/advisories/GHSA-g7hc-96xr-gvvx
C:\Users\bbqch\proj\microbians\AeroCMS\src\Aero.Cms.Modules.Forum\Aero.Cms.Modules.Forum.csproj : warning NU1608: Detected package version outside of dependency constraint: Microsoft.CodeAnalysis.CSharp 3.7.0 requires Microsoft.CodeAnalysis.Common (= 3.7.0) but version Microsoft.CodeAnalysis.Common 5.0.0 was resolved.
C:\Users\bbqch\proj\microbians\AeroCMS\src\Aero.Cms.Modules.Forum\Aero.Cms.Modules.Forum.csproj : warning NU1902: Package 'MailKit' 2.10.1 has a known moderate severity vulnerability, https://github.com/advisories/GHSA-9j88-vvj5-vhgr
C:\Users\bbqch\proj\microbians\AeroCMS\src\Aero.Cms.Modules.Forum\Aero.Cms.Modules.Forum.csproj : warning NU1902: Package 'MimeKit' 2.10.1 has a known moderate severity vulnerability, https://github.com/advisories/GHSA-g7hc-96xr-gvvx
C:\Users\bbqch\proj\microbians\AeroCMS\src\Aero.Cms.Modules.Commerce\Aero.Cms.Modules.Commerce.csproj : warning NU1902: Package 'MailKit' 2.10.1 has a known moderate severity vulnerability, https://github.com/advisories/GHSA-9j88-vvj5-vhgr
C:\Users\bbqch\proj\microbians\AeroCMS\src\Aero.Cms.Modules.Grpc\Aero.Cms.Modules.Grpc.csproj : warning NU1608: Detected package version outside of dependency constraint: Microsoft.CodeAnalysis.CSharp 3.7.0 requires Microsoft.CodeAnalysis.Common (= 3.7.0) but version Microsoft.CodeAnalysis.Common 5.0.0 was resolved.
C:\Users\bbqch\proj\microbians\AeroCMS\src\Aero.Cms.Modules.Grpc\Aero.Cms.Modules.Grpc.csproj : warning NU1902: Package 'MailKit' 2.10.1 has a known moderate severity vulnerability, https://github.com/advisories/GHSA-9j88-vvj5-vhgr
C:\Users\bbqch\proj\microbians\AeroCMS\src\Aero.Cms.Modules.Commerce\Aero.Cms.Modules.Commerce.csproj : warning NU1902: Package 'MimeKit' 2.10.1 has a known moderate severity vulnerability, https://github.com/advisories/GHSA-g7hc-96xr-gvvx
C:\Users\bbqch\proj\microbians\AeroCMS\src\Aero.Cms.Modules.Grpc\Aero.Cms.Modules.Grpc.csproj : warning NU1902: Package 'MimeKit' 2.10.1 has a known moderate severity vulnerability, https://github.com/advisories/GHSA-g7hc-96xr-gvvx
C:\Users\bbqch\proj\microbians\AeroCMS\src\Aero.Cms.Modules.Commerce.Client\Aero.Cms.Modules.Commerce.Client.csproj : warning NU1608: Detected package version outside of dependency constraint: Microsoft.CodeAnalysis.CSharp 3.7.0 requires Microsoft.CodeAnalysis.Common (= 3.7.0) but version Microsoft.CodeAnalysis.Common 5.0.0 was resolved.
C:\Users\bbqch\proj\microbians\AeroCMS\src\Aero.Cms.Modules.Commerce.Client\Aero.Cms.Modules.Commerce.Client.csproj : warning NU1902: Package 'MailKit' 2.10.1 has a known moderate severity vulnerability, https://github.com/advisories/GHSA-9j88-vvj5-vhgr
C:\Users\bbqch\proj\microbians\AeroCMS\src\Aero.Cms.Modules.Commerce.Client\Aero.Cms.Modules.Commerce.Client.csproj : warning NU1902: Package 'MimeKit' 2.10.1 has a known moderate severity vulnerability, https://github.com/advisories/GHSA-g7hc-96xr-gvvx
C:\Users\bbqch\proj\microbians\AeroCMS\src\Aero.Cms.Modules.Members\Aero.Cms.Modules.Members.csproj : warning NU1608: Detected package version outside of dependency constraint: Microsoft.CodeAnalysis.CSharp 3.7.0 requires Microsoft.CodeAnalysis.Common (= 3.7.0) but version Microsoft.CodeAnalysis.Common 5.0.0 was resolved.
C:\Users\bbqch\proj\microbians\AeroCMS\src\Aero.Cms.Modules.Members\Aero.Cms.Modules.Members.csproj : warning NU1902: Package 'MailKit' 2.10.1 has a known moderate severity vulnerability, https://github.com/advisories/GHSA-9j88-vvj5-vhgr
C:\Users\bbqch\proj\microbians\AeroCMS\src\Aero.Cms.Modules.Members\Aero.Cms.Modules.Members.csproj : warning NU1902: Package 'MimeKit' 2.10.1 has a known moderate severity vulnerability, https://github.com/advisories/GHSA-g7hc-96xr-gvvx
C:\Users\bbqch\proj\microbians\AeroCMS\tests\Aero.Cms.Modules.Footer.Tests\Aero.Cms.Modules.Footer.Tests.csproj : warning NU1608: Detected package version outside of dependency constraint: Microsoft.CodeAnalysis.CSharp 3.7.0 requires Microsoft.CodeAnalysis.Common (= 3.7.0) but version Microsoft.CodeAnalysis.Common 5.0.0 was resolved.
C:\Users\bbqch\proj\microbians\AeroCMS\tests\Aero.Cms.Modules.Footer.Tests\Aero.Cms.Modules.Footer.Tests.csproj : warning NU1902: Package 'MailKit' 2.10.1 has a known moderate severity vulnerability, https://github.com/advisories/GHSA-9j88-vvj5-vhgr
C:\Users\bbqch\proj\microbians\AeroCMS\tests\Aero.Cms.Modules.Footer.Tests\Aero.Cms.Modules.Footer.Tests.csproj : warning NU1902: Package 'MimeKit' 2.10.1 has a known moderate severity vulnerability, https://github.com/advisories/GHSA-g7hc-96xr-gvvx
C:\Users\bbqch\proj\microbians\AeroCMS\src\Aero.Cms.Modules.Identity\Aero.Cms.Modules.Identity.csproj : warning NU1608: Detected package version outside of dependency constraint: Microsoft.CodeAnalysis.CSharp 3.7.0 requires Microsoft.CodeAnalysis.Common (= 3.7.0) but version Microsoft.CodeAnalysis.Common 5.0.0 was resolved.
C:\Users\bbqch\proj\microbians\AeroCMS\src\Aero.Cms.Modules.Identity\Aero.Cms.Modules.Identity.csproj : warning NU1902: Package 'MailKit' 2.10.1 has a known moderate severity vulnerability, https://github.com/advisories/GHSA-9j88-vvj5-vhgr
C:\Users\bbqch\proj\microbians\AeroCMS\src\Aero.Cms.Modules.Identity\Aero.Cms.Modules.Identity.csproj : warning NU1902: Package 'MimeKit' 2.10.1 has a known moderate severity vulnerability, https://github.com/advisories/GHSA-g7hc-96xr-gvvx
C:\Users\bbqch\proj\microbians\AeroCMS\src\Aero.Cms.Modules.Mail\Aero.Cms.Modules.Mail.csproj : warning NU1608: Detected package version outside of dependency constraint: Microsoft.CodeAnalysis.CSharp 3.7.0 requires Microsoft.CodeAnalysis.Common (= 3.7.0) but version Microsoft.CodeAnalysis.Common 5.0.0 was resolved.
C:\Users\bbqch\proj\microbians\AeroCMS\src\Aero.Cms.Modules.Localization\Aero.Cms.Modules.Localization.csproj : warning NU1608: Detected package version outside of dependency constraint: Microsoft.CodeAnalysis.CSharp 3.7.0 requires Microsoft.CodeAnalysis.Common (= 3.7.0) but version Microsoft.CodeAnalysis.Common 5.0.0 was resolved.
C:\Users\bbqch\proj\microbians\AeroCMS\src\Aero.Cms.Modules.Localization\Aero.Cms.Modules.Localization.csproj : warning NU1902: Package 'MailKit' 2.10.1 has a known moderate severity vulnerability, https://github.com/advisories/GHSA-9j88-vvj5-vhgr
C:\Users\bbqch\proj\microbians\AeroCMS\src\Aero.Cms.Modules.Localization\Aero.Cms.Modules.Localization.csproj : warning NU1902: Package 'MimeKit' 2.10.1 has a known moderate severity vulnerability, https://github.com/advisories/GHSA-g7hc-96xr-gvvx
C:\Users\bbqch\proj\microbians\AeroCMS\src\Aero.Cms.Modules.Footer\Aero.Cms.Modules.Footer.csproj : warning NU1608: Detected package version outside of dependency constraint: Microsoft.CodeAnalysis.CSharp 3.7.0 requires Microsoft.CodeAnalysis.Common (= 3.7.0) but version Microsoft.CodeAnalysis.Common 5.0.0 was resolved.
C:\Users\bbqch\proj\microbians\AeroCMS\src\Aero.Cms.Modules.Footer\Aero.Cms.Modules.Footer.csproj : warning NU1902: Package 'MailKit' 2.10.1 has a known moderate severity vulnerability, https://github.com/advisories/GHSA-9j88-vvj5-vhgr
C:\Users\bbqch\proj\microbians\AeroCMS\src\Aero.Cms.Modules.Footer\Aero.Cms.Modules.Footer.csproj : warning NU1902: Package 'MimeKit' 2.10.1 has a known moderate severity vulnerability, https://github.com/advisories/GHSA-g7hc-96xr-gvvx
C:\Users\bbqch\proj\microbians\AeroCMS\src\Aero.Cms.Modules.MiniProfiler\Aero.Cms.Modules.MiniProfiler.csproj : warning NU1608: Detected package version outside of dependency constraint: Microsoft.CodeAnalysis.CSharp 3.7.0 requires Microsoft.CodeAnalysis.Common (= 3.7.0) but version Microsoft.CodeAnalysis.Common 5.0.0 was resolved.
C:\Users\bbqch\proj\microbians\AeroCMS\src\Aero.Cms.Modules.MiniProfiler\Aero.Cms.Modules.MiniProfiler.csproj : warning NU1902: Package 'MailKit' 2.10.1 has a known moderate severity vulnerability, https://github.com/advisories/GHSA-9j88-vvj5-vhgr
C:\Users\bbqch\proj\microbians\AeroCMS\src\Aero.Cms.Modules.MiniProfiler\Aero.Cms.Modules.MiniProfiler.csproj : warning NU1902: Package 'MimeKit' 2.10.1 has a known moderate severity vulnerability, https://github.com/advisories/GHSA-g7hc-96xr-gvvx
C:\Users\bbqch\proj\microbians\AeroCMS\src\Aero.Cms.Modules.Mcp\Aero.Cms.Modules.Mcp.csproj : warning NU1608: Detected package version outside of dependency constraint: Microsoft.CodeAnalysis.CSharp 3.7.0 requires Microsoft.CodeAnalysis.Common (= 3.7.0) but version Microsoft.CodeAnalysis.Common 5.0.0 was resolved.
C:\Users\bbqch\proj\microbians\AeroCMS\src\Aero.Cms.Modules.Mcp\Aero.Cms.Modules.Mcp.csproj : warning NU1902: Package 'MailKit' 2.10.1 has a known moderate severity vulnerability, https://github.com/advisories/GHSA-9j88-vvj5-vhgr
C:\Users\bbqch\proj\microbians\AeroCMS\src\Aero.Cms.Modules.Mcp\Aero.Cms.Modules.Mcp.csproj : warning NU1902: Package 'MimeKit' 2.10.1 has a known moderate severity vulnerability, https://github.com/advisories/GHSA-g7hc-96xr-gvvx
C:\Users\bbqch\proj\microbians\AeroCMS\src\Aero.Cms.Modules.RateLimiting\Aero.Cms.Modules.RateLimiting.csproj : warning NU1608: Detected package version outside of dependency constraint: Microsoft.CodeAnalysis.CSharp 3.7.0 requires Microsoft.CodeAnalysis.Common (= 3.7.0) but version Microsoft.CodeAnalysis.Common 5.0.0 was resolved.
C:\Users\bbqch\proj\microbians\AeroCMS\src\Aero.Cms.Modules.RateLimiting\Aero.Cms.Modules.RateLimiting.csproj : warning NU1902: Package 'MailKit' 2.10.1 has a known moderate severity vulnerability, https://github.com/advisories/GHSA-9j88-vvj5-vhgr
C:\Users\bbqch\proj\microbians\AeroCMS\src\Aero.Cms.Modules.RateLimiting\Aero.Cms.Modules.RateLimiting.csproj : warning NU1902: Package 'MimeKit' 2.10.1 has a known moderate severity vulnerability, https://github.com/advisories/GHSA-g7hc-96xr-gvvx
C:\Users\bbqch\proj\microbians\AeroCMS\src\Aero.Cms.Modules.Manager\Aero.Cms.Modules.Manager.csproj : warning NU1608: Detected package version outside of dependency constraint: Microsoft.CodeAnalysis.CSharp 3.7.0 requires Microsoft.CodeAnalysis.Common (= 3.7.0) but version Microsoft.CodeAnalysis.Common 5.0.0 was resolved.
C:\Users\bbqch\proj\microbians\AeroCMS\src\Aero.Cms.Modules.Manager\Aero.Cms.Modules.Manager.csproj : warning NU1902: Package 'MailKit' 2.10.1 has a known moderate severity vulnerability, https://github.com/advisories/GHSA-9j88-vvj5-vhgr
C:\Users\bbqch\proj\microbians\AeroCMS\src\Aero.Cms.Modules.Manager\Aero.Cms.Modules.Manager.csproj : warning NU1902: Package 'MimeKit' 2.10.1 has a known moderate severity vulnerability, https://github.com/advisories/GHSA-g7hc-96xr-gvvx
C:\Users\bbqch\proj\microbians\AeroCMS\src\Aero.Cms.Modules.OneTimePasscode\Aero.Cms.Modules.OneTimePasscode.csproj : warning NU1608: Detected package version outside of dependency constraint: Microsoft.CodeAnalysis.CSharp 3.7.0 requires Microsoft.CodeAnalysis.Common (= 3.7.0) but version Microsoft.CodeAnalysis.Common 5.0.0 was resolved.
C:\Users\bbqch\proj\microbians\AeroCMS\src\Aero.Cms.Modules.OneTimePasscode\Aero.Cms.Modules.OneTimePasscode.csproj : warning NU1902: Package 'MailKit' 2.10.1 has a known moderate severity vulnerability, https://github.com/advisories/GHSA-9j88-vvj5-vhgr
C:\Users\bbqch\proj\microbians\AeroCMS\src\Aero.Cms.Modules.OneTimePasscode\Aero.Cms.Modules.OneTimePasscode.csproj : warning NU1902: Package 'MimeKit' 2.10.1 has a known moderate severity vulnerability, https://github.com/advisories/GHSA-g7hc-96xr-gvvx
C:\Users\bbqch\proj\microbians\AeroCMS\src\Aero.Cms.Modules.Scalar\Aero.Cms.Modules.Scalar.csproj : warning NU1608: Detected package version outside of dependency constraint: Microsoft.CodeAnalysis.CSharp 3.7.0 requires Microsoft.CodeAnalysis.Common (= 3.7.0) but version Microsoft.CodeAnalysis.Common 5.0.0 was resolved.
C:\Users\bbqch\proj\microbians\AeroCMS\src\Aero.Cms.Modules.Scalar\Aero.Cms.Modules.Scalar.csproj : warning NU1902: Package 'MailKit' 2.10.1 has a known moderate severity vulnerability, https://github.com/advisories/GHSA-9j88-vvj5-vhgr
C:\Users\bbqch\proj\microbians\AeroCMS\src\Aero.Cms.Modules.Scalar\Aero.Cms.Modules.Scalar.csproj : warning NU1902: Package 'MimeKit' 2.10.1 has a known moderate severity vulnerability, https://github.com/advisories/GHSA-g7hc-96xr-gvvx
C:\Users\bbqch\proj\microbians\AeroCMS\src\Aero.Cms.Modules.RequestLog\Aero.Cms.Modules.RequestLog.csproj : warning NU1608: Detected package version outside of dependency constraint: Microsoft.CodeAnalysis.CSharp 3.7.0 requires Microsoft.CodeAnalysis.Common (= 3.7.0) but version Microsoft.CodeAnalysis.Common 5.0.0 was resolved.
C:\Users\bbqch\proj\microbians\AeroCMS\src\Aero.Cms.Modules.RequestLog\Aero.Cms.Modules.RequestLog.csproj : warning NU1902: Package 'MailKit' 2.10.1 has a known moderate severity vulnerability, https://github.com/advisories/GHSA-9j88-vvj5-vhgr
C:\Users\bbqch\proj\microbians\AeroCMS\src\Aero.Cms.Modules.RequestLog\Aero.Cms.Modules.RequestLog.csproj : warning NU1902: Package 'MimeKit' 2.10.1 has a known moderate severity vulnerability, https://github.com/advisories/GHSA-g7hc-96xr-gvvx
C:\Users\bbqch\proj\microbians\AeroCMS\src\Aero.Cms.Modules.Search\Aero.Cms.Modules.Search.csproj : warning NU1608: Detected package version outside of dependency constraint: Microsoft.CodeAnalysis.CSharp 3.7.0 requires Microsoft.CodeAnalysis.Common (= 3.7.0) but version Microsoft.CodeAnalysis.Common 5.0.0 was resolved.
C:\Users\bbqch\proj\microbians\AeroCMS\src\Aero.Cms.Modules.Search\Aero.Cms.Modules.Search.csproj : warning NU1902: Package 'MailKit' 2.10.1 has a known moderate severity vulnerability, https://github.com/advisories/GHSA-9j88-vvj5-vhgr
C:\Users\bbqch\proj\microbians\AeroCMS\src\Aero.Cms.Modules.Search\Aero.Cms.Modules.Search.csproj : warning NU1902: Package 'MimeKit' 2.10.1 has a known moderate severity vulnerability, https://github.com/advisories/GHSA-g7hc-96xr-gvvx
C:\Users\bbqch\proj\microbians\AeroCMS\src\Aero.Cms.Modules.SiteMap\Aero.Cms.Modules.SiteMap.csproj : warning NU1608: Detected package version outside of dependency constraint: Microsoft.CodeAnalysis.CSharp 3.7.0 requires Microsoft.CodeAnalysis.Common (= 3.7.0) but version Microsoft.CodeAnalysis.Common 5.0.0 was resolved.
C:\Users\bbqch\proj\microbians\AeroCMS\src\Aero.Cms.Modules.SiteMap\Aero.Cms.Modules.SiteMap.csproj : warning NU1902: Package 'MailKit' 2.10.1 has a known moderate severity vulnerability, https://github.com/advisories/GHSA-9j88-vvj5-vhgr
C:\Users\bbqch\proj\microbians\AeroCMS\src\Aero.Cms.Modules.SiteMap\Aero.Cms.Modules.SiteMap.csproj : warning NU1902: Package 'MimeKit' 2.10.1 has a known moderate severity vulnerability, https://github.com/advisories/GHSA-g7hc-96xr-gvvx
C:\Users\bbqch\proj\microbians\AeroCMS\src\Aero.Cms.Modules.Posts\Aero.Cms.Modules.Posts.csproj : warning NU1608: Detected package version outside of dependency constraint: Microsoft.CodeAnalysis.CSharp 3.7.0 requires Microsoft.CodeAnalysis.Common (= 3.7.0) but version Microsoft.CodeAnalysis.Common 5.0.0 was resolved.
C:\Users\bbqch\proj\microbians\AeroCMS\src\Aero.Cms.Modules.Posts\Aero.Cms.Modules.Posts.csproj : warning NU1902: Package 'MailKit' 2.10.1 has a known moderate severity vulnerability, https://github.com/advisories/GHSA-9j88-vvj5-vhgr
C:\Users\bbqch\proj\microbians\AeroCMS\src\Aero.Cms.Modules.Posts\Aero.Cms.Modules.Posts.csproj : warning NU1902: Package 'MimeKit' 2.10.1 has a known moderate severity vulnerability, https://github.com/advisories/GHSA-g7hc-96xr-gvvx
C:\Users\bbqch\proj\microbians\AeroCMS\src\Aero.Cms.Modules.Media\Aero.Cms.Modules.Media.csproj : warning NU1902: Package 'MailKit' 2.10.1 has a known moderate severity vulnerability, https://github.com/advisories/GHSA-9j88-vvj5-vhgr
C:\Users\bbqch\proj\microbians\AeroCMS\src\Aero.Cms.Modules.Media\Aero.Cms.Modules.Media.csproj : warning NU1902: Package 'MimeKit' 2.10.1 has a known moderate severity vulnerability, https://github.com/advisories/GHSA-g7hc-96xr-gvvx
C:\Users\bbqch\proj\microbians\AeroCMS\Aero\src\Aero.Cloudflare\DnsUpdaterService.cs(175,35): warning CS8600: Converting null literal or possible null value to non-nullable type. [C:\Users\bbqch\proj\microbians\AeroCMS\Aero\src\Aero.Cloudflare\Aero.Cloudflare.csproj]
C:\Users\bbqch\proj\microbians\AeroCMS\Aero\src\Aero.Cloudflare\DnsUpdaterService.cs(182,29): warning CS8600: Converting null literal or possible null value to non-nullable type. [C:\Users\bbqch\proj\microbians\AeroCMS\Aero\src\Aero.Cloudflare\Aero.Cloudflare.csproj]
C:\Users\bbqch\proj\microbians\AeroCMS\Aero\src\Aero.Cloudflare\DnsUpdaterService.cs(191,16): warning CS8603: Possible null reference return. [C:\Users\bbqch\proj\microbians\AeroCMS\Aero\src\Aero.Cloudflare\Aero.Cloudflare.csproj]
C:\Users\bbqch\proj\microbians\AeroCMS\src\Aero.Cms.Modules.Security\Aero.Cms.Modules.Security.csproj : warning NU1608: Detected package version outside of dependency constraint: Microsoft.CodeAnalysis.CSharp 3.7.0 requires Microsoft.CodeAnalysis.Common (= 3.7.0) but version Microsoft.CodeAnalysis.Common 5.0.0 was resolved.
C:\Users\bbqch\proj\microbians\AeroCMS\src\Aero.Cms.Modules.Security\Aero.Cms.Modules.Security.csproj : warning NU1902: Package 'MailKit' 2.10.1 has a known moderate severity vulnerability, https://github.com/advisories/GHSA-9j88-vvj5-vhgr
C:\Users\bbqch\proj\microbians\AeroCMS\src\Aero.Cms.Modules.Security\Aero.Cms.Modules.Security.csproj : warning NU1902: Package 'MimeKit' 2.10.1 has a known moderate severity vulnerability, https://github.com/advisories/GHSA-g7hc-96xr-gvvx
  Aero.Cloudflare -> C:\Users\bbqch\proj\microbians\AeroCMS\Aero\src\Aero.Cloudflare\bin\Debug\net10.0\Aero.Cloudflare.dll
C:\Users\bbqch\proj\microbians\AeroCMS\src\Aero.Cms.Modules.Navigation\Aero.Cms.Modules.Navigation.csproj : warning NU1608: Detected package version outside of dependency constraint: Microsoft.CodeAnalysis.CSharp 3.7.0 requires Microsoft.CodeAnalysis.Common (= 3.7.0) but version Microsoft.CodeAnalysis.Common 5.0.0 was resolved.
C:\Users\bbqch\proj\microbians\AeroCMS\src\Aero.Cms.Modules.Navigation\Aero.Cms.Modules.Navigation.csproj : warning NU1902: Package 'MailKit' 2.10.1 has a known moderate severity vulnerability, https://github.com/advisories/GHSA-9j88-vvj5-vhgr
C:\Users\bbqch\proj\microbians\AeroCMS\src\Aero.Cms.Modules.Navigation\Aero.Cms.Modules.Navigation.csproj : warning NU1902: Package 'MimeKit' 2.10.1 has a known moderate severity vulnerability, https://github.com/advisories/GHSA-g7hc-96xr-gvvx
  Aero.Actors.Abstractions -> C:\Users\bbqch\proj\microbians\AeroCMS\Aero\src\Aero.Actors.Abstractions\bin\Debug\net10.0\Aero.Actors.Abstractions.dll
C:\Users\bbqch\proj\microbians\AeroCMS\src\Aero.Cms.Modules.Theming\Aero.Cms.Modules.Theming.csproj : warning NU1608: Detected package version outside of dependency constraint: Microsoft.CodeAnalysis.CSharp 3.7.0 requires Microsoft.CodeAnalysis.Common (= 3.7.0) but version Microsoft.CodeAnalysis.Common 5.0.0 was resolved.
C:\Users\bbqch\proj\microbians\AeroCMS\src\Aero.Cms.Modules.SimpleSecurity\Aero.Cms.Modules.SimpleSecurity.csproj : warning NU1608: Detected package version outside of dependency constraint: Microsoft.CodeAnalysis.CSharp 3.7.0 requires Microsoft.CodeAnalysis.Common (= 3.7.0) but version Microsoft.CodeAnalysis.Common 5.0.0 was resolved.
C:\Users\bbqch\proj\microbians\AeroCMS\src\Aero.Cms.Modules.SimpleSecurity\Aero.Cms.Modules.SimpleSecurity.csproj : warning NU1902: Package 'MailKit' 2.10.1 has a known moderate severity vulnerability, https://github.com/advisories/GHSA-9j88-vvj5-vhgr
C:\Users\bbqch\proj\microbians\AeroCMS\src\Aero.Cms.Modules.SimpleSecurity\Aero.Cms.Modules.SimpleSecurity.csproj : warning NU1902: Package 'MimeKit' 2.10.1 has a known moderate severity vulnerability, https://github.com/advisories/GHSA-g7hc-96xr-gvvx
C:\Users\bbqch\proj\microbians\AeroCMS\src\Aero.Cms.Modules.Theming\Aero.Cms.Modules.Theming.csproj : warning NU1902: Package 'MailKit' 2.10.1 has a known moderate severity vulnerability, https://github.com/advisories/GHSA-9j88-vvj5-vhgr
C:\Users\bbqch\proj\microbians\AeroCMS\src\Aero.Cms.Modules.Sites\Aero.Cms.Modules.Sites.csproj : warning NU1608: Detected package version outside of dependency constraint: Microsoft.CodeAnalysis.CSharp 3.7.0 requires Microsoft.CodeAnalysis.Common (= 3.7.0) but version Microsoft.CodeAnalysis.Common 5.0.0 was resolved.
C:\Users\bbqch\proj\microbians\AeroCMS\src\Aero.Cms.Modules.Sites\Aero.Cms.Modules.Sites.csproj : warning NU1902: Package 'MailKit' 2.10.1 has a known moderate severity vulnerability, https://github.com/advisories/GHSA-9j88-vvj5-vhgr
C:\Users\bbqch\proj\microbians\AeroCMS\src\Aero.Cms.Modules.Sites\Aero.Cms.Modules.Sites.csproj : warning NU1902: Package 'MimeKit' 2.10.1 has a known moderate severity vulnerability, https://github.com/advisories/GHSA-g7hc-96xr-gvvx
C:\Users\bbqch\proj\microbians\AeroCMS\src\Aero.Cms.Modules.OpenTelemetry\Aero.Cms.Modules.OpenTelemetry.csproj : warning NU1608: Detected package version outside of dependency constraint: Microsoft.CodeAnalysis.CSharp 3.7.0 requires Microsoft.CodeAnalysis.Common (= 3.7.0) but version Microsoft.CodeAnalysis.Common 5.0.0 was resolved.
C:\Users\bbqch\proj\microbians\AeroCMS\src\Aero.Cms.Modules.OpenTelemetry\Aero.Cms.Modules.OpenTelemetry.csproj : warning NU1902: Package 'MailKit' 2.10.1 has a known moderate severity vulnerability, https://github.com/advisories/GHSA-9j88-vvj5-vhgr
C:\Users\bbqch\proj\microbians\AeroCMS\src\Aero.Cms.Modules.OpenTelemetry\Aero.Cms.Modules.OpenTelemetry.csproj : warning NU1902: Package 'MimeKit' 2.10.1 has a known moderate severity vulnerability, https://github.com/advisories/GHSA-g7hc-96xr-gvvx
C:\Users\bbqch\proj\microbians\AeroCMS\src\Aero.Cms.Modules.Tcp\Aero.Cms.Modules.Tcp.csproj : warning NU1608: Detected package version outside of dependency constraint: Microsoft.CodeAnalysis.CSharp 3.7.0 requires Microsoft.CodeAnalysis.Common (= 3.7.0) but version Microsoft.CodeAnalysis.Common 5.0.0 was resolved.
C:\Users\bbqch\proj\microbians\AeroCMS\src\Aero.Cms.Modules.Tcp\Aero.Cms.Modules.Tcp.csproj : warning NU1902: Package 'MailKit' 2.10.1 has a known moderate severity vulnerability, https://github.com/advisories/GHSA-9j88-vvj5-vhgr
C:\Users\bbqch\proj\microbians\AeroCMS\src\Aero.Cms.Modules.Tcp\Aero.Cms.Modules.Tcp.csproj : warning NU1902: Package 'MimeKit' 2.10.1 has a known moderate severity vulnerability, https://github.com/advisories/GHSA-g7hc-96xr-gvvx
C:\Users\bbqch\proj\microbians\AeroCMS\src\Aero.Cms.Modules.Settings\Aero.Cms.Modules.Settings.csproj : warning NU1608: Detected package version outside of dependency constraint: Microsoft.CodeAnalysis.CSharp 3.7.0 requires Microsoft.CodeAnalysis.Common (= 3.7.0) but version Microsoft.CodeAnalysis.Common 5.0.0 was resolved.
C:\Users\bbqch\proj\microbians\AeroCMS\src\Aero.Cms.Modules.Settings\Aero.Cms.Modules.Settings.csproj : warning NU1902: Package 'MailKit' 2.10.1 has a known moderate severity vulnerability, https://github.com/advisories/GHSA-9j88-vvj5-vhgr
C:\Users\bbqch\proj\microbians\AeroCMS\src\Aero.Cms.Modules.Settings\Aero.Cms.Modules.Settings.csproj : warning NU1902: Package 'MimeKit' 2.10.1 has a known moderate severity vulnerability, https://github.com/advisories/GHSA-g7hc-96xr-gvvx
C:\Users\bbqch\proj\microbians\AeroCMS\src\Aero.Cms.Modules.Theming\Aero.Cms.Modules.Theming.csproj : warning NU1902: Package 'MimeKit' 2.10.1 has a known moderate severity vulnerability, https://github.com/advisories/GHSA-g7hc-96xr-gvvx
C:\Users\bbqch\proj\microbians\AeroCMS\src\Aero.Cms.Modules.WorkOS\Aero.Cms.Modules.WorkOS.csproj : warning NU1608: Detected package version outside of dependency constraint: Microsoft.CodeAnalysis.CSharp 3.7.0 requires Microsoft.CodeAnalysis.Common (= 3.7.0) but version Microsoft.CodeAnalysis.Common 5.0.0 was resolved.
C:\Users\bbqch\proj\microbians\AeroCMS\src\Aero.Cms.Modules.WorkOS\Aero.Cms.Modules.WorkOS.csproj : warning NU1902: Package 'MailKit' 2.10.1 has a known moderate severity vulnerability, https://github.com/advisories/GHSA-9j88-vvj5-vhgr
C:\Users\bbqch\proj\microbians\AeroCMS\src\Aero.Cms.Modules.WorkOS\Aero.Cms.Modules.WorkOS.csproj : warning NU1902: Package 'MimeKit' 2.10.1 has a known moderate severity vulnerability, https://github.com/advisories/GHSA-g7hc-96xr-gvvx
C:\Users\bbqch\proj\microbians\AeroCMS\src\Aero.Cms.Modules.Static\Aero.Cms.Modules.Static.csproj : warning NU1608: Detected package version outside of dependency constraint: Microsoft.CodeAnalysis.CSharp 3.7.0 requires Microsoft.CodeAnalysis.Common (= 3.7.0) but version Microsoft.CodeAnalysis.Common 5.0.0 was resolved.
C:\Users\bbqch\proj\microbians\AeroCMS\src\Aero.Cms.Modules.Static\Aero.Cms.Modules.Static.csproj : warning NU1902: Package 'MailKit' 2.10.1 has a known moderate severity vulnerability, https://github.com/advisories/GHSA-9j88-vvj5-vhgr
C:\Users\bbqch\proj\microbians\AeroCMS\src\Aero.Cms.Modules.Static\Aero.Cms.Modules.Static.csproj : warning NU1902: Package 'MimeKit' 2.10.1 has a known moderate severity vulnerability, https://github.com/advisories/GHSA-g7hc-96xr-gvvx
C:\Users\bbqch\proj\microbians\AeroCMS\src\Aero.Cms.SourceGenerators\ModuleManifestGenerator.cs(12,41): warning CS1574: XML comment has cref attribute 'IAeroModule' that could not be resolved [C:\Users\bbqch\proj\microbians\AeroCMS\src\Aero.Cms.SourceGenerators\Aero.Cms.SourceGenerators.csproj]
C:\Users\bbqch\proj\microbians\AeroCMS\src\Aero.Cms.Modules.Pages\Aero.Cms.Modules.Pages.csproj : warning NU1608: Detected package version outside of dependency constraint: Microsoft.CodeAnalysis.CSharp 3.7.0 requires Microsoft.CodeAnalysis.Common (= 3.7.0) but version Microsoft.CodeAnalysis.Common 5.0.0 was resolved.
C:\Users\bbqch\proj\microbians\AeroCMS\src\Aero.Cms.SourceGenerators\Analyzers\ReflectionDiscoveryAnalyzers.cs(22,13): warning RS1019: Diagnostic Id 'AERO010' is already used by analyzer 'ModuleManifestGenerator'. Please use a different diagnostic ID. [C:\Users\bbqch\proj\microbians\AeroCMS\src\Aero.Cms.SourceGenerators\Aero.Cms.SourceGenerators.csproj]
C:\Users\bbqch\proj\microbians\AeroCMS\src\Aero.Cms.SourceGenerators\Analyzers\ReflectionDiscoveryAnalyzers.cs(32,13): warning RS1019: Diagnostic Id 'AERO011' is already used by analyzer 'ModuleManifestGenerator'. Please use a different diagnostic ID. [C:\Users\bbqch\proj\microbians\AeroCMS\src\Aero.Cms.SourceGenerators\Aero.Cms.SourceGenerators.csproj]
C:\Users\bbqch\proj\microbians\AeroCMS\src\Aero.Cms.Modules.Pages\Aero.Cms.Modules.Pages.csproj : warning NU1902: Package 'MailKit' 2.10.1 has a known moderate severity vulnerability, https://github.com/advisories/GHSA-9j88-vvj5-vhgr
C:\Users\bbqch\proj\microbians\AeroCMS\src\Aero.Cms.SourceGenerators\Analyzers\ReflectionDiscoveryAnalyzers.cs(42,13): warning RS1019: Diagnostic Id 'AERO012' is already used by analyzer 'ModuleManifestGenerator'. Please use a different diagnostic ID. [C:\Users\bbqch\proj\microbians\AeroCMS\src\Aero.Cms.SourceGenerators\Aero.Cms.SourceGenerators.csproj]
C:\Users\bbqch\proj\microbians\AeroCMS\src\Aero.Cms.Modules.Pages\Aero.Cms.Modules.Pages.csproj : warning NU1902: Package 'MimeKit' 2.10.1 has a known moderate severity vulnerability, https://github.com/advisories/GHSA-g7hc-96xr-gvvx
  Aero.Cms.SourceGenerators -> C:\Users\bbqch\proj\microbians\AeroCMS\src\Aero.Cms.SourceGenerators\bin\Debug\netstandard2.0\Aero.Cms.SourceGenerators.dll
C:\Users\bbqch\proj\microbians\AeroCMS\src\Aero.Cms.Modules.WebOptimizer\Aero.Cms.Modules.WebOptimizer.csproj : warning NU1608: Detected package version outside of dependency constraint: Microsoft.CodeAnalysis.CSharp 3.7.0 requires Microsoft.CodeAnalysis.Common (= 3.7.0) but version Microsoft.CodeAnalysis.Common 5.0.0 was resolved.
C:\Users\bbqch\proj\microbians\AeroCMS\src\Aero.Cms.Modules.WebOptimizer\Aero.Cms.Modules.WebOptimizer.csproj : warning NU1902: Package 'MailKit' 2.10.1 has a known moderate severity vulnerability, https://github.com/advisories/GHSA-9j88-vvj5-vhgr
C:\Users\bbqch\proj\microbians\AeroCMS\src\Aero.Cms.Modules.WebOptimizer\Aero.Cms.Modules.WebOptimizer.csproj : warning NU1902: Package 'MimeKit' 2.10.1 has a known moderate severity vulnerability, https://github.com/advisories/GHSA-g7hc-96xr-gvvx
  Aero.SignalR -> C:\Users\bbqch\proj\microbians\AeroCMS\Aero\src\Aero.SignalR\bin\Debug\net10.0\Aero.SignalR.dll
C:\Users\bbqch\proj\microbians\AeroCMS\tests\Aero.Cms.Core.Tests\Aero.Cms.Core.Tests.csproj : warning NU1902: Package 'MailKit' 2.10.1 has a known moderate severity vulnerability, https://github.com/advisories/GHSA-9j88-vvj5-vhgr
C:\Users\bbqch\proj\microbians\AeroCMS\tests\Aero.Cms.Core.Tests\Aero.Cms.Core.Tests.csproj : warning NU1902: Package 'MimeKit' 2.10.1 has a known moderate severity vulnerability, https://github.com/advisories/GHSA-g7hc-96xr-gvvx
C:\Users\bbqch\proj\microbians\AeroCMS\tests\Aero.Cms.Core.Tests\Aero.Cms.Core.Tests.csproj : warning NU1902: Package 'SharpCompress' 0.34.2 has a known moderate severity vulnerability, https://github.com/advisories/GHSA-6c8g-7p36-r338
C:\Users\bbqch\proj\microbians\AeroCMS\src\Aero.Cms.Modules.Tenant\Aero.Cms.Modules.Tenant.csproj : warning NU1608: Detected package version outside of dependency constraint: Microsoft.CodeAnalysis.CSharp 3.7.0 requires Microsoft.CodeAnalysis.Common (= 3.7.0) but version Microsoft.CodeAnalysis.Common 5.0.0 was resolved.
C:\Users\bbqch\proj\microbians\AeroCMS\src\Aero.Cms.Modules.Secrets\Aero.Cms.Modules.Secrets.csproj : warning NU1608: Detected package version outside of dependency constraint: Microsoft.CodeAnalysis.CSharp 3.7.0 requires Microsoft.CodeAnalysis.Common (= 3.7.0) but version Microsoft.CodeAnalysis.Common 5.0.0 was resolved.
C:\Users\bbqch\proj\microbians\AeroCMS\src\Aero.Cms.Modules.Secrets\Aero.Cms.Modules.Secrets.csproj : warning NU1902: Package 'MailKit' 2.10.1 has a known moderate severity vulnerability, https://github.com/advisories/GHSA-9j88-vvj5-vhgr
C:\Users\bbqch\proj\microbians\AeroCMS\src\Aero.Cms.Modules.Secrets\Aero.Cms.Modules.Secrets.csproj : warning NU1902: Package 'MimeKit' 2.10.1 has a known moderate severity vulnerability, https://github.com/advisories/GHSA-g7hc-96xr-gvvx
C:\Users\bbqch\proj\microbians\AeroCMS\src\Aero.Cms.Modules.Tenant\Aero.Cms.Modules.Tenant.csproj : warning NU1902: Package 'MailKit' 2.10.1 has a known moderate severity vulnerability, https://github.com/advisories/GHSA-9j88-vvj5-vhgr
C:\Users\bbqch\proj\microbians\AeroCMS\src\Aero.Cms.AppHost\Aero.Cms.AppHost.csproj : warning NU1902: Package 'MessagePack' 2.5.192 has a known moderate severity vulnerability, https://github.com/advisories/GHSA-2f33-pr97-265q
C:\Users\bbqch\proj\microbians\AeroCMS\src\Aero.Cms.AppHost\Aero.Cms.AppHost.csproj : warning NU1902: Package 'MessagePack' 2.5.192 has a known moderate severity vulnerability, https://github.com/advisories/GHSA-2x83-8g95-xh59
C:\Users\bbqch\proj\microbians\AeroCMS\src\Aero.Cms.AppHost\Aero.Cms.AppHost.csproj : warning NU1902: Package 'MessagePack' 2.5.192 has a known moderate severity vulnerability, https://github.com/advisories/GHSA-cj9g-3mj2-g8vv
C:\Users\bbqch\proj\microbians\AeroCMS\src\Aero.Cms.AppHost\Aero.Cms.AppHost.csproj : warning NU1902: Package 'MessagePack' 2.5.192 has a known moderate severity vulnerability, https://github.com/advisories/GHSA-cxmj-83gh-fp49
C:\Users\bbqch\proj\microbians\AeroCMS\src\Aero.Cms.AppHost\Aero.Cms.AppHost.csproj : warning NU1903: Package 'MessagePack' 2.5.192 has a known high severity vulnerability, https://github.com/advisories/GHSA-hv8m-jj95-wg3x
C:\Users\bbqch\proj\microbians\AeroCMS\src\Aero.Cms.AppHost\Aero.Cms.AppHost.csproj : warning NU1902: Package 'MessagePack' 2.5.192 has a known moderate severity vulnerability, https://github.com/advisories/GHSA-q2h6-ghwm-5qm8
C:\Users\bbqch\proj\microbians\AeroCMS\src\Aero.Cms.AppHost\Aero.Cms.AppHost.csproj : warning NU1902: Package 'MessagePack' 2.5.192 has a known moderate severity vulnerability, https://github.com/advisories/GHSA-qhmf-xw27-6rqr
C:\Users\bbqch\proj\microbians\AeroCMS\src\Aero.Cms.AppHost\Aero.Cms.AppHost.csproj : warning NU1902: Package 'MessagePack' 2.5.192 has a known moderate severity vulnerability, https://github.com/advisories/GHSA-v72x-2h86-7f8m
C:\Users\bbqch\proj\microbians\AeroCMS\src\Aero.Cms.AppHost\Aero.Cms.AppHost.csproj : warning NU1903: Package 'MessagePack' 2.5.192 has a known high severity vulnerability, https://github.com/advisories/GHSA-vh6j-jc39-fggf
C:\Users\bbqch\proj\microbians\AeroCMS\src\Aero.Cms.AppHost\Aero.Cms.AppHost.csproj : warning NU1902: Package 'MessagePack' 2.5.192 has a known moderate severity vulnerability, https://github.com/advisories/GHSA-w567-gjr2-hm5j
C:\Users\bbqch\proj\microbians\AeroCMS\src\Aero.Cms.AppHost\Aero.Cms.AppHost.csproj : warning NU1902: Package 'MessagePack' 2.5.192 has a known moderate severity vulnerability, https://github.com/advisories/GHSA-wfr3-xj75-pfwh
C:\Users\bbqch\proj\microbians\AeroCMS\src\Aero.Cms.Modules.Tenant\Aero.Cms.Modules.Tenant.csproj : warning NU1902: Package 'MimeKit' 2.10.1 has a known moderate severity vulnerability, https://github.com/advisories/GHSA-g7hc-96xr-gvvx
C:\Users\bbqch\proj\microbians\AeroCMS\src\Aero.Cms.Modules.OutputCache\Aero.Cms.Modules.OutputCache.csproj : warning NU1608: Detected package version outside of dependency constraint: Microsoft.CodeAnalysis.CSharp 3.7.0 requires Microsoft.CodeAnalysis.Common (= 3.7.0) but version Microsoft.CodeAnalysis.Common 5.0.0 was resolved.
C:\Users\bbqch\proj\microbians\AeroCMS\src\Aero.Cms.Modules.OutputCache\Aero.Cms.Modules.OutputCache.csproj : warning NU1902: Package 'MailKit' 2.10.1 has a known moderate severity vulnerability, https://github.com/advisories/GHSA-9j88-vvj5-vhgr
C:\Users\bbqch\proj\microbians\AeroCMS\src\Aero.Cms.Modules.OutputCache\Aero.Cms.Modules.OutputCache.csproj : warning NU1902: Package 'MimeKit' 2.10.1 has a known moderate severity vulnerability, https://github.com/advisories/GHSA-g7hc-96xr-gvvx
C:\Users\bbqch\proj\microbians\AeroCMS\src\Aero.Cms.Modules.Setup\Aero.Cms.Modules.Setup.csproj : warning NU1902: Package 'MailKit' 2.10.1 has a known moderate severity vulnerability, https://github.com/advisories/GHSA-9j88-vvj5-vhgr
C:\Users\bbqch\proj\microbians\AeroCMS\src\Aero.Cms.Modules.Setup\Aero.Cms.Modules.Setup.csproj : warning NU1902: Package 'MimeKit' 2.10.1 has a known moderate severity vulnerability, https://github.com/advisories/GHSA-g7hc-96xr-gvvx
C:\Users\bbqch\proj\microbians\AeroCMS\src\Aero.Cms.Modules.Setup\Aero.Cms.Modules.Setup.csproj : warning NU1902: Package 'SharpCompress' 0.34.2 has a known moderate severity vulnerability, https://github.com/advisories/GHSA-6c8g-7p36-r338
C:\Users\bbqch\proj\microbians\AeroCMS\src\Aero.Cms.Modules.Users\Aero.Cms.Modules.Users.csproj : warning NU1608: Detected package version outside of dependency constraint: Microsoft.CodeAnalysis.CSharp 3.7.0 requires Microsoft.CodeAnalysis.Common (= 3.7.0) but version Microsoft.CodeAnalysis.Common 5.0.0 was resolved.
C:\Users\bbqch\proj\microbians\AeroCMS\src\Aero.Cms.Modules.Users\Aero.Cms.Modules.Users.csproj : warning NU1902: Package 'MailKit' 2.10.1 has a known moderate severity vulnerability, https://github.com/advisories/GHSA-9j88-vvj5-vhgr
C:\Users\bbqch\proj\microbians\AeroCMS\src\Aero.Cms.Modules.Users\Aero.Cms.Modules.Users.csproj : warning NU1902: Package 'MimeKit' 2.10.1 has a known moderate severity vulnerability, https://github.com/advisories/GHSA-g7hc-96xr-gvvx
C:\Users\bbqch\proj\microbians\AeroCMS\src\Aero.Cms.Db.Sable\obj\Debug\net10.0\Aero.Cms.SourceGenerators\Aero.Cms.SourceGenerators.EmbeddedAttributesGenerator\LegacyReflectionDiscoveryAttribute.g.cs(20,18): warning CS8669: The annotation for nullable reference types should only be used in code within a '#nullable' annotations context. Auto-generated code requires an explicit '#nullable' directive in source. [C:\Users\bbqch\proj\microbians\AeroCMS\src\Aero.Cms.Db.Sable\Aero.Cms.Db.Sable.csproj]
C:\Users\bbqch\proj\microbians\AeroCMS\src\Aero.Cms.Marten.Identity\obj\Debug\net10.0\Aero.Cms.SourceGenerators\Aero.Cms.SourceGenerators.EmbeddedAttributesGenerator\LegacyReflectionDiscoveryAttribute.g.cs(20,18): warning CS8669: The annotation for nullable reference types should only be used in code within a '#nullable' annotations context. Auto-generated code requires an explicit '#nullable' directive in source. [C:\Users\bbqch\proj\microbians\AeroCMS\src\Aero.Cms.Marten.Identity\Aero.Cms.Marten.Identity.csproj]
  Aero.Cms.Db.Sable -> C:\Users\bbqch\proj\microbians\AeroCMS\src\Aero.Cms.Db.Sable\bin\Debug\net10.0\Aero.Cms.Db.Sable.dll
  Aero.Cms.Marten.Identity -> C:\Users\bbqch\proj\microbians\AeroCMS\src\Aero.Cms.Marten.Identity\bin\Debug\net10.0\Aero.Cms.Marten.Identity.dll
C:\Users\bbqch\proj\microbians\AeroCMS\src\Aero.Cms.ServiceDefaults\obj\Debug\net10.0\Aero.Cms.SourceGenerators\Aero.Cms.SourceGenerators.EmbeddedAttributesGenerator\LegacyReflectionDiscoveryAttribute.g.cs(20,18): warning CS8669: The annotation for nullable reference types should only be used in code within a '#nullable' annotations context. Auto-generated code requires an explicit '#nullable' directive in source. [C:\Users\bbqch\proj\microbians\AeroCMS\src\Aero.Cms.ServiceDefaults\Aero.Cms.ServiceDefaults.csproj]
  Aero.Cms.ServiceDefaults -> C:\Users\bbqch\proj\microbians\AeroCMS\src\Aero.Cms.ServiceDefaults\bin\Debug\net10.0\Aero.Cms.ServiceDefaults.dll
C:\Users\bbqch\proj\microbians\AeroCMS\Aero\src\Aero.Core\Data\Functional\GenericRepositoryOptional.cs(139,48): warning CS1570: XML comment has badly formed XML -- 'Whitespace is not allowed at this location.' [C:\Users\bbqch\proj\microbians\AeroCMS\Aero\src\Aero.Core\Aero.Core.csproj]
C:\Users\bbqch\proj\microbians\AeroCMS\Aero\src\Aero.Core\Helpers\Config.cs(34,48): warning CS8625: Cannot convert null literal to non-nullable reference type. [C:\Users\bbqch\proj\microbians\AeroCMS\Aero\src\Aero.Core\Aero.Core.csproj]
C:\Users\bbqch\proj\microbians\AeroCMS\Aero\src\Aero.Core\DataStructures\Trees\Interval.cs(20,12): warning CS8767: Nullability of reference types in type of parameter 'other' of 'int Interval.CompareTo(Interval other)' doesn't match implicitly implemented member 'int IComparable<Interval>.CompareTo(Interval? other)' (possibly because of nullability attributes). [C:\Users\bbqch\proj\microbians\AeroCMS\Aero\src\Aero.Core\Aero.Core.csproj]
C:\Users\bbqch\proj\microbians\AeroCMS\Aero\src\Aero.Core\Extensions\XmlDocumentExtension.cs(466,111): warning CS8625: Cannot convert null literal to non-nullable reference type. [C:\Users\bbqch\proj\microbians\AeroCMS\Aero\src\Aero.Core\Aero.Core.csproj]
C:\Users\bbqch\proj\microbians\AeroCMS\Aero\src\Aero.Core\Extensions\XmlDocumentExtension.cs(480,106): warning CS8625: Cannot convert null literal to non-nullable reference type. [C:\Users\bbqch\proj\microbians\AeroCMS\Aero\src\Aero.Core\Aero.Core.csproj]
C:\Users\bbqch\proj\microbians\AeroCMS\Aero\src\Aero.Core\Identity\AeroRole.cs(106,28): warning CS8766: Nullability of reference types in return type of 'string? AeroRole<TKey>.CreatedBy.get' doesn't match implicitly implemented member 'string IEntity<TKey>.CreatedBy.get' (possibly because of nullability attributes). [C:\Users\bbqch\proj\microbians\AeroCMS\Aero\src\Aero.Core\Aero.Core.csproj]
C:\Users\bbqch\proj\microbians\AeroCMS\Aero\src\Aero.Core\Identity\AeroRole.cs(110,29): warning CS8766: Nullability of reference types in return type of 'string? AeroRole<TKey>.ModifiedBy.get' doesn't match implicitly implemented member 'string IEntity<TKey>.ModifiedBy.get' (possibly because of nullability attributes). [C:\Users\bbqch\proj\microbians\AeroCMS\Aero\src\Aero.Core\Aero.Core.csproj]
C:\Users\bbqch\proj\microbians\AeroCMS\Aero\src\Aero.Core\QueryableExtensions.cs(81,68): warning CS8625: Cannot convert null literal to non-nullable reference type. [C:\Users\bbqch\proj\microbians\AeroCMS\Aero\src\Aero.Core\Aero.Core.csproj]
C:\Users\bbqch\proj\microbians\AeroCMS\Aero\src\Aero.Core\QueryableExtensions.cs(81,108): warning CS8625: Cannot convert null literal to non-nullable reference type. [C:\Users\bbqch\proj\microbians\AeroCMS\Aero\src\Aero.Core\Aero.Core.csproj]
C:\Users\bbqch\proj\microbians\AeroCMS\Aero\src\Aero.Core\DataStructures\Trees\Persistence\Interfaces\IKeyValueTree.cs(17,17): warning CS0108: 'IKeyValueTree<TKey, TValue>.DeleteAsync(TKey, CancellationToken)' hides inherited member 'ITree<TKey>.DeleteAsync(TKey, CancellationToken)'. Use the new keyword if hiding was intended. [C:\Users\bbqch\proj\microbians\AeroCMS\Aero\src\Aero.Core\Aero.Core.csproj]
C:\Users\bbqch\proj\microbians\AeroCMS\Aero\src\Aero.Core\DataStructures\Trees\Persistence\Interfaces\IKeyValueTree.cs(21,17): warning CS0108: 'IKeyValueTree<TKey, TValue>.ContainsAsync(TKey, CancellationToken)' hides inherited member 'ITree<TKey>.ContainsAsync(TKey, CancellationToken)'. Use the new keyword if hiding was intended. [C:\Users\bbqch\proj\microbians\AeroCMS\Aero\src\Aero.Core\Aero.Core.csproj]
C:\Users\bbqch\proj\microbians\AeroCMS\Aero\src\Aero.Core\Xml\XmlSchemaValidator.cs(41,41): warning CS8622: Nullability of reference types in type of parameter 'sender' of 'void XsdSchemaValidator.ValidationEventHandler(object sender, ValidationEventArgs e)' doesn't match the target delegate 'ValidationEventHandler' (possibly because of nullability attributes). [C:\Users\bbqch\proj\microbians\AeroCMS\Aero\src\Aero.Core\Aero.Core.csproj]
C:\Users\bbqch\proj\microbians\AeroCMS\Aero\src\Aero.Core\Xml\XmlSchemaValidator.cs(41,22): warning CS8600: Converting null literal or possible null value to non-nullable type. [C:\Users\bbqch\proj\microbians\AeroCMS\Aero\src\Aero.Core\Aero.Core.csproj]
C:\Users\bbqch\proj\microbians\AeroCMS\Aero\src\Aero.Core\Xml\XmlSchemaValidator.cs(48,25): warning CS8604: Possible null reference argument for parameter 'item' in 'void List<XmlSchema>.Add(XmlSchema item)'. [C:\Users\bbqch\proj\microbians\AeroCMS\Aero\src\Aero.Core\Aero.Core.csproj]
C:\Users\bbqch\proj\microbians\AeroCMS\Aero\src\Aero.Core\AppSettings.cs(230,19): warning CS8618: Non-nullable property 'Key' must contain a non-null value when exiting constructor. Consider adding the 'required' modifier or declaring the property as nullable. [C:\Users\bbqch\proj\microbians\AeroCMS\Aero\src\Aero.Core\Aero.Core.csproj]
C:\Users\bbqch\proj\microbians\AeroCMS\Aero\src\Aero.Core\AppSettings.cs(236,19): warning CS8618: Non-nullable property 'From' must contain a non-null value when exiting constructor. Consider adding the 'required' modifier or declaring the property as nullable. [C:\Users\bbqch\proj\microbians\AeroCMS\Aero\src\Aero.Core\Aero.Core.csproj]
C:\Users\bbqch\proj\microbians\AeroCMS\Aero\src\Aero.Core\AppSettings.cs(242,19): warning CS8618: Non-nullable property 'FromName' must contain a non-null value when exiting constructor. Consider adding the 'required' modifier or declaring the property as nullable. [C:\Users\bbqch\proj\microbians\AeroCMS\Aero\src\Aero.Core\Aero.Core.csproj]
C:\Users\bbqch\proj\microbians\AeroCMS\Aero\src\Aero.Core\AppSettings.cs(254,19): warning CS8618: Non-nullable property 'SecretKey' must contain a non-null value when exiting constructor. Consider adding the 'required' modifier or declaring the property as nullable. [C:\Users\bbqch\proj\microbians\AeroCMS\Aero\src\Aero.Core\Aero.Core.csproj]
C:\Users\bbqch\proj\microbians\AeroCMS\Aero\src\Aero.Core\AppSettings.cs(266,19): warning CS8618: Non-nullable property 'AccountSid' must contain a non-null value when exiting constructor. Consider adding the 'required' modifier or declaring the property as nullable. [C:\Users\bbqch\proj\microbians\AeroCMS\Aero\src\Aero.Core\Aero.Core.csproj]
C:\Users\bbqch\proj\microbians\AeroCMS\Aero\src\Aero.Core\AppSettings.cs(272,19): warning CS8618: Non-nullable property 'AuthToken' must contain a non-null value when exiting constructor. Consider adding the 'required' modifier or declaring the property as nullable. [C:\Users\bbqch\proj\microbians\AeroCMS\Aero\src\Aero.Core\Aero.Core.csproj]
C:\Users\bbqch\proj\microbians\AeroCMS\Aero\src\Aero.Core\Xml\XmlSchemaValidator.cs(66,49): warning CS8622: Nullability of reference types in type of parameter 'sender' of 'void XsdSchemaValidator.ValidationEventHandler(object sender, ValidationEventArgs e)' doesn't match the target delegate 'ValidationEventHandler' (possibly because of nullability attributes). [C:\Users\bbqch\proj\microbians\AeroCMS\Aero\src\Aero.Core\Aero.Core.csproj]
C:\Users\bbqch\proj\microbians\AeroCMS\Aero\src\Aero.Core\Xml\XmlSchemaValidator.cs(70,29): warning CS8604: Possible null reference argument for parameter 'item' in 'void List<XmlSchema>.Add(XmlSchema item)'. [C:\Users\bbqch\proj\microbians\AeroCMS\Aero\src\Aero.Core\Aero.Core.csproj]
C:\Users\bbqch\proj\microbians\AeroCMS\Aero\src\Aero.Core\AppSettings.cs(284,19): warning CS8618: Non-nullable property 'Username' must contain a non-null value when exiting constructor. Consider adding the 'required' modifier or declaring the property as nullable. [C:\Users\bbqch\proj\microbians\AeroCMS\Aero\src\Aero.Core\Aero.Core.csproj]
C:\Users\bbqch\proj\microbians\AeroCMS\Aero\src\Aero.Core\AppSettings.cs(290,19): warning CS8618: Non-nullable property 'Password' must contain a non-null value when exiting constructor. Consider adding the 'required' modifier or declaring the property as nullable. [C:\Users\bbqch\proj\microbians\AeroCMS\Aero\src\Aero.Core\Aero.Core.csproj]
C:\Users\bbqch\proj\microbians\AeroCMS\Aero\src\Aero.Core\AppSettings.cs(296,19): warning CS8618: Non-nullable property 'Url' must contain a non-null value when exiting constructor. Consider adding the 'required' modifier or declaring the property as nullable. [C:\Users\bbqch\proj\microbians\AeroCMS\Aero\src\Aero.Core\Aero.Core.csproj]
C:\Users\bbqch\proj\microbians\AeroCMS\Aero\src\Aero.Core\AppSettings.cs(302,19): warning CS8618: Non-nullable property 'ApiKey' must contain a non-null value when exiting constructor. Consider adding the 'required' modifier or declaring the property as nullable. [C:\Users\bbqch\proj\microbians\AeroCMS\Aero\src\Aero.Core\Aero.Core.csproj]
C:\Users\bbqch\proj\microbians\AeroCMS\Aero\src\Aero.Core\AppSettings.cs(308,19): warning CS8618: Non-nullable property 'JsApiKey' must contain a non-null value when exiting constructor. Consider adding the 'required' modifier or declaring the property as nullable. [C:\Users\bbqch\proj\microbians\AeroCMS\Aero\src\Aero.Core\Aero.Core.csproj]
C:\Users\bbqch\proj\microbians\AeroCMS\Aero\src\Aero.Core\DataStructures\Trees\Trie.cs(71,24): warning CS8603: Possible null reference return. [C:\Users\bbqch\proj\microbians\AeroCMS\Aero\src\Aero.Core\Aero.Core.csproj]
C:\Users\bbqch\proj\microbians\AeroCMS\Aero\src\Aero.Core\DataStructures\Trees\Trie.cs(81,16): warning CS8603: Possible null reference return. [C:\Users\bbqch\proj\microbians\AeroCMS\Aero\src\Aero.Core\Aero.Core.csproj]
C:\Users\bbqch\proj\microbians\AeroCMS\Aero\src\Aero.Core\Entities\IEntity.cs(70,17): warning CS8618: Non-nullable property 'Id' must contain a non-null value when exiting constructor. Consider adding the 'required' modifier or declaring the property as nullable. [C:\Users\bbqch\proj\microbians\AeroCMS\Aero\src\Aero.Core\Aero.Core.csproj]
C:\Users\bbqch\proj\microbians\AeroCMS\Aero\src\Aero.Core\Entities\IEntity.cs(88,19): warning CS8618: Non-nullable property 'CreatedBy' must contain a non-null value when exiting constructor. Consider adding the 'required' modifier or declaring the property as nullable. [C:\Users\bbqch\proj\microbians\AeroCMS\Aero\src\Aero.Core\Aero.Core.csproj]
C:\Users\bbqch\proj\microbians\AeroCMS\Aero\src\Aero.Core\Entities\IEntity.cs(94,19): warning CS8618: Non-nullable property 'ModifiedBy' must contain a non-null value when exiting constructor. Consider adding the 'required' modifier or declaring the property as nullable. [C:\Users\bbqch\proj\microbians\AeroCMS\Aero\src\Aero.Core\Aero.Core.csproj]
C:\Users\bbqch\proj\microbians\AeroCMS\Aero\src\Aero.Core\DataHelper.cs(16,23): warning CS8602: Dereference of a possibly null reference. [C:\Users\bbqch\proj\microbians\AeroCMS\Aero\src\Aero.Core\Aero.Core.csproj]
C:\Users\bbqch\proj\microbians\AeroCMS\Aero\src\Aero.Core\Data\Functional\GenericRepositoryOptional.cs(155,64): warning CS9113: Parameter 'log' is unread. [C:\Users\bbqch\proj\microbians\AeroCMS\Aero\src\Aero.Core\Aero.Core.csproj]
C:\Users\bbqch\proj\microbians\AeroCMS\Aero\src\Aero.Core\Decorators\ExceptionCommandHandlerDecorator.cs(72,16): warning CS8603: Possible null reference return. [C:\Users\bbqch\proj\microbians\AeroCMS\Aero\src\Aero.Core\Aero.Core.csproj]
C:\Users\bbqch\proj\microbians\AeroCMS\Aero\src\Aero.Core\Decorators\ExceptionQueryHandlerDecorator.cs(26,16): warning CS8603: Possible null reference return. [C:\Users\bbqch\proj\microbians\AeroCMS\Aero\src\Aero.Core\Aero.Core.csproj]
C:\Users\bbqch\proj\microbians\AeroCMS\Aero\src\Aero.Core\AzureBlobStorageClient.cs(84,25): warning CS8601: Possible null reference assignment. [C:\Users\bbqch\proj\microbians\AeroCMS\Aero\src\Aero.Core\Aero.Core.csproj]
C:\Users\bbqch\proj\microbians\AeroCMS\Aero\src\Aero.Core\Decorators\ExceptionQueryHandlerDecorator.cs(51,16): warning CS8603: Possible null reference return. [C:\Users\bbqch\proj\microbians\AeroCMS\Aero\src\Aero.Core\Aero.Core.csproj]
C:\Users\bbqch\proj\microbians\AeroCMS\Aero\src\Aero.Core\Xml\XmlSchemaValidator.cs(253,44): warning CS8622: Nullability of reference types in type of parameter 'sender' of 'void XsdSchemaValidator.ValidationEventHandler(object sender, ValidationEventArgs e)' doesn't match the target delegate 'ValidationEventHandler' (possibly because of nullability attributes). [C:\Users\bbqch\proj\microbians\AeroCMS\Aero\src\Aero.Core\Aero.Core.csproj]
C:\Users\bbqch\proj\microbians\AeroCMS\Aero\src\Aero.Core\DataStructures\Trees\AvlTree.cs(57,20): warning CS8603: Possible null reference return. [C:\Users\bbqch\proj\microbians\AeroCMS\Aero\src\Aero.Core\Aero.Core.csproj]
C:\Users\bbqch\proj\microbians\AeroCMS\Aero\src\Aero.Core\DataStructures\Trees\AvlTree.cs(73,24): warning CS8600: Converting null literal or possible null value to non-nullable type. [C:\Users\bbqch\proj\microbians\AeroCMS\Aero\src\Aero.Core\Aero.Core.csproj]
C:\Users\bbqch\proj\microbians\AeroCMS\Aero\src\Aero.Core\DataStructures\Trees\AvlTree.cs(85,20): warning CS8603: Possible null reference return. [C:\Users\bbqch\proj\microbians\AeroCMS\Aero\src\Aero.Core\Aero.Core.csproj]
C:\Users\bbqch\proj\microbians\AeroCMS\Aero\src\Aero.Core\DataStructures\Trees\BinarySearchTree.cs(50,20): warning CS8603: Possible null reference return. [C:\Users\bbqch\proj\microbians\AeroCMS\Aero\src\Aero.Core\Aero.Core.csproj]
C:\Users\bbqch\proj\microbians\AeroCMS\Aero\src\Aero.Core\DataStructures\Trees\BinaryTreeNode.cs(13,12): warning CS8618: Non-nullable property 'Left' must contain a non-null value when exiting constructor. Consider adding the 'required' modifier or declaring the property as nullable. [C:\Users\bbqch\proj\microbians\AeroCMS\Aero\src\Aero.Core\Aero.Core.csproj]
C:\Users\bbqch\proj\microbians\AeroCMS\Aero\src\Aero.Core\DataStructures\Trees\BinaryTreeNode.cs(13,12): warning CS8618: Non-nullable property 'Right' must contain a non-null value when exiting constructor. Consider adding the 'required' modifier or declaring the property as nullable. [C:\Users\bbqch\proj\microbians\AeroCMS\Aero\src\Aero.Core\Aero.Core.csproj]
C:\Users\bbqch\proj\microbians\AeroCMS\Aero\src\Aero.Core\Extensions\BlobStorageClientHelpers.cs(22,16): warning CS8603: Possible null reference return. [C:\Users\bbqch\proj\microbians\AeroCMS\Aero\src\Aero.Core\Aero.Core.csproj]
C:\Users\bbqch\proj\microbians\AeroCMS\Aero\src\Aero.Core\DataStructures\Trees\AvlTree.cs(103,20): warning CS8603: Possible null reference return. [C:\Users\bbqch\proj\microbians\AeroCMS\Aero\src\Aero.Core\Aero.Core.csproj]
C:\Users\bbqch\proj\microbians\AeroCMS\Aero\src\Aero.Core\DataStructures\Trees\Treap.cs(58,34): warning CS8603: Possible null reference return. [C:\Users\bbqch\proj\microbians\AeroCMS\Aero\src\Aero.Core\Aero.Core.csproj]
C:\Users\bbqch\proj\microbians\AeroCMS\Aero\src\Aero.Core\Extensions\Compression.cs(16,32): warning CS8600: Converting null literal or possible null value to non-nullable type. [C:\Users\bbqch\proj\microbians\AeroCMS\Aero\src\Aero.Core\Aero.Core.csproj]
C:\Users\bbqch\proj\microbians\AeroCMS\Aero\src\Aero.Core\DataStructures\Trees\BinarySearchTree.cs(102,20): warning CS8603: Possible null reference return. [C:\Users\bbqch\proj\microbians\AeroCMS\Aero\src\Aero.Core\Aero.Core.csproj]
C:\Users\bbqch\proj\microbians\AeroCMS\Aero\src\Aero.Core\DataStructures\Trees\BinarySearchTree.cs(12,36): warning CS8618: Non-nullable property 'Root' must contain a non-null value when exiting constructor. Consider adding the 'required' modifier or declaring the property as nullable. [C:\Users\bbqch\proj\microbians\AeroCMS\Aero\src\Aero.Core\Aero.Core.csproj]
C:\Users\bbqch\proj\microbians\AeroCMS\Aero\src\Aero.Core\Extensions\Compression.cs(33,36): warning CS8600: Converting null literal or possible null value to non-nullable type. [C:\Users\bbqch\proj\microbians\AeroCMS\Aero\src\Aero.Core\Aero.Core.csproj]
C:\Users\bbqch\proj\microbians\AeroCMS\Aero\src\Aero.Core\DataStructures\Trees\Treap.cs(98,34): warning CS8603: Possible null reference return. [C:\Users\bbqch\proj\microbians\AeroCMS\Aero\src\Aero.Core\Aero.Core.csproj]
C:\Users\bbqch\proj\microbians\AeroCMS\Aero\src\Aero.Core\ExternalProcess.cs(26,9): warning CS8602: Dereference of a possibly null reference. [C:\Users\bbqch\proj\microbians\AeroCMS\Aero\src\Aero.Core\Aero.Core.csproj]
C:\Users\bbqch\proj\microbians\AeroCMS\Aero\src\Aero.Core\DataStructures\Trees\Treap.cs(14,25): warning CS8618: Non-nullable property 'Root' must contain a non-null value when exiting constructor. Consider adding the 'required' modifier or declaring the property as nullable. [C:\Users\bbqch\proj\microbians\AeroCMS\Aero\src\Aero.Core\Aero.Core.csproj]
C:\Users\bbqch\proj\microbians\AeroCMS\Aero\src\Aero.Core\Decorators\RetryCommandHandlerDecorator.cs(64,16): warning CS8603: Possible null reference return. [C:\Users\bbqch\proj\microbians\AeroCMS\Aero\src\Aero.Core\Aero.Core.csproj]
C:\Users\bbqch\proj\microbians\AeroCMS\Aero\src\Aero.Core\DataStructures\Trees\BPlusTreeNode.cs(24,25): warning CS8618: Non-nullable property 'Next' must contain a non-null value when exiting constructor. Consider adding the 'required' modifier or declaring the property as nullable. [C:\Users\bbqch\proj\microbians\AeroCMS\Aero\src\Aero.Core\Aero.Core.csproj]
C:\Users\bbqch\proj\microbians\AeroCMS\Aero\src\Aero.Core\DataStructures\Trees\BPlusTree.cs(62,16): warning CS8603: Possible null reference return. [C:\Users\bbqch\proj\microbians\AeroCMS\Aero\src\Aero.Core\Aero.Core.csproj]
C:\Users\bbqch\proj\microbians\AeroCMS\Aero\src\Aero.Core\DataStructures\Trees\BinaryTree.cs(58,13): warning CS8602: Dereference of a possibly null reference. [C:\Users\bbqch\proj\microbians\AeroCMS\Aero\src\Aero.Core\Aero.Core.csproj]
C:\Users\bbqch\proj\microbians\AeroCMS\Aero\src\Aero.Core\DataStructures\Trees\BinaryTree.cs(60,20): warning CS8625: Cannot convert null literal to non-nullable reference type. [C:\Users\bbqch\proj\microbians\AeroCMS\Aero\src\Aero.Core\Aero.Core.csproj]
C:\Users\bbqch\proj\microbians\AeroCMS\Aero\src\Aero.Core\DataStructures\Trees\BinaryTree.cs(66,42): warning CS8600: Converting null literal or possible null value to non-nullable type. [C:\Users\bbqch\proj\microbians\AeroCMS\Aero\src\Aero.Core\Aero.Core.csproj]
C:\Users\bbqch\proj\microbians\AeroCMS\Aero\src\Aero.Core\DataStructures\Trees\BinaryTree.cs(67,41): warning CS8600: Converting null literal or possible null value to non-nullable type. [C:\Users\bbqch\proj\microbians\AeroCMS\Aero\src\Aero.Core\Aero.Core.csproj]
C:\Users\bbqch\proj\microbians\AeroCMS\Aero\src\Aero.Core\DataStructures\Trees\BinaryTree.cs(72,17): warning CS8602: Dereference of a possibly null reference. [C:\Users\bbqch\proj\microbians\AeroCMS\Aero\src\Aero.Core\Aero.Core.csproj]
C:\Users\bbqch\proj\microbians\AeroCMS\Aero\src\Aero.Core\DataStructures\Trees\BinaryTree.cs(91,34): warning CS8602: Dereference of a possibly null reference. [C:\Users\bbqch\proj\microbians\AeroCMS\Aero\src\Aero.Core\Aero.Core.csproj]
C:\Users\bbqch\proj\microbians\AeroCMS\Aero\src\Aero.Core\DataStructures\Trees\AvlTree.cs(12,27): warning CS8618: Non-nullable property 'Root' must contain a non-null value when exiting constructor. Consider adding the 'required' modifier or declaring the property as nullable. [C:\Users\bbqch\proj\microbians\AeroCMS\Aero\src\Aero.Core\Aero.Core.csproj]
C:\Users\bbqch\proj\microbians\AeroCMS\Aero\src\Aero.Core\DataStructures\Trees\SplayTree.cs(31,25): warning CS8625: Cannot convert null literal to non-nullable reference type. [C:\Users\bbqch\proj\microbians\AeroCMS\Aero\src\Aero.Core\Aero.Core.csproj]
C:\Users\bbqch\proj\microbians\AeroCMS\Aero\src\Aero.Core\DataStructures\Trees\SplayTree.cs(39,26): warning CS8625: Cannot convert null literal to non-nullable reference type. [C:\Users\bbqch\proj\microbians\AeroCMS\Aero\src\Aero.Core\Aero.Core.csproj]
C:\Users\bbqch\proj\microbians\AeroCMS\Aero\src\Aero.Core\DataStructures\Trees\BinaryTree.cs(103,34): warning CS8600: Converting null literal or possible null value to non-nullable type. [C:\Users\bbqch\proj\microbians\AeroCMS\Aero\src\Aero.Core\Aero.Core.csproj]
C:\Users\bbqch\proj\microbians\AeroCMS\Aero\src\Aero.Core\DataStructures\Trees\BinaryTree.cs(109,24): warning CS8600: Converting null literal or possible null value to non-nullable type. [C:\Users\bbqch\proj\microbians\AeroCMS\Aero\src\Aero.Core\Aero.Core.csproj]
C:\Users\bbqch\proj\microbians\AeroCMS\Aero\src\Aero.Core\DataStructures\Trees\BinaryTree.cs(116,34): warning CS8625: Cannot convert null literal to non-nullable reference type. [C:\Users\bbqch\proj\microbians\AeroCMS\Aero\src\Aero.Core\Aero.Core.csproj]
C:\Users\bbqch\proj\microbians\AeroCMS\Aero\src\Aero.Core\DataStructures\Trees\BinaryTree.cs(127,33): warning CS8625: Cannot convert null literal to non-nullable reference type. [C:\Users\bbqch\proj\microbians\AeroCMS\Aero\src\Aero.Core\Aero.Core.csproj]
C:\Users\bbqch\proj\microbians\AeroCMS\Aero\src\Aero.Core\Helpers\Config.cs(15,48): warning CS8603: Possible null reference return. [C:\Users\bbqch\proj\microbians\AeroCMS\Aero\src\Aero.Core\Aero.Core.csproj]
C:\Users\bbqch\proj\microbians\AeroCMS\Aero\src\Aero.Core\Extensions\ExceptionExtensions.cs(38,54): warning CS8603: Possible null reference return. [C:\Users\bbqch\proj\microbians\AeroCMS\Aero\src\Aero.Core\Aero.Core.csproj]
C:\Users\bbqch\proj\microbians\AeroCMS\Aero\src\Aero.Core\Identity\IdentityToken.cs(11,15): warning CS8618: Non-nullable property 'LoginProvider' must contain a non-null value when exiting constructor. Consider adding the 'required' modifier or declaring the property as nullable. [C:\Users\bbqch\proj\microbians\AeroCMS\Aero\src\Aero.Core\Aero.Core.csproj]
C:\Users\bbqch\proj\microbians\AeroCMS\Aero\src\Aero.Core\Identity\IdentityToken.cs(16,15): warning CS8618: Non-nullable property 'Name' must contain a non-null value when exiting constructor. Consider adding the 'required' modifier or declaring the property as nullable. [C:\Users\bbqch\proj\microbians\AeroCMS\Aero\src\Aero.Core\Aero.Core.csproj]
C:\Users\bbqch\proj\microbians\AeroCMS\Aero\src\Aero.Core\Identity\IdentityToken.cs(21,15): warning CS8618: Non-nullable property 'Value' must contain a non-null value when exiting constructor. Consider adding the 'required' modifier or declaring the property as nullable. [C:\Users\bbqch\proj\microbians\AeroCMS\Aero\src\Aero.Core\Aero.Core.csproj]
C:\Users\bbqch\proj\microbians\AeroCMS\Aero\src\Aero.Core\DataStructures\Trees\BPlusTree.cs(89,16): warning CS8603: Possible null reference return. [C:\Users\bbqch\proj\microbians\AeroCMS\Aero\src\Aero.Core\Aero.Core.csproj]
C:\Users\bbqch\proj\microbians\AeroCMS\Aero\src\Aero.Core\Identity\IdentityLogin.cs(11,15): warning CS8618: Non-nullable property 'LoginProvider' must contain a non-null value when exiting constructor. Consider adding the 'required' modifier or declaring the property as nullable. [C:\Users\bbqch\proj\microbians\AeroCMS\Aero\src\Aero.Core\Aero.Core.csproj]
C:\Users\bbqch\proj\microbians\AeroCMS\Aero\src\Aero.Core\Identity\IdentityLogin.cs(16,15): warning CS8618: Non-nullable property 'ProviderKey' must contain a non-null value when exiting constructor. Consider adding the 'required' modifier or declaring the property as nullable. [C:\Users\bbqch\proj\microbians\AeroCMS\Aero\src\Aero.Core\Aero.Core.csproj]
C:\Users\bbqch\proj\microbians\AeroCMS\Aero\src\Aero.Core\Identity\IdentityLogin.cs(21,15): warning CS8618: Non-nullable property 'ProviderDisplayName' must contain a non-null value when exiting constructor. Consider adding the 'required' modifier or declaring the property as nullable. [C:\Users\bbqch\proj\microbians\AeroCMS\Aero\src\Aero.Core\Aero.Core.csproj]
C:\Users\bbqch\proj\microbians\AeroCMS\Aero\src\Aero.Core\Helpers\Config.cs(21,9): warning CS8603: Possible null reference return. [C:\Users\bbqch\proj\microbians\AeroCMS\Aero\src\Aero.Core\Aero.Core.csproj]
C:\Users\bbqch\proj\microbians\AeroCMS\Aero\src\Aero.Core\DataStructures\Trees\BinaryTree.cs(147,20): warning CS8603: Possible null reference return. [C:\Users\bbqch\proj\microbians\AeroCMS\Aero\src\Aero.Core\Aero.Core.csproj]
C:\Users\bbqch\proj\microbians\AeroCMS\Aero\src\Aero.Core\DataStructures\Trees\BinaryTree.cs(150,13): warning CS8602: Dereference of a possibly null reference. [C:\Users\bbqch\proj\microbians\AeroCMS\Aero\src\Aero.Core\Aero.Core.csproj]
C:\Users\bbqch\proj\microbians\AeroCMS\Aero\src\Aero.Core\DataStructures\Trees\SplayTree.cs(72,20): warning CS8603: Possible null reference return. [C:\Users\bbqch\proj\microbians\AeroCMS\Aero\src\Aero.Core\Aero.Core.csproj]
C:\Users\bbqch\proj\microbians\AeroCMS\Aero\src\Aero.Core\DataStructures\Trees\BinaryTree.cs(12,30): warning CS8618: Non-nullable property 'Root' must contain a non-null value when exiting constructor. Consider adding the 'required' modifier or declaring the property as nullable. [C:\Users\bbqch\proj\microbians\AeroCMS\Aero\src\Aero.Core\Aero.Core.csproj]
C:\Users\bbqch\proj\microbians\AeroCMS\Aero\src\Aero.Core\Extensions\XmlDocumentExtension.cs(125,69): warning CS8622: Nullability of reference types in type of parameter 'sender' of 'void XmlDocumentExtension.ShowCompileErrors(object sender, ValidationEventArgs args)' doesn't match the target delegate 'ValidationEventHandler' (possibly because of nullability attributes). [C:\Users\bbqch\proj\microbians\AeroCMS\Aero\src\Aero.Core\Aero.Core.csproj]
C:\Users\bbqch\proj\microbians\AeroCMS\Aero\src\Aero.Core\Helpers\Config.cs(39,20): warning CS8603: Possible null reference return. [C:\Users\bbqch\proj\microbians\AeroCMS\Aero\src\Aero.Core\Aero.Core.csproj]
C:\Users\bbqch\proj\microbians\AeroCMS\Aero\src\Aero.Core\Helpers\Config.cs(43,16): warning CS8603: Possible null reference return. [C:\Users\bbqch\proj\microbians\AeroCMS\Aero\src\Aero.Core\Aero.Core.csproj]
C:\Users\bbqch\proj\microbians\AeroCMS\Aero\src\Aero.Core\DataStructures\Trees\SplayTree.cs(80,34): warning CS8603: Possible null reference return. [C:\Users\bbqch\proj\microbians\AeroCMS\Aero\src\Aero.Core\Aero.Core.csproj]
C:\Users\bbqch\proj\microbians\AeroCMS\Aero\src\Aero.Core\DataStructures\Trees\SplayTree.cs(12,29): warning CS8618: Non-nullable property 'Root' must contain a non-null value when exiting constructor. Consider adding the 'required' modifier or declaring the property as nullable. [C:\Users\bbqch\proj\microbians\AeroCMS\Aero\src\Aero.Core\Aero.Core.csproj]
C:\Users\bbqch\proj\microbians\AeroCMS\Aero\src\Aero.Core\Extensions\XmlDocumentExtension.cs(203,16): warning CS8603: Possible null reference return. [C:\Users\bbqch\proj\microbians\AeroCMS\Aero\src\Aero.Core\Aero.Core.csproj]
C:\Users\bbqch\proj\microbians\AeroCMS\Aero\src\Aero.Core\Helpers\AssemblyBindingHelper.cs(56,22): warning CS8600: Converting null literal or possible null value to non-nullable type. [C:\Users\bbqch\proj\microbians\AeroCMS\Aero\src\Aero.Core\Aero.Core.csproj]
C:\Users\bbqch\proj\microbians\AeroCMS\Aero\src\Aero.Core\Helpers\AssemblyBindingHelper.cs(59,16): warning CS8603: Possible null reference return. [C:\Users\bbqch\proj\microbians\AeroCMS\Aero\src\Aero.Core\Aero.Core.csproj]
C:\Users\bbqch\proj\microbians\AeroCMS\Aero\src\Aero.Core\DataStructures\Trees\SkipList.cs(88,37): warning CS8604: Possible null reference argument for parameter 'value' in 'SkipListNode<T>.SkipListNode(T value, int level)'. [C:\Users\bbqch\proj\microbians\AeroCMS\Aero\src\Aero.Core\Aero.Core.csproj]
C:\Users\bbqch\proj\microbians\AeroCMS\Aero\src\Aero.Core\DataStructures\Graphs\KnowledgeGraph.cs(290,19): warning CS8604: Possible null reference argument for parameter 'key' in 'Entity Dictionary<TEntityId, Entity>.this[TEntityId key]'. [C:\Users\bbqch\proj\microbians\AeroCMS\Aero\src\Aero.Core\Aero.Core.csproj]
C:\Users\bbqch\proj\microbians\AeroCMS\Aero\src\Aero.Core\DataStructures\Trees\BTree.cs(80,16): warning CS8603: Possible null reference return. [C:\Users\bbqch\proj\microbians\AeroCMS\Aero\src\Aero.Core\Aero.Core.csproj]
C:\Users\bbqch\proj\microbians\AeroCMS\Aero\src\Aero.Core\DataStructures\Graphs\WeightedGraph.cs(174,101): warning CS8601: Possible null reference assignment. [C:\Users\bbqch\proj\microbians\AeroCMS\Aero\src\Aero.Core\Aero.Core.csproj]
C:\Users\bbqch\proj\microbians\AeroCMS\Aero\src\Aero.Core\Extensions\ObjectExtensions.cs(51,82): warning CS8604: Possible null reference argument for parameter 'value' in 'KeyValuePair<string, string>.KeyValuePair(string key, string value)'. [C:\Users\bbqch\proj\microbians\AeroCMS\Aero\src\Aero.Core\Aero.Core.csproj]
C:\Users\bbqch\proj\microbians\AeroCMS\Aero\src\Aero.Core\Extensions\ObjectExtensions.cs(56,78): warning CS8604: Possible null reference argument for parameter 'value' in 'KeyValuePair<string, string>.KeyValuePair(string key, string value)'. [C:\Users\bbqch\proj\microbians\AeroCMS\Aero\src\Aero.Core\Aero.Core.csproj]
C:\Users\bbqch\proj\microbians\AeroCMS\Aero\src\Aero.Core\QueryableExtensions.cs(96,46): warning CS8625: Cannot convert null literal to non-nullable reference type. [C:\Users\bbqch\proj\microbians\AeroCMS\Aero\src\Aero.Core\Aero.Core.csproj]
C:\Users\bbqch\proj\microbians\AeroCMS\Aero\src\Aero.Core\QueryableExtensions.cs(104,51): warning CS8625: Cannot convert null literal to non-nullable reference type. [C:\Users\bbqch\proj\microbians\AeroCMS\Aero\src\Aero.Core\Aero.Core.csproj]
C:\Users\bbqch\proj\microbians\AeroCMS\Aero\src\Aero.Core\SmtpEmailOptions.cs(11,8): warning CS8618: Non-nullable property 'Host' must contain a non-null value when exiting constructor. Consider adding the 'required' modifier or declaring the property as nullable. [C:\Users\bbqch\proj\microbians\AeroCMS\Aero\src\Aero.Core\Aero.Core.csproj]
C:\Users\bbqch\proj\microbians\AeroCMS\Aero\src\Aero.Core\SmtpEmailOptions.cs(11,8): warning CS8618: Non-nullable property 'Username' must contain a non-null value when exiting constructor. Consider adding the 'required' modifier or declaring the property as nullable. [C:\Users\bbqch\proj\microbians\AeroCMS\Aero\src\Aero.Core\Aero.Core.csproj]
C:\Users\bbqch\proj\microbians\AeroCMS\Aero\src\Aero.Core\SmtpEmailOptions.cs(11,8): warning CS8618: Non-nullable property 'Password' must contain a non-null value when exiting constructor. Consider adding the 'required' modifier or declaring the property as nullable. [C:\Users\bbqch\proj\microbians\AeroCMS\Aero\src\Aero.Core\Aero.Core.csproj]
C:\Users\bbqch\proj\microbians\AeroCMS\Aero\src\Aero.Core\SmtpEmailOptions.cs(11,8): warning CS8618: Non-nullable property 'SenderEmail' must contain a non-null value when exiting constructor. Consider adding the 'required' modifier or declaring the property as nullable. [C:\Users\bbqch\proj\microbians\AeroCMS\Aero\src\Aero.Core\Aero.Core.csproj]
C:\Users\bbqch\proj\microbians\AeroCMS\Aero\src\Aero.Core\Helpers\AssemblyBindingHelper.cs(80,39): warning CS8600: Converting null literal or possible null value to non-nullable type. [C:\Users\bbqch\proj\microbians\AeroCMS\Aero\src\Aero.Core\Aero.Core.csproj]
C:\Users\bbqch\proj\microbians\AeroCMS\Aero\src\Aero.Core\Secrets\ShamirsSecretManager.cs(17,44): warning CS8604: Possible null reference argument for parameter 's' in 'byte[] Encoding.GetBytes(string s)'. [C:\Users\bbqch\proj\microbians\AeroCMS\Aero\src\Aero.Core\Aero.Core.csproj]
C:\Users\bbqch\proj\microbians\AeroCMS\Aero\src\Aero.Core\Helpers\AssemblyBindingHelper.cs(108,15): warning CS8618: Non-nullable property 'ShortName' must contain a non-null value when exiting constructor. Consider adding the 'required' modifier or declaring the property as nullable. [C:\Users\bbqch\proj\microbians\AeroCMS\Aero\src\Aero.Core\Aero.Core.csproj]
C:\Users\bbqch\proj\microbians\AeroCMS\Aero\src\Aero.Core\Helpers\AssemblyBindingHelper.cs(112,15): warning CS8618: Non-nullable property 'PublicKeyToken' must contain a non-null value when exiting constructor. Consider adding the 'required' modifier or declaring the property as nullable. [C:\Users\bbqch\proj\microbians\AeroCMS\Aero\src\Aero.Core\Aero.Core.csproj]
C:\Users\bbqch\proj\microbians\AeroCMS\Aero\src\Aero.Core\Helpers\AssemblyBindingHelper.cs(116,15): warning CS8618: Non-nullable property 'RedirectToVersion' must contain a non-null value when exiting constructor. Consider adding the 'required' modifier or declaring the property as nullable. [C:\Users\bbqch\proj\microbians\AeroCMS\Aero\src\Aero.Core\Aero.Core.csproj]
C:\Users\bbqch\proj\microbians\AeroCMS\Aero\src\Aero.Core\DataStructures\Trees\BTree.cs(108,27): warning CS8604: Possible null reference argument for parameter 'item' in 'void List<T>.Add(T item)'. [C:\Users\bbqch\proj\microbians\AeroCMS\Aero\src\Aero.Core\Aero.Core.csproj]
C:\Users\bbqch\proj\microbians\AeroCMS\Aero\src\Aero.Core\Secrets\EncryptingSecretManager.cs(20,25): warning CS8604: Possible null reference argument for parameter 'source' in 'IEnumerable<string> Enumerable.Select<string, string>(IEnumerable<string> source, Func<string, string> selector)'. [C:\Users\bbqch\proj\microbians\AeroCMS\Aero\src\Aero.Core\Aero.Core.csproj]
C:\Users\bbqch\proj\microbians\AeroCMS\Aero\src\Aero.Core\Workers\BackgroundServiceBase.cs(10,22): warning CS9113: Parameter 'sp' is unread. [C:\Users\bbqch\proj\microbians\AeroCMS\Aero\src\Aero.Core\Aero.Core.csproj]
C:\Users\bbqch\proj\microbians\AeroCMS\Aero\src\Aero.Core\Workers\BackgroundServiceBase.cs(11,36): warning CS9113: Parameter 'log' is unread. [C:\Users\bbqch\proj\microbians\AeroCMS\Aero\src\Aero.Core\Aero.Core.csproj]
C:\Users\bbqch\proj\microbians\AeroCMS\Aero\src\Aero.Core\Workers\BackgroundServiceBase.cs(12,20): warning CS9113: Parameter 'config' is unread. [C:\Users\bbqch\proj\microbians\AeroCMS\Aero\src\Aero.Core\Aero.Core.csproj]
C:\Users\bbqch\proj\microbians\AeroCMS\Aero\src\Aero.Core\Validation\Examples.cs(8,55): warning CS9113: Parameter 'errors' is unread. [C:\Users\bbqch\proj\microbians\AeroCMS\Aero\src\Aero.Core\Aero.Core.csproj]
C:\Users\bbqch\proj\microbians\AeroCMS\Aero\src\Aero.Core\DataStructures\Trees\BPlusTree.cs(225,20): warning CS8603: Possible null reference return. [C:\Users\bbqch\proj\microbians\AeroCMS\Aero\src\Aero.Core\Aero.Core.csproj]
C:\Users\bbqch\proj\microbians\AeroCMS\Aero\src\Aero.Core\DataStructures\Trees\BPlusTree.cs(238,16): warning CS8603: Possible null reference return. [C:\Users\bbqch\proj\microbians\AeroCMS\Aero\src\Aero.Core\Aero.Core.csproj]
C:\Users\bbqch\proj\microbians\AeroCMS\Aero\src\Aero.Core\Railway\ResultExtensions.cs(107,11): warning CS8509: The switch expression does not handle all possible values of its input type (it is not exhaustive). For example, the pattern '_' is not covered. [C:\Users\bbqch\proj\microbians\AeroCMS\Aero\src\Aero.Core\Aero.Core.csproj]
C:\Users\bbqch\proj\microbians\AeroCMS\Aero\src\Aero.Core\Railway\ResultExtensions.cs(139,11): warning CS8509: The switch expression does not handle all possible values of its input type (it is not exhaustive). For example, the pattern '_' is not covered. [C:\Users\bbqch\proj\microbians\AeroCMS\Aero\src\Aero.Core\Aero.Core.csproj]
C:\Users\bbqch\proj\microbians\AeroCMS\Aero\src\Aero.Core\Extensions\XmlDocumentExtension.cs(284,20): warning CS8600: Converting null literal or possible null value to non-nullable type. [C:\Users\bbqch\proj\microbians\AeroCMS\Aero\src\Aero.Core\Aero.Core.csproj]
C:\Users\bbqch\proj\microbians\AeroCMS\Aero\src\Aero.Core\Extensions\XmlDocumentExtension.cs(284,20): warning CS8603: Possible null reference return. [C:\Users\bbqch\proj\microbians\AeroCMS\Aero\src\Aero.Core\Aero.Core.csproj]
C:\Users\bbqch\proj\microbians\AeroCMS\Aero\src\Aero.Core\Railway\ResultExtensions.cs(182,11): warning CS8509: The switch expression does not handle all possible values of its input type (it is not exhaustive). For example, the pattern '_' is not covered. [C:\Users\bbqch\proj\microbians\AeroCMS\Aero\src\Aero.Core\Aero.Core.csproj]
C:\Users\bbqch\proj\microbians\AeroCMS\Aero\src\Aero.Core\DataStructures\Trees\IntervalTreeNode.cs(19,25): warning CS8618: Non-nullable property 'Left' must contain a non-null value when exiting constructor. Consider adding the 'required' modifier or declaring the property as nullable. [C:\Users\bbqch\proj\microbians\AeroCMS\Aero\src\Aero.Core\Aero.Core.csproj]
C:\Users\bbqch\proj\microbians\AeroCMS\Aero\src\Aero.Core\DataStructures\Trees\IntervalTreeNode.cs(23,25): warning CS8618: Non-nullable property 'Right' must contain a non-null value when exiting constructor. Consider adding the 'required' modifier or declaring the property as nullable. [C:\Users\bbqch\proj\microbians\AeroCMS\Aero\src\Aero.Core\Aero.Core.csproj]
C:\Users\bbqch\proj\microbians\AeroCMS\Aero\src\Aero.Core\Secrets\EncryptingSecretManager.cs(61,16): warning CS8603: Possible null reference return. [C:\Users\bbqch\proj\microbians\AeroCMS\Aero\src\Aero.Core\Aero.Core.csproj]
C:\Users\bbqch\proj\microbians\AeroCMS\Aero\src\Aero.Core\Extensions\XmlDocumentExtension.cs(299,20): warning CS8600: Converting null literal or possible null value to non-nullable type. [C:\Users\bbqch\proj\microbians\AeroCMS\Aero\src\Aero.Core\Aero.Core.csproj]
C:\Users\bbqch\proj\microbians\AeroCMS\Aero\src\Aero.Core\Extensions\XmlDocumentExtension.cs(299,20): warning CS8603: Possible null reference return. [C:\Users\bbqch\proj\microbians\AeroCMS\Aero\src\Aero.Core\Aero.Core.csproj]
C:\Users\bbqch\proj\microbians\AeroCMS\Aero\src\Aero.Core\Railway\ResultExtensions.cs(235,11): warning CS8509: The switch expression does not handle all possible values of its input type (it is not exhaustive). For example, the pattern '_' is not covered. [C:\Users\bbqch\proj\microbians\AeroCMS\Aero\src\Aero.Core\Aero.Core.csproj]
C:\Users\bbqch\proj\microbians\AeroCMS\Aero\src\Aero.Core\Extensions\XmlDocumentExtension.cs(314,20): warning CS8600: Converting null literal or possible null value to non-nullable type. [C:\Users\bbqch\proj\microbians\AeroCMS\Aero\src\Aero.Core\Aero.Core.csproj]
C:\Users\bbqch\proj\microbians\AeroCMS\Aero\src\Aero.Core\Extensions\XmlDocumentExtension.cs(314,20): warning CS8603: Possible null reference return. [C:\Users\bbqch\proj\microbians\AeroCMS\Aero\src\Aero.Core\Aero.Core.csproj]
C:\Users\bbqch\proj\microbians\AeroCMS\Aero\src\Aero.Core\DataStructures\Trees\KdTreeNode.cs(15,19): warning CS8618: Non-nullable property 'Left' must contain a non-null value when exiting constructor. Consider adding the 'required' modifier or declaring the property as nullable. [C:\Users\bbqch\proj\microbians\AeroCMS\Aero\src\Aero.Core\Aero.Core.csproj]
C:\Users\bbqch\proj\microbians\AeroCMS\Aero\src\Aero.Core\DataStructures\Trees\KdTreeNode.cs(19,19): warning CS8618: Non-nullable property 'Right' must contain a non-null value when exiting constructor. Consider adding the 'required' modifier or declaring the property as nullable. [C:\Users\bbqch\proj\microbians\AeroCMS\Aero\src\Aero.Core\Aero.Core.csproj]
C:\Users\bbqch\proj\microbians\AeroCMS\Aero\src\Aero.Core\Railway\ResultExtensions.cs(272,11): warning CS8509: The switch expression does not handle all possible values of its input type (it is not exhaustive). For example, the pattern '_' is not covered. [C:\Users\bbqch\proj\microbians\AeroCMS\Aero\src\Aero.Core\Aero.Core.csproj]
C:\Users\bbqch\proj\microbians\AeroCMS\Aero\src\Aero.Core\Railway\ResultExtensions.cs(324,11): warning CS8509: The switch expression does not handle all possible values of its input type (it is not exhaustive). For example, the pattern '_' is not covered. [C:\Users\bbqch\proj\microbians\AeroCMS\Aero\src\Aero.Core\Aero.Core.csproj]
C:\Users\bbqch\proj\microbians\AeroCMS\Aero\src\Aero.Core\Railway\ResultExtensions.cs(337,16): warning CS8509: The switch expression does not handle all possible values of its input type (it is not exhaustive). For example, the pattern '_' is not covered. [C:\Users\bbqch\proj\microbians\AeroCMS\Aero\src\Aero.Core\Aero.Core.csproj]
C:\Users\bbqch\proj\microbians\AeroCMS\Aero\src\Aero.Core\DataStructures\Trees\KdTree.cs(110,16): warning CS8603: Possible null reference return. [C:\Users\bbqch\proj\microbians\AeroCMS\Aero\src\Aero.Core\Aero.Core.csproj]
C:\Users\bbqch\proj\microbians\AeroCMS\Aero\src\Aero.Core\Railway\ResultExtensions.cs(385,11): warning CS8509: The switch expression does not handle all possible values of its input type (it is not exhaustive). For example, the pattern '_' is not covered. [C:\Users\bbqch\proj\microbians\AeroCMS\Aero\src\Aero.Core\Aero.Core.csproj]
C:\Users\bbqch\proj\microbians\AeroCMS\Aero\src\Aero.Core\Railway\ResultExtensions.cs(425,11): warning CS8509: The switch expression does not handle all possible values of its input type (it is not exhaustive). For example, the pattern '_' is not covered. [C:\Users\bbqch\proj\microbians\AeroCMS\Aero\src\Aero.Core\Aero.Core.csproj]
C:\Users\bbqch\proj\microbians\AeroCMS\Aero\src\Aero.Core\DataStructures\Trees\LsmTree.cs(99,16): warning CS8603: Possible null reference return. [C:\Users\bbqch\proj\microbians\AeroCMS\Aero\src\Aero.Core\Aero.Core.csproj]
C:\Users\bbqch\proj\microbians\AeroCMS\Aero\src\Aero.Core\Extensions\XmlDocumentExtension.cs(383,31): warning CS8604: Possible null reference argument for parameter 'node' in 'void XmlDocumentExtension.RemoveWhitespaceNodes(XmlNode node)'. [C:\Users\bbqch\proj\microbians\AeroCMS\Aero\src\Aero.Core\Aero.Core.csproj]
C:\Users\bbqch\proj\microbians\AeroCMS\Aero\src\Aero.Core\Railway\ResultExtensions.cs(461,11): warning CS8509: The switch expression does not handle all possible values of its input type (it is not exhaustive). For example, the pattern '_' is not covered. [C:\Users\bbqch\proj\microbians\AeroCMS\Aero\src\Aero.Core\Aero.Core.csproj]
C:\Users\bbqch\proj\microbians\AeroCMS\Aero\src\Aero.Core\Extensions\XmlDocumentExtension.cs(406,17): warning CS8602: Dereference of a possibly null reference. [C:\Users\bbqch\proj\microbians\AeroCMS\Aero\src\Aero.Core\Aero.Core.csproj]
C:\Users\bbqch\proj\microbians\AeroCMS\Aero\src\Aero.Core\DataStructures\Trees\KdTree.cs(145,34): warning CS8603: Possible null reference return. [C:\Users\bbqch\proj\microbians\AeroCMS\Aero\src\Aero.Core\Aero.Core.csproj]
C:\Users\bbqch\proj\microbians\AeroCMS\Aero\src\Aero.Core\DataStructures\Trees\KdTree.cs(164,63): warning CS8625: Cannot convert null literal to non-nullable reference type. [C:\Users\bbqch\proj\microbians\AeroCMS\Aero\src\Aero.Core\Aero.Core.csproj]
C:\Users\bbqch\proj\microbians\AeroCMS\Aero\src\Aero.Core\DataStructures\Trees\KdTree.cs(168,24): warning CS8603: Possible null reference return. [C:\Users\bbqch\proj\microbians\AeroCMS\Aero\src\Aero.Core\Aero.Core.csproj]
C:\Users\bbqch\proj\microbians\AeroCMS\Aero\src\Aero.Core\DataStructures\Trees\KdTree.cs(185,34): warning CS8603: Possible null reference return. [C:\Users\bbqch\proj\microbians\AeroCMS\Aero\src\Aero.Core\Aero.Core.csproj]
C:\Users\bbqch\proj\microbians\AeroCMS\Aero\src\Aero.Core\Extensions\XmlDocumentExtension.cs(437,16): warning CS8603: Possible null reference return. [C:\Users\bbqch\proj\microbians\AeroCMS\Aero\src\Aero.Core\Aero.Core.csproj]
C:\Users\bbqch\proj\microbians\AeroCMS\Aero\src\Aero.Core\DataStructures\Trees\IntervalTree.cs(11,25): warning CS8618: Non-nullable property 'Root' must contain a non-null value when exiting constructor. Consider adding the 'required' modifier or declaring the property as nullable. [C:\Users\bbqch\proj\microbians\AeroCMS\Aero\src\Aero.Core\Aero.Core.csproj]
C:\Users\bbqch\proj\microbians\AeroCMS\Aero\src\Aero.Core\DataStructures\Trees\KdTree.cs(227,16): warning CS8603: Possible null reference return. [C:\Users\bbqch\proj\microbians\AeroCMS\Aero\src\Aero.Core\Aero.Core.csproj]
C:\Users\bbqch\proj\microbians\AeroCMS\Aero\src\Aero.Core\Secrets\ShamirsSecretManager.cs(40,22): warning CS0618: 'SecretSplitter<BigInteger>.MakeShares(BigInteger, BigInteger, int)' is obsolete: 'Use MakeShares with out parameter secret instead' [C:\Users\bbqch\proj\microbians\AeroCMS\Aero\src\Aero.Core\Aero.Core.csproj]
C:\Users\bbqch\proj\microbians\AeroCMS\Aero\src\Aero.Core\Secrets\ShamirsSecretManager.cs(42,41): warning CS0618: 'Share<BigInteger>.X' is obsolete: 'Use 'Index' property instead.' [C:\Users\bbqch\proj\microbians\AeroCMS\Aero\src\Aero.Core\Aero.Core.csproj]
C:\Users\bbqch\proj\microbians\AeroCMS\Aero\src\Aero.Core\Secrets\ShamirsSecretManager.cs(43,32): warning CS0618: 'SecretReconstructor<BigInteger, IExtendedGcdAlgorithm<BigInteger>, ExtendedGcdResult<BigInteger>>.Reconstruction(Share<BigInteger>[])' is obsolete: 'Use Reconstruction(Shares<TNumber> shares) instead' [C:\Users\bbqch\proj\microbians\AeroCMS\Aero\src\Aero.Core\Aero.Core.csproj]
C:\Users\bbqch\proj\microbians\AeroCMS\Aero\src\Aero.Core\Secrets\ShamirsSecretManager.cs(44,42): warning CS0618: 'Share<BigInteger>.X' is obsolete: 'Use 'Index' property instead.' [C:\Users\bbqch\proj\microbians\AeroCMS\Aero\src\Aero.Core\Aero.Core.csproj]
C:\Users\bbqch\proj\microbians\AeroCMS\Aero\src\Aero.Core\Secrets\ShamirsSecretManager.cs(45,32): warning CS0618: 'SecretReconstructor<BigInteger, IExtendedGcdAlgorithm<BigInteger>, ExtendedGcdResult<BigInteger>>.Reconstruction(Share<BigInteger>[])' is obsolete: 'Use Reconstruction(Shares<TNumber> shares) instead' [C:\Users\bbqch\proj\microbians\AeroCMS\Aero\src\Aero.Core\Aero.Core.csproj]
C:\Users\bbqch\proj\microbians\AeroCMS\Aero\src\Aero.Core\Secrets\ShamirsSecretManager.cs(64,9): warning CS0162: Unreachable code detected [C:\Users\bbqch\proj\microbians\AeroCMS\Aero\src\Aero.Core\Aero.Core.csproj]
C:\Users\bbqch\proj\microbians\AeroCMS\Aero\src\Aero.Core\DataStructures\Trees\KdTree.cs(232,34): warning CS8603: Possible null reference return. [C:\Users\bbqch\proj\microbians\AeroCMS\Aero\src\Aero.Core\Aero.Core.csproj]
C:\Users\bbqch\proj\microbians\AeroCMS\Aero\src\Aero.Core\DataStructures\Trees\KdTree.cs(40,19): warning CS8618: Non-nullable property 'Root' must contain a non-null value when exiting constructor. Consider adding the 'required' modifier or declaring the property as nullable. [C:\Users\bbqch\proj\microbians\AeroCMS\Aero\src\Aero.Core\Aero.Core.csproj]
C:\Users\bbqch\proj\microbians\AeroCMS\Aero\src\Aero.Core\Railway\ResultExtensions.cs(499,11): warning CS8509: The switch expression does not handle all possible values of its input type (it is not exhaustive). For example, the pattern '_' is not covered. [C:\Users\bbqch\proj\microbians\AeroCMS\Aero\src\Aero.Core\Aero.Core.csproj]
C:\Users\bbqch\proj\microbians\AeroCMS\Aero\src\Aero.Core\DataStructures\Graphs\SimpleGraph.cs(424,76): warning CS8604: Possible null reference argument for parameter 'parent' in 'bool SimpleGraph<T>.HasCycleUndirectedDfs(T vertex, T parent, HashSet<T> visited)'. [C:\Users\bbqch\proj\microbians\AeroCMS\Aero\src\Aero.Core\Aero.Core.csproj]
C:\Users\bbqch\proj\microbians\AeroCMS\Aero\src\Aero.Core\DataStructures\Trees\RedBlackTree.cs(74,37): warning CS8604: Possible null reference argument for parameter 'node' in 'RedBlackTreeNode<T> RedBlackTree<T>.Node(ITreeNode<T> node)'. [C:\Users\bbqch\proj\microbians\AeroCMS\Aero\src\Aero.Core\Aero.Core.csproj]
C:\Users\bbqch\proj\microbians\AeroCMS\Aero\src\Aero.Core\DataStructures\Trees\RedBlackTree.cs(82,24): warning CS8603: Possible null reference return. [C:\Users\bbqch\proj\microbians\AeroCMS\Aero\src\Aero.Core\Aero.Core.csproj]
C:\Users\bbqch\proj\microbians\AeroCMS\Aero\src\Aero.Core\DataStructures\Trees\RedBlackTree.cs(90,40): warning CS8604: Possible null reference argument for parameter 'node' in 'RedBlackTreeNode<T> RedBlackTree<T>.Node(ITreeNode<T> node)'. [C:\Users\bbqch\proj\microbians\AeroCMS\Aero\src\Aero.Core\Aero.Core.csproj]
C:\Users\bbqch\proj\microbians\AeroCMS\Aero\src\Aero.Core\DataStructures\Trees\RedBlackTree.cs(96,42): warning CS8604: Possible null reference argument for parameter 'node' in 'RedBlackTreeNode<T> RedBlackTree<T>.Node(ITreeNode<T> node)'. [C:\Users\bbqch\proj\microbians\AeroCMS\Aero\src\Aero.Core\Aero.Core.csproj]
C:\Users\bbqch\proj\microbians\AeroCMS\Aero\src\Aero.Core\DataStructures\Trees\LsmTree.cs(210,24): warning CS8603: Possible null reference return. [C:\Users\bbqch\proj\microbians\AeroCMS\Aero\src\Aero.Core\Aero.Core.csproj]
C:\Users\bbqch\proj\microbians\AeroCMS\Aero\src\Aero.Core\DataStructures\Trees\LsmTree.cs(219,28): warning CS8603: Possible null reference return. [C:\Users\bbqch\proj\microbians\AeroCMS\Aero\src\Aero.Core\Aero.Core.csproj]
C:\Users\bbqch\proj\microbians\AeroCMS\Aero\src\Aero.Core\DataStructures\Trees\LsmTree.cs(223,20): warning CS8603: Possible null reference return. [C:\Users\bbqch\proj\microbians\AeroCMS\Aero\src\Aero.Core\Aero.Core.csproj]
C:\Users\bbqch\proj\microbians\AeroCMS\Aero\src\Aero.Core\DataStructures\Trees\RedBlackTree.cs(106,20): warning CS8603: Possible null reference return. [C:\Users\bbqch\proj\microbians\AeroCMS\Aero\src\Aero.Core\Aero.Core.csproj]
C:\Users\bbqch\proj\microbians\AeroCMS\Aero\src\Aero.Core\DataStructures\Trees\LsmTree.cs(235,16): warning CS8603: Possible null reference return. [C:\Users\bbqch\proj\microbians\AeroCMS\Aero\src\Aero.Core\Aero.Core.csproj]
C:\Users\bbqch\proj\microbians\AeroCMS\Aero\src\Aero.Core\Railway\OptionExtensions.cs(84,16): warning CS8509: The switch expression does not handle all possible values of its input type (it is not exhaustive). For example, the pattern '_' is not covered. [C:\Users\bbqch\proj\microbians\AeroCMS\Aero\src\Aero.Core\Aero.Core.csproj]
C:\Users\bbqch\proj\microbians\AeroCMS\Aero\src\Aero.Core\Railway\OptionExtensions.cs(121,16): warning CS8509: The switch expression does not handle all possible values of its input type (it is not exhaustive). For example, the pattern '_' is not covered. [C:\Users\bbqch\proj\microbians\AeroCMS\Aero\src\Aero.Core\Aero.Core.csproj]
C:\Users\bbqch\proj\microbians\AeroCMS\Aero\src\Aero.Core\Railway\OptionExtensions.cs(154,16): warning CS8509: The switch expression does not handle all possible values of its input type (it is not exhaustive). For example, the pattern '_' is not covered. [C:\Users\bbqch\proj\microbians\AeroCMS\Aero\src\Aero.Core\Aero.Core.csproj]
C:\Users\bbqch\proj\microbians\AeroCMS\Aero\src\Aero.Core\DataStructures\Trees\LsmTree.cs(252,57): warning CS8604: Possible null reference argument for parameter 'value' in 'LsmEntry<TKey, TValue>.LsmEntry(TKey key, TValue value, bool isTombstone, long timestamp)'. [C:\Users\bbqch\proj\microbians\AeroCMS\Aero\src\Aero.Core\Aero.Core.csproj]
C:\Users\bbqch\proj\microbians\AeroCMS\Aero\src\Aero.Core\Railway\OptionExtensions.cs(184,16): warning CS8509: The switch expression does not handle all possible values of its input type (it is not exhaustive). For example, the pattern '_' is not covered. [C:\Users\bbqch\proj\microbians\AeroCMS\Aero\src\Aero.Core\Aero.Core.csproj]
C:\Users\bbqch\proj\microbians\AeroCMS\Aero\src\Aero.Core\Railway\OptionExtensions.cs(229,16): warning CS8509: The switch expression does not handle all possible values of its input type (it is not exhaustive). For example, the pattern '_' is not covered. [C:\Users\bbqch\proj\microbians\AeroCMS\Aero\src\Aero.Core\Aero.Core.csproj]
C:\Users\bbqch\proj\microbians\AeroCMS\Aero\src\Aero.Core\Railway\Result.cs(105,33): warning CS8602: Dereference of a possibly null reference. [C:\Users\bbqch\proj\microbians\AeroCMS\Aero\src\Aero.Core\Aero.Core.csproj]
C:\Users\bbqch\proj\microbians\AeroCMS\Aero\src\Aero.Core\DataStructures\Trees\RTree.cs(43,30): warning CS8625: Cannot convert null literal to non-nullable reference type. [C:\Users\bbqch\proj\microbians\AeroCMS\Aero\src\Aero.Core\Aero.Core.csproj]
C:\Users\bbqch\proj\microbians\AeroCMS\Aero\src\Aero.Core\DataStructures\Trees\RedBlackTree.cs(185,16): warning CS8603: Possible null reference return. [C:\Users\bbqch\proj\microbians\AeroCMS\Aero\src\Aero.Core\Aero.Core.csproj]
C:\Users\bbqch\proj\microbians\AeroCMS\Aero\src\Aero.Core\Railway\OptionExtensions.cs(267,16): warning CS8509: The switch expression does not handle all possible values of its input type (it is not exhaustive). For example, the pattern '_' is not covered. [C:\Users\bbqch\proj\microbians\AeroCMS\Aero\src\Aero.Core\Aero.Core.csproj]
C:\Users\bbqch\proj\microbians\AeroCMS\Aero\src\Aero.Core\DataStructures\Trees\Persistence\Readers\NodeReader.cs(132,41): warning CS9191: The 'ref' modifier for argument 2 corresponding to 'in' parameter is equivalent to 'in'. Consider using 'in' instead. [C:\Users\bbqch\proj\microbians\AeroCMS\Aero\src\Aero.Core\Aero.Core.csproj]
C:\Users\bbqch\proj\microbians\AeroCMS\Aero\src\Aero.Core\Railway\OptionExtensions.cs(308,16): warning CS8509: The switch expression does not handle all possible values of its input type (it is not exhaustive). For example, the pattern '_' is not covered. [C:\Users\bbqch\proj\microbians\AeroCMS\Aero\src\Aero.Core\Aero.Core.csproj]
C:\Users\bbqch\proj\microbians\AeroCMS\Aero\src\Aero.Core\DataStructures\Trees\Persistence\Readers\NodeReader.cs(142,41): warning CS9191: The 'ref' modifier for argument 2 corresponding to 'in' parameter is equivalent to 'in'. Consider using 'in' instead. [C:\Users\bbqch\proj\microbians\AeroCMS\Aero\src\Aero.Core\Aero.Core.csproj]
C:\Users\bbqch\proj\microbians\AeroCMS\Aero\src\Aero.Core\Railway\OptionExtensions.cs(341,16): warning CS8509: The switch expression does not handle all possible values of its input type (it is not exhaustive). For example, the pattern '_' is not covered. [C:\Users\bbqch\proj\microbians\AeroCMS\Aero\src\Aero.Core\Aero.Core.csproj]
C:\Users\bbqch\proj\microbians\AeroCMS\Aero\src\Aero.Core\DataStructures\Trees\RTree.cs(67,31): warning CS8600: Converting null literal or possible null value to non-nullable type. [C:\Users\bbqch\proj\microbians\AeroCMS\Aero\src\Aero.Core\Aero.Core.csproj]
C:\Users\bbqch\proj\microbians\AeroCMS\Aero\src\Aero.Core\DataStructures\Trees\RTree.cs(85,27): warning CS8604: Possible null reference argument for parameter 'node' in 'RTreeNode RTree.ChooseLeaf(RTreeNode node, Point point)'. [C:\Users\bbqch\proj\microbians\AeroCMS\Aero\src\Aero.Core\Aero.Core.csproj]
C:\Users\bbqch\proj\microbians\AeroCMS\Aero\src\Aero.Core\Railway\OptionExtensions.cs(357,16): warning CS8509: The switch expression does not handle all possible values of its input type (it is not exhaustive). For example, the pattern '_' is not covered. [C:\Users\bbqch\proj\microbians\AeroCMS\Aero\src\Aero.Core\Aero.Core.csproj]
C:\Users\bbqch\proj\microbians\AeroCMS\Aero\src\Aero.Core\DataStructures\Trees\RedBlackTree.cs(11,28): warning CS8618: Non-nullable property 'Root' must contain a non-null value when exiting constructor. Consider adding the 'required' modifier or declaring the property as nullable. [C:\Users\bbqch\proj\microbians\AeroCMS\Aero\src\Aero.Core\Aero.Core.csproj]
C:\Users\bbqch\proj\microbians\AeroCMS\Aero\src\Aero.Core\DataStructures\Trees\Persistence\Serialization\PrimitiveSerializer.cs(34,46): warning CS9191: The 'ref' modifier for argument 2 corresponding to 'in' parameter is equivalent to 'in'. Consider using 'in' instead. [C:\Users\bbqch\proj\microbians\AeroCMS\Aero\src\Aero.Core\Aero.Core.csproj]
C:\Users\bbqch\proj\microbians\AeroCMS\Aero\src\Aero.Core\DataStructures\Trees\RTreeNode.cs(13,12): warning CS8618: Non-nullable property 'Mbr' must contain a non-null value when exiting constructor. Consider adding the 'required' modifier or declaring the property as nullable. [C:\Users\bbqch\proj\microbians\AeroCMS\Aero\src\Aero.Core\Aero.Core.csproj]
C:\Users\bbqch\proj\microbians\AeroCMS\Aero\src\Aero.Core\DataStructures\Trees\RTreeNode.cs(17,18): warning CS8618: Non-nullable property 'Parent' must contain a non-null value when exiting constructor. Consider adding the 'required' modifier or declaring the property as nullable. [C:\Users\bbqch\proj\microbians\AeroCMS\Aero\src\Aero.Core\Aero.Core.csproj]
C:\Users\bbqch\proj\microbians\AeroCMS\Aero\src\Aero.Core\DataStructures\Trees\SkipList.cs(184,16): warning CS8603: Possible null reference return. [C:\Users\bbqch\proj\microbians\AeroCMS\Aero\src\Aero.Core\Aero.Core.csproj]
C:\Users\bbqch\proj\microbians\AeroCMS\Aero\src\Aero.Core\DataStructures\Trees\RTree.cs(190,41): warning CS8625: Cannot convert null literal to non-nullable reference type. [C:\Users\bbqch\proj\microbians\AeroCMS\Aero\src\Aero.Core\Aero.Core.csproj]
C:\Users\bbqch\proj\microbians\AeroCMS\Aero\src\Aero.Core\DataStructures\Trees\RTree.cs(195,37): warning CS8625: Cannot convert null literal to non-nullable reference type. [C:\Users\bbqch\proj\microbians\AeroCMS\Aero\src\Aero.Core\Aero.Core.csproj]
C:\Users\bbqch\proj\microbians\AeroCMS\Aero\src\Aero.Core\DataStructures\Trees\SkipList.cs(216,16): warning CS8603: Possible null reference return. [C:\Users\bbqch\proj\microbians\AeroCMS\Aero\src\Aero.Core\Aero.Core.csproj]
C:\Users\bbqch\proj\microbians\AeroCMS\Aero\src\Aero.Core\DataStructures\Trees\SegmentTreeNode.cs(23,24): warning CS8618: Non-nullable property 'Left' must contain a non-null value when exiting constructor. Consider adding the 'required' modifier or declaring the property as nullable. [C:\Users\bbqch\proj\microbians\AeroCMS\Aero\src\Aero.Core\Aero.Core.csproj]
C:\Users\bbqch\proj\microbians\AeroCMS\Aero\src\Aero.Core\DataStructures\Trees\SegmentTreeNode.cs(27,24): warning CS8618: Non-nullable property 'Right' must contain a non-null value when exiting constructor. Consider adding the 'required' modifier or declaring the property as nullable. [C:\Users\bbqch\proj\microbians\AeroCMS\Aero\src\Aero.Core\Aero.Core.csproj]
C:\Users\bbqch\proj\microbians\AeroCMS\Aero\src\Aero.Core\DataStructures\Trees\SegmentTree.cs(56,20): warning CS8603: Possible null reference return. [C:\Users\bbqch\proj\microbians\AeroCMS\Aero\src\Aero.Core\Aero.Core.csproj]
C:\Users\bbqch\proj\microbians\AeroCMS\Aero\src\Aero.Core\DataStructures\Trees\SkipList.cs(237,16): warning CS8603: Possible null reference return. [C:\Users\bbqch\proj\microbians\AeroCMS\Aero\src\Aero.Core\Aero.Core.csproj]
C:\Users\bbqch\proj\microbians\AeroCMS\Aero\src\Aero.Core\DataStructures\Trees\RTree.cs(203,20): warning CS8603: Possible null reference return. [C:\Users\bbqch\proj\microbians\AeroCMS\Aero\src\Aero.Core\Aero.Core.csproj]
C:\Users\bbqch\proj\microbians\AeroCMS\Aero\src\Aero.Core\DataStructures\Trees\RTree.cs(214,16): warning CS8603: Possible null reference return. [C:\Users\bbqch\proj\microbians\AeroCMS\Aero\src\Aero.Core\Aero.Core.csproj]
C:\Users\bbqch\proj\microbians\AeroCMS\Aero\src\Aero.Core\DataStructures\Trees\SegmentTree.cs(163,20): warning CS8603: Possible null reference return. [C:\Users\bbqch\proj\microbians\AeroCMS\Aero\src\Aero.Core\Aero.Core.csproj]
C:\Users\bbqch\proj\microbians\AeroCMS\Aero\src\Aero.Core\DataStructures\Trees\Persistence\Serialization\BstNodeSerializer.cs(69,103): warning CS9191: The 'ref' modifier for argument 2 corresponding to 'in' parameter is equivalent to 'in'. Consider using 'in' instead. [C:\Users\bbqch\proj\microbians\AeroCMS\Aero\src\Aero.Core\Aero.Core.csproj]
C:\Users\bbqch\proj\microbians\AeroCMS\Aero\src\Aero.Core\DataStructures\Trees\Persistence\Storage\MemoryStorageBackend.cs(70,14): warning CS0219: The variable 'isReused' is assigned but its value is never used [C:\Users\bbqch\proj\microbians\AeroCMS\Aero\src\Aero.Core\Aero.Core.csproj]
C:\Users\bbqch\proj\microbians\AeroCMS\Aero\src\Aero.Core\DataStructures\Trees\RTree.cs(224,31): warning CS8625: Cannot convert null literal to non-nullable reference type. [C:\Users\bbqch\proj\microbians\AeroCMS\Aero\src\Aero.Core\Aero.Core.csproj]
C:\Users\bbqch\proj\microbians\AeroCMS\Aero\src\Aero.Core\DataStructures\Trees\Persistence\Wal\WalFile.cs(195,68): warning CS9191: The 'ref' modifier for argument 2 corresponding to 'in' parameter is equivalent to 'in'. Consider using 'in' instead. [C:\Users\bbqch\proj\microbians\AeroCMS\Aero\src\Aero.Core\Aero.Core.csproj]
C:\Users\bbqch\proj\microbians\AeroCMS\Aero\src\Aero.Core\DataStructures\Trees\Persistence\Wal\WalFile.cs(377,72): warning CS9191: The 'ref' modifier for argument 2 corresponding to 'in' parameter is equivalent to 'in'. Consider using 'in' instead. [C:\Users\bbqch\proj\microbians\AeroCMS\Aero\src\Aero.Core\Aero.Core.csproj]
C:\Users\bbqch\proj\microbians\AeroCMS\Aero\src\Aero.Core\DataStructures\Graphs\Hypergraph.cs(8,16): warning CS1710: XML comment has a duplicate typeparam tag for 'TVertex' [C:\Users\bbqch\proj\microbians\AeroCMS\Aero\src\Aero.Core\Aero.Core.csproj]
C:\Users\bbqch\proj\microbians\AeroCMS\Aero\src\Aero.Core\DataStructures\Graphs\Hypergraph.cs(59,34): warning CS1712: Type parameter 'THyperedgeId' has no matching typeparam tag in the XML comment on 'Hypergraph<TVertex, THyperedgeId>' (but other type parameters do) [C:\Users\bbqch\proj\microbians\AeroCMS\Aero\src\Aero.Core\Aero.Core.csproj]
C:\Users\bbqch\proj\microbians\AeroCMS\Aero\src\Aero.Core\DataStructures\Graphs\TemporalGraph.cs(372,22): warning CS1572: XML comment has a param tag for 'step', but there is no parameter by that name [C:\Users\bbqch\proj\microbians\AeroCMS\Aero\src\Aero.Core\Aero.Core.csproj]
C:\Users\bbqch\proj\microbians\AeroCMS\Aero\src\Aero.Core\DataStructures\Graphs\TemporalGraph.cs(375,45): warning CS1573: Parameter 'steps' has no matching param tag in the XML comment for 'TemporalGraph<TVertex, TEdgeId, TTime>.GetEvolution(TTime, TTime, int)' (but other parameters do) [C:\Users\bbqch\proj\microbians\AeroCMS\Aero\src\Aero.Core\Aero.Core.csproj]
C:\Users\bbqch\proj\microbians\AeroCMS\Aero\src\Aero.Core\DataStructures\Trees\BinaryHeap.cs(8,5): warning CS1591: Missing XML comment for publicly visible type or member 'HeapType.MinHeap' [C:\Users\bbqch\proj\microbians\AeroCMS\Aero\src\Aero.Core\Aero.Core.csproj]
C:\Users\bbqch\proj\microbians\AeroCMS\Aero\src\Aero.Core\DataStructures\Trees\BinaryHeap.cs(9,5): warning CS1591: Missing XML comment for publicly visible type or member 'HeapType.MaxHeap' [C:\Users\bbqch\proj\microbians\AeroCMS\Aero\src\Aero.Core\Aero.Core.csproj]
C:\Users\bbqch\proj\microbians\AeroCMS\Aero\src\Aero.Core\DataStructures\Trees\DfsSearch.cs(8,5): warning CS1591: Missing XML comment for publicly visible type or member 'DfsTraversalOrder.Preorder' [C:\Users\bbqch\proj\microbians\AeroCMS\Aero\src\Aero.Core\Aero.Core.csproj]
C:\Users\bbqch\proj\microbians\AeroCMS\Aero\src\Aero.Core\DataStructures\Trees\DfsSearch.cs(9,5): warning CS1591: Missing XML comment for publicly visible type or member 'DfsTraversalOrder.Inorder' [C:\Users\bbqch\proj\microbians\AeroCMS\Aero\src\Aero.Core\Aero.Core.csproj]
C:\Users\bbqch\proj\microbians\AeroCMS\Aero\src\Aero.Core\DataStructures\Trees\DfsSearch.cs(10,5): warning CS1591: Missing XML comment for publicly visible type or member 'DfsTraversalOrder.Postorder' [C:\Users\bbqch\proj\microbians\AeroCMS\Aero\src\Aero.Core\Aero.Core.csproj]
C:\Users\bbqch\proj\microbians\AeroCMS\Aero\src\Aero.Core\DataStructures\Trees\Persistence\Concurrency\CommitTable.cs(59,5): warning CS1591: Missing XML comment for publicly visible type or member 'CommitState.InProgress' [C:\Users\bbqch\proj\microbians\AeroCMS\Aero\src\Aero.Core\Aero.Core.csproj]
C:\Users\bbqch\proj\microbians\AeroCMS\Aero\src\Aero.Core\DataStructures\Trees\Persistence\Concurrency\CommitTable.cs(60,5): warning CS1591: Missing XML comment for publicly visible type or member 'CommitState.Committed' [C:\Users\bbqch\proj\microbians\AeroCMS\Aero\src\Aero.Core\Aero.Core.csproj]
C:\Users\bbqch\proj\microbians\AeroCMS\Aero\src\Aero.Core\DataStructures\Trees\Persistence\Concurrency\CommitTable.cs(61,5): warning CS1591: Missing XML comment for publicly visible type or member 'CommitState.Aborted' [C:\Users\bbqch\proj\microbians\AeroCMS\Aero\src\Aero.Core\Aero.Core.csproj]
C:\Users\bbqch\proj\microbians\AeroCMS\Aero\src\Aero.Core\DataStructures\Trees\Persistence\Concurrency\IsolationLevel.cs(8,5): warning CS1591: Missing XML comment for publicly visible type or member 'IsolationLevel.ReadCommitted' [C:\Users\bbqch\proj\microbians\AeroCMS\Aero\src\Aero.Core\Aero.Core.csproj]
C:\Users\bbqch\proj\microbians\AeroCMS\Aero\src\Aero.Core\DataStructures\Trees\Persistence\Concurrency\IsolationLevel.cs(9,5): warning CS1591: Missing XML comment for publicly visible type or member 'IsolationLevel.SnapshotMVCC' [C:\Users\bbqch\proj\microbians\AeroCMS\Aero\src\Aero.Core\Aero.Core.csproj]
C:\Users\bbqch\proj\microbians\AeroCMS\Aero\src\Aero.Core\DataStructures\Trees\Persistence\Concurrency\IsolationLevel.cs(10,5): warning CS1591: Missing XML comment for publicly visible type or member 'IsolationLevel.OptimisticOCC' [C:\Users\bbqch\proj\microbians\AeroCMS\Aero\src\Aero.Core\Aero.Core.csproj]
C:\Users\bbqch\proj\microbians\AeroCMS\Aero\src\Aero.Core\DataStructures\Trees\Persistence\Concurrency\IsolationLevel.cs(11,5): warning CS1591: Missing XML comment for publicly visible type or member 'IsolationLevel.Serializable' [C:\Users\bbqch\proj\microbians\AeroCMS\Aero\src\Aero.Core\Aero.Core.csproj]
C:\Users\bbqch\proj\microbians\AeroCMS\Aero\src\Aero.Core\DataStructures\Trees\Persistence\Format\ShutdownState.cs(8,5): warning CS1591: Missing XML comment for publicly visible type or member 'ShutdownState.Clean' [C:\Users\bbqch\proj\microbians\AeroCMS\Aero\src\Aero.Core\Aero.Core.csproj]
C:\Users\bbqch\proj\microbians\AeroCMS\Aero\src\Aero.Core\DataStructures\Trees\Persistence\Format\ShutdownState.cs(9,5): warning CS1591: Missing XML comment for publicly visible type or member 'ShutdownState.Dirty' [C:\Users\bbqch\proj\microbians\AeroCMS\Aero\src\Aero.Core\Aero.Core.csproj]
C:\Users\bbqch\proj\microbians\AeroCMS\Aero\src\Aero.Core\DataStructures\Trees\Persistence\Format\TypeCode.cs(8,5): warning CS1591: Missing XML comment for publicly visible type or member 'TypeCode.Int32' [C:\Users\bbqch\proj\microbians\AeroCMS\Aero\src\Aero.Core\Aero.Core.csproj]
C:\Users\bbqch\proj\microbians\AeroCMS\Aero\src\Aero.Core\DataStructures\Trees\Persistence\Format\TypeCode.cs(9,5): warning CS1591: Missing XML comment for publicly visible type or member 'TypeCode.Int64' [C:\Users\bbqch\proj\microbians\AeroCMS\Aero\src\Aero.Core\Aero.Core.csproj]
C:\Users\bbqch\proj\microbians\AeroCMS\Aero\src\Aero.Core\DataStructures\Trees\Persistence\Format\TypeCode.cs(10,5): warning CS1591: Missing XML comment for publicly visible type or member 'TypeCode.Guid' [C:\Users\bbqch\proj\microbians\AeroCMS\Aero\src\Aero.Core\Aero.Core.csproj]
C:\Users\bbqch\proj\microbians\AeroCMS\Aero\src\Aero.Core\DataStructures\Trees\Persistence\Format\TypeCode.cs(11,5): warning CS1591: Missing XML comment for publicly visible type or member 'TypeCode.Single' [C:\Users\bbqch\proj\microbians\AeroCMS\Aero\src\Aero.Core\Aero.Core.csproj]
C:\Users\bbqch\proj\microbians\AeroCMS\Aero\src\Aero.Core\DataStructures\Trees\Persistence\Format\TypeCode.cs(12,5): warning CS1591: Missing XML comment for publicly visible type or member 'TypeCode.Double' [C:\Users\bbqch\proj\microbians\AeroCMS\Aero\src\Aero.Core\Aero.Core.csproj]
C:\Users\bbqch\proj\microbians\AeroCMS\Aero\src\Aero.Core\DataStructures\Trees\Persistence\Format\TypeCode.cs(13,5): warning CS1591: Missing XML comment for publicly visible type or member 'TypeCode.StringKey32' [C:\Users\bbqch\proj\microbians\AeroCMS\Aero\src\Aero.Core\Aero.Core.csproj]
C:\Users\bbqch\proj\microbians\AeroCMS\Aero\src\Aero.Core\DataStructures\Trees\Persistence\Format\TypeCode.cs(14,5): warning CS1591: Missing XML comment for publicly visible type or member 'TypeCode.StringKey64' [C:\Users\bbqch\proj\microbians\AeroCMS\Aero\src\Aero.Core\Aero.Core.csproj]
C:\Users\bbqch\proj\microbians\AeroCMS\Aero\src\Aero.Core\DataStructures\Trees\Persistence\Format\TypeCode.cs(15,5): warning CS1591: Missing XML comment for publicly visible type or member 'TypeCode.StringKey128' [C:\Users\bbqch\proj\microbians\AeroCMS\Aero\src\Aero.Core\Aero.Core.csproj]
C:\Users\bbqch\proj\microbians\AeroCMS\Aero\src\Aero.Core\DataStructures\Trees\Persistence\Format\TypeCode.cs(16,5): warning CS1591: Missing XML comment for publicly visible type or member 'TypeCode.StringKey256' [C:\Users\bbqch\proj\microbians\AeroCMS\Aero\src\Aero.Core\Aero.Core.csproj]
C:\Users\bbqch\proj\microbians\AeroCMS\Aero\src\Aero.Core\DataStructures\Trees\Persistence\Indexes\IndexType.cs(8,5): warning CS1591: Missing XML comment for publicly visible type or member 'IndexType.Primary' [C:\Users\bbqch\proj\microbians\AeroCMS\Aero\src\Aero.Core\Aero.Core.csproj]
C:\Users\bbqch\proj\microbians\AeroCMS\Aero\src\Aero.Core\DataStructures\Trees\Persistence\Indexes\IndexType.cs(9,5): warning CS1591: Missing XML comment for publicly visible type or member 'IndexType.Secondary' [C:\Users\bbqch\proj\microbians\AeroCMS\Aero\src\Aero.Core\Aero.Core.csproj]
C:\Users\bbqch\proj\microbians\AeroCMS\Aero\src\Aero.Core\DataStructures\Trees\Persistence\Indexes\IndexType.cs(10,5): warning CS1591: Missing XML comment for publicly visible type or member 'IndexType.Unique' [C:\Users\bbqch\proj\microbians\AeroCMS\Aero\src\Aero.Core\Aero.Core.csproj]
C:\Users\bbqch\proj\microbians\AeroCMS\Aero\src\Aero.Core\DataStructures\Trees\Persistence\Indexes\IndexType.cs(11,5): warning CS1591: Missing XML comment for publicly visible type or member 'IndexType.Composite' [C:\Users\bbqch\proj\microbians\AeroCMS\Aero\src\Aero.Core\Aero.Core.csproj]
C:\Users\bbqch\proj\microbians\AeroCMS\Aero\src\Aero.Core\DataStructures\Trees\Persistence\Indexes\StringKeys.cs(11,27): warning CS1591: Missing XML comment for publicly visible type or member 'IStringKey<TSelf>.From(string)' [C:\Users\bbqch\proj\microbians\AeroCMS\Aero\src\Aero.Core\Aero.Core.csproj]
C:\Users\bbqch\proj\microbians\AeroCMS\Aero\src\Aero.Core\DataStructures\Trees\Persistence\Linq\DocumentQueryable.cs(15,54): warning CS1574: XML comment has cref attribute 'DocumentQueryable' that could not be resolved [C:\Users\bbqch\proj\microbians\AeroCMS\Aero\src\Aero.Core\Aero.Core.csproj]
C:\Users\bbqch\proj\microbians\AeroCMS\Aero\src\Aero.Core\DataStructures\Trees\Persistence\Wal\Lsn.cs(31,33): warning CS1591: Missing XML comment for publicly visible type or member 'Lsn.operator <(Lsn, Lsn)' [C:\Users\bbqch\proj\microbians\AeroCMS\Aero\src\Aero.Core\Aero.Core.csproj]
C:\Users\bbqch\proj\microbians\AeroCMS\Aero\src\Aero.Core\DataStructures\Trees\Persistence\Wal\Lsn.cs(32,33): warning CS1591: Missing XML comment for publicly visible type or member 'Lsn.operator >(Lsn, Lsn)' [C:\Users\bbqch\proj\microbians\AeroCMS\Aero\src\Aero.Core\Aero.Core.csproj]
C:\Users\bbqch\proj\microbians\AeroCMS\Aero\src\Aero.Core\DataStructures\Trees\Persistence\Wal\Lsn.cs(33,33): warning CS1591: Missing XML comment for publicly visible type or member 'Lsn.operator <=(Lsn, Lsn)' [C:\Users\bbqch\proj\microbians\AeroCMS\Aero\src\Aero.Core\Aero.Core.csproj]
C:\Users\bbqch\proj\microbians\AeroCMS\Aero\src\Aero.Core\DataStructures\Trees\Persistence\Wal\Lsn.cs(34,33): warning CS1591: Missing XML comment for publicly visible type or member 'Lsn.operator >=(Lsn, Lsn)' [C:\Users\bbqch\proj\microbians\AeroCMS\Aero\src\Aero.Core\Aero.Core.csproj]
C:\Users\bbqch\proj\microbians\AeroCMS\Aero\src\Aero.Core\DataStructures\Trees\Persistence\Wal\WalEntryType.cs(8,5): warning CS1591: Missing XML comment for publicly visible type or member 'WalEntryType.Begin' [C:\Users\bbqch\proj\microbians\AeroCMS\Aero\src\Aero.Core\Aero.Core.csproj]
C:\Users\bbqch\proj\microbians\AeroCMS\Aero\src\Aero.Core\DataStructures\Trees\Persistence\Wal\WalEntryType.cs(9,5): warning CS1591: Missing XML comment for publicly visible type or member 'WalEntryType.Write' [C:\Users\bbqch\proj\microbians\AeroCMS\Aero\src\Aero.Core\Aero.Core.csproj]
C:\Users\bbqch\proj\microbians\AeroCMS\Aero\src\Aero.Core\DataStructures\Trees\Persistence\Wal\WalEntryType.cs(10,5): warning CS1591: Missing XML comment for publicly visible type or member 'WalEntryType.Allocate' [C:\Users\bbqch\proj\microbians\AeroCMS\Aero\src\Aero.Core\Aero.Core.csproj]
C:\Users\bbqch\proj\microbians\AeroCMS\Aero\src\Aero.Core\DataStructures\Trees\Persistence\Wal\WalEntryType.cs(11,5): warning CS1591: Missing XML comment for publicly visible type or member 'WalEntryType.Free' [C:\Users\bbqch\proj\microbians\AeroCMS\Aero\src\Aero.Core\Aero.Core.csproj]
C:\Users\bbqch\proj\microbians\AeroCMS\Aero\src\Aero.Core\DataStructures\Trees\Persistence\Wal\WalEntryType.cs(12,5): warning CS1591: Missing XML comment for publicly visible type or member 'WalEntryType.Commit' [C:\Users\bbqch\proj\microbians\AeroCMS\Aero\src\Aero.Core\Aero.Core.csproj]
C:\Users\bbqch\proj\microbians\AeroCMS\Aero\src\Aero.Core\DataStructures\Trees\Persistence\Wal\WalEntryType.cs(13,5): warning CS1591: Missing XML comment for publicly visible type or member 'WalEntryType.Abort' [C:\Users\bbqch\proj\microbians\AeroCMS\Aero\src\Aero.Core\Aero.Core.csproj]
C:\Users\bbqch\proj\microbians\AeroCMS\Aero\src\Aero.Core\DataStructures\Trees\Persistence\Wal\WalEntryType.cs(14,5): warning CS1591: Missing XML comment for publicly visible type or member 'WalEntryType.Checkpoint' [C:\Users\bbqch\proj\microbians\AeroCMS\Aero\src\Aero.Core\Aero.Core.csproj]
C:\Users\bbqch\proj\microbians\AeroCMS\Aero\src\Aero.Core\DataStructures\Trees\Persistence\Wal\WalEntryType.cs(15,5): warning CS1591: Missing XML comment for publicly visible type or member 'WalEntryType.Clr' [C:\Users\bbqch\proj\microbians\AeroCMS\Aero\src\Aero.Core\Aero.Core.csproj]
C:\Users\bbqch\proj\microbians\AeroCMS\Aero\src\Aero.Core\DataStructures\Trees\RedBlackTreeNode.cs(8,5): warning CS1591: Missing XML comment for publicly visible type or member 'NodeColor.Red' [C:\Users\bbqch\proj\microbians\AeroCMS\Aero\src\Aero.Core\Aero.Core.csproj]
C:\Users\bbqch\proj\microbians\AeroCMS\Aero\src\Aero.Core\DataStructures\Trees\RedBlackTreeNode.cs(9,5): warning CS1591: Missing XML comment for publicly visible type or member 'NodeColor.Black' [C:\Users\bbqch\proj\microbians\AeroCMS\Aero\src\Aero.Core\Aero.Core.csproj]
C:\Users\bbqch\proj\microbians\AeroCMS\Aero\src\Aero.Core\Encryption\Aes256Encryptor.cs(35,18): warning CS1572: XML comment has a param tag for 'key', but there is no parameter by that name [C:\Users\bbqch\proj\microbians\AeroCMS\Aero\src\Aero.Core\Aero.Core.csproj]
C:\Users\bbqch\proj\microbians\AeroCMS\Aero\src\Aero.Core\Encryption\Aes256Encryptor.cs(36,18): warning CS1572: XML comment has a param tag for 'iv', but there is no parameter by that name [C:\Users\bbqch\proj\microbians\AeroCMS\Aero\src\Aero.Core\Aero.Core.csproj]
C:\Users\bbqch\proj\microbians\AeroCMS\Aero\src\Aero.Core\Encryption\Aes256Encryptor.cs(37,50): warning CS1573: Parameter 'settings' has no matching param tag in the XML comment for 'Aes256Encryptor.Aes256Encryptor(AesEncryptorOptions)' (but other parameters do) [C:\Users\bbqch\proj\microbians\AeroCMS\Aero\src\Aero.Core\Aero.Core.csproj]
C:\Users\bbqch\proj\microbians\AeroCMS\Aero\src\Aero.Core\ErrorCodes.cs(8,5): warning CS1591: Missing XML comment for publicly visible type or member 'ErrorCodes.InputNull' [C:\Users\bbqch\proj\microbians\AeroCMS\Aero\src\Aero.Core\Aero.Core.csproj]
C:\Users\bbqch\proj\microbians\AeroCMS\Aero\src\Aero.Core\ErrorCodes.cs(9,5): warning CS1591: Missing XML comment for publicly visible type or member 'ErrorCodes.InvalidEmail' [C:\Users\bbqch\proj\microbians\AeroCMS\Aero\src\Aero.Core\Aero.Core.csproj]
C:\Users\bbqch\proj\microbians\AeroCMS\Aero\src\Aero.Core\ErrorCodes.cs(10,5): warning CS1591: Missing XML comment for publicly visible type or member 'ErrorCodes.InvalidPassword' [C:\Users\bbqch\proj\microbians\AeroCMS\Aero\src\Aero.Core\Aero.Core.csproj]
C:\Users\bbqch\proj\microbians\AeroCMS\Aero\src\Aero.Core\ErrorCodes.cs(11,5): warning CS1591: Missing XML comment for publicly visible type or member 'ErrorCodes.InvalidToken' [C:\Users\bbqch\proj\microbians\AeroCMS\Aero\src\Aero.Core\Aero.Core.csproj]
C:\Users\bbqch\proj\microbians\AeroCMS\Aero\src\Aero.Core\ErrorCodes.cs(12,5): warning CS1591: Missing XML comment for publicly visible type or member 'ErrorCodes.InvalidCredentials' [C:\Users\bbqch\proj\microbians\AeroCMS\Aero\src\Aero.Core\Aero.Core.csproj]
C:\Users\bbqch\proj\microbians\AeroCMS\Aero\src\Aero.Core\ErrorCodes.cs(13,5): warning CS1591: Missing XML comment for publicly visible type or member 'ErrorCodes.UserNotFound' [C:\Users\bbqch\proj\microbians\AeroCMS\Aero\src\Aero.Core\Aero.Core.csproj]
C:\Users\bbqch\proj\microbians\AeroCMS\Aero\src\Aero.Core\ErrorCodes.cs(14,5): warning CS1591: Missing XML comment for publicly visible type or member 'ErrorCodes.UserAlreadyExists' [C:\Users\bbqch\proj\microbians\AeroCMS\Aero\src\Aero.Core\Aero.Core.csproj]
C:\Users\bbqch\proj\microbians\AeroCMS\Aero\src\Aero.Core\ErrorCodes.cs(15,5): warning CS1591: Missing XML comment for publicly visible type or member 'ErrorCodes.InvalidRole' [C:\Users\bbqch\proj\microbians\AeroCMS\Aero\src\Aero.Core\Aero.Core.csproj]
C:\Users\bbqch\proj\microbians\AeroCMS\Aero\src\Aero.Core\ErrorCodes.cs(16,5): warning CS1591: Missing XML comment for publicly visible type or member 'ErrorCodes.InvalidClaim' [C:\Users\bbqch\proj\microbians\AeroCMS\Aero\src\Aero.Core\Aero.Core.csproj]
C:\Users\bbqch\proj\microbians\AeroCMS\Aero\src\Aero.Core\ErrorCodes.cs(17,5): warning CS1591: Missing XML comment for publicly visible type or member 'ErrorCodes.InvalidIssuer' [C:\Users\bbqch\proj\microbians\AeroCMS\Aero\src\Aero.Core\Aero.Core.csproj]
C:\Users\bbqch\proj\microbians\AeroCMS\Aero\src\Aero.Core\ErrorCodes.cs(18,5): warning CS1591: Missing XML comment for publicly visible type or member 'ErrorCodes.InvalidAudience' [C:\Users\bbqch\proj\microbians\AeroCMS\Aero\src\Aero.Core\Aero.Core.csproj]
C:\Users\bbqch\proj\microbians\AeroCMS\Aero\src\Aero.Core\ErrorCodes.cs(19,5): warning CS1591: Missing XML comment for publicly visible type or member 'ErrorCodes.InvalidSecret' [C:\Users\bbqch\proj\microbians\AeroCMS\Aero\src\Aero.Core\Aero.Core.csproj]
C:\Users\bbqch\proj\microbians\AeroCMS\Aero\src\Aero.Core\ErrorCodes.cs(20,5): warning CS1591: Missing XML comment for publicly visible type or member 'ErrorCodes.InvalidExpiration' [C:\Users\bbqch\proj\microbians\AeroCMS\Aero\src\Aero.Core\Aero.Core.csproj]
C:\Users\bbqch\proj\microbians\AeroCMS\Aero\src\Aero.Core\ErrorCodes.cs(21,5): warning CS1591: Missing XML comment for publicly visible type or member 'ErrorCodes.InvalidAlgorithm' [C:\Users\bbqch\proj\microbians\AeroCMS\Aero\src\Aero.Core\Aero.Core.csproj]
C:\Users\bbqch\proj\microbians\AeroCMS\Aero\src\Aero.Core\ErrorCodes.cs(22,5): warning CS1591: Missing XML comment for publicly visible type or member 'ErrorCodes.InvalidTokenFormat' [C:\Users\bbqch\proj\microbians\AeroCMS\Aero\src\Aero.Core\Aero.Core.csproj]
C:\Users\bbqch\proj\microbians\AeroCMS\Aero\src\Aero.Core\ErrorCodes.cs(23,5): warning CS1591: Missing XML comment for publicly visible type or member 'ErrorCodes.InvalidTokenSignature' [C:\Users\bbqch\proj\microbians\AeroCMS\Aero\src\Aero.Core\Aero.Core.csproj]
C:\Users\bbqch\proj\microbians\AeroCMS\Aero\src\Aero.Core\ErrorCodes.cs(24,5): warning CS1591: Missing XML comment for publicly visible type or member 'ErrorCodes.InvalidTokenClaims' [C:\Users\bbqch\proj\microbians\AeroCMS\Aero\src\Aero.Core\Aero.Core.csproj]
C:\Users\bbqch\proj\microbians\AeroCMS\Aero\src\Aero.Core\ErrorCodes.cs(25,5): warning CS1591: Missing XML comment for publicly visible type or member 'ErrorCodes.InvalidTokenAudience' [C:\Users\bbqch\proj\microbians\AeroCMS\Aero\src\Aero.Core\Aero.Core.csproj]
C:\Users\bbqch\proj\microbians\AeroCMS\Aero\src\Aero.Core\ErrorCodes.cs(26,5): warning CS1591: Missing XML comment for publicly visible type or member 'ErrorCodes.InvalidTokenIssuer' [C:\Users\bbqch\proj\microbians\AeroCMS\Aero\src\Aero.Core\Aero.Core.csproj]
C:\Users\bbqch\proj\microbians\AeroCMS\Aero\src\Aero.Core\ErrorCodes.cs(27,5): warning CS1591: Missing XML comment for publicly visible type or member 'ErrorCodes.InvalidTokenExpiration' [C:\Users\bbqch\proj\microbians\AeroCMS\Aero\src\Aero.Core\Aero.Core.csproj]
C:\Users\bbqch\proj\microbians\AeroCMS\Aero\src\Aero.Core\ErrorCodes.cs(28,5): warning CS1591: Missing XML comment for publicly visible type or member 'ErrorCodes.InvalidTokenNotBefore' [C:\Users\bbqch\proj\microbians\AeroCMS\Aero\src\Aero.Core\Aero.Core.csproj]
C:\Users\bbqch\proj\microbians\AeroCMS\Aero\src\Aero.Core\ErrorCodes.cs(29,5): warning CS1591: Missing XML comment for publicly visible type or member 'ErrorCodes.InvalidTokenIssuedAt' [C:\Users\bbqch\proj\microbians\AeroCMS\Aero\src\Aero.Core\Aero.Core.csproj]
C:\Users\bbqch\proj\microbians\AeroCMS\Aero\src\Aero.Core\ErrorCodes.cs(30,5): warning CS1591: Missing XML comment for publicly visible type or member 'ErrorCodes.InvalidTokenSubject' [C:\Users\bbqch\proj\microbians\AeroCMS\Aero\src\Aero.Core\Aero.Core.csproj]
C:\Users\bbqch\proj\microbians\AeroCMS\Aero\src\Aero.Core\ErrorCodes.cs(31,5): warning CS1591: Missing XML comment for publicly visible type or member 'ErrorCodes.InvalidTokenId' [C:\Users\bbqch\proj\microbians\AeroCMS\Aero\src\Aero.Core\Aero.Core.csproj]
C:\Users\bbqch\proj\microbians\AeroCMS\Aero\src\Aero.Core\ErrorCodes.cs(32,5): warning CS1591: Missing XML comment for publicly visible type or member 'ErrorCodes.InvalidTokenType' [C:\Users\bbqch\proj\microbians\AeroCMS\Aero\src\Aero.Core\Aero.Core.csproj]
C:\Users\bbqch\proj\microbians\AeroCMS\Aero\src\Aero.Core\ErrorCodes.cs(33,5): warning CS1591: Missing XML comment for publicly visible type or member 'ErrorCodes.InvalidTokenAlgorithm' [C:\Users\bbqch\proj\microbians\AeroCMS\Aero\src\Aero.Core\Aero.Core.csproj]
C:\Users\bbqch\proj\microbians\AeroCMS\Aero\src\Aero.Core\ErrorCodes.cs(34,5): warning CS1591: Missing XML comment for publicly visible type or member 'ErrorCodes.InvalidTokenKey' [C:\Users\bbqch\proj\microbians\AeroCMS\Aero\src\Aero.Core\Aero.Core.csproj]
C:\Users\bbqch\proj\microbians\AeroCMS\Aero\src\Aero.Core\ErrorCodes.cs(35,5): warning CS1591: Missing XML comment for publicly visible type or member 'ErrorCodes.InvalidTokenLifetime' [C:\Users\bbqch\proj\microbians\AeroCMS\Aero\src\Aero.Core\Aero.Core.csproj]
C:\Users\bbqch\proj\microbians\AeroCMS\Aero\src\Aero.Core\ErrorCodes.cs(36,5): warning CS1591: Missing XML comment for publicly visible type or member 'ErrorCodes.InvalidTokenHeader' [C:\Users\bbqch\proj\microbians\AeroCMS\Aero\src\Aero.Core\Aero.Core.csproj]
C:\Users\bbqch\proj\microbians\AeroCMS\Aero\src\Aero.Core\ErrorCodes.cs(37,5): warning CS1591: Missing XML comment for publicly visible type or member 'ErrorCodes.InvalidTokenPayload' [C:\Users\bbqch\proj\microbians\AeroCMS\Aero\src\Aero.Core\Aero.Core.csproj]
C:\Users\bbqch\proj\microbians\AeroCMS\Aero\src\Aero.Core\ErrorCodes.cs(38,5): warning CS1591: Missing XML comment for publicly visible type or member 'ErrorCodes.InvalidTokenSignatureAlgorithm' [C:\Users\bbqch\proj\microbians\AeroCMS\Aero\src\Aero.Core\Aero.Core.csproj]
C:\Users\bbqch\proj\microbians\AeroCMS\Aero\src\Aero.Core\ErrorCodes.cs(39,5): warning CS1591: Missing XML comment for publicly visible type or member 'ErrorCodes.InvalidUsernameOrPassword' [C:\Users\bbqch\proj\microbians\AeroCMS\Aero\src\Aero.Core\Aero.Core.csproj]
C:\Users\bbqch\proj\microbians\AeroCMS\Aero\src\Aero.Core\Patterns\QueryInterfaces.cs(12,39): warning CS1711: XML comment has a typeparam tag for 'TResult', but there is no type parameter by that name [C:\Users\bbqch\proj\microbians\AeroCMS\Aero\src\Aero.Core\Aero.Core.csproj]
C:\Users\bbqch\proj\microbians\AeroCMS\Aero\src\Aero.Core\Patterns\QueryInterfaces.cs(22,29): warning CS1710: XML comment has a duplicate typeparam tag for 'TParam' [C:\Users\bbqch\proj\microbians\AeroCMS\Aero\src\Aero.Core\Aero.Core.csproj]
C:\Users\bbqch\proj\microbians\AeroCMS\Aero\src\Aero.Core\QueryableExtensions.cs(37,54): warning CS1574: XML comment has cref attribute 'PaginatedResult' that could not be resolved [C:\Users\bbqch\proj\microbians\AeroCMS\Aero\src\Aero.Core\Aero.Core.csproj]
C:\Users\bbqch\proj\microbians\AeroCMS\Aero\src\Aero.Core\QueryableExtensions.cs(41,54): warning CS1574: XML comment has cref attribute 'PaginatedResult' that could not be resolved [C:\Users\bbqch\proj\microbians\AeroCMS\Aero\src\Aero.Core\Aero.Core.csproj]
C:\Users\bbqch\proj\microbians\AeroCMS\Aero\src\Aero.Core\Railway\Prelude.cs(32,16): warning CS1574: XML comment has cref attribute 'Ok{TError, TValue}(TValue)' that could not be resolved [C:\Users\bbqch\proj\microbians\AeroCMS\Aero\src\Aero.Core\Aero.Core.csproj]
C:\Users\bbqch\proj\microbians\AeroCMS\Aero\src\Aero.Core\Railway\Prelude.cs(37,16): warning CS1574: XML comment has cref attribute 'Fail{TError, TValue}(TError)' that could not be resolved [C:\Users\bbqch\proj\microbians\AeroCMS\Aero\src\Aero.Core\Aero.Core.csproj]
C:\Users\bbqch\proj\microbians\AeroCMS\Aero\src\Aero.Core\SocialMediaType.cs(8,5): warning CS1591: Missing XML comment for publicly visible type or member 'SocialMediaType.Facebook' [C:\Users\bbqch\proj\microbians\AeroCMS\Aero\src\Aero.Core\Aero.Core.csproj]
C:\Users\bbqch\proj\microbians\AeroCMS\Aero\src\Aero.Core\SocialMediaType.cs(9,5): warning CS1591: Missing XML comment for publicly visible type or member 'SocialMediaType.Instagram' [C:\Users\bbqch\proj\microbians\AeroCMS\Aero\src\Aero.Core\Aero.Core.csproj]
C:\Users\bbqch\proj\microbians\AeroCMS\Aero\src\Aero.Core\SocialMediaType.cs(10,5): warning CS1591: Missing XML comment for publicly visible type or member 'SocialMediaType.Twitter' [C:\Users\bbqch\proj\microbians\AeroCMS\Aero\src\Aero.Core\Aero.Core.csproj]
C:\Users\bbqch\proj\microbians\AeroCMS\Aero\src\Aero.Core\SocialMediaType.cs(11,5): warning CS1591: Missing XML comment for publicly visible type or member 'SocialMediaType.Discord' [C:\Users\bbqch\proj\microbians\AeroCMS\Aero\src\Aero.Core\Aero.Core.csproj]
C:\Users\bbqch\proj\microbians\AeroCMS\Aero\src\Aero.Core\SocialMediaType.cs(12,5): warning CS1591: Missing XML comment for publicly visible type or member 'SocialMediaType.Telegram' [C:\Users\bbqch\proj\microbians\AeroCMS\Aero\src\Aero.Core\Aero.Core.csproj]
C:\Users\bbqch\proj\microbians\AeroCMS\Aero\src\Aero.Core\SocialMediaType.cs(13,5): warning CS1591: Missing XML comment for publicly visible type or member 'SocialMediaType.Github' [C:\Users\bbqch\proj\microbians\AeroCMS\Aero\src\Aero.Core\Aero.Core.csproj]
C:\Users\bbqch\proj\microbians\AeroCMS\Aero\src\Aero.Core\SocialMediaType.cs(14,5): warning CS1591: Missing XML comment for publicly visible type or member 'SocialMediaType.LinkedIn' [C:\Users\bbqch\proj\microbians\AeroCMS\Aero\src\Aero.Core\Aero.Core.csproj]
C:\Users\bbqch\proj\microbians\AeroCMS\Aero\src\Aero.Core\SocialMediaType.cs(15,5): warning CS1591: Missing XML comment for publicly visible type or member 'SocialMediaType.Website' [C:\Users\bbqch\proj\microbians\AeroCMS\Aero\src\Aero.Core\Aero.Core.csproj]
C:\Users\bbqch\proj\microbians\AeroCMS\Aero\src\Aero.Core\SocialMediaType.cs(16,5): warning CS1591: Missing XML comment for publicly visible type or member 'SocialMediaType.Unknown' [C:\Users\bbqch\proj\microbians\AeroCMS\Aero\src\Aero.Core\Aero.Core.csproj]
  Aero.Core -> C:\Users\bbqch\proj\microbians\AeroCMS\Aero\src\Aero.Core\bin\Debug\net10.0\Aero.Core.dll
C:\Users\bbqch\proj\microbians\AeroCMS\Aero\src\Aero.Models\Entities\AeroUser.cs(47,15): warning CS0108: 'IAeroUser<TKey>.CreatedBy' hides inherited member 'IEntity<TKey>.CreatedBy'. Use the new keyword if hiding was intended. [C:\Users\bbqch\proj\microbians\AeroCMS\Aero\src\Aero.Models\Aero.Models.csproj]
C:\Users\bbqch\proj\microbians\AeroCMS\Aero\src\Aero.Models\ContactUsModel.cs(11,15): warning CS8618: Non-nullable property 'Email' must contain a non-null value when exiting constructor. Consider adding the 'required' modifier or declaring the property as nullable. [C:\Users\bbqch\proj\microbians\AeroCMS\Aero\src\Aero.Models\Aero.Models.csproj]
C:\Users\bbqch\proj\microbians\AeroCMS\Aero\src\Aero.Models\ContactUsModel.cs(15,15): warning CS8618: Non-nullable property 'Name' must contain a non-null value when exiting constructor. Consider adding the 'required' modifier or declaring the property as nullable. [C:\Users\bbqch\proj\microbians\AeroCMS\Aero\src\Aero.Models\Aero.Models.csproj]
C:\Users\bbqch\proj\microbians\AeroCMS\Aero\src\Aero.Models\ContactUsModel.cs(19,15): warning CS8618: Non-nullable property 'Message' must contain a non-null value when exiting constructor. Consider adding the 'required' modifier or declaring the property as nullable. [C:\Users\bbqch\proj\microbians\AeroCMS\Aero\src\Aero.Models\Aero.Models.csproj]
C:\Users\bbqch\proj\microbians\AeroCMS\Aero\src\Aero.Models\AuthRegistrationRequest.cs(13,15): warning CS8618: Non-nullable property 'Email' must contain a non-null value when exiting constructor. Consider adding the 'required' modifier or declaring the property as nullable. [C:\Users\bbqch\proj\microbians\AeroCMS\Aero\src\Aero.Models\Aero.Models.csproj]
C:\Users\bbqch\proj\microbians\AeroCMS\Aero\src\Aero.Models\BaseResponse.cs(29,19): warning CS8618: Non-nullable property 'Message' must contain a non-null value when exiting constructor. Consider adding the 'required' modifier or declaring the property as nullable. [C:\Users\bbqch\proj\microbians\AeroCMS\Aero\src\Aero.Models\Aero.Models.csproj]
C:\Users\bbqch\proj\microbians\AeroCMS\Aero\src\Aero.Models\BaseResponse.cs(35,14): warning CS8618: Non-nullable property 'Data' must contain a non-null value when exiting constructor. Consider adding the 'required' modifier or declaring the property as nullable. [C:\Users\bbqch\proj\microbians\AeroCMS\Aero\src\Aero.Models\Aero.Models.csproj]
C:\Users\bbqch\proj\microbians\AeroCMS\Aero\src\Aero.Models\ViewModels\ServiceRequestResult.cs(15,18): warning CS8618: Non-nullable property 'Result' must contain a non-null value when exiting constructor. Consider adding the 'required' modifier or declaring the property as nullable. [C:\Users\bbqch\proj\microbians\AeroCMS\Aero\src\Aero.Models\Aero.Models.csproj]
C:\Users\bbqch\proj\microbians\AeroCMS\Aero\src\Aero.Models\BaseErrorResponse.cs(19,19): warning CS8618: Non-nullable property 'Field' must contain a non-null value when exiting constructor. Consider adding the 'required' modifier or declaring the property as nullable. [C:\Users\bbqch\proj\microbians\AeroCMS\Aero\src\Aero.Models\Aero.Models.csproj]
C:\Users\bbqch\proj\microbians\AeroCMS\Aero\src\Aero.Models\BaseErrorResponse.cs(24,19): warning CS8618: Non-nullable property 'Message' must contain a non-null value when exiting constructor. Consider adding the 'required' modifier or declaring the property as nullable. [C:\Users\bbqch\proj\microbians\AeroCMS\Aero\src\Aero.Models\Aero.Models.csproj]
C:\Users\bbqch\proj\microbians\AeroCMS\Aero\src\Aero.Models\BaseErrorResponse.cs(30,19): warning CS8618: Non-nullable property 'Details' must contain a non-null value when exiting constructor. Consider adding the 'required' modifier or declaring the property as nullable. [C:\Users\bbqch\proj\microbians\AeroCMS\Aero\src\Aero.Models\Aero.Models.csproj]
C:\Users\bbqch\proj\microbians\AeroCMS\Aero\src\Aero.Models\Entities\UserPasskeys.cs(19,15): warning CS8618: Non-nullable property 'CredentialId' must contain a non-null value when exiting constructor. Consider adding the 'required' modifier or declaring the property as nullable. [C:\Users\bbqch\proj\microbians\AeroCMS\Aero\src\Aero.Models\Aero.Models.csproj]
C:\Users\bbqch\proj\microbians\AeroCMS\Aero\src\Aero.Models\Entities\UserPasskeys.cs(23,15): warning CS8618: Non-nullable property 'PublicKey' must contain a non-null value when exiting constructor. Consider adding the 'required' modifier or declaring the property as nullable. [C:\Users\bbqch\proj\microbians\AeroCMS\Aero\src\Aero.Models\Aero.Models.csproj]
C:\Users\bbqch\proj\microbians\AeroCMS\Aero\src\Aero.Models\RefreshTokenModel.cs(12,19): warning CS8618: Non-nullable property 'Id' must contain a non-null value when exiting constructor. Consider adding the 'required' modifier or declaring the property as nullable. [C:\Users\bbqch\proj\microbians\AeroCMS\Aero\src\Aero.Models\Aero.Models.csproj]
C:\Users\bbqch\proj\microbians\AeroCMS\Aero\src\Aero.Models\RefreshTokenModel.cs(18,19): warning CS8618: Non-nullable property 'RefreshToken' must contain a non-null value when exiting constructor. Consider adding the 'required' modifier or declaring the property as nullable. [C:\Users\bbqch\proj\microbians\AeroCMS\Aero\src\Aero.Models\Aero.Models.csproj]
C:\Users\bbqch\proj\microbians\AeroCMS\Aero\src\Aero.Models\Entities\AddressModel.cs(16,19): warning CS8618: Non-nullable property 'UserId' must contain a non-null value when exiting constructor. Consider adding the 'required' modifier or declaring the property as nullable. [C:\Users\bbqch\proj\microbians\AeroCMS\Aero\src\Aero.Models\Aero.Models.csproj]
C:\Users\bbqch\proj\microbians\AeroCMS\Aero\src\Aero.Models\Entities\AddressModel.cs(22,19): warning CS8618: Non-nullable property 'AddressLine1' must contain a non-null value when exiting constructor. Consider adding the 'required' modifier or declaring the property as nullable. [C:\Users\bbqch\proj\microbians\AeroCMS\Aero\src\Aero.Models\Aero.Models.csproj]
C:\Users\bbqch\proj\microbians\AeroCMS\Aero\src\Aero.Models\Entities\AddressModel.cs(28,19): warning CS8618: Non-nullable property 'AddressLine2' must contain a non-null value when exiting constructor. Consider adding the 'required' modifier or declaring the property as nullable. [C:\Users\bbqch\proj\microbians\AeroCMS\Aero\src\Aero.Models\Aero.Models.csproj]
C:\Users\bbqch\proj\microbians\AeroCMS\Aero\src\Aero.Models\Entities\AddressModel.cs(34,19): warning CS8618: Non-nullable property 'AddressLine3' must contain a non-null value when exiting constructor. Consider adding the 'required' modifier or declaring the property as nullable. [C:\Users\bbqch\proj\microbians\AeroCMS\Aero\src\Aero.Models\Aero.Models.csproj]
C:\Users\bbqch\proj\microbians\AeroCMS\Aero\src\Aero.Models\Entities\AddressModel.cs(40,19): warning CS8618: Non-nullable property 'City' must contain a non-null value when exiting constructor. Consider adding the 'required' modifier or declaring the property as nullable. [C:\Users\bbqch\proj\microbians\AeroCMS\Aero\src\Aero.Models\Aero.Models.csproj]
C:\Users\bbqch\proj\microbians\AeroCMS\Aero\src\Aero.Models\Entities\AddressModel.cs(45,19): warning CS8618: Non-nullable property 'State' must contain a non-null value when exiting constructor. Consider adding the 'required' modifier or declaring the property as nullable. [C:\Users\bbqch\proj\microbians\AeroCMS\Aero\src\Aero.Models\Aero.Models.csproj]
C:\Users\bbqch\proj\microbians\AeroCMS\Aero\src\Aero.Models\Entities\AddressModel.cs(49,15): warning CS8618: Non-nullable property 'StateCode' must contain a non-null value when exiting constructor. Consider adding the 'required' modifier or declaring the property as nullable. [C:\Users\bbqch\proj\microbians\AeroCMS\Aero\src\Aero.Models\Aero.Models.csproj]
C:\Users\bbqch\proj\microbians\AeroCMS\Aero\src\Aero.Models\Entities\AddressModel.cs(54,19): warning CS8618: Non-nullable property 'Country' must contain a non-null value when exiting constructor. Consider adding the 'required' modifier or declaring the property as nullable. [C:\Users\bbqch\proj\microbians\AeroCMS\Aero\src\Aero.Models\Aero.Models.csproj]
C:\Users\bbqch\proj\microbians\AeroCMS\Aero\src\Aero.Models\Entities\AddressModel.cs(59,19): warning CS8618: Non-nullable property 'CountryCode' must contain a non-null value when exiting constructor. Consider adding the 'required' modifier or declaring the property as nullable. [C:\Users\bbqch\proj\microbians\AeroCMS\Aero\src\Aero.Models\Aero.Models.csproj]
C:\Users\bbqch\proj\microbians\AeroCMS\Aero\src\Aero.Models\Entities\AddressModel.cs(64,19): warning CS8618: Non-nullable property 'PostalCode' must contain a non-null value when exiting constructor. Consider adding the 'required' modifier or declaring the property as nullable. [C:\Users\bbqch\proj\microbians\AeroCMS\Aero\src\Aero.Models\Aero.Models.csproj]
C:\Users\bbqch\proj\microbians\AeroCMS\Aero\src\Aero.Models\RefreshTokenRequest.cs(12,19): warning CS8618: Non-nullable property 'AccessToken' must contain a non-null value when exiting constructor. Consider adding the 'required' modifier or declaring the property as nullable. [C:\Users\bbqch\proj\microbians\AeroCMS\Aero\src\Aero.Models\Aero.Models.csproj]
C:\Users\bbqch\proj\microbians\AeroCMS\Aero\src\Aero.Models\RefreshTokenRequest.cs(18,19): warning CS8618: Non-nullable property 'RefreshToken' must contain a non-null value when exiting constructor. Consider adding the 'required' modifier or declaring the property as nullable. [C:\Users\bbqch\proj\microbians\AeroCMS\Aero\src\Aero.Models\Aero.Models.csproj]
C:\Users\bbqch\proj\microbians\AeroCMS\Aero\src\Aero.Models\Entities\CountryModel.cs(16,19): warning CS8618: Non-nullable property 'FIPS' must contain a non-null value when exiting constructor. Consider adding the 'required' modifier or declaring the property as nullable. [C:\Users\bbqch\proj\microbians\AeroCMS\Aero\src\Aero.Models\Aero.Models.csproj]
C:\Users\bbqch\proj\microbians\AeroCMS\Aero\src\Aero.Models\Entities\CountryModel.cs(22,19): warning CS8618: Non-nullable property 'ISO' must contain a non-null value when exiting constructor. Consider adding the 'required' modifier or declaring the property as nullable. [C:\Users\bbqch\proj\microbians\AeroCMS\Aero\src\Aero.Models\Aero.Models.csproj]
C:\Users\bbqch\proj\microbians\AeroCMS\Aero\src\Aero.Models\Entities\CountryModel.cs(28,19): warning CS8618: Non-nullable property 'TLD' must contain a non-null value when exiting constructor. Consider adding the 'required' modifier or declaring the property as nullable. [C:\Users\bbqch\proj\microbians\AeroCMS\Aero\src\Aero.Models\Aero.Models.csproj]
C:\Users\bbqch\proj\microbians\AeroCMS\Aero\src\Aero.Models\Entities\CountryModel.cs(34,19): warning CS8618: Non-nullable property 'Name' must contain a non-null value when exiting constructor. Consider adding the 'required' modifier or declaring the property as nullable. [C:\Users\bbqch\proj\microbians\AeroCMS\Aero\src\Aero.Models\Aero.Models.csproj]
C:\Users\bbqch\proj\microbians\AeroCMS\Aero\src\Aero.Models\Entities\CityModel.cs(21,19): warning CS8618: Non-nullable property 'FIPS' must contain a non-null value when exiting constructor. Consider adding the 'required' modifier or declaring the property as nullable. [C:\Users\bbqch\proj\microbians\AeroCMS\Aero\src\Aero.Models\Aero.Models.csproj]
C:\Users\bbqch\proj\microbians\AeroCMS\Aero\src\Aero.Models\Entities\CityModel.cs(27,19): warning CS8618: Non-nullable property 'ISO' must contain a non-null value when exiting constructor. Consider adding the 'required' modifier or declaring the property as nullable. [C:\Users\bbqch\proj\microbians\AeroCMS\Aero\src\Aero.Models\Aero.Models.csproj]
C:\Users\bbqch\proj\microbians\AeroCMS\Aero\src\Aero.Models\Entities\CityModel.cs(33,19): warning CS8618: Non-nullable property 'Name' must contain a non-null value when exiting constructor. Consider adding the 'required' modifier or declaring the property as nullable. [C:\Users\bbqch\proj\microbians\AeroCMS\Aero\src\Aero.Models\Aero.Models.csproj]
C:\Users\bbqch\proj\microbians\AeroCMS\Aero\src\Aero.Models\Entities\AeroUserProfile.cs(19,8): warning CS8618: Non-nullable property 'Username' must contain a non-null value when exiting constructor. Consider adding the 'required' modifier or declaring the property as nullable. [C:\Users\bbqch\proj\microbians\AeroCMS\Aero\src\Aero.Models\Aero.Models.csproj]
C:\Users\bbqch\proj\microbians\AeroCMS\Aero\src\Aero.Models\Entities\AeroUserProfile.cs(19,8): warning CS8618: Non-nullable property 'Headline' must contain a non-null value when exiting constructor. Consider adding the 'required' modifier or declaring the property as nullable. [C:\Users\bbqch\proj\microbians\AeroCMS\Aero\src\Aero.Models\Aero.Models.csproj]
C:\Users\bbqch\proj\microbians\AeroCMS\Aero\src\Aero.Models\Entities\AeroUserProfile.cs(19,8): warning CS8618: Non-nullable property 'Location' must contain a non-null value when exiting constructor. Consider adding the 'required' modifier or declaring the property as nullable. [C:\Users\bbqch\proj\microbians\AeroCMS\Aero\src\Aero.Models\Aero.Models.csproj]
C:\Users\bbqch\proj\microbians\AeroCMS\Aero\src\Aero.Models\Entities\ApiAccountModel.cs(20,19): warning CS8618: Non-nullable property 'Email' must contain a non-null value when exiting constructor. Consider adding the 'required' modifier or declaring the property as nullable. [C:\Users\bbqch\proj\microbians\AeroCMS\Aero\src\Aero.Models\Aero.Models.csproj]
C:\Users\bbqch\proj\microbians\AeroCMS\Aero\src\Aero.Models\Entities\ApiAccountModel.cs(29,19): warning CS8618: Non-nullable property 'RefreshToken' must contain a non-null value when exiting constructor. Consider adding the 'required' modifier or declaring the property as nullable. [C:\Users\bbqch\proj\microbians\AeroCMS\Aero\src\Aero.Models\Aero.Models.csproj]
C:\Users\bbqch\proj\microbians\AeroCMS\Aero\src\Aero.Models\UserSettingsModel.cs(13,15): warning CS8618: Non-nullable property 'UserId' must contain a non-null value when exiting constructor. Consider adding the 'required' modifier or declaring the property as nullable. [C:\Users\bbqch\proj\microbians\AeroCMS\Aero\src\Aero.Models\Aero.Models.csproj]
C:\Users\bbqch\proj\microbians\AeroCMS\Aero\src\Aero.Models\UserSettingsModel.cs(17,15): warning CS8618: Non-nullable property 'Stuff' must contain a non-null value when exiting constructor. Consider adding the 'required' modifier or declaring the property as nullable. [C:\Users\bbqch\proj\microbians\AeroCMS\Aero\src\Aero.Models\Aero.Models.csproj]
C:\Users\bbqch\proj\microbians\AeroCMS\Aero\src\Aero.Models\Entities\StateModel.cs(19,19): warning CS8618: Non-nullable property 'Name' must contain a non-null value when exiting constructor. Consider adding the 'required' modifier or declaring the property as nullable. [C:\Users\bbqch\proj\microbians\AeroCMS\Aero\src\Aero.Models\Aero.Models.csproj]
C:\Users\bbqch\proj\microbians\AeroCMS\Aero\src\Aero.Models\Entities\StateModel.cs(24,19): warning CS8618: Non-nullable property 'Abbr' must contain a non-null value when exiting constructor. Consider adding the 'required' modifier or declaring the property as nullable. [C:\Users\bbqch\proj\microbians\AeroCMS\Aero\src\Aero.Models\Aero.Models.csproj]
C:\Users\bbqch\proj\microbians\AeroCMS\Aero\src\Aero.Models\Entities\AeroUser.cs(162,11): warning CS8618: Non-nullable property 'FirstName' must contain a non-null value when exiting constructor. Consider adding the 'required' modifier or declaring the property as nullable. [C:\Users\bbqch\proj\microbians\AeroCMS\Aero\src\Aero.Models\Aero.Models.csproj]
C:\Users\bbqch\proj\microbians\AeroCMS\Aero\src\Aero.Models\Entities\AeroUser.cs(162,11): warning CS8618: Non-nullable property 'MiddleName' must contain a non-null value when exiting constructor. Consider adding the 'required' modifier or declaring the property as nullable. [C:\Users\bbqch\proj\microbians\AeroCMS\Aero\src\Aero.Models\Aero.Models.csproj]
C:\Users\bbqch\proj\microbians\AeroCMS\Aero\src\Aero.Models\Entities\AeroUser.cs(162,11): warning CS8618: Non-nullable property 'LastName' must contain a non-null value when exiting constructor. Consider adding the 'required' modifier or declaring the property as nullable. [C:\Users\bbqch\proj\microbians\AeroCMS\Aero\src\Aero.Models\Aero.Models.csproj]
C:\Users\bbqch\proj\microbians\AeroCMS\Aero\src\Aero.Models\Entities\AeroUser.cs(162,11): warning CS8618: Non-nullable property 'CreatedBy' must contain a non-null value when exiting constructor. Consider adding the 'required' modifier or declaring the property as nullable. [C:\Users\bbqch\proj\microbians\AeroCMS\Aero\src\Aero.Models\Aero.Models.csproj]
C:\Users\bbqch\proj\microbians\AeroCMS\Aero\src\Aero.Models\Entities\AeroUser.cs(162,11): warning CS8618: Non-nullable property 'ProfilePictureDataUrl' must contain a non-null value when exiting constructor. Consider adding the 'required' modifier or declaring the property as nullable. [C:\Users\bbqch\proj\microbians\AeroCMS\Aero\src\Aero.Models\Aero.Models.csproj]
C:\Users\bbqch\proj\microbians\AeroCMS\Aero\src\Aero.Models\Entities\AeroUser.cs(162,11): warning CS8618: Non-nullable property 'ModifiedBy' must contain a non-null value when exiting constructor. Consider adding the 'required' modifier or declaring the property as nullable. [C:\Users\bbqch\proj\microbians\AeroCMS\Aero\src\Aero.Models\Aero.Models.csproj]
C:\Users\bbqch\proj\microbians\AeroCMS\Aero\src\Aero.Models\Entities\AeroUser.cs(162,11): warning CS8618: Non-nullable property 'RefreshToken' must contain a non-null value when exiting constructor. Consider adding the 'required' modifier or declaring the property as nullable. [C:\Users\bbqch\proj\microbians\AeroCMS\Aero\src\Aero.Models\Aero.Models.csproj]
C:\Users\bbqch\proj\microbians\AeroCMS\Aero\src\Aero.Models\Entities\AeroUser.cs(162,11): warning CS8618: Non-nullable property 'UserHandle' must contain a non-null value when exiting constructor. Consider adding the 'required' modifier or declaring the property as nullable. [C:\Users\bbqch\proj\microbians\AeroCMS\Aero\src\Aero.Models\Aero.Models.csproj]
C:\Users\bbqch\proj\microbians\AeroCMS\Aero\src\Aero.Models\Entities\AeroUser.cs(162,11): warning CS8618: Non-nullable property 'UserProfileId' must contain a non-null value when exiting constructor. Consider adding the 'required' modifier or declaring the property as nullable. [C:\Users\bbqch\proj\microbians\AeroCMS\Aero\src\Aero.Models\Aero.Models.csproj]
C:\Users\bbqch\proj\microbians\AeroCMS\Aero\src\Aero.Models\UserProfileUpdateRequest.cs(18,19): warning CS8618: Non-nullable property 'Name' must contain a non-null value when exiting constructor. Consider adding the 'required' modifier or declaring the property as nullable. [C:\Users\bbqch\proj\microbians\AeroCMS\Aero\src\Aero.Models\Aero.Models.csproj]
C:\Users\bbqch\proj\microbians\AeroCMS\Aero\src\Aero.Models\UserProfileUpdateRequest.cs(24,19): warning CS8618: Non-nullable property 'Website' must contain a non-null value when exiting constructor. Consider adding the 'required' modifier or declaring the property as nullable. [C:\Users\bbqch\proj\microbians\AeroCMS\Aero\src\Aero.Models\Aero.Models.csproj]
C:\Users\bbqch\proj\microbians\AeroCMS\Aero\src\Aero.Models\UserProfileUpdateRequest.cs(42,19): warning CS8618: Non-nullable property 'Tagline' must contain a non-null value when exiting constructor. Consider adding the 'required' modifier or declaring the property as nullable. [C:\Users\bbqch\proj\microbians\AeroCMS\Aero\src\Aero.Models\Aero.Models.csproj]
C:\Users\bbqch\proj\microbians\AeroCMS\Aero\src\Aero.Models\UserProfileUpdateRequest.cs(48,19): warning CS8618: Non-nullable property 'Location' must contain a non-null value when exiting constructor. Consider adding the 'required' modifier or declaring the property as nullable. [C:\Users\bbqch\proj\microbians\AeroCMS\Aero\src\Aero.Models\Aero.Models.csproj]
C:\Users\bbqch\proj\microbians\AeroCMS\Aero\src\Aero.Models\UserProfileUpdateRequest.cs(54,19): warning CS8618: Non-nullable property 'Bio' must contain a non-null value when exiting constructor. Consider adding the 'required' modifier or declaring the property as nullable. [C:\Users\bbqch\proj\microbians\AeroCMS\Aero\src\Aero.Models\Aero.Models.csproj]
C:\Users\bbqch\proj\microbians\AeroCMS\Aero\src\Aero.Models\ViewModels\RegistrationRequestModel.cs(14,19): warning CS8618: Non-nullable property 'Username' must contain a non-null value when exiting constructor. Consider adding the 'required' modifier or declaring the property as nullable. [C:\Users\bbqch\proj\microbians\AeroCMS\Aero\src\Aero.Models\Aero.Models.csproj]
C:\Users\bbqch\proj\microbians\AeroCMS\Aero\src\Aero.Models\ViewModels\RegistrationRequestModel.cs(20,19): warning CS8618: Non-nullable property 'Email' must contain a non-null value when exiting constructor. Consider adding the 'required' modifier or declaring the property as nullable. [C:\Users\bbqch\proj\microbians\AeroCMS\Aero\src\Aero.Models\Aero.Models.csproj]
C:\Users\bbqch\proj\microbians\AeroCMS\Aero\src\Aero.Models\ViewModels\RegistrationRequestModel.cs(26,19): warning CS8618: Non-nullable property 'Firstname' must contain a non-null value when exiting constructor. Consider adding the 'required' modifier or declaring the property as nullable. [C:\Users\bbqch\proj\microbians\AeroCMS\Aero\src\Aero.Models\Aero.Models.csproj]
C:\Users\bbqch\proj\microbians\AeroCMS\Aero\src\Aero.Models\ViewModels\RegistrationRequestModel.cs(32,19): warning CS8618: Non-nullable property 'Lastname' must contain a non-null value when exiting constructor. Consider adding the 'required' modifier or declaring the property as nullable. [C:\Users\bbqch\proj\microbians\AeroCMS\Aero\src\Aero.Models\Aero.Models.csproj]
C:\Users\bbqch\proj\microbians\AeroCMS\Aero\src\Aero.Models\ViewModels\RegistrationRequestModel.cs(38,19): warning CS8618: Non-nullable property 'Password' must contain a non-null value when exiting constructor. Consider adding the 'required' modifier or declaring the property as nullable. [C:\Users\bbqch\proj\microbians\AeroCMS\Aero\src\Aero.Models\Aero.Models.csproj]
C:\Users\bbqch\proj\microbians\AeroCMS\Aero\src\Aero.Models\ViewModels\RegistrationRequestModel.cs(44,19): warning CS8618: Non-nullable property 'ConfirmedPassword' must contain a non-null value when exiting constructor. Consider adding the 'required' modifier or declaring the property as nullable. [C:\Users\bbqch\proj\microbians\AeroCMS\Aero\src\Aero.Models\Aero.Models.csproj]
C:\Users\bbqch\proj\microbians\AeroCMS\Aero\src\Aero.Models\ViewModels\RegistrationRequestModel.cs(58,19): warning CS8618: Non-nullable property 'MobileNumber' must contain a non-null value when exiting constructor. Consider adding the 'required' modifier or declaring the property as nullable. [C:\Users\bbqch\proj\microbians\AeroCMS\Aero\src\Aero.Models\Aero.Models.csproj]
C:\Users\bbqch\proj\microbians\AeroCMS\Aero\src\Aero.Models\ViewModels\RegistrationRequestModel.cs(64,19): warning CS8618: Non-nullable property 'PostalCode' must contain a non-null value when exiting constructor. Consider adding the 'required' modifier or declaring the property as nullable. [C:\Users\bbqch\proj\microbians\AeroCMS\Aero\src\Aero.Models\Aero.Models.csproj]
C:\Users\bbqch\proj\microbians\AeroCMS\Aero\src\Aero.Models\ViewModels\RegistrationRequestModel.cs(70,19): warning CS8618: Non-nullable property 'Country' must contain a non-null value when exiting constructor. Consider adding the 'required' modifier or declaring the property as nullable. [C:\Users\bbqch\proj\microbians\AeroCMS\Aero\src\Aero.Models\Aero.Models.csproj]
C:\Users\bbqch\proj\microbians\AeroCMS\Aero\src\Aero.Models\ViewModels\RegistrationRequestModel.cs(82,19): warning CS8618: Non-nullable property 'Address' must contain a non-null value when exiting constructor. Consider adding the 'required' modifier or declaring the property as nullable. [C:\Users\bbqch\proj\microbians\AeroCMS\Aero\src\Aero.Models\Aero.Models.csproj]
C:\Users\bbqch\proj\microbians\AeroCMS\Aero\src\Aero.Events\AeroEventHandlerBase.cs(13,74): warning CS9113: Parameter 'log' is unread. [C:\Users\bbqch\proj\microbians\AeroCMS\Aero\src\Aero.Events\Aero.Events.csproj]
  Aero.Models -> C:\Users\bbqch\proj\microbians\AeroCMS\Aero\src\Aero.Models\bin\Debug\net10.0\Aero.Models.dll
  Aero.Events -> C:\Users\bbqch\proj\microbians\AeroCMS\Aero\src\Aero.Events\bin\Debug\net10.0\Aero.Events.dll
C:\Users\bbqch\proj\microbians\AeroCMS\AeroDB\src\AeroDB.Sable\Events\LambdaUpcaster.cs(12,54): warning CS1574: XML comment has cref attribute 'LambdaUpcaster' that could not be resolved [C:\Users\bbqch\proj\microbians\AeroCMS\AeroDB\src\AeroDB.Sable\AeroDB.Sable.csproj]
C:\Users\bbqch\proj\microbians\AeroCMS\AeroDB\src\AeroDB.Sable\ISurrealDbQueryable.cs(298,54): warning CS1574: XML comment has cref attribute 'SurrealDbQueryable' that could not be resolved [C:\Users\bbqch\proj\microbians\AeroCMS\AeroDB\src\AeroDB.Sable\AeroDB.Sable.csproj]
C:\Users\bbqch\proj\microbians\AeroCMS\AeroDB\src\AeroDB.Sable\ISurrealDbQueryable.cs(308,54): warning CS1574: XML comment has cref attribute 'SurrealDbQueryable' that could not be resolved [C:\Users\bbqch\proj\microbians\AeroCMS\AeroDB\src\AeroDB.Sable\AeroDB.Sable.csproj]
C:\Users\bbqch\proj\microbians\AeroCMS\AeroDB\src\AeroDB.Sable\ISurrealDbQueryable.cs(663,54): warning CS1574: XML comment has cref attribute 'LinkedSurrealDbQueryableBase' that could not be resolved [C:\Users\bbqch\proj\microbians\AeroCMS\AeroDB\src\AeroDB.Sable\AeroDB.Sable.csproj]
C:\Users\bbqch\proj\microbians\AeroCMS\AeroDB\src\AeroDB.Sable\ISurrealDbQueryable.cs(814,54): warning CS1574: XML comment has cref attribute 'LinkedSurrealDbQueryable' that could not be resolved [C:\Users\bbqch\proj\microbians\AeroCMS\AeroDB\src\AeroDB.Sable\AeroDB.Sable.csproj]
C:\Users\bbqch\proj\microbians\AeroCMS\AeroDB\src\AeroDB.Sable\ISurrealDbQueryable.cs(852,54): warning CS1574: XML comment has cref attribute 'LinkedSurrealDbQueryable' that could not be resolved [C:\Users\bbqch\proj\microbians\AeroCMS\AeroDB\src\AeroDB.Sable\AeroDB.Sable.csproj]
C:\Users\bbqch\proj\microbians\AeroCMS\AeroDB\src\AeroDB.Sable\ISurrealDbQueryable.cs(891,54): warning CS1574: XML comment has cref attribute 'LinkedSurrealDbQueryable' that could not be resolved [C:\Users\bbqch\proj\microbians\AeroCMS\AeroDB\src\AeroDB.Sable\AeroDB.Sable.csproj]
C:\Users\bbqch\proj\microbians\AeroCMS\AeroDB\src\AeroDB.Sable\ISurrealDbQueryable.cs(912,54): warning CS1574: XML comment has cref attribute 'IncludableSurrealDbQueryable' that could not be resolved [C:\Users\bbqch\proj\microbians\AeroCMS\AeroDB\src\AeroDB.Sable\AeroDB.Sable.csproj]
C:\Users\bbqch\proj\microbians\AeroCMS\AeroDB\src\AeroDB.Sable\LiveQuery\SurrealLiveQueryBuilder.cs(25,54): warning CS1574: XML comment has cref attribute 'SurrealLiveQueryBuilder' that could not be resolved [C:\Users\bbqch\proj\microbians\AeroCMS\AeroDB\src\AeroDB.Sable\AeroDB.Sable.csproj]
C:\Users\bbqch\proj\microbians\AeroCMS\AeroDB\src\AeroDB.Sable\Patching\FilteredPatchExpression.cs(22,54): warning CS1574: XML comment has cref attribute 'FilteredPatchExpression' that could not be resolved [C:\Users\bbqch\proj\microbians\AeroCMS\AeroDB\src\AeroDB.Sable\AeroDB.Sable.csproj]
C:\Users\bbqch\proj\microbians\AeroCMS\AeroDB\src\AeroDB.Sable\Projections\InlineProjection.cs(39,54): warning CS1574: XML comment has cref attribute 'InlineProjection' that could not be resolved [C:\Users\bbqch\proj\microbians\AeroCMS\AeroDB\src\AeroDB.Sable\AeroDB.Sable.csproj]
C:\Users\bbqch\proj\microbians\AeroCMS\AeroDB\src\AeroDB.Sable\Projections\LegacyLiveQueryAdapter.cs(18,54): warning CS1574: XML comment has cref attribute 'LegacyLiveQueryAdapter' that could not be resolved [C:\Users\bbqch\proj\microbians\AeroCMS\AeroDB\src\AeroDB.Sable\AeroDB.Sable.csproj]
C:\Users\bbqch\proj\microbians\AeroCMS\AeroDB\src\AeroDB.Sable\Schema\DocumentPolicies.cs(49,58): warning CS1574: XML comment has cref attribute 'TypedLambdaPolicy' that could not be resolved [C:\Users\bbqch\proj\microbians\AeroCMS\AeroDB\src\AeroDB.Sable\AeroDB.Sable.csproj]
C:\Users\bbqch\proj\microbians\AeroCMS\AeroDB\src\AeroDB.Sable\SurrealAsyncQueryExtensions.cs(141,58): warning CS1574: XML comment has cref attribute 'DeletedBeforeQueryable' that could not be resolved [C:\Users\bbqch\proj\microbians\AeroCMS\AeroDB\src\AeroDB.Sable\AeroDB.Sable.csproj]
  Aero.Cms.SourceGenerators -> C:\Users\bbqch\proj\microbians\AeroCMS\src\Aero.Cms.SourceGenerators\bin\Debug\netstandard2.0\Aero.Cms.SourceGenerators.dll
C:\Users\bbqch\proj\microbians\AeroCMS\Aero\src\Aero.Modular\IAeroModule.cs(80,22): warning CS1572: XML comment has a param tag for 'endpoints', but there is no parameter by that name [C:\Users\bbqch\proj\microbians\AeroCMS\Aero\src\Aero.Modular\Aero.Modular.csproj]
C:\Users\bbqch\proj\microbians\AeroCMS\Aero\src\Aero.Modular\IAeroModule.cs(80,44): warning CS1574: XML comment has cref attribute 'IEndpointRouteBuilder' that could not be resolved [C:\Users\bbqch\proj\microbians\AeroCMS\Aero\src\Aero.Modular\Aero.Modular.csproj]
C:\Users\bbqch\proj\microbians\AeroCMS\Aero\src\Aero.Modular\IAeroModule.cs(81,31): warning CS1573: Parameter 'sp' has no matching param tag in the XML comment for 'IAeroModule.Run(IServiceProvider)' (but other parameters do) [C:\Users\bbqch\proj\microbians\AeroCMS\Aero\src\Aero.Modular\Aero.Modular.csproj]
C:\Users\bbqch\proj\microbians\AeroCMS\Aero\src\Aero.Modular\IAeroModule.cs(85,22): warning CS1572: XML comment has a param tag for 'endpoints', but there is no parameter by that name [C:\Users\bbqch\proj\microbians\AeroCMS\Aero\src\Aero.Modular\Aero.Modular.csproj]
C:\Users\bbqch\proj\microbians\AeroCMS\Aero\src\Aero.Modular\IAeroModule.cs(85,44): warning CS1574: XML comment has cref attribute 'IEndpointRouteBuilder' that could not be resolved [C:\Users\bbqch\proj\microbians\AeroCMS\Aero\src\Aero.Modular\Aero.Modular.csproj]
C:\Users\bbqch\proj\microbians\AeroCMS\Aero\src\Aero.Modular\IAeroModule.cs(87,36): warning CS1573: Parameter 'sp' has no matching param tag in the XML comment for 'IAeroModule.RunAsync(IServiceProvider)' (but other parameters do) [C:\Users\bbqch\proj\microbians\AeroCMS\Aero\src\Aero.Modular\Aero.Modular.csproj]
C:\Users\bbqch\proj\microbians\AeroCMS\Aero\src\Aero.Modular\IModuleBuilder.cs(95,44): warning CS1574: XML comment has cref attribute 'IConfigureAeroDB' that could not be resolved [C:\Users\bbqch\proj\microbians\AeroCMS\Aero\src\Aero.Modular\Aero.Modular.csproj]
C:\Users\bbqch\proj\microbians\AeroCMS\Aero\src\Aero.Modular\ModuleAttribute.cs(6,16): warning CS1574: XML comment has cref attribute 'ModuleManifestGenerator' that could not be resolved [C:\Users\bbqch\proj\microbians\AeroCMS\Aero\src\Aero.Modular\Aero.Modular.csproj]
C:\Users\bbqch\proj\microbians\AeroCMS\Aero\src\Aero.Modular\ModuleManifestProviderAttribute.cs(4,67): warning CS1574: XML comment has cref attribute 'ModuleManifestGenerator' that could not be resolved [C:\Users\bbqch\proj\microbians\AeroCMS\Aero\src\Aero.Modular\Aero.Modular.csproj]
C:\Users\bbqch\proj\microbians\AeroCMS\Aero\src\Aero.Modular\ModuleManifestProviderAttribute.cs(6,25): warning CS1574: XML comment has cref attribute 'HostModuleCatalogGenerator' that could not be resolved [C:\Users\bbqch\proj\microbians\AeroCMS\Aero\src\Aero.Modular\Aero.Modular.csproj]
C:\Users\bbqch\proj\microbians\AeroCMS\Aero\src\Aero.Modular\WolverineHandlersRegistrationAttribute.cs(4,67): warning CS1574: XML comment has cref attribute 'WolverineHandlerGenerator' that could not be resolved [C:\Users\bbqch\proj\microbians\AeroCMS\Aero\src\Aero.Modular\Aero.Modular.csproj]
  AeroDB.Sable -> C:\Users\bbqch\proj\microbians\AeroCMS\AeroDB\src\AeroDB.Sable\bin\Debug\net10.0\AeroDB.Sable.dll
C:\Users\bbqch\proj\microbians\AeroCMS\Aero\src\Aero.Auth\Aero.Auth.csproj : warning NU1903: Package 'Newtonsoft.Json' 10.0.2 has a known high severity vulnerability, https://github.com/advisories/GHSA-5crp-9r3c-p9vr
C:\Users\bbqch\proj\microbians\AeroCMS\Aero\src\Aero.Models\Aero.Models.csproj : warning NU1903: Package 'Newtonsoft.Json' 10.0.2 has a known high severity vulnerability, https://github.com/advisories/GHSA-5crp-9r3c-p9vr
C:\Users\bbqch\proj\microbians\AeroCMS\Aero\src\Aero.Caching\Aero.Caching.csproj : warning NU1903: Package 'Newtonsoft.Json' 10.0.2 has a known high severity vulnerability, https://github.com/advisories/GHSA-5crp-9r3c-p9vr
C:\Users\bbqch\proj\microbians\AeroCMS\Aero\src\Aero.Marten\Aero.Marten.csproj : warning NU1903: Package 'Newtonsoft.Json' 10.0.2 has a known high severity vulnerability, https://github.com/advisories/GHSA-5crp-9r3c-p9vr
C:\Users\bbqch\proj\microbians\AeroCMS\Aero\src\Aero.Modular\Aero.Modular.csproj : warning NU1903: Package 'Newtonsoft.Json' 10.0.2 has a known high severity vulnerability, https://github.com/advisories/GHSA-5crp-9r3c-p9vr
C:\Users\bbqch\proj\microbians\AeroCMS\src\Aero.Cms.Contracts\Aero.Cms.Contracts.csproj : warning NU1903: Package 'Newtonsoft.Json' 10.0.2 has a known high severity vulnerability, https://github.com/advisories/GHSA-5crp-9r3c-p9vr
C:\Users\bbqch\proj\microbians\AeroCMS\src\Aero.Cms.Contracts\obj\Debug\net10.0\Aero.Cms.SourceGenerators\Aero.Cms.SourceGenerators.EmbeddedAttributesGenerator\LegacyReflectionDiscoveryAttribute.g.cs(20,18): warning CS8669: The annotation for nullable reference types should only be used in code within a '#nullable' annotations context. Auto-generated code requires an explicit '#nullable' directive in source. [C:\Users\bbqch\proj\microbians\AeroCMS\src\Aero.Cms.Contracts\Aero.Cms.Contracts.csproj]
C:\Users\bbqch\proj\microbians\AeroCMS\src\Aero.Cms.Contracts\Abstractions\IAdminStorage.cs(5,44): warning CS1574: XML comment has cref attribute 'ILocalStorageService' that could not be resolved [C:\Users\bbqch\proj\microbians\AeroCMS\src\Aero.Cms.Contracts\Aero.Cms.Contracts.csproj]
C:\Users\bbqch\proj\microbians\AeroCMS\Aero\src\Aero.Core\Aero.Core.csproj : warning NU1903: Package 'Newtonsoft.Json' 10.0.2 has a known high severity vulnerability, https://github.com/advisories/GHSA-5crp-9r3c-p9vr
C:\Users\bbqch\proj\microbians\AeroCMS\Aero\src\Aero.EfCore\Aero.EfCore.csproj : warning NU1903: Package 'Newtonsoft.Json' 10.0.2 has a known high severity vulnerability, https://github.com/advisories/GHSA-5crp-9r3c-p9vr
  Aero.Modular -> C:\Users\bbqch\proj\microbians\AeroCMS\Aero\src\Aero.Modular\bin\Debug\net10.0\Aero.Modular.dll
C:\Users\bbqch\proj\microbians\AeroCMS\Aero\src\Aero.Secrets\Models\SecretProviderType.cs(8,5): warning CS1591: Missing XML comment for publicly visible type or member 'SecretProviderType.Unknown' [C:\Users\bbqch\proj\microbians\AeroCMS\Aero\src\Aero.Secrets\Aero.Secrets.csproj]
C:\Users\bbqch\proj\microbians\AeroCMS\Aero\src\Aero.Secrets\Models\SecretProviderType.cs(9,5): warning CS1591: Missing XML comment for publicly visible type or member 'SecretProviderType.Local' [C:\Users\bbqch\proj\microbians\AeroCMS\Aero\src\Aero.Secrets\Aero.Secrets.csproj]
C:\Users\bbqch\proj\microbians\AeroCMS\Aero\src\Aero.Secrets\Models\SecretProviderType.cs(10,5): warning CS1591: Missing XML comment for publicly visible type or member 'SecretProviderType.Infisical' [C:\Users\bbqch\proj\microbians\AeroCMS\Aero\src\Aero.Secrets\Aero.Secrets.csproj]
  Aero.Cms.Contracts -> C:\Users\bbqch\proj\microbians\AeroCMS\src\Aero.Cms.Contracts\bin\Debug\net10.0\Aero.Cms.Contracts.dll
C:\Users\bbqch\proj\microbians\AeroCMS\Aero\src\Aero.Validators\Extensions\NotEmptyGuid.cs(33,24): warning CS8618: Non-nullable property 'Name' must contain a non-null value when exiting constructor. Consider adding the 'required' modifier or declaring the property as nullable. [C:\Users\bbqch\proj\microbians\AeroCMS\Aero\src\Aero.Validators\Aero.Validators.csproj]
C:\Users\bbqch\proj\microbians\AeroCMS\Aero\src\Aero.Validators\Extensions\NotNullOrEmpty.cs(22,24): warning CS8618: Non-nullable property 'Name' must contain a non-null value when exiting constructor. Consider adding the 'required' modifier or declaring the property as nullable. [C:\Users\bbqch\proj\microbians\AeroCMS\Aero\src\Aero.Validators\Aero.Validators.csproj]
  Aero.Secrets -> C:\Users\bbqch\proj\microbians\AeroCMS\Aero\src\Aero.Secrets\bin\Debug\net10.0\Aero.Secrets.dll
  Aero.Actors -> C:\Users\bbqch\proj\microbians\AeroCMS\Aero\src\Aero.Actors\bin\Debug\net10.0\Aero.Actors.dll
C:\Users\bbqch\proj\microbians\AeroCMS\Aero\src\Aero.Social\Providers\LinkedInPageProvider.cs(788,19): warning CS0108: 'LinkedInPageProvider.LinkedInTokenResponse' hides inherited member 'LinkedInProvider.LinkedInTokenResponse'. Use the new keyword if hiding was intended. [C:\Users\bbqch\proj\microbians\AeroCMS\Aero\src\Aero.Social\Aero.Social.csproj]
C:\Users\bbqch\proj\microbians\AeroCMS\Aero\src\Aero.Social\Providers\LinkedInPageProvider.cs(815,19): warning CS0108: 'LinkedInPageProvider.LinkedInUploadResponse' hides inherited member 'LinkedInProvider.LinkedInUploadResponse'. Use the new keyword if hiding was intended. [C:\Users\bbqch\proj\microbians\AeroCMS\Aero\src\Aero.Social\Aero.Social.csproj]
C:\Users\bbqch\proj\microbians\AeroCMS\Aero\src\Aero.Social\Providers\LinkedInPageProvider.cs(824,19): warning CS0108: 'LinkedInPageProvider.LinkedInUploadValue' hides inherited member 'LinkedInProvider.LinkedInUploadValue'. Use the new keyword if hiding was intended. [C:\Users\bbqch\proj\microbians\AeroCMS\Aero\src\Aero.Social\Aero.Social.csproj]
C:\Users\bbqch\proj\microbians\AeroCMS\Aero\src\Aero.Social\Providers\LinkedInPageProvider.cs(839,19): warning CS0108: 'LinkedInPageProvider.LinkedInCommentResponse' hides inherited member 'LinkedInProvider.LinkedInCommentResponse'. Use the new keyword if hiding was intended. [C:\Users\bbqch\proj\microbians\AeroCMS\Aero\src\Aero.Social\Aero.Social.csproj]
C:\Users\bbqch\proj\microbians\AeroCMS\Aero\src\Aero.Social\Providers\DiscordProvider.cs(24,54): warning CS9124: Parameter 'IConfiguration configuration' is captured into the state of the enclosing type and its value is also used to initialize a field, property, or event. [C:\Users\bbqch\proj\microbians\AeroCMS\Aero\src\Aero.Social\Aero.Social.csproj]
C:\Users\bbqch\proj\microbians\AeroCMS\Aero\src\Aero.Social\Providers\HashnodeProvider.cs(18,20): warning CS9113: Parameter 'configuration' is unread. [C:\Users\bbqch\proj\microbians\AeroCMS\Aero\src\Aero.Social\Aero.Social.csproj]
C:\Users\bbqch\proj\microbians\AeroCMS\Aero\src\Aero.Social\Providers\FarcasterProvider.cs(93,18): warning CS8601: Possible null reference assignment. [C:\Users\bbqch\proj\microbians\AeroCMS\Aero\src\Aero.Social\Aero.Social.csproj]
C:\Users\bbqch\proj\microbians\AeroCMS\Aero\src\Aero.Social\Providers\FacebookProvider.cs(202,22): warning CS8620: Argument of type 'Task<Result<FetchPageInformationResult?, AeroError>>' cannot be used for parameter 'task' of type 'Task<Result<FetchPageInformationResult, AeroError>>' in 'Task<Result<AuthTokenDetails?, AeroError>> FunctionalExtensions.MapAsync<FetchPageInformationResult, AeroError, AuthTokenDetails?>(Task<Result<FetchPageInformationResult, AeroError>> task, Func<FetchPageInformationResult, Task<AuthTokenDetails?>> map)' due to differences in the nullability of reference types. [C:\Users\bbqch\proj\microbians\AeroCMS\Aero\src\Aero.Social\Aero.Social.csproj]
C:\Users\bbqch\proj\microbians\AeroCMS\Aero\src\Aero.Social\Providers\ThreadsProvider.cs(233,66): warning CS8601: Possible null reference assignment. [C:\Users\bbqch\proj\microbians\AeroCMS\Aero\src\Aero.Social\Aero.Social.csproj]
C:\Users\bbqch\proj\microbians\AeroCMS\Aero\src\Aero.Social\Providers\PinterestProvider.cs(324,87): warning CS8601: Possible null reference assignment. [C:\Users\bbqch\proj\microbians\AeroCMS\Aero\src\Aero.Social\Aero.Social.csproj]
C:\Users\bbqch\proj\microbians\AeroCMS\Aero\src\Aero.Social\Providers\PinterestProvider.cs(327,87): warning CS8601: Possible null reference assignment. [C:\Users\bbqch\proj\microbians\AeroCMS\Aero\src\Aero.Social\Aero.Social.csproj]
C:\Users\bbqch\proj\microbians\AeroCMS\Aero\src\Aero.Social\Providers\PinterestProvider.cs(330,87): warning CS8601: Possible null reference assignment. [C:\Users\bbqch\proj\microbians\AeroCMS\Aero\src\Aero.Social\Aero.Social.csproj]
C:\Users\bbqch\proj\microbians\AeroCMS\Aero\src\Aero.Social\Providers\PinterestProvider.cs(333,87): warning CS8601: Possible null reference assignment. [C:\Users\bbqch\proj\microbians\AeroCMS\Aero\src\Aero.Social\Aero.Social.csproj]
C:\Users\bbqch\proj\microbians\AeroCMS\Aero\src\Aero.Social\Providers\PinterestProvider.cs(336,87): warning CS8601: Possible null reference assignment. [C:\Users\bbqch\proj\microbians\AeroCMS\Aero\src\Aero.Social\Aero.Social.csproj]
C:\Users\bbqch\proj\microbians\AeroCMS\Aero\src\Aero.Social\Providers\LinkedInPageProvider.cs(272,50): warning CS8603: Possible null reference return. [C:\Users\bbqch\proj\microbians\AeroCMS\Aero\src\Aero.Social\Aero.Social.csproj]
C:\Users\bbqch\proj\microbians\AeroCMS\Aero\src\Aero.Social\Providers\RedditProvider.cs(245,27): warning CS8600: Converting null literal or possible null value to non-nullable type. [C:\Users\bbqch\proj\microbians\AeroCMS\Aero\src\Aero.Social\Aero.Social.csproj]
C:\Users\bbqch\proj\microbians\AeroCMS\Aero\src\Aero.Social\Providers\RedditProvider.cs(260,30): warning CS8601: Possible null reference assignment. [C:\Users\bbqch\proj\microbians\AeroCMS\Aero\src\Aero.Social\Aero.Social.csproj]
C:\Users\bbqch\proj\microbians\AeroCMS\Aero\src\Aero.Social\Providers\LemmyProvider.cs(344,77): warning CS8603: Possible null reference return. [C:\Users\bbqch\proj\microbians\AeroCMS\Aero\src\Aero.Social\Aero.Social.csproj]
C:\Users\bbqch\proj\microbians\AeroCMS\Aero\src\Aero.Social\Providers\LemmyProvider.cs(348,16): warning CS8603: Possible null reference return. [C:\Users\bbqch\proj\microbians\AeroCMS\Aero\src\Aero.Social\Aero.Social.csproj]
C:\Users\bbqch\proj\microbians\AeroCMS\Aero\src\Aero.Social\Providers\DribbbleProvider.cs(132,59): warning CS8602: Dereference of a possibly null reference. [C:\Users\bbqch\proj\microbians\AeroCMS\Aero\src\Aero.Social\Aero.Social.csproj]
C:\Users\bbqch\proj\microbians\AeroCMS\Aero\src\Aero.Social\Providers\DribbbleProvider.cs(138,21): warning CS8602: Dereference of a possibly null reference. [C:\Users\bbqch\proj\microbians\AeroCMS\Aero\src\Aero.Social\Aero.Social.csproj]
C:\Users\bbqch\proj\microbians\AeroCMS\Aero\src\Aero.Social\Providers\BlueskyProvider.cs(540,26): warning CS0168: The variable 'ex' is declared but never used [C:\Users\bbqch\proj\microbians\AeroCMS\Aero\src\Aero.Social\Aero.Social.csproj]
  Aero.Validators -> C:\Users\bbqch\proj\microbians\AeroCMS\Aero\src\Aero.Validators\bin\Debug\net10.0\Aero.Validators.dll
  Aero.Social -> C:\Users\bbqch\proj\microbians\AeroCMS\Aero\src\Aero.Social\bin\Debug\net10.0\Aero.Social.dll
  Aero.Actors.Abstractions -> C:\Users\bbqch\proj\microbians\AeroCMS\Aero\src\Aero.Actors.Abstractions\bin\Debug\net10.0\Aero.Actors.Abstractions.dll
  Aero.Core -> C:\Users\bbqch\proj\microbians\AeroCMS\Aero\src\Aero.Core\bin\Debug\net10.0\Aero.Core.dll
C:\Users\bbqch\proj\microbians\AeroCMS\Aero\src\Aero.Caching\Decorators\CachingRepository.cs(60,50): warning CS8625: Cannot convert null literal to non-nullable reference type. [C:\Users\bbqch\proj\microbians\AeroCMS\Aero\src\Aero.Caching\Aero.Caching.csproj]
C:\Users\bbqch\proj\microbians\AeroCMS\Aero\src\Aero.Caching\Decorators\CachingRepository.cs(64,50): warning CS8625: Cannot convert null literal to non-nullable reference type. [C:\Users\bbqch\proj\microbians\AeroCMS\Aero\src\Aero.Caching\Aero.Caching.csproj]
C:\Users\bbqch\proj\microbians\AeroCMS\Aero\src\Aero.Caching\Decorators\CachingRepository.cs(68,50): warning CS8625: Cannot convert null literal to non-nullable reference type. [C:\Users\bbqch\proj\microbians\AeroCMS\Aero\src\Aero.Caching\Aero.Caching.csproj]
C:\Users\bbqch\proj\microbians\AeroCMS\Aero\src\Aero.Caching\Decorators\CachingRepository.cs(85,61): warning CS8625: Cannot convert null literal to non-nullable reference type. [C:\Users\bbqch\proj\microbians\AeroCMS\Aero\src\Aero.Caching\Aero.Caching.csproj]
C:\Users\bbqch\proj\microbians\AeroCMS\Aero\src\Aero.Caching\Decorators\CachingRepository.cs(89,61): warning CS8625: Cannot convert null literal to non-nullable reference type. [C:\Users\bbqch\proj\microbians\AeroCMS\Aero\src\Aero.Caching\Aero.Caching.csproj]
C:\Users\bbqch\proj\microbians\AeroCMS\Aero\src\Aero.Caching\Decorators\CachingRepository.cs(93,61): warning CS8625: Cannot convert null literal to non-nullable reference type. [C:\Users\bbqch\proj\microbians\AeroCMS\Aero\src\Aero.Caching\Aero.Caching.csproj]
C:\Users\bbqch\proj\microbians\AeroCMS\Aero\src\Aero.Caching\Extensions\FusionCacheExtensions.cs(110,29): warning CS8625: Cannot convert null literal to non-nullable reference type. [C:\Users\bbqch\proj\microbians\AeroCMS\Aero\src\Aero.Caching\Aero.Caching.csproj]
C:\Users\bbqch\proj\microbians\AeroCMS\Aero\src\Aero.Caching\Extensions\FusionCacheExtensions.cs(188,109): warning CS8625: Cannot convert null literal to non-nullable reference type. [C:\Users\bbqch\proj\microbians\AeroCMS\Aero\src\Aero.Caching\Aero.Caching.csproj]
C:\Users\bbqch\proj\microbians\AeroCMS\Aero\src\Aero.Caching\Extensions\FusionCacheExtensions.cs(195,29): warning CS8625: Cannot convert null literal to non-nullable reference type. [C:\Users\bbqch\proj\microbians\AeroCMS\Aero\src\Aero.Caching\Aero.Caching.csproj]
C:\Users\bbqch\proj\microbians\AeroCMS\Aero\src\Aero.Caching\Decorators\CachingRepository.cs(363,57): warning CS8625: Cannot convert null literal to non-nullable reference type. [C:\Users\bbqch\proj\microbians\AeroCMS\Aero\src\Aero.Caching\Aero.Caching.csproj]
C:\Users\bbqch\proj\microbians\AeroCMS\Aero\src\Aero.Caching\Decorators\CachingRepository.cs(369,57): warning CS8625: Cannot convert null literal to non-nullable reference type. [C:\Users\bbqch\proj\microbians\AeroCMS\Aero\src\Aero.Caching\Aero.Caching.csproj]
C:\Users\bbqch\proj\microbians\AeroCMS\Aero\src\Aero.Caching\Decorators\CachingRepository.cs(375,57): warning CS8625: Cannot convert null literal to non-nullable reference type. [C:\Users\bbqch\proj\microbians\AeroCMS\Aero\src\Aero.Caching\Aero.Caching.csproj]
C:\Users\bbqch\proj\microbians\AeroCMS\Aero\src\Aero.Caching\Decorators\CachingRepository.cs(428,74): warning CS8625: Cannot convert null literal to non-nullable reference type. [C:\Users\bbqch\proj\microbians\AeroCMS\Aero\src\Aero.Caching\Aero.Caching.csproj]
C:\Users\bbqch\proj\microbians\AeroCMS\Aero\src\Aero.Caching\Decorators\CachingRepository.cs(434,74): warning CS8625: Cannot convert null literal to non-nullable reference type. [C:\Users\bbqch\proj\microbians\AeroCMS\Aero\src\Aero.Caching\Aero.Caching.csproj]
C:\Users\bbqch\proj\microbians\AeroCMS\Aero\src\Aero.Caching\Decorators\CachingRepository.cs(441,74): warning CS8625: Cannot convert null literal to non-nullable reference type. [C:\Users\bbqch\proj\microbians\AeroCMS\Aero\src\Aero.Caching\Aero.Caching.csproj]
C:\Users\bbqch\proj\microbians\AeroCMS\Aero\src\Aero.Caching\CacheServiceBase.cs(11,66): warning CS9113: Parameter 'log' is unread. [C:\Users\bbqch\proj\microbians\AeroCMS\Aero\src\Aero.Caching\Aero.Caching.csproj]
C:\Users\bbqch\proj\microbians\AeroCMS\Aero\src\Aero.Caching\FusionCacheClient.cs(17,24): warning CS9107: Parameter 'ILogger<CacheServiceBase> log' is captured into the state of the enclosing type and its value is also passed to the base constructor. The value might be captured by the base class as well. [C:\Users\bbqch\proj\microbians\AeroCMS\Aero\src\Aero.Caching\Aero.Caching.csproj]
C:\Users\bbqch\proj\microbians\AeroCMS\Aero\src\Aero.Caching\CacheEntry.cs(11,15): warning CS8618: Non-nullable property 'Key' must contain a non-null value when exiting constructor. Consider adding the 'required' modifier or declaring the property as nullable. [C:\Users\bbqch\proj\microbians\AeroCMS\Aero\src\Aero.Caching\Aero.Caching.csproj]
C:\Users\bbqch\proj\microbians\AeroCMS\Aero\src\Aero.Caching\CacheEntry.cs(15,10): warning CS8618: Non-nullable property 'Value' must contain a non-null value when exiting constructor. Consider adding the 'required' modifier or declaring the property as nullable. [C:\Users\bbqch\proj\microbians\AeroCMS\Aero\src\Aero.Caching\Aero.Caching.csproj]
C:\Users\bbqch\proj\microbians\AeroCMS\Aero\src\Aero.Caching\Decorators\CachingRepository.cs(19,15): warning CS8618: Non-nullable property 'Key' must contain a non-null value when exiting constructor. Consider adding the 'required' modifier or declaring the property as nullable. [C:\Users\bbqch\proj\microbians\AeroCMS\Aero\src\Aero.Caching\Aero.Caching.csproj]
C:\Users\bbqch\proj\microbians\AeroCMS\Aero\src\Aero.Caching\Decorators\CachingRepository.cs(23,10): warning CS8618: Non-nullable property 'Value' must contain a non-null value when exiting constructor. Consider adding the 'required' modifier or declaring the property as nullable. [C:\Users\bbqch\proj\microbians\AeroCMS\Aero\src\Aero.Caching\Aero.Caching.csproj]
C:\Users\bbqch\proj\microbians\AeroCMS\Aero\src\Aero.Caching\Extensions\FusionCacheExtensions.cs(103,16): warning CS8603: Possible null reference return. [C:\Users\bbqch\proj\microbians\AeroCMS\Aero\src\Aero.Caching\Aero.Caching.csproj]
C:\Users\bbqch\proj\microbians\AeroCMS\Aero\src\Aero.Caching\Decorators\CachingRepository.cs(201,59): warning CS8603: Possible null reference return. [C:\Users\bbqch\proj\microbians\AeroCMS\Aero\src\Aero.Caching\Aero.Caching.csproj]
C:\Users\bbqch\proj\microbians\AeroCMS\Aero\src\Aero.Caching\Decorators\CachingRepository.cs(219,9): warning CS0162: Unreachable code detected [C:\Users\bbqch\proj\microbians\AeroCMS\Aero\src\Aero.Caching\Aero.Caching.csproj]
C:\Users\bbqch\proj\microbians\AeroCMS\Aero\src\Aero.Caching\Extensions\FusionCacheExtensions.cs(148,13): warning CS8603: Possible null reference return. [C:\Users\bbqch\proj\microbians\AeroCMS\Aero\src\Aero.Caching\Aero.Caching.csproj]
C:\Users\bbqch\proj\microbians\AeroCMS\Aero\src\Aero.Caching\FusionCacheClient.cs(119,16): warning CS8629: Nullable value type may be null. [C:\Users\bbqch\proj\microbians\AeroCMS\Aero\src\Aero.Caching\Aero.Caching.csproj]
C:\Users\bbqch\proj\microbians\AeroCMS\Aero\src\Aero.Caching\Extensions\FusionCacheExtensions.cs(160,13): warning CS8603: Possible null reference return. [C:\Users\bbqch\proj\microbians\AeroCMS\Aero\src\Aero.Caching\Aero.Caching.csproj]
C:\Users\bbqch\proj\microbians\AeroCMS\Aero\src\Aero.Caching\Extensions\FusionCacheExtensions.cs(181,17): warning CS8601: Possible null reference assignment. [C:\Users\bbqch\proj\microbians\AeroCMS\Aero\src\Aero.Caching\Aero.Caching.csproj]
C:\Users\bbqch\proj\microbians\AeroCMS\Aero\src\Aero.Caching\Decorators\CachingRepository.cs(289,30): warning CS8604: Possible null reference argument for parameter 'key' in 'Task ICacheService.SetAsync<T>(string key, T value, TimeSpan? absoluteExpiration = null)'. [C:\Users\bbqch\proj\microbians\AeroCMS\Aero\src\Aero.Caching\Aero.Caching.csproj]
C:\Users\bbqch\proj\microbians\AeroCMS\Aero\src\Aero.Caching\Decorators\CachingRepository.cs(301,30): warning CS8604: Possible null reference argument for parameter 'key' in 'Task ICacheService.SetAsync<T>(string key, T value, TimeSpan? absoluteExpiration = null)'. [C:\Users\bbqch\proj\microbians\AeroCMS\Aero\src\Aero.Caching\Aero.Caching.csproj]
C:\Users\bbqch\proj\microbians\AeroCMS\Aero\src\Aero.Caching\Decorators\CachingRepository.cs(316,30): warning CS8604: Possible null reference argument for parameter 'key' in 'Task ICacheService.SetAsync<T>(string key, T value, TimeSpan? absoluteExpiration = null)'. [C:\Users\bbqch\proj\microbians\AeroCMS\Aero\src\Aero.Caching\Aero.Caching.csproj]
C:\Users\bbqch\proj\microbians\AeroCMS\Aero\src\Aero.Caching\Decorators\CachingRepository.cs(335,33): warning CS8604: Possible null reference argument for parameter 'key' in 'Task ICacheService.DeleteAsync(string key)'. [C:\Users\bbqch\proj\microbians\AeroCMS\Aero\src\Aero.Caching\Aero.Caching.csproj]
C:\Users\bbqch\proj\microbians\AeroCMS\Aero\src\Aero.Caching\Decorators\CachingRepository.cs(392,16): warning CS8603: Possible null reference return. [C:\Users\bbqch\proj\microbians\AeroCMS\Aero\src\Aero.Caching\Aero.Caching.csproj]
C:\Users\bbqch\proj\microbians\AeroCMS\Aero\src\Aero.Caching\Decorators\CachingRepository.cs(407,16): warning CS8603: Possible null reference return. [C:\Users\bbqch\proj\microbians\AeroCMS\Aero\src\Aero.Caching\Aero.Caching.csproj]
C:\Users\bbqch\proj\microbians\AeroCMS\Aero\src\Aero.Caching\Decorators\CachingRepository.cs(422,16): warning CS8603: Possible null reference return. [C:\Users\bbqch\proj\microbians\AeroCMS\Aero\src\Aero.Caching\Aero.Caching.csproj]
C:\Users\bbqch\proj\microbians\AeroCMS\Aero\src\Aero.Caching\Decorators\CachingRepository.cs(429,58): warning CS8601: Possible null reference assignment. [C:\Users\bbqch\proj\microbians\AeroCMS\Aero\src\Aero.Caching\Aero.Caching.csproj]
C:\Users\bbqch\proj\microbians\AeroCMS\Aero\src\Aero.Caching\Decorators\CachingRepository.cs(435,58): warning CS8601: Possible null reference assignment. [C:\Users\bbqch\proj\microbians\AeroCMS\Aero\src\Aero.Caching\Aero.Caching.csproj]
C:\Users\bbqch\proj\microbians\AeroCMS\Aero\src\Aero.Caching\Decorators\CachingRepository.cs(442,58): warning CS8601: Possible null reference assignment. [C:\Users\bbqch\proj\microbians\AeroCMS\Aero\src\Aero.Caching\Aero.Caching.csproj]
C:\Users\bbqch\proj\microbians\AeroCMS\Aero\src\Aero.Caching\CacheOptions.cs(23,5): warning CS1591: Missing XML comment for publicly visible type or member 'ExpirationType.Sliding' [C:\Users\bbqch\proj\microbians\AeroCMS\Aero\src\Aero.Caching\Aero.Caching.csproj]
C:\Users\bbqch\proj\microbians\AeroCMS\Aero\src\Aero.Caching\CacheOptions.cs(24,5): warning CS1591: Missing XML comment for publicly visible type or member 'ExpirationType.Absolute' [C:\Users\bbqch\proj\microbians\AeroCMS\Aero\src\Aero.Caching\Aero.Caching.csproj]
C:\Users\bbqch\proj\microbians\AeroCMS\Aero\src\Aero.Auth\Jwt\IJwtFactory.cs(11,15): warning CS8618: Non-nullable property 'AccessToken' must contain a non-null value when exiting constructor. Consider adding the 'required' modifier or declaring the property as nullable. [C:\Users\bbqch\proj\microbians\AeroCMS\Aero\src\Aero.Auth\Aero.Auth.csproj]
C:\Users\bbqch\proj\microbians\AeroCMS\Aero\src\Aero.Auth\Jwt\IJwtFactory.cs(15,15): warning CS8618: Non-nullable property 'RefreshToken' must contain a non-null value when exiting constructor. Consider adding the 'required' modifier or declaring the property as nullable. [C:\Users\bbqch\proj\microbians\AeroCMS\Aero\src\Aero.Auth\Aero.Auth.csproj]
C:\Users\bbqch\proj\microbians\AeroCMS\Aero\src\Aero.Auth\Jwt\JwtEncryptedFactory.cs(22,30): warning CS8604: Possible null reference argument for parameter 'str' in 'byte[] StringExtensions.FromBase64ToBytes(string str)'. [C:\Users\bbqch\proj\microbians\AeroCMS\Aero\src\Aero.Auth\Aero.Auth.csproj]
C:\Users\bbqch\proj\microbians\AeroCMS\Aero\src\Aero.Auth\Jwt\JwtFactory.cs(19,9): warning CS9179: Primary constructor parameter 'ILogger<JwtFactory> log' is shadowed by a member from base. [C:\Users\bbqch\proj\microbians\AeroCMS\Aero\src\Aero.Auth\Aero.Auth.csproj]
C:\Users\bbqch\proj\microbians\AeroCMS\Aero\src\Aero.Auth\Jwt\JwtFactory.cs(20,9): warning CS9179: Primary constructor parameter 'ILogger<JwtFactory> log' is shadowed by a member from base. [C:\Users\bbqch\proj\microbians\AeroCMS\Aero\src\Aero.Auth\Aero.Auth.csproj]
C:\Users\bbqch\proj\microbians\AeroCMS\Aero\src\Aero.Auth\Jwt\JwtFactory.cs(42,9): warning CS9179: Primary constructor parameter 'ILogger<JwtFactory> log' is shadowed by a member from base. [C:\Users\bbqch\proj\microbians\AeroCMS\Aero\src\Aero.Auth\Aero.Auth.csproj]
C:\Users\bbqch\proj\microbians\AeroCMS\Aero\src\Aero.Auth\Jwt\JwtFactory.cs(24,42): warning CS8604: Possible null reference argument for parameter 's' in 'byte[] Encoding.GetBytes(string s)'. [C:\Users\bbqch\proj\microbians\AeroCMS\Aero\src\Aero.Auth\Aero.Auth.csproj]
C:\Users\bbqch\proj\microbians\AeroCMS\Aero\src\Aero.Auth\Jwt\JwtEncryptedFactory.cs(34,70): warning CS8604: Possible null reference argument for parameter 's' in 'byte[] Encoding.GetBytes(string s)'. [C:\Users\bbqch\proj\microbians\AeroCMS\Aero\src\Aero.Auth\Aero.Auth.csproj]
C:\Users\bbqch\proj\microbians\AeroCMS\Aero\src\Aero.Auth\Jwt\JwtEncryptedFactory.cs(77,70): warning CS8604: Possible null reference argument for parameter 's' in 'byte[] Encoding.GetBytes(string s)'. [C:\Users\bbqch\proj\microbians\AeroCMS\Aero\src\Aero.Auth\Aero.Auth.csproj]
C:\Users\bbqch\proj\microbians\AeroCMS\Aero\src\Aero.Auth\Jwt\JwtEncryptedFactory.cs(78,47): warning CS8604: Possible null reference argument for parameter 'str' in 'byte[] StringExtensions.FromBase64ToBytes(string str)'. [C:\Users\bbqch\proj\microbians\AeroCMS\Aero\src\Aero.Auth\Aero.Auth.csproj]
C:\Users\bbqch\proj\microbians\AeroCMS\Aero\src\Aero.Auth\Jwt\JwtFactory.cs(58,77): warning CS8604: Possible null reference argument for parameter 's' in 'byte[] Encoding.GetBytes(string s)'. [C:\Users\bbqch\proj\microbians\AeroCMS\Aero\src\Aero.Auth\Aero.Auth.csproj]
C:\Users\bbqch\proj\microbians\AeroCMS\Aero\src\Aero.Auth\Jwt\JwtEncryptedFactory.cs(111,70): warning CS8604: Possible null reference argument for parameter 's' in 'byte[] Encoding.GetBytes(string s)'. [C:\Users\bbqch\proj\microbians\AeroCMS\Aero\src\Aero.Auth\Aero.Auth.csproj]
C:\Users\bbqch\proj\microbians\AeroCMS\Aero\src\Aero.Auth\Jwt\JwtEncryptedFactory.cs(112,47): warning CS8604: Possible null reference argument for parameter 'str' in 'byte[] StringExtensions.FromBase64ToBytes(string str)'. [C:\Users\bbqch\proj\microbians\AeroCMS\Aero\src\Aero.Auth\Aero.Auth.csproj]
C:\Users\bbqch\proj\microbians\AeroCMS\Aero\src\Aero.Auth\Jwt\JwtFactory.cs(90,80): warning CS8604: Possible null reference argument for parameter 's' in 'byte[] Encoding.GetBytes(string s)'. [C:\Users\bbqch\proj\microbians\AeroCMS\Aero\src\Aero.Auth\Aero.Auth.csproj]
C:\Users\bbqch\proj\microbians\AeroCMS\Aero\src\Aero.Auth\Services\RefreshTokenService.cs(120,26): warning CS8629: Nullable value type may be null. [C:\Users\bbqch\proj\microbians\AeroCMS\Aero\src\Aero.Auth\Aero.Auth.csproj]
C:\Users\bbqch\proj\microbians\AeroCMS\Aero\src\Aero.Auth\Services\DefaultApiKeyGenerator.cs(19,21): warning CS1574: XML comment has cref attribute 'ApiKeyGenerationOptions' that could not be resolved [C:\Users\bbqch\proj\microbians\AeroCMS\Aero\src\Aero.Auth\Aero.Auth.csproj]
C:\Users\bbqch\proj\microbians\AeroCMS\Aero\src\Aero.Auth\Services\IApiKeyGenerator.cs(10,5): warning CS1591: Missing XML comment for publicly visible type or member 'ApiKeyEnvironment.Test' [C:\Users\bbqch\proj\microbians\AeroCMS\Aero\src\Aero.Auth\Aero.Auth.csproj]
C:\Users\bbqch\proj\microbians\AeroCMS\Aero\src\Aero.Auth\Services\IApiKeyGenerator.cs(11,5): warning CS1591: Missing XML comment for publicly visible type or member 'ApiKeyEnvironment.Live' [C:\Users\bbqch\proj\microbians\AeroCMS\Aero\src\Aero.Auth\Aero.Auth.csproj]
C:\Users\bbqch\proj\microbians\AeroCMS\Aero\src\Aero.Auth\Services\IJwtTokenService.cs(26,30): warning CS1573: Parameter 'roles' has no matching param tag in the XML comment for 'IJwtTokenService.GenerateAccessTokenAsync(long, string, IEnumerable<string>?, IEnumerable<Claim>?, CancellationToken)' (but other parameters do) [C:\Users\bbqch\proj\microbians\AeroCMS\Aero\src\Aero.Auth\Aero.Auth.csproj]
C:\Users\bbqch\proj\microbians\AeroCMS\Aero\src\Aero.Auth\Services\IJwtTokenService.cs(27,29): warning CS1573: Parameter 'extraClaims' has no matching param tag in the XML comment for 'IJwtTokenService.GenerateAccessTokenAsync(long, string, IEnumerable<string>?, IEnumerable<Claim>?, CancellationToken)' (but other parameters do) [C:\Users\bbqch\proj\microbians\AeroCMS\Aero\src\Aero.Auth\Aero.Auth.csproj]
C:\Users\bbqch\proj\microbians\AeroCMS\Aero\src\Aero.Auth\Services\JwtTokenService.cs(48,30): warning CS1573: Parameter 'roles' has no matching param tag in the XML comment for 'JwtTokenService.GenerateAccessTokenAsync(long, string, IEnumerable<string>?, IEnumerable<Claim>?, CancellationToken)' (but other parameters do) [C:\Users\bbqch\proj\microbians\AeroCMS\Aero\src\Aero.Auth\Aero.Auth.csproj]
C:\Users\bbqch\proj\microbians\AeroCMS\Aero\src\Aero.Auth\Services\JwtTokenService.cs(49,29): warning CS1573: Parameter 'extraClaims' has no matching param tag in the XML comment for 'JwtTokenService.GenerateAccessTokenAsync(long, string, IEnumerable<string>?, IEnumerable<Claim>?, CancellationToken)' (but other parameters do) [C:\Users\bbqch\proj\microbians\AeroCMS\Aero\src\Aero.Auth\Aero.Auth.csproj]
  Aero.Caching -> C:\Users\bbqch\proj\microbians\AeroCMS\Aero\src\Aero.Caching\bin\Debug\net10.0\Aero.Caching.dll
  AeroDB.Reactive -> C:\Users\bbqch\proj\microbians\AeroCMS\AeroDB\src\AeroDB.Reactive\bin\Debug\net10.0\AeroDB.Reactive.dll
  Aero.Auth -> C:\Users\bbqch\proj\microbians\AeroCMS\Aero\src\Aero.Auth\bin\Debug\net10.0\Aero.Auth.dll
  AeroDB.ML -> C:\Users\bbqch\proj\microbians\AeroCMS\AeroDB\src\AeroDB.ML\bin\Debug\net10.0\AeroDB.ML.dll
  Aero.Modular -> C:\Users\bbqch\proj\microbians\AeroCMS\Aero\src\Aero.Modular\bin\Debug\net10.0\Aero.Modular.dll
  Aero.Models -> C:\Users\bbqch\proj\microbians\AeroCMS\Aero\src\Aero.Models\bin\Debug\net10.0\Aero.Models.dll
C:\Users\bbqch\proj\microbians\AeroCMS\AeroDB\src\AeroDB.AspNetIdentity\Extensions.cs(3,7): warning CS0105: The using directive for 'AeroDB.AspNetIdentity' appeared previously in this namespace [C:\Users\bbqch\proj\microbians\AeroCMS\AeroDB\src\AeroDB.AspNetIdentity\AeroDB.AspNetIdentity.csproj]
C:\Users\bbqch\proj\microbians\AeroCMS\AeroDB\src\AeroDB.AspNetIdentity\AeroDBRoleStore.cs(37,54): warning CS1574: XML comment has cref attribute 'AeroDBRoleStore' that could not be resolved [C:\Users\bbqch\proj\microbians\AeroCMS\AeroDB\src\AeroDB.AspNetIdentity\AeroDB.AspNetIdentity.csproj]
C:\Users\bbqch\proj\microbians\AeroCMS\AeroDB\src\AeroDB.AspNetIdentity\AeroDBRoleStore.cs(242,54): warning CS1574: XML comment has cref attribute 'AeroDBRoleStore' that could not be resolved [C:\Users\bbqch\proj\microbians\AeroCMS\AeroDB\src\AeroDB.AspNetIdentity\AeroDB.AspNetIdentity.csproj]
C:\Users\bbqch\proj\microbians\AeroCMS\AeroDB\src\AeroDB.AspNetIdentity\AeroDBUserStore.cs(213,54): warning CS1574: XML comment has cref attribute 'AeroDBUserStore' that could not be resolved [C:\Users\bbqch\proj\microbians\AeroCMS\AeroDB\src\AeroDB.AspNetIdentity\AeroDB.AspNetIdentity.csproj]
C:\Users\bbqch\proj\microbians\AeroCMS\AeroDB\src\AeroDB.AspNetIdentity\AeroDBUserStore.cs(1421,54): warning CS1574: XML comment has cref attribute 'AeroDBUserStore' that could not be resolved [C:\Users\bbqch\proj\microbians\AeroCMS\AeroDB\src\AeroDB.AspNetIdentity\AeroDB.AspNetIdentity.csproj]
  AeroDB.SourceGenerators -> C:\Users\bbqch\proj\microbians\AeroCMS\AeroDB\src\AeroDB.SourceGenerators\bin\Debug\netstandard2.0\AeroDB.SourceGenerators.dll
  AeroDB.AspNetIdentity -> C:\Users\bbqch\proj\microbians\AeroCMS\AeroDB\src\AeroDB.AspNetIdentity\bin\Debug\net10.0\AeroDB.AspNetIdentity.dll
  Aero.Actors -> C:\Users\bbqch\proj\microbians\AeroCMS\Aero\src\Aero.Actors\bin\Debug\net10.0\Aero.Actors.dll
  Aero.Cms.Contracts -> C:\Users\bbqch\proj\microbians\AeroCMS\src\Aero.Cms.Contracts\bin\Debug\net10.0\Aero.Cms.Contracts.dll
  Aero.Events -> C:\Users\bbqch\proj\microbians\AeroCMS\Aero\src\Aero.Events\bin\Debug\net10.0\Aero.Events.dll
C:\Users\bbqch\proj\microbians\AeroCMS\AeroDB\src\AeroDB.WolverineFx\AeroDBIntegration.cs(3,7): warning CS0105: The using directive for 'AeroDB.WolverineFx.Codegen' appeared previously in this namespace [C:\Users\bbqch\proj\microbians\AeroCMS\AeroDB\src\AeroDB.WolverineFx\AeroDB.WolverineFx.csproj]
C:\Users\bbqch\proj\microbians\AeroCMS\AeroDB\src\AeroDB.WolverineFx\AeroDBPersistenceFrameProvider.cs(3,7): warning CS0105: The using directive for 'AeroDB.WolverineFx.Codegen' appeared previously in this namespace [C:\Users\bbqch\proj\microbians\AeroCMS\AeroDB\src\AeroDB.WolverineFx\AeroDB.WolverineFx.csproj]
C:\Users\bbqch\proj\microbians\AeroCMS\AeroDB\src\AeroDB.WolverineFx\AeroDBSagaStorage.cs(16,54): warning CS1574: XML comment has cref attribute 'AeroDBSagaStorage' that could not be resolved [C:\Users\bbqch\proj\microbians\AeroCMS\AeroDB\src\AeroDB.WolverineFx\AeroDB.WolverineFx.csproj]
C:\Users\bbqch\proj\microbians\AeroCMS\AeroDB\src\AeroDB.WolverineFx\IAeroDBOp.cs(49,54): warning CS1574: XML comment has cref attribute 'StoreOp' that could not be resolved [C:\Users\bbqch\proj\microbians\AeroCMS\AeroDB\src\AeroDB.WolverineFx\AeroDB.WolverineFx.csproj]
C:\Users\bbqch\proj\microbians\AeroCMS\AeroDB\src\AeroDB.WolverineFx\IAeroDBOp.cs(66,54): warning CS1574: XML comment has cref attribute 'DeleteOp' that could not be resolved [C:\Users\bbqch\proj\microbians\AeroCMS\AeroDB\src\AeroDB.WolverineFx\AeroDB.WolverineFx.csproj]
C:\Users\bbqch\proj\microbians\AeroCMS\AeroDB\src\AeroDB.WolverineFx\IAeroDBOp.cs(83,54): warning CS1574: XML comment has cref attribute 'InsertOp' that could not be resolved [C:\Users\bbqch\proj\microbians\AeroCMS\AeroDB\src\AeroDB.WolverineFx\AeroDB.WolverineFx.csproj]
  AeroDB.WolverineFx -> C:\Users\bbqch\proj\microbians\AeroCMS\AeroDB\src\AeroDB.WolverineFx\bin\Debug\net10.0\AeroDB.WolverineFx.dll
  Aero.Caching -> C:\Users\bbqch\proj\microbians\AeroCMS\Aero\src\Aero.Caching\bin\Debug\net10.0\Aero.Caching.dll
  Aero.Auth -> C:\Users\bbqch\proj\microbians\AeroCMS\Aero\src\Aero.Auth\bin\Debug\net10.0\Aero.Auth.dll
  AeroDB.Sable -> C:\Users\bbqch\proj\microbians\AeroCMS\AeroDB\src\AeroDB.Sable\bin\Debug\net10.0\AeroDB.Sable.dll
C:\Users\bbqch\proj\microbians\AeroCMS\Aero\src\Aero.Marten\MartenOptionalRepository.cs(64,48): warning CS1570: XML comment has badly formed XML -- 'Whitespace is not allowed at this location.' [C:\Users\bbqch\proj\microbians\AeroCMS\Aero\src\Aero.Marten\Aero.Marten.csproj]
C:\Users\bbqch\proj\microbians\AeroCMS\Aero\src\Aero.Marten\MartenOptionalRepository.cs(226,79): warning CS9113: Parameter 'session' is unread. [C:\Users\bbqch\proj\microbians\AeroCMS\Aero\src\Aero.Marten\Aero.Marten.csproj]
C:\Users\bbqch\proj\microbians\AeroCMS\Aero\src\Aero.Marten\MartenOptionalRepository.cs(75,46): warning CS9107: Parameter 'IDocumentSession session' is captured into the state of the enclosing type and its value is also passed to the base constructor. The value might be captured by the base class as well. [C:\Users\bbqch\proj\microbians\AeroCMS\Aero\src\Aero.Marten\Aero.Marten.csproj]
C:\Users\bbqch\proj\microbians\AeroCMS\Aero\src\Aero.Marten\Conventions.cs(90,40): warning CS8604: Possible null reference argument for parameter 'suffix' in 'string Conventions.UserIdWithSuffix<TUser>(string suffix, IDocumentStore db)'. [C:\Users\bbqch\proj\microbians\AeroCMS\Aero\src\Aero.Marten\Aero.Marten.csproj]
C:\Users\bbqch\proj\microbians\AeroCMS\Aero\src\Aero.Marten\AuthInitializationExtensions.cs(50,29): warning SYSLIB0023: 'RNGCryptoServiceProvider' is obsolete: 'RNGCryptoServiceProvider is obsolete. To generate a random number, use one of the RandomNumberGenerator static methods instead.' (https://aka.ms/dotnet-warnings/SYSLIB0023) [C:\Users\bbqch\proj\microbians\AeroCMS\Aero\src\Aero.Marten\Aero.Marten.csproj]
C:\Users\bbqch\proj\microbians\AeroCMS\Aero\src\Aero.Marten\GenericMartenRepository.cs(102,9): warning CS9179: Primary constructor parameter 'ILogger<GenericMartenRepository<T, TKey>> log' is shadowed by a member from base. [C:\Users\bbqch\proj\microbians\AeroCMS\Aero\src\Aero.Marten\Aero.Marten.csproj]
C:\Users\bbqch\proj\microbians\AeroCMS\Aero\src\Aero.Marten\DynamicMartinRepository.cs(64,16): warning CS8603: Possible null reference return. [C:\Users\bbqch\proj\microbians\AeroCMS\Aero\src\Aero.Marten\Aero.Marten.csproj]
C:\Users\bbqch\proj\microbians\AeroCMS\Aero\src\Aero.Marten\Identity\RoleStore.cs(109,59): warning CS8604: Possible null reference argument for parameter 'type' in 'Claim.Claim(string type, string value)'. [C:\Users\bbqch\proj\microbians\AeroCMS\Aero\src\Aero.Marten\Aero.Marten.csproj]
C:\Users\bbqch\proj\microbians\AeroCMS\Aero\src\Aero.Marten\Identity\RoleStore.cs(109,72): warning CS8604: Possible null reference argument for parameter 'value' in 'Claim.Claim(string type, string value)'. [C:\Users\bbqch\proj\microbians\AeroCMS\Aero\src\Aero.Marten\Aero.Marten.csproj]
C:\Users\bbqch\proj\microbians\AeroCMS\Aero\src\Aero.Marten\GenericMartenRepository.cs(113,9): warning CS9179: Primary constructor parameter 'ILogger<GenericMartenRepository<T, TKey>> log' is shadowed by a member from base. [C:\Users\bbqch\proj\microbians\AeroCMS\Aero\src\Aero.Marten\Aero.Marten.csproj]
C:\Users\bbqch\proj\microbians\AeroCMS\Aero\src\Aero.Marten\GenericMartenRepository.cs(125,9): warning CS9179: Primary constructor parameter 'ILogger<GenericMartenRepository<T, TKey>> log' is shadowed by a member from base. [C:\Users\bbqch\proj\microbians\AeroCMS\Aero\src\Aero.Marten\Aero.Marten.csproj]
C:\Users\bbqch\proj\microbians\AeroCMS\Aero\src\Aero.Marten\GenericMartenRepository.cs(135,9): warning CS9179: Primary constructor parameter 'ILogger<GenericMartenRepository<T, TKey>> log' is shadowed by a member from base. [C:\Users\bbqch\proj\microbians\AeroCMS\Aero\src\Aero.Marten\Aero.Marten.csproj]
C:\Users\bbqch\proj\microbians\AeroCMS\Aero\src\Aero.Marten\GenericMartenRepository.cs(146,9): warning CS9179: Primary constructor parameter 'ILogger<GenericMartenRepository<T, TKey>> log' is shadowed by a member from base. [C:\Users\bbqch\proj\microbians\AeroCMS\Aero\src\Aero.Marten\Aero.Marten.csproj]
C:\Users\bbqch\proj\microbians\AeroCMS\Aero\src\Aero.Marten\Identity\UserStore.cs(140,227): warning CS8601: Possible null reference assignment. [C:\Users\bbqch\proj\microbians\AeroCMS\Aero\src\Aero.Marten\Aero.Marten.csproj]
C:\Users\bbqch\proj\microbians\AeroCMS\Aero\src\Aero.Marten\GenericMartenRepository.cs(157,9): warning CS9179: Primary constructor parameter 'ILogger<GenericMartenRepository<T, TKey>> log' is shadowed by a member from base. [C:\Users\bbqch\proj\microbians\AeroCMS\Aero\src\Aero.Marten\Aero.Marten.csproj]
C:\Users\bbqch\proj\microbians\AeroCMS\Aero\src\Aero.Marten\Identity\UserStore.cs(158,158): warning CS8604: Possible null reference argument for parameter 'type' in 'Claim.Claim(string type, string value)'. [C:\Users\bbqch\proj\microbians\AeroCMS\Aero\src\Aero.Marten\Aero.Marten.csproj]
C:\Users\bbqch\proj\microbians\AeroCMS\Aero\src\Aero.Marten\Identity\UserStore.cs(158,171): warning CS8604: Possible null reference argument for parameter 'value' in 'Claim.Claim(string type, string value)'. [C:\Users\bbqch\proj\microbians\AeroCMS\Aero\src\Aero.Marten\Aero.Marten.csproj]
C:\Users\bbqch\proj\microbians\AeroCMS\Aero\src\Aero.Marten\Identity\UserStore.cs(188,125): warning CS8620: Argument of type 'List<string?>' cannot be used for parameter 'result' of type 'IList<string>' in 'Task<IList<string>> Task.FromResult<IList<string>>(IList<string> result)' due to differences in the nullability of reference types. [C:\Users\bbqch\proj\microbians\AeroCMS\Aero\src\Aero.Marten\Aero.Marten.csproj]
C:\Users\bbqch\proj\microbians\AeroCMS\Aero\src\Aero.Marten\Identity\UserStore.cs(280,258): warning CS8601: Possible null reference assignment. [C:\Users\bbqch\proj\microbians\AeroCMS\Aero\src\Aero.Marten\Aero.Marten.csproj]
C:\Users\bbqch\proj\microbians\AeroCMS\Aero\src\Aero.Marten\Identity\UserStore.cs(280,358): warning CS8601: Possible null reference assignment. [C:\Users\bbqch\proj\microbians\AeroCMS\Aero\src\Aero.Marten\Aero.Marten.csproj]
  Aero.Marten -> C:\Users\bbqch\proj\microbians\AeroCMS\Aero\src\Aero.Marten\bin\Debug\net10.0\Aero.Marten.dll
  Aero.Marten -> C:\Users\bbqch\proj\microbians\AeroCMS\Aero\src\Aero.Marten\bin\Debug\net10.0\Aero.Marten.dll
C:\Users\bbqch\proj\microbians\AeroCMS\Aero\src\Aero.Core.Ai\TornadoAiChatClientFactory.cs(82,71): warning CS8604: Possible null reference argument for parameter 'apiKey' in 'TornadoApi.TornadoApi(Uri serverUri, string apiKey, LLmProviders provider = LLmProviders.Custom)'. [C:\Users\bbqch\proj\microbians\AeroCMS\Aero\src\Aero.Core.Ai\Aero.Core.Ai.csproj]
C:\Users\bbqch\proj\microbians\AeroCMS\Aero\src\Aero.Core.Ai\AiProvider.cs(8,5): warning CS1591: Missing XML comment for publicly visible type or member 'AiProvider.Anthropic' [C:\Users\bbqch\proj\microbians\AeroCMS\Aero\src\Aero.Core.Ai\Aero.Core.Ai.csproj]
C:\Users\bbqch\proj\microbians\AeroCMS\Aero\src\Aero.Core.Ai\AiProvider.cs(9,5): warning CS1591: Missing XML comment for publicly visible type or member 'AiProvider.DeepSeek' [C:\Users\bbqch\proj\microbians\AeroCMS\Aero\src\Aero.Core.Ai\Aero.Core.Ai.csproj]
C:\Users\bbqch\proj\microbians\AeroCMS\Aero\src\Aero.Core.Ai\AiProvider.cs(10,5): warning CS1591: Missing XML comment for publicly visible type or member 'AiProvider.Fireworks' [C:\Users\bbqch\proj\microbians\AeroCMS\Aero\src\Aero.Core.Ai\Aero.Core.Ai.csproj]
C:\Users\bbqch\proj\microbians\AeroCMS\Aero\src\Aero.Core.Ai\AiProvider.cs(11,5): warning CS1591: Missing XML comment for publicly visible type or member 'AiProvider.Gemini' [C:\Users\bbqch\proj\microbians\AeroCMS\Aero\src\Aero.Core.Ai\Aero.Core.Ai.csproj]
C:\Users\bbqch\proj\microbians\AeroCMS\Aero\src\Aero.Core.Ai\AiProvider.cs(12,5): warning CS1591: Missing XML comment for publicly visible type or member 'AiProvider.Groq' [C:\Users\bbqch\proj\microbians\AeroCMS\Aero\src\Aero.Core.Ai\Aero.Core.Ai.csproj]
C:\Users\bbqch\proj\microbians\AeroCMS\Aero\src\Aero.Core.Ai\AiProvider.cs(13,5): warning CS1591: Missing XML comment for publicly visible type or member 'AiProvider.OpenAI' [C:\Users\bbqch\proj\microbians\AeroCMS\Aero\src\Aero.Core.Ai\Aero.Core.Ai.csproj]
C:\Users\bbqch\proj\microbians\AeroCMS\Aero\src\Aero.Core.Ai\AiProvider.cs(14,5): warning CS1591: Missing XML comment for publicly visible type or member 'AiProvider.OpenCode' [C:\Users\bbqch\proj\microbians\AeroCMS\Aero\src\Aero.Core.Ai\Aero.Core.Ai.csproj]
C:\Users\bbqch\proj\microbians\AeroCMS\Aero\src\Aero.Core.Ai\AiProvider.cs(15,5): warning CS1591: Missing XML comment for publicly visible type or member 'AiProvider.OpenRouter' [C:\Users\bbqch\proj\microbians\AeroCMS\Aero\src\Aero.Core.Ai\Aero.Core.Ai.csproj]
C:\Users\bbqch\proj\microbians\AeroCMS\Aero\src\Aero.Core.Ai\AiProvider.cs(16,5): warning CS1591: Missing XML comment for publicly visible type or member 'AiProvider.Local' [C:\Users\bbqch\proj\microbians\AeroCMS\Aero\src\Aero.Core.Ai\Aero.Core.Ai.csproj]
C:\Users\bbqch\proj\microbians\AeroCMS\Aero\src\Aero.Core.Ai\AiProviderKind.cs(8,5): warning CS1591: Missing XML comment for publicly visible type or member 'AiProviderKind.OpenAi' [C:\Users\bbqch\proj\microbians\AeroCMS\Aero\src\Aero.Core.Ai\Aero.Core.Ai.csproj]
C:\Users\bbqch\proj\microbians\AeroCMS\Aero\src\Aero.Core.Ai\AiProviderKind.cs(9,5): warning CS1591: Missing XML comment for publicly visible type or member 'AiProviderKind.Anthropic' [C:\Users\bbqch\proj\microbians\AeroCMS\Aero\src\Aero.Core.Ai\Aero.Core.Ai.csproj]
C:\Users\bbqch\proj\microbians\AeroCMS\Aero\src\Aero.Core.Ai\AiProviderKind.cs(10,5): warning CS1591: Missing XML comment for publicly visible type or member 'AiProviderKind.Google' [C:\Users\bbqch\proj\microbians\AeroCMS\Aero\src\Aero.Core.Ai\Aero.Core.Ai.csproj]
C:\Users\bbqch\proj\microbians\AeroCMS\Aero\src\Aero.Core.Ai\AiProviderKind.cs(11,5): warning CS1591: Missing XML comment for publicly visible type or member 'AiProviderKind.Groq' [C:\Users\bbqch\proj\microbians\AeroCMS\Aero\src\Aero.Core.Ai\Aero.Core.Ai.csproj]
C:\Users\bbqch\proj\microbians\AeroCMS\Aero\src\Aero.Core.Ai\AiProviderKind.cs(12,5): warning CS1591: Missing XML comment for publicly visible type or member 'AiProviderKind.DeepSeek' [C:\Users\bbqch\proj\microbians\AeroCMS\Aero\src\Aero.Core.Ai\Aero.Core.Ai.csproj]
C:\Users\bbqch\proj\microbians\AeroCMS\Aero\src\Aero.Core.Ai\AiProviderKind.cs(13,5): warning CS1591: Missing XML comment for publicly visible type or member 'AiProviderKind.MiniMax' [C:\Users\bbqch\proj\microbians\AeroCMS\Aero\src\Aero.Core.Ai\Aero.Core.Ai.csproj]
C:\Users\bbqch\proj\microbians\AeroCMS\Aero\src\Aero.Core.Ai\AiProviderKind.cs(14,5): warning CS1591: Missing XML comment for publicly visible type or member 'AiProviderKind.Mistral' [C:\Users\bbqch\proj\microbians\AeroCMS\Aero\src\Aero.Core.Ai\Aero.Core.Ai.csproj]
C:\Users\bbqch\proj\microbians\AeroCMS\Aero\src\Aero.Core.Ai\AiProviderKind.cs(15,5): warning CS1591: Missing XML comment for publicly visible type or member 'AiProviderKind.XAi' [C:\Users\bbqch\proj\microbians\AeroCMS\Aero\src\Aero.Core.Ai\Aero.Core.Ai.csproj]
C:\Users\bbqch\proj\microbians\AeroCMS\Aero\src\Aero.Core.Ai\AiProviderKind.cs(16,5): warning CS1591: Missing XML comment for publicly visible type or member 'AiProviderKind.Zai' [C:\Users\bbqch\proj\microbians\AeroCMS\Aero\src\Aero.Core.Ai\Aero.Core.Ai.csproj]
C:\Users\bbqch\proj\microbians\AeroCMS\Aero\src\Aero.Core.Ai\AiProviderKind.cs(17,5): warning CS1591: Missing XML comment for publicly visible type or member 'AiProviderKind.Perplexity' [C:\Users\bbqch\proj\microbians\AeroCMS\Aero\src\Aero.Core.Ai\Aero.Core.Ai.csproj]
C:\Users\bbqch\proj\microbians\AeroCMS\Aero\src\Aero.Core.Ai\AiProviderKind.cs(18,5): warning CS1591: Missing XML comment for publicly visible type or member 'AiProviderKind.Alibaba' [C:\Users\bbqch\proj\microbians\AeroCMS\Aero\src\Aero.Core.Ai\Aero.Core.Ai.csproj]
C:\Users\bbqch\proj\microbians\AeroCMS\Aero\src\Aero.Core.Ai\AiProviderKind.cs(19,5): warning CS1591: Missing XML comment for publicly visible type or member 'AiProviderKind.OpenRouter' [C:\Users\bbqch\proj\microbians\AeroCMS\Aero\src\Aero.Core.Ai\Aero.Core.Ai.csproj]
C:\Users\bbqch\proj\microbians\AeroCMS\Aero\src\Aero.Core.Ai\AiProviderKind.cs(20,5): warning CS1591: Missing XML comment for publicly visible type or member 'AiProviderKind.LmStudio' [C:\Users\bbqch\proj\microbians\AeroCMS\Aero\src\Aero.Core.Ai\Aero.Core.Ai.csproj]
C:\Users\bbqch\proj\microbians\AeroCMS\Aero\src\Aero.Core.Ai\AiProviderKind.cs(21,5): warning CS1591: Missing XML comment for publicly visible type or member 'AiProviderKind.OpenCode' [C:\Users\bbqch\proj\microbians\AeroCMS\Aero\src\Aero.Core.Ai\Aero.Core.Ai.csproj]
C:\Users\bbqch\proj\microbians\AeroCMS\Aero\src\Aero.Core.Ai\AiProviderKind.cs(22,5): warning CS1591: Missing XML comment for publicly visible type or member 'AiProviderKind.Future' [C:\Users\bbqch\proj\microbians\AeroCMS\Aero\src\Aero.Core.Ai\Aero.Core.Ai.csproj]
C:\Users\bbqch\proj\microbians\AeroCMS\Aero\src\Aero.EfCore\GenericEntityFrameworkRepository.cs(241,9): warning CS9179: Primary constructor parameter 'ILogger<GenericEntityFrameworkRepository<T, TKey, TContext>> log' is shadowed by a member from base. [C:\Users\bbqch\proj\microbians\AeroCMS\Aero\src\Aero.EfCore\Aero.EfCore.csproj]
C:\Users\bbqch\proj\microbians\AeroCMS\Aero\src\Aero.EfCore\GenericEntityFrameworkRepository.cs(243,9): warning CS9179: Primary constructor parameter 'ILogger<GenericEntityFrameworkRepository<T, TKey, TContext>> log' is shadowed by a member from base. [C:\Users\bbqch\proj\microbians\AeroCMS\Aero\src\Aero.EfCore\Aero.EfCore.csproj]
C:\Users\bbqch\proj\microbians\AeroCMS\Aero\src\Aero.EfCore\AuthInitializationExtensions.cs(49,29): warning SYSLIB0023: 'RNGCryptoServiceProvider' is obsolete: 'RNGCryptoServiceProvider is obsolete. To generate a random number, use one of the RandomNumberGenerator static methods instead.' (https://aka.ms/dotnet-warnings/SYSLIB0023) [C:\Users\bbqch\proj\microbians\AeroCMS\Aero\src\Aero.EfCore\Aero.EfCore.csproj]
C:\Users\bbqch\proj\microbians\AeroCMS\Aero\src\Aero.EfCore\GenericEntityFrameworkRepository.cs(252,9): warning CS9179: Primary constructor parameter 'ILogger<GenericEntityFrameworkRepository<T, TKey, TContext>> log' is shadowed by a member from base. [C:\Users\bbqch\proj\microbians\AeroCMS\Aero\src\Aero.EfCore\Aero.EfCore.csproj]
C:\Users\bbqch\proj\microbians\AeroCMS\Aero\src\Aero.EfCore\GenericEntityFrameworkRepository.cs(254,9): warning CS9179: Primary constructor parameter 'ILogger<GenericEntityFrameworkRepository<T, TKey, TContext>> log' is shadowed by a member from base. [C:\Users\bbqch\proj\microbians\AeroCMS\Aero\src\Aero.EfCore\Aero.EfCore.csproj]
C:\Users\bbqch\proj\microbians\AeroCMS\Aero\src\Aero.EfCore\ApiAuthRepository.cs(106,18): warning CS9179: Primary constructor parameter 'AeroDbContext context' is shadowed by a member from base. [C:\Users\bbqch\proj\microbians\AeroCMS\Aero\src\Aero.EfCore\Aero.EfCore.csproj]
C:\Users\bbqch\proj\microbians\AeroCMS\Aero\src\Aero.EfCore\GenericEntityFrameworkRepository.cs(263,9): warning CS9179: Primary constructor parameter 'ILogger<GenericEntityFrameworkRepository<T, TKey, TContext>> log' is shadowed by a member from base. [C:\Users\bbqch\proj\microbians\AeroCMS\Aero\src\Aero.EfCore\Aero.EfCore.csproj]
C:\Users\bbqch\proj\microbians\AeroCMS\Aero\src\Aero.EfCore\GenericEntityFrameworkRepository.cs(266,9): warning CS9179: Primary constructor parameter 'ILogger<GenericEntityFrameworkRepository<T, TKey, TContext>> log' is shadowed by a member from base. [C:\Users\bbqch\proj\microbians\AeroCMS\Aero\src\Aero.EfCore\Aero.EfCore.csproj]
C:\Users\bbqch\proj\microbians\AeroCMS\Aero\src\Aero.EfCore\GenericEntityFrameworkRepository.cs(287,9): warning CS9179: Primary constructor parameter 'ILogger<GenericEntityFrameworkRepository<T, TKey, TContext>> log' is shadowed by a member from base. [C:\Users\bbqch\proj\microbians\AeroCMS\Aero\src\Aero.EfCore\Aero.EfCore.csproj]
C:\Users\bbqch\proj\microbians\AeroCMS\Aero\src\Aero.EfCore\GenericEntityFrameworkRepository.cs(289,9): warning CS9179: Primary constructor parameter 'ILogger<GenericEntityFrameworkRepository<T, TKey, TContext>> log' is shadowed by a member from base. [C:\Users\bbqch\proj\microbians\AeroCMS\Aero\src\Aero.EfCore\Aero.EfCore.csproj]
C:\Users\bbqch\proj\microbians\AeroCMS\Aero\src\Aero.EfCore\GenericEntityFrameworkRepository.cs(297,9): warning CS9179: Primary constructor parameter 'ILogger<GenericEntityFrameworkRepository<T, TKey, TContext>> log' is shadowed by a member from base. [C:\Users\bbqch\proj\microbians\AeroCMS\Aero\src\Aero.EfCore\Aero.EfCore.csproj]
C:\Users\bbqch\proj\microbians\AeroCMS\Aero\src\Aero.EfCore\GenericEntityFrameworkRepository.cs(307,9): warning CS9179: Primary constructor parameter 'ILogger<GenericEntityFrameworkRepository<T, TKey, TContext>> log' is shadowed by a member from base. [C:\Users\bbqch\proj\microbians\AeroCMS\Aero\src\Aero.EfCore\Aero.EfCore.csproj]
C:\Users\bbqch\proj\microbians\AeroCMS\Aero\src\Aero.EfCore\GenericEntityFrameworkRepository.cs(50,54): warning CS1574: XML comment has cref attribute 'GenericEntityFrameworkRepository' that could not be resolved [C:\Users\bbqch\proj\microbians\AeroCMS\Aero\src\Aero.EfCore\Aero.EfCore.csproj]
  Aero.EfCore -> C:\Users\bbqch\proj\microbians\AeroCMS\Aero\src\Aero.EfCore\bin\Debug\net10.0\Aero.EfCore.dll
C:\Users\bbqch\proj\microbians\AeroCMS\Aero\src\Aero.Services\Images\StaticPhotosClient.cs(4,1): warning CS1570: XML comment has badly formed XML -- 'Expected an end tag for element 'summary'.' [C:\Users\bbqch\proj\microbians\AeroCMS\Aero\src\Aero.Services\Aero.Services.csproj]
C:\Users\bbqch\proj\microbians\AeroCMS\Aero\src\Aero.Services\Mail\MailtrapSender.cs(30,149): warning CS8625: Cannot convert null literal to non-nullable reference type. [C:\Users\bbqch\proj\microbians\AeroCMS\Aero\src\Aero.Services\Aero.Services.csproj]
C:\Users\bbqch\proj\microbians\AeroCMS\Aero\src\Aero.Services\Features\RepositoryFeaturesStore.cs(20,29): warning CS8618: Non-nullable field 'appName' must contain a non-null value when exiting constructor. Consider adding the 'required' modifier or declaring the field as nullable. [C:\Users\bbqch\proj\microbians\AeroCMS\Aero\src\Aero.Services\Aero.Services.csproj]
C:\Users\bbqch\proj\microbians\AeroCMS\Aero\src\Aero.Services\Features\Features.cs(13,15): warning CS8618: Non-nullable property 'Application' must contain a non-null value when exiting constructor. Consider adding the 'required' modifier or declaring the property as nullable. [C:\Users\bbqch\proj\microbians\AeroCMS\Aero\src\Aero.Services\Aero.Services.csproj]
C:\Users\bbqch\proj\microbians\AeroCMS\Aero\src\Aero.Services\Features\Features.cs(17,15): warning CS8618: Non-nullable property 'Version' must contain a non-null value when exiting constructor. Consider adding the 'required' modifier or declaring the property as nullable. [C:\Users\bbqch\proj\microbians\AeroCMS\Aero\src\Aero.Services\Aero.Services.csproj]
C:\Users\bbqch\proj\microbians\AeroCMS\Aero\src\Aero.Services\Features\Features.cs(21,15): warning CS8618: Non-nullable property 'Feature' must contain a non-null value when exiting constructor. Consider adding the 'required' modifier or declaring the property as nullable. [C:\Users\bbqch\proj\microbians\AeroCMS\Aero\src\Aero.Services\Aero.Services.csproj]
C:\Users\bbqch\proj\microbians\AeroCMS\Aero\src\Aero.Services\Features\Features.cs(25,15): warning CS8618: Non-nullable property 'Description' must contain a non-null value when exiting constructor. Consider adding the 'required' modifier or declaring the property as nullable. [C:\Users\bbqch\proj\microbians\AeroCMS\Aero\src\Aero.Services\Aero.Services.csproj]
C:\Users\bbqch\proj\microbians\AeroCMS\Aero\src\Aero.Services\Features\Features.cs(33,15): warning CS8618: Non-nullable property 'Value' must contain a non-null value when exiting constructor. Consider adding the 'required' modifier or declaring the property as nullable. [C:\Users\bbqch\proj\microbians\AeroCMS\Aero\src\Aero.Services\Aero.Services.csproj]
C:\Users\bbqch\proj\microbians\AeroCMS\Aero\src\Aero.Services\Geo\ZipApiService.cs(173,43): warning CS8618: Non-nullable property 'Data' must contain a non-null value when exiting constructor. Consider adding the 'required' modifier or declaring the property as nullable. [C:\Users\bbqch\proj\microbians\AeroCMS\Aero\src\Aero.Services\Aero.Services.csproj]
C:\Users\bbqch\proj\microbians\AeroCMS\Aero\src\Aero.Services\Models\UserLoginRequest.cs(12,19): warning CS8618: Non-nullable property 'Username' must contain a non-null value when exiting constructor. Consider adding the 'required' modifier or declaring the property as nullable. [C:\Users\bbqch\proj\microbians\AeroCMS\Aero\src\Aero.Services\Aero.Services.csproj]
C:\Users\bbqch\proj\microbians\AeroCMS\Aero\src\Aero.Services\Models\UserLoginRequest.cs(17,19): warning CS8618: Non-nullable property 'Password' must contain a non-null value when exiting constructor. Consider adding the 'required' modifier or declaring the property as nullable. [C:\Users\bbqch\proj\microbians\AeroCMS\Aero\src\Aero.Services\Aero.Services.csproj]
C:\Users\bbqch\proj\microbians\AeroCMS\Aero\src\Aero.Services\Geo\ZipApiService.cs(184,42): warning CS8618: Non-nullable property 'City' must contain a non-null value when exiting constructor. Consider adding the 'required' modifier or declaring the property as nullable. [C:\Users\bbqch\proj\microbians\AeroCMS\Aero\src\Aero.Services\Aero.Services.csproj]
C:\Users\bbqch\proj\microbians\AeroCMS\Aero\src\Aero.Services\Geo\ZipApiService.cs(189,43): warning CS8618: Non-nullable property 'State' must contain a non-null value when exiting constructor. Consider adding the 'required' modifier or declaring the property as nullable. [C:\Users\bbqch\proj\microbians\AeroCMS\Aero\src\Aero.Services\Aero.Services.csproj]
C:\Users\bbqch\proj\microbians\AeroCMS\Aero\src\Aero.Services\Geo\ZipApiService.cs(194,52): warning CS8618: Non-nullable property 'StateFullName' must contain a non-null value when exiting constructor. Consider adding the 'required' modifier or declaring the property as nullable. [C:\Users\bbqch\proj\microbians\AeroCMS\Aero\src\Aero.Services\Aero.Services.csproj]
C:\Users\bbqch\proj\microbians\AeroCMS\Aero\src\Aero.Services\UserProfileService.cs(59,102): warning CS9113: Parameter 'log' is unread. [C:\Users\bbqch\proj\microbians\AeroCMS\Aero\src\Aero.Services\Aero.Services.csproj]
C:\Users\bbqch\proj\microbians\AeroCMS\Aero\src\Aero.Services\JwtTokenBuilder.cs(77,39): warning CS8625: Cannot convert null literal to non-nullable reference type. [C:\Users\bbqch\proj\microbians\AeroCMS\Aero\src\Aero.Services\Aero.Services.csproj]
C:\Users\bbqch\proj\microbians\AeroCMS\Aero\src\Aero.Services\Features\RepositoryFeaturesStore.cs(29,9): warning CS9179: Primary constructor parameter 'ILogger<RepositoryFeaturesStore> log' is shadowed by a member from base. [C:\Users\bbqch\proj\microbians\AeroCMS\Aero\src\Aero.Services\Aero.Services.csproj]
C:\Users\bbqch\proj\microbians\AeroCMS\Aero\src\Aero.Services\Models\UserViewModel.cs(23,19): warning CS8618: Non-nullable property 'FirstName' must contain a non-null value when exiting constructor. Consider adding the 'required' modifier or declaring the property as nullable. [C:\Users\bbqch\proj\microbians\AeroCMS\Aero\src\Aero.Services\Aero.Services.csproj]
C:\Users\bbqch\proj\microbians\AeroCMS\Aero\src\Aero.Services\Models\UserViewModel.cs(29,19): warning CS8618: Non-nullable property 'LastName' must contain a non-null value when exiting constructor. Consider adding the 'required' modifier or declaring the property as nullable. [C:\Users\bbqch\proj\microbians\AeroCMS\Aero\src\Aero.Services\Aero.Services.csproj]
C:\Users\bbqch\proj\microbians\AeroCMS\Aero\src\Aero.Services\Models\UserViewModel.cs(35,19): warning CS8618: Non-nullable property 'Username' must contain a non-null value when exiting constructor. Consider adding the 'required' modifier or declaring the property as nullable. [C:\Users\bbqch\proj\microbians\AeroCMS\Aero\src\Aero.Services\Aero.Services.csproj]
C:\Users\bbqch\proj\microbians\AeroCMS\Aero\src\Aero.Services\Models\UserViewModel.cs(41,19): warning CS8618: Non-nullable property 'Email' must contain a non-null value when exiting constructor. Consider adding the 'required' modifier or declaring the property as nullable. [C:\Users\bbqch\proj\microbians\AeroCMS\Aero\src\Aero.Services\Aero.Services.csproj]
C:\Users\bbqch\proj\microbians\AeroCMS\Aero\src\Aero.Services\Models\UserViewModel.cs(50,19): warning CS8618: Non-nullable property 'Token' must contain a non-null value when exiting constructor. Consider adding the 'required' modifier or declaring the property as nullable. [C:\Users\bbqch\proj\microbians\AeroCMS\Aero\src\Aero.Services\Aero.Services.csproj]
C:\Users\bbqch\proj\microbians\AeroCMS\Aero\src\Aero.Services\Models\UserViewModel.cs(56,19): warning CS8618: Non-nullable property 'RefreshToken' must contain a non-null value when exiting constructor. Consider adding the 'required' modifier or declaring the property as nullable. [C:\Users\bbqch\proj\microbians\AeroCMS\Aero\src\Aero.Services\Aero.Services.csproj]
C:\Users\bbqch\proj\microbians\AeroCMS\Aero\src\Aero.Services\Models\UserViewModel.cs(73,13): warning CS8618: Non-nullable property 'Id' must contain a non-null value when exiting constructor. Consider adding the 'required' modifier or declaring the property as nullable. [C:\Users\bbqch\proj\microbians\AeroCMS\Aero\src\Aero.Services\Aero.Services.csproj]
C:\Users\bbqch\proj\microbians\AeroCMS\Aero\src\Aero.Services\Models\UserViewModel.cs(85,15): warning CS8618: Non-nullable property 'CreatedBy' must contain a non-null value when exiting constructor. Consider adding the 'required' modifier or declaring the property as nullable. [C:\Users\bbqch\proj\microbians\AeroCMS\Aero\src\Aero.Services\Aero.Services.csproj]
C:\Users\bbqch\proj\microbians\AeroCMS\Aero\src\Aero.Services\Models\UserViewModel.cs(89,15): warning CS8618: Non-nullable property 'ModifiedBy' must contain a non-null value when exiting constructor. Consider adding the 'required' modifier or declaring the property as nullable. [C:\Users\bbqch\proj\microbians\AeroCMS\Aero\src\Aero.Services\Aero.Services.csproj]
C:\Users\bbqch\proj\microbians\AeroCMS\Aero\src\Aero.Services\AeroJwtValidationService.cs(40,34): warning CS8604: Possible null reference argument for parameter 'value' in 'Claim.Claim(string type, string value)'. [C:\Users\bbqch\proj\microbians\AeroCMS\Aero\src\Aero.Services\Aero.Services.csproj]
C:\Users\bbqch\proj\microbians\AeroCMS\Aero\src\Aero.Services\AeroJwtValidationService.cs(42,35): warning CS8604: Possible null reference argument for parameter 'value' in 'Claim.Claim(string type, string value)'. [C:\Users\bbqch\proj\microbians\AeroCMS\Aero\src\Aero.Services\Aero.Services.csproj]
C:\Users\bbqch\proj\microbians\AeroCMS\Aero\src\Aero.Services\Geo\ZipApiService.cs(83,13): warning CS8602: Dereference of a possibly null reference. [C:\Users\bbqch\proj\microbians\AeroCMS\Aero\src\Aero.Services\Aero.Services.csproj]
C:\Users\bbqch\proj\microbians\AeroCMS\Aero\src\Aero.Services\Features\RepositoryFeaturesStore.cs(63,9): warning CS9179: Primary constructor parameter 'ILogger<RepositoryFeaturesStore> log' is shadowed by a member from base. [C:\Users\bbqch\proj\microbians\AeroCMS\Aero\src\Aero.Services\Aero.Services.csproj]
C:\Users\bbqch\proj\microbians\AeroCMS\Aero\src\Aero.Services\MartenUserProfileService.cs(36,20): warning CS8603: Possible null reference return. [C:\Users\bbqch\proj\microbians\AeroCMS\Aero\src\Aero.Services\Aero.Services.csproj]
C:\Users\bbqch\proj\microbians\AeroCMS\Aero\src\Aero.Services\Features\RepositoryFeaturesStore.cs(89,9): warning CS9179: Primary constructor parameter 'ILogger<RepositoryFeaturesStore> log' is shadowed by a member from base. [C:\Users\bbqch\proj\microbians\AeroCMS\Aero\src\Aero.Services\Aero.Services.csproj]
C:\Users\bbqch\proj\microbians\AeroCMS\Aero\src\Aero.Services\AeroJwtValidationService.cs(96,27): warning CS8601: Possible null reference assignment. [C:\Users\bbqch\proj\microbians\AeroCMS\Aero\src\Aero.Services\Aero.Services.csproj]
C:\Users\bbqch\proj\microbians\AeroCMS\Aero\src\Aero.Services\Features\RepositoryFeaturesStore.cs(112,9): warning CS9179: Primary constructor parameter 'ILogger<RepositoryFeaturesStore> log' is shadowed by a member from base. [C:\Users\bbqch\proj\microbians\AeroCMS\Aero\src\Aero.Services\Aero.Services.csproj]
C:\Users\bbqch\proj\microbians\AeroCMS\Aero\src\Aero.Services\AeroJwtValidationService.cs(110,45): warning CS8604: Possible null reference argument for parameter 's' in 'byte[] Encoding.GetBytes(string s)'. [C:\Users\bbqch\proj\microbians\AeroCMS\Aero\src\Aero.Services\Aero.Services.csproj]
C:\Users\bbqch\proj\microbians\AeroCMS\Aero\src\Aero.Services\Geo\ZipApiService.cs(103,13): warning CS8602: Dereference of a possibly null reference. [C:\Users\bbqch\proj\microbians\AeroCMS\Aero\src\Aero.Services\Aero.Services.csproj]
C:\Users\bbqch\proj\microbians\AeroCMS\Aero\src\Aero.Services\Geo\ZipApiService.cs(119,13): warning CS8602: Dereference of a possibly null reference. [C:\Users\bbqch\proj\microbians\AeroCMS\Aero\src\Aero.Services\Aero.Services.csproj]
C:\Users\bbqch\proj\microbians\AeroCMS\Aero\src\Aero.Services\Geo\ZipApiService.cs(137,13): warning CS8602: Dereference of a possibly null reference. [C:\Users\bbqch\proj\microbians\AeroCMS\Aero\src\Aero.Services\Aero.Services.csproj]
C:\Users\bbqch\proj\microbians\AeroCMS\Aero\src\Aero.Services\Geo\ZipApiService.cs(153,13): warning CS8602: Dereference of a possibly null reference. [C:\Users\bbqch\proj\microbians\AeroCMS\Aero\src\Aero.Services\Aero.Services.csproj]
C:\Users\bbqch\proj\microbians\AeroCMS\Aero\src\Aero.Services\Features\RepositoryFeaturesStore.cs(20,29): warning CS0169: The field 'RepositoryFeaturesStore.appName' is never used [C:\Users\bbqch\proj\microbians\AeroCMS\Aero\src\Aero.Services\Aero.Services.csproj]
  Aero.Core.Ai -> C:\Users\bbqch\proj\microbians\AeroCMS\Aero\src\Aero.Core.Ai\bin\Debug\net10.0\Aero.Core.Ai.dll
C:\Users\bbqch\proj\microbians\AeroCMS\Aero\src\Aero.EfCore\AuthInitializationExtensions.cs(49,29): warning SYSLIB0023: 'RNGCryptoServiceProvider' is obsolete: 'RNGCryptoServiceProvider is obsolete. To generate a random number, use one of the RandomNumberGenerator static methods instead.' (https://aka.ms/dotnet-warnings/SYSLIB0023) [C:\Users\bbqch\proj\microbians\AeroCMS\Aero\src\Aero.EfCore\Aero.EfCore.csproj]
C:\Users\bbqch\proj\microbians\AeroCMS\Aero\src\Aero.EfCore\GenericEntityFrameworkRepository.cs(241,9): warning CS9179: Primary constructor parameter 'ILogger<GenericEntityFrameworkRepository<T, TKey, TContext>> log' is shadowed by a member from base. [C:\Users\bbqch\proj\microbians\AeroCMS\Aero\src\Aero.EfCore\Aero.EfCore.csproj]
C:\Users\bbqch\proj\microbians\AeroCMS\Aero\src\Aero.EfCore\GenericEntityFrameworkRepository.cs(243,9): warning CS9179: Primary constructor parameter 'ILogger<GenericEntityFrameworkRepository<T, TKey, TContext>> log' is shadowed by a member from base. [C:\Users\bbqch\proj\microbians\AeroCMS\Aero\src\Aero.EfCore\Aero.EfCore.csproj]
C:\Users\bbqch\proj\microbians\AeroCMS\Aero\src\Aero.EfCore\GenericEntityFrameworkRepository.cs(252,9): warning CS9179: Primary constructor parameter 'ILogger<GenericEntityFrameworkRepository<T, TKey, TContext>> log' is shadowed by a member from base. [C:\Users\bbqch\proj\microbians\AeroCMS\Aero\src\Aero.EfCore\Aero.EfCore.csproj]
C:\Users\bbqch\proj\microbians\AeroCMS\Aero\src\Aero.EfCore\GenericEntityFrameworkRepository.cs(254,9): warning CS9179: Primary constructor parameter 'ILogger<GenericEntityFrameworkRepository<T, TKey, TContext>> log' is shadowed by a member from base. [C:\Users\bbqch\proj\microbians\AeroCMS\Aero\src\Aero.EfCore\Aero.EfCore.csproj]
C:\Users\bbqch\proj\microbians\AeroCMS\Aero\src\Aero.EfCore\GenericEntityFrameworkRepository.cs(263,9): warning CS9179: Primary constructor parameter 'ILogger<GenericEntityFrameworkRepository<T, TKey, TContext>> log' is shadowed by a member from base. [C:\Users\bbqch\proj\microbians\AeroCMS\Aero\src\Aero.EfCore\Aero.EfCore.csproj]
C:\Users\bbqch\proj\microbians\AeroCMS\Aero\src\Aero.EfCore\GenericEntityFrameworkRepository.cs(266,9): warning CS9179: Primary constructor parameter 'ILogger<GenericEntityFrameworkRepository<T, TKey, TContext>> log' is shadowed by a member from base. [C:\Users\bbqch\proj\microbians\AeroCMS\Aero\src\Aero.EfCore\Aero.EfCore.csproj]
C:\Users\bbqch\proj\microbians\AeroCMS\Aero\src\Aero.EfCore\ApiAuthRepository.cs(106,18): warning CS9179: Primary constructor parameter 'AeroDbContext context' is shadowed by a member from base. [C:\Users\bbqch\proj\microbians\AeroCMS\Aero\src\Aero.EfCore\Aero.EfCore.csproj]
C:\Users\bbqch\proj\microbians\AeroCMS\Aero\src\Aero.EfCore\GenericEntityFrameworkRepository.cs(287,9): warning CS9179: Primary constructor parameter 'ILogger<GenericEntityFrameworkRepository<T, TKey, TContext>> log' is shadowed by a member from base. [C:\Users\bbqch\proj\microbians\AeroCMS\Aero\src\Aero.EfCore\Aero.EfCore.csproj]
C:\Users\bbqch\proj\microbians\AeroCMS\Aero\src\Aero.EfCore\GenericEntityFrameworkRepository.cs(289,9): warning CS9179: Primary constructor parameter 'ILogger<GenericEntityFrameworkRepository<T, TKey, TContext>> log' is shadowed by a member from base. [C:\Users\bbqch\proj\microbians\AeroCMS\Aero\src\Aero.EfCore\Aero.EfCore.csproj]
C:\Users\bbqch\proj\microbians\AeroCMS\Aero\src\Aero.EfCore\GenericEntityFrameworkRepository.cs(297,9): warning CS9179: Primary constructor parameter 'ILogger<GenericEntityFrameworkRepository<T, TKey, TContext>> log' is shadowed by a member from base. [C:\Users\bbqch\proj\microbians\AeroCMS\Aero\src\Aero.EfCore\Aero.EfCore.csproj]
C:\Users\bbqch\proj\microbians\AeroCMS\Aero\src\Aero.EfCore\GenericEntityFrameworkRepository.cs(307,9): warning CS9179: Primary constructor parameter 'ILogger<GenericEntityFrameworkRepository<T, TKey, TContext>> log' is shadowed by a member from base. [C:\Users\bbqch\proj\microbians\AeroCMS\Aero\src\Aero.EfCore\Aero.EfCore.csproj]
C:\Users\bbqch\proj\microbians\AeroCMS\Aero\src\Aero.EfCore\GenericEntityFrameworkRepository.cs(50,54): warning CS1574: XML comment has cref attribute 'GenericEntityFrameworkRepository' that could not be resolved [C:\Users\bbqch\proj\microbians\AeroCMS\Aero\src\Aero.EfCore\Aero.EfCore.csproj]
C:\Users\bbqch\proj\microbians\AeroCMS\Aero\src\Aero.Core.Ai\TornadoAiChatClientFactory.cs(82,71): warning CS8604: Possible null reference argument for parameter 'apiKey' in 'TornadoApi.TornadoApi(Uri serverUri, string apiKey, LLmProviders provider = LLmProviders.Custom)'. [C:\Users\bbqch\proj\microbians\AeroCMS\Aero\src\Aero.Core.Ai\Aero.Core.Ai.csproj]
C:\Users\bbqch\proj\microbians\AeroCMS\Aero\src\Aero.Core.Ai\AiProvider.cs(8,5): warning CS1591: Missing XML comment for publicly visible type or member 'AiProvider.Anthropic' [C:\Users\bbqch\proj\microbians\AeroCMS\Aero\src\Aero.Core.Ai\Aero.Core.Ai.csproj]
C:\Users\bbqch\proj\microbians\AeroCMS\Aero\src\Aero.Core.Ai\AiProvider.cs(9,5): warning CS1591: Missing XML comment for publicly visible type or member 'AiProvider.DeepSeek' [C:\Users\bbqch\proj\microbians\AeroCMS\Aero\src\Aero.Core.Ai\Aero.Core.Ai.csproj]
C:\Users\bbqch\proj\microbians\AeroCMS\Aero\src\Aero.Core.Ai\AiProvider.cs(10,5): warning CS1591: Missing XML comment for publicly visible type or member 'AiProvider.Fireworks' [C:\Users\bbqch\proj\microbians\AeroCMS\Aero\src\Aero.Core.Ai\Aero.Core.Ai.csproj]
C:\Users\bbqch\proj\microbians\AeroCMS\Aero\src\Aero.Core.Ai\AiProvider.cs(11,5): warning CS1591: Missing XML comment for publicly visible type or member 'AiProvider.Gemini' [C:\Users\bbqch\proj\microbians\AeroCMS\Aero\src\Aero.Core.Ai\Aero.Core.Ai.csproj]
C:\Users\bbqch\proj\microbians\AeroCMS\Aero\src\Aero.Core.Ai\AiProvider.cs(12,5): warning CS1591: Missing XML comment for publicly visible type or member 'AiProvider.Groq' [C:\Users\bbqch\proj\microbians\AeroCMS\Aero\src\Aero.Core.Ai\Aero.Core.Ai.csproj]
C:\Users\bbqch\proj\microbians\AeroCMS\Aero\src\Aero.Core.Ai\AiProvider.cs(13,5): warning CS1591: Missing XML comment for publicly visible type or member 'AiProvider.OpenAI' [C:\Users\bbqch\proj\microbians\AeroCMS\Aero\src\Aero.Core.Ai\Aero.Core.Ai.csproj]
C:\Users\bbqch\proj\microbians\AeroCMS\Aero\src\Aero.Core.Ai\AiProvider.cs(14,5): warning CS1591: Missing XML comment for publicly visible type or member 'AiProvider.OpenCode' [C:\Users\bbqch\proj\microbians\AeroCMS\Aero\src\Aero.Core.Ai\Aero.Core.Ai.csproj]
C:\Users\bbqch\proj\microbians\AeroCMS\Aero\src\Aero.Core.Ai\AiProvider.cs(15,5): warning CS1591: Missing XML comment for publicly visible type or member 'AiProvider.OpenRouter' [C:\Users\bbqch\proj\microbians\AeroCMS\Aero\src\Aero.Core.Ai\Aero.Core.Ai.csproj]
C:\Users\bbqch\proj\microbians\AeroCMS\Aero\src\Aero.Core.Ai\AiProvider.cs(16,5): warning CS1591: Missing XML comment for publicly visible type or member 'AiProvider.Local' [C:\Users\bbqch\proj\microbians\AeroCMS\Aero\src\Aero.Core.Ai\Aero.Core.Ai.csproj]
C:\Users\bbqch\proj\microbians\AeroCMS\Aero\src\Aero.Core.Ai\AiProviderKind.cs(8,5): warning CS1591: Missing XML comment for publicly visible type or member 'AiProviderKind.OpenAi' [C:\Users\bbqch\proj\microbians\AeroCMS\Aero\src\Aero.Core.Ai\Aero.Core.Ai.csproj]
C:\Users\bbqch\proj\microbians\AeroCMS\Aero\src\Aero.Core.Ai\AiProviderKind.cs(9,5): warning CS1591: Missing XML comment for publicly visible type or member 'AiProviderKind.Anthropic' [C:\Users\bbqch\proj\microbians\AeroCMS\Aero\src\Aero.Core.Ai\Aero.Core.Ai.csproj]
C:\Users\bbqch\proj\microbians\AeroCMS\Aero\src\Aero.Core.Ai\AiProviderKind.cs(10,5): warning CS1591: Missing XML comment for publicly visible type or member 'AiProviderKind.Google' [C:\Users\bbqch\proj\microbians\AeroCMS\Aero\src\Aero.Core.Ai\Aero.Core.Ai.csproj]
C:\Users\bbqch\proj\microbians\AeroCMS\Aero\src\Aero.Core.Ai\AiProviderKind.cs(11,5): warning CS1591: Missing XML comment for publicly visible type or member 'AiProviderKind.Groq' [C:\Users\bbqch\proj\microbians\AeroCMS\Aero\src\Aero.Core.Ai\Aero.Core.Ai.csproj]
C:\Users\bbqch\proj\microbians\AeroCMS\Aero\src\Aero.Core.Ai\AiProviderKind.cs(12,5): warning CS1591: Missing XML comment for publicly visible type or member 'AiProviderKind.DeepSeek' [C:\Users\bbqch\proj\microbians\AeroCMS\Aero\src\Aero.Core.Ai\Aero.Core.Ai.csproj]
C:\Users\bbqch\proj\microbians\AeroCMS\Aero\src\Aero.Core.Ai\AiProviderKind.cs(13,5): warning CS1591: Missing XML comment for publicly visible type or member 'AiProviderKind.MiniMax' [C:\Users\bbqch\proj\microbians\AeroCMS\Aero\src\Aero.Core.Ai\Aero.Core.Ai.csproj]
C:\Users\bbqch\proj\microbians\AeroCMS\Aero\src\Aero.Core.Ai\AiProviderKind.cs(14,5): warning CS1591: Missing XML comment for publicly visible type or member 'AiProviderKind.Mistral' [C:\Users\bbqch\proj\microbians\AeroCMS\Aero\src\Aero.Core.Ai\Aero.Core.Ai.csproj]
C:\Users\bbqch\proj\microbians\AeroCMS\Aero\src\Aero.Core.Ai\AiProviderKind.cs(15,5): warning CS1591: Missing XML comment for publicly visible type or member 'AiProviderKind.XAi' [C:\Users\bbqch\proj\microbians\AeroCMS\Aero\src\Aero.Core.Ai\Aero.Core.Ai.csproj]
C:\Users\bbqch\proj\microbians\AeroCMS\Aero\src\Aero.Core.Ai\AiProviderKind.cs(16,5): warning CS1591: Missing XML comment for publicly visible type or member 'AiProviderKind.Zai' [C:\Users\bbqch\proj\microbians\AeroCMS\Aero\src\Aero.Core.Ai\Aero.Core.Ai.csproj]
C:\Users\bbqch\proj\microbians\AeroCMS\Aero\src\Aero.Core.Ai\AiProviderKind.cs(17,5): warning CS1591: Missing XML comment for publicly visible type or member 'AiProviderKind.Perplexity' [C:\Users\bbqch\proj\microbians\AeroCMS\Aero\src\Aero.Core.Ai\Aero.Core.Ai.csproj]
C:\Users\bbqch\proj\microbians\AeroCMS\Aero\src\Aero.Core.Ai\AiProviderKind.cs(18,5): warning CS1591: Missing XML comment for publicly visible type or member 'AiProviderKind.Alibaba' [C:\Users\bbqch\proj\microbians\AeroCMS\Aero\src\Aero.Core.Ai\Aero.Core.Ai.csproj]
C:\Users\bbqch\proj\microbians\AeroCMS\Aero\src\Aero.Core.Ai\AiProviderKind.cs(19,5): warning CS1591: Missing XML comment for publicly visible type or member 'AiProviderKind.OpenRouter' [C:\Users\bbqch\proj\microbians\AeroCMS\Aero\src\Aero.Core.Ai\Aero.Core.Ai.csproj]
C:\Users\bbqch\proj\microbians\AeroCMS\Aero\src\Aero.Core.Ai\AiProviderKind.cs(20,5): warning CS1591: Missing XML comment for publicly visible type or member 'AiProviderKind.LmStudio' [C:\Users\bbqch\proj\microbians\AeroCMS\Aero\src\Aero.Core.Ai\Aero.Core.Ai.csproj]
C:\Users\bbqch\proj\microbians\AeroCMS\Aero\src\Aero.Core.Ai\AiProviderKind.cs(21,5): warning CS1591: Missing XML comment for publicly visible type or member 'AiProviderKind.OpenCode' [C:\Users\bbqch\proj\microbians\AeroCMS\Aero\src\Aero.Core.Ai\Aero.Core.Ai.csproj]
C:\Users\bbqch\proj\microbians\AeroCMS\Aero\src\Aero.Core.Ai\AiProviderKind.cs(22,5): warning CS1591: Missing XML comment for publicly visible type or member 'AiProviderKind.Future' [C:\Users\bbqch\proj\microbians\AeroCMS\Aero\src\Aero.Core.Ai\Aero.Core.Ai.csproj]
  Aero.EfCore -> C:\Users\bbqch\proj\microbians\AeroCMS\Aero\src\Aero.EfCore\bin\Debug\net10.0\Aero.EfCore.dll
  Aero.Core.Ai -> C:\Users\bbqch\proj\microbians\AeroCMS\Aero\src\Aero.Core.Ai\bin\Debug\net10.0\Aero.Core.Ai.dll
  Aero.Services -> C:\Users\bbqch\proj\microbians\AeroCMS\Aero\src\Aero.Services\bin\Debug\net10.0\Aero.Services.dll
C:\Users\bbqch\proj\microbians\AeroCMS\src\Aero.AppServer\obj\Debug\net10.0\Aero.Cms.SourceGenerators\Aero.Cms.SourceGenerators.EmbeddedAttributesGenerator\LegacyReflectionDiscoveryAttribute.g.cs(20,18): warning CS8669: The annotation for nullable reference types should only be used in code within a '#nullable' annotations context. Auto-generated code requires an explicit '#nullable' directive in source. [C:\Users\bbqch\proj\microbians\AeroCMS\src\Aero.AppServer\Aero.AppServer.csproj]
C:\Users\bbqch\proj\microbians\AeroCMS\Aero\src\Aero.Web\Controllers\AuthController.cs(14,15): warning CS1570: XML comment has badly formed XML -- 'Whitespace is not allowed at this location.' [C:\Users\bbqch\proj\microbians\AeroCMS\Aero\src\Aero.Web\Aero.Web.csproj]
C:\Users\bbqch\proj\microbians\AeroCMS\Aero\src\Aero.Web\ApiResponse.cs(56,14): warning CS8618: Non-nullable property 'Data' must contain a non-null value when exiting constructor. Consider adding the 'required' modifier or declaring the property as nullable. [C:\Users\bbqch\proj\microbians\AeroCMS\Aero\src\Aero.Web\Aero.Web.csproj]
C:\Users\bbqch\proj\microbians\AeroCMS\Aero\src\Aero.Web\Commands\SaveRefreshTokenCommand.cs(57,15): warning CS8618: Non-nullable property 'Username' must contain a non-null value when exiting constructor. Consider adding the 'required' modifier or declaring the property as nullable. [C:\Users\bbqch\proj\microbians\AeroCMS\Aero\src\Aero.Web\Aero.Web.csproj]
C:\Users\bbqch\proj\microbians\AeroCMS\Aero\src\Aero.Web\Commands\SaveRefreshTokenCommand.cs(61,15): warning CS8618: Non-nullable property 'Password' must contain a non-null value when exiting constructor. Consider adding the 'required' modifier or declaring the property as nullable. [C:\Users\bbqch\proj\microbians\AeroCMS\Aero\src\Aero.Web\Aero.Web.csproj]
C:\Users\bbqch\proj\microbians\AeroCMS\Aero\src\Aero.Web\Commands\SaveRefreshTokenCommand.cs(65,15): warning CS8618: Non-nullable property 'Token' must contain a non-null value when exiting constructor. Consider adding the 'required' modifier or declaring the property as nullable. [C:\Users\bbqch\proj\microbians\AeroCMS\Aero\src\Aero.Web\Aero.Web.csproj]
C:\Users\bbqch\proj\microbians\AeroCMS\Aero\src\Aero.Web\ErrorViewModel.cs(11,15): warning CS8618: Non-nullable property 'RequestId' must contain a non-null value when exiting constructor. Consider adding the 'required' modifier or declaring the property as nullable. [C:\Users\bbqch\proj\microbians\AeroCMS\Aero\src\Aero.Web\Aero.Web.csproj]
C:\Users\bbqch\proj\microbians\AeroCMS\Aero\src\Aero.Web\Commands\DeleteRefreshTokenCommand.cs(19,15): warning CS8618: Non-nullable property 'Username' must contain a non-null value when exiting constructor. Consider adding the 'required' modifier or declaring the property as nullable. [C:\Users\bbqch\proj\microbians\AeroCMS\Aero\src\Aero.Web\Aero.Web.csproj]
C:\Users\bbqch\proj\microbians\AeroCMS\Aero\src\Aero.Web\Commands\DeleteRefreshTokenCommand.cs(23,15): warning CS8618: Non-nullable property 'Password' must contain a non-null value when exiting constructor. Consider adding the 'required' modifier or declaring the property as nullable. [C:\Users\bbqch\proj\microbians\AeroCMS\Aero\src\Aero.Web\Aero.Web.csproj]
C:\Users\bbqch\proj\microbians\AeroCMS\Aero\src\Aero.Web\Commands\DeleteRefreshTokenCommand.cs(27,15): warning CS8618: Non-nullable property 'RefreshToken' must contain a non-null value when exiting constructor. Consider adding the 'required' modifier or declaring the property as nullable. [C:\Users\bbqch\proj\microbians\AeroCMS\Aero\src\Aero.Web\Aero.Web.csproj]
C:\Users\bbqch\proj\microbians\AeroCMS\Aero\src\Aero.Web\Extensions\WebResponseExtensions.cs(24,28): warning CS8601: Possible null reference assignment. [C:\Users\bbqch\proj\microbians\AeroCMS\Aero\src\Aero.Web\Aero.Web.csproj]
C:\Users\bbqch\proj\microbians\AeroCMS\Aero\src\Aero.Web\Extensions\ClaimsPrincipalExtensions.cs(14,12): warning CS8603: Possible null reference return. [C:\Users\bbqch\proj\microbians\AeroCMS\Aero\src\Aero.Web\Aero.Web.csproj]
C:\Users\bbqch\proj\microbians\AeroCMS\Aero\src\Aero.Web\Extensions\ClaimsPrincipalExtensions.cs(20,12): warning CS8603: Possible null reference return. [C:\Users\bbqch\proj\microbians\AeroCMS\Aero\src\Aero.Web\Aero.Web.csproj]
C:\Users\bbqch\proj\microbians\AeroCMS\Aero\src\Aero.Web\Extensions\WebResponseExtensions.cs(40,28): warning CS8601: Possible null reference assignment. [C:\Users\bbqch\proj\microbians\AeroCMS\Aero\src\Aero.Web\Aero.Web.csproj]
C:\Users\bbqch\proj\microbians\AeroCMS\Aero\src\Aero.Web\Extensions\ClaimsPrincipalExtensions.cs(26,12): warning CS8603: Possible null reference return. [C:\Users\bbqch\proj\microbians\AeroCMS\Aero\src\Aero.Web\Aero.Web.csproj]
C:\Users\bbqch\proj\microbians\AeroCMS\Aero\src\Aero.Web\Filters\ValidateModelAttribute.cs(10,51): warning CS8618: Non-nullable field 'log' must contain a non-null value when exiting constructor. Consider adding the 'required' modifier or declaring the field as nullable. [C:\Users\bbqch\proj\microbians\AeroCMS\Aero\src\Aero.Web\Aero.Web.csproj]
C:\Users\bbqch\proj\microbians\AeroCMS\Aero\src\Aero.Web\Models\ApiClaimsModel.cs(18,15): warning CS8618: Non-nullable property 'ClaimKey' must contain a non-null value when exiting constructor. Consider adding the 'required' modifier or declaring the property as nullable. [C:\Users\bbqch\proj\microbians\AeroCMS\Aero\src\Aero.Web\Aero.Web.csproj]
C:\Users\bbqch\proj\microbians\AeroCMS\Aero\src\Aero.Web\Models\ApiClaimsModel.cs(22,15): warning CS8618: Non-nullable property 'ClaimValue' must contain a non-null value when exiting constructor. Consider adding the 'required' modifier or declaring the property as nullable. [C:\Users\bbqch\proj\microbians\AeroCMS\Aero\src\Aero.Web\Aero.Web.csproj]
C:\Users\bbqch\proj\microbians\AeroCMS\Aero\src\Aero.Web\Extensions\WebResponseExtensions.cs(56,28): warning CS8601: Possible null reference assignment. [C:\Users\bbqch\proj\microbians\AeroCMS\Aero\src\Aero.Web\Aero.Web.csproj]
C:\Users\bbqch\proj\microbians\AeroCMS\Aero\src\Aero.Web\Infrastructure\CacheService.cs(45,14): warning CS8602: Dereference of a possibly null reference. [C:\Users\bbqch\proj\microbians\AeroCMS\Aero\src\Aero.Web\Aero.Web.csproj]
C:\Users\bbqch\proj\microbians\AeroCMS\Aero\src\Aero.Web\Extensions\SessionExtensions.cs(22,16): warning CS8603: Possible null reference return. [C:\Users\bbqch\proj\microbians\AeroCMS\Aero\src\Aero.Web\Aero.Web.csproj]
C:\Users\bbqch\proj\microbians\AeroCMS\Aero\src\Aero.Web\Middleware\CloudflareMiddleware.cs(97,28): warning CS8604: Possible null reference argument for parameter 'ipadress' in 'bool CloudFlareConnectingIpMiddleware.IsCloudFlareIp(IPAddress ipadress)'. [C:\Users\bbqch\proj\microbians\AeroCMS\Aero\src\Aero.Web\Aero.Web.csproj]
C:\Users\bbqch\proj\microbians\AeroCMS\Aero\src\Aero.Web\Extensions\ClaimsPrincipalExtensions.cs(47,20): warning CS8600: Converting null literal or possible null value to non-nullable type. [C:\Users\bbqch\proj\microbians\AeroCMS\Aero\src\Aero.Web\Aero.Web.csproj]
C:\Users\bbqch\proj\microbians\AeroCMS\Aero\src\Aero.Web\Extensions\ClaimsPrincipalExtensions.cs(47,20): warning CS8603: Possible null reference return. [C:\Users\bbqch\proj\microbians\AeroCMS\Aero\src\Aero.Web\Aero.Web.csproj]
C:\Users\bbqch\proj\microbians\AeroCMS\Aero\src\Aero.Web\Extensions\ClaimsPrincipalExtensions.cs(70,16): warning CS8603: Possible null reference return. [C:\Users\bbqch\proj\microbians\AeroCMS\Aero\src\Aero.Web\Aero.Web.csproj]
C:\Users\bbqch\proj\microbians\AeroCMS\Aero\src\Aero.Web\Extensions\ClaimsPrincipalExtensions.cs(80,16): warning CS8603: Possible null reference return. [C:\Users\bbqch\proj\microbians\AeroCMS\Aero\src\Aero.Web\Aero.Web.csproj]
C:\Users\bbqch\proj\microbians\AeroCMS\Aero\src\Aero.Web\Infrastructure\CacheService.cs(60,17): warning CS8602: Dereference of a possibly null reference. [C:\Users\bbqch\proj\microbians\AeroCMS\Aero\src\Aero.Web\Aero.Web.csproj]
C:\Users\bbqch\proj\microbians\AeroCMS\Aero\src\Aero.Web\Middleware\RequestCultureMiddleware.cs(18,43): warning CS8604: Possible null reference argument for parameter 'name' in 'CultureInfo.CultureInfo(string name)'. [C:\Users\bbqch\proj\microbians\AeroCMS\Aero\src\Aero.Web\Aero.Web.csproj]
C:\Users\bbqch\proj\microbians\AeroCMS\Aero\src\Aero.Web\Extensions\ScalarExtensions.cs(19,17): warning CS0618: 'ScalarOptionsExtensions.WithPreferredScheme<TOptions>(TOptions, string)' is obsolete: 'This method is obsolete and will be removed in a future release. Use AddPreferredSecuritySchemes instead.' [C:\Users\bbqch\proj\microbians\AeroCMS\Aero\src\Aero.Web\Aero.Web.csproj]
C:\Users\bbqch\proj\microbians\AeroCMS\Aero\src\Aero.Web\Extensions\ScalarExtensions.cs(21,55): warning CS0618: 'HttpBearerOptions' is obsolete: 'This class is obsolete and will be removed in a future release. Use AddHttpBasicAuthentication with ScalarHttpSecurityScheme instead.' [C:\Users\bbqch\proj\microbians\AeroCMS\Aero\src\Aero.Web\Aero.Web.csproj]
C:\Users\bbqch\proj\microbians\AeroCMS\Aero\src\Aero.Web\Extensions\ScalarExtensions.cs(19,17): warning CS0618: 'ScalarOptionsExtensions.WithHttpBearerAuthentication(ScalarOptions, HttpBearerOptions)' is obsolete: 'This method is obsolete and will be removed in a future release. Use AddHttpAuthentication instead.' [C:\Users\bbqch\proj\microbians\AeroCMS\Aero\src\Aero.Web\Aero.Web.csproj]
C:\Users\bbqch\proj\microbians\AeroCMS\Aero\src\Aero.Web\Extensions\ScalarExtensions.cs(19,17): warning CS0618: 'ScalarOptionsExtensions.WithDownloadButton<TOptions>(TOptions, bool)' is obsolete: 'This method is obsolete and will be removed in a future release. Use 'WithDocumentDownloadType' instead.' [C:\Users\bbqch\proj\microbians\AeroCMS\Aero\src\Aero.Web\Aero.Web.csproj]
C:\Users\bbqch\proj\microbians\AeroCMS\Aero\src\Aero.Web\Extensions\ScalarExtensions.cs(19,17): warning CS0618: 'ScalarOptionsExtensions.WithClientButton<TOptions>(TOptions, bool)' is obsolete: 'This method is obsolete and will be removed in a future release. Please use HideClientButton() instead. Note: WithClientButton(true) is the default behavior and can be removed entirely.' [C:\Users\bbqch\proj\microbians\AeroCMS\Aero\src\Aero.Web\Aero.Web.csproj]
C:\Users\bbqch\proj\microbians\AeroCMS\Aero\src\Aero.Web\AppSettingsMiddleware.cs(33,48): warning CS8601: Possible null reference assignment. [C:\Users\bbqch\proj\microbians\AeroCMS\Aero\src\Aero.Web\Aero.Web.csproj]
C:\Users\bbqch\proj\microbians\AeroCMS\Aero\src\Aero.Web\Extensions\SerilogOpenTelemExtensions.cs(65,36): warning CS8604: Possible null reference argument for parameter 'teamId' in 'LoggerConfiguration HoneycombSinkExtensions.HoneycombSink(LoggerSinkConfiguration loggerConfiguration, string teamId, string apiKey, PeriodicBatchingSinkOptions? batchingOptions = null, Func<HttpClient>? httpClientFactory = null, string honeycombUrl = "https://api.honeycomb.io/")'. [C:\Users\bbqch\proj\microbians\AeroCMS\Aero\src\Aero.Web\Aero.Web.csproj]
C:\Users\bbqch\proj\microbians\AeroCMS\Aero\src\Aero.Web\Extensions\SerilogOpenTelemExtensions.cs(65,49): warning CS8604: Possible null reference argument for parameter 'apiKey' in 'LoggerConfiguration HoneycombSinkExtensions.HoneycombSink(LoggerSinkConfiguration loggerConfiguration, string teamId, string apiKey, PeriodicBatchingSinkOptions? batchingOptions = null, Func<HttpClient>? httpClientFactory = null, string honeycombUrl = "https://api.honeycomb.io/")'. [C:\Users\bbqch\proj\microbians\AeroCMS\Aero\src\Aero.Web\Aero.Web.csproj]
C:\Users\bbqch\proj\microbians\AeroCMS\Aero\src\Aero.Web\Extensions\HttpContextExtensions.cs(69,35): warning CS8601: Possible null reference assignment. [C:\Users\bbqch\proj\microbians\AeroCMS\Aero\src\Aero.Web\Aero.Web.csproj]
C:\Users\bbqch\proj\microbians\AeroCMS\Aero\src\Aero.Web\Controllers\AuthController.cs(638,9): warning CS0162: Unreachable code detected [C:\Users\bbqch\proj\microbians\AeroCMS\Aero\src\Aero.Web\Aero.Web.csproj]
C:\Users\bbqch\proj\microbians\AeroCMS\Aero\src\Aero.Web\Email\SmtpEmalSender.cs(43,54): warning CS1574: XML comment has cref attribute 'EmailSender' that could not be resolved [C:\Users\bbqch\proj\microbians\AeroCMS\Aero\src\Aero.Web\Aero.Web.csproj]
C:\Users\bbqch\proj\microbians\AeroCMS\Aero\src\Aero.Web\Extensions\AeroErrorMappingExtensions.cs(18,26): warning CS1711: XML comment has a typeparam tag for 'TError', but there is no type parameter by that name [C:\Users\bbqch\proj\microbians\AeroCMS\Aero\src\Aero.Web\Aero.Web.csproj]
C:\Users\bbqch\proj\microbians\AeroCMS\Aero\src\Aero.Web\Extensions\SocialLoginExtensions.cs(60,87): warning CS1573: Parameter 'services' has no matching param tag in the XML comment for 'SocialLoginExtensions.AddAeroAuthentication(IServiceCollection, IHostEnvironment, IConfiguration)' (but other parameters do) [C:\Users\bbqch\proj\microbians\AeroCMS\Aero\src\Aero.Web\Aero.Web.csproj]
C:\Users\bbqch\proj\microbians\AeroCMS\Aero\src\Aero.Web\Middleware\XssExtensions.cs(44,13): warning ASP0019: Use IHeaderDictionary.Append or the indexer to append or set headers. IDictionary.Add will throw an ArgumentException when attempting to add a duplicate key. (https://aka.ms/aspnet/analyzers) [C:\Users\bbqch\proj\microbians\AeroCMS\Aero\src\Aero.Web\Aero.Web.csproj]
C:\Users\bbqch\proj\microbians\AeroCMS\Aero\src\Aero.Web\Middleware\XssExtensions.cs(47,17): warning ASP0019: Use IHeaderDictionary.Append or the indexer to append or set headers. IDictionary.Add will throw an ArgumentException when attempting to add a duplicate key. (https://aka.ms/aspnet/analyzers) [C:\Users\bbqch\proj\microbians\AeroCMS\Aero\src\Aero.Web\Aero.Web.csproj]
C:\Users\bbqch\proj\microbians\AeroCMS\Aero\src\Aero.Web\Middleware\XssExtensions.cs(57,17): warning ASP0019: Use IHeaderDictionary.Append or the indexer to append or set headers. IDictionary.Add will throw an ArgumentException when attempting to add a duplicate key. (https://aka.ms/aspnet/analyzers) [C:\Users\bbqch\proj\microbians\AeroCMS\Aero\src\Aero.Web\Aero.Web.csproj]
  Aero.AppServer -> C:\Users\bbqch\proj\microbians\AeroCMS\src\Aero.AppServer\bin\Debug\net10.0\Aero.AppServer.dll
  Aero.Web -> C:\Users\bbqch\proj\microbians\AeroCMS\Aero\src\Aero.Web\bin\Debug\net10.0\Aero.Web.dll
C:\Users\bbqch\proj\microbians\AeroCMS\src\Aero.Cms.Abstractions\Blocks\Neo\NeoPageNodeKind.cs(8,2): warning SYSLIB1034: The member 'Aero.Cms.Abstractions.Blocks.Neo.NeoPageNodeKind' has been annotated with 'JsonStringEnumConverter' which is not supported in native AOT. Consider using the generic 'JsonStringEnumConverter<TEnum>' instead. (https://learn.microsoft.com/dotnet/fundamentals/syslib-diagnostics/syslib1034) [C:\Users\bbqch\proj\microbians\AeroCMS\src\Aero.Cms.Abstractions\Aero.Cms.Abstractions.csproj]
C:\Users\bbqch\proj\microbians\AeroCMS\src\Aero.Cms.Abstractions\Blocks\Neo\Styles\ContentDirection.cs(8,2): warning SYSLIB1034: The member 'Aero.Cms.Abstractions.Blocks.Neo.Styles.ContentDirection' has been annotated with 'JsonStringEnumConverter' which is not supported in native AOT. Consider using the generic 'JsonStringEnumConverter<TEnum>' instead. (https://learn.microsoft.com/dotnet/fundamentals/syslib-diagnostics/syslib1034) [C:\Users\bbqch\proj\microbians\AeroCMS\src\Aero.Cms.Abstractions\Aero.Cms.Abstractions.csproj]
C:\Users\bbqch\proj\microbians\AeroCMS\src\Aero.Cms.Abstractions\Blocks\Neo\Styles\CssLength.cs(35,2): warning SYSLIB1034: The member 'Aero.Cms.Abstractions.Blocks.Neo.Styles.CssLengthUnit' has been annotated with 'JsonStringEnumConverter' which is not supported in native AOT. Consider using the generic 'JsonStringEnumConverter<TEnum>' instead. (https://learn.microsoft.com/dotnet/fundamentals/syslib-diagnostics/syslib1034) [C:\Users\bbqch\proj\microbians\AeroCMS\src\Aero.Cms.Abstractions\Aero.Cms.Abstractions.csproj]
C:\Users\bbqch\proj\microbians\AeroCMS\src\Aero.Cms.Abstractions\obj\Debug\net10.0\Aero.Cms.SourceGenerators\Aero.Cms.SourceGenerators.EmbeddedAttributesGenerator\LegacyReflectionDiscoveryAttribute.g.cs(20,18): warning CS8669: The annotation for nullable reference types should only be used in code within a '#nullable' annotations context. Auto-generated code requires an explicit '#nullable' directive in source. [C:\Users\bbqch\proj\microbians\AeroCMS\src\Aero.Cms.Abstractions\Aero.Cms.Abstractions.csproj]
C:\Users\bbqch\proj\microbians\AeroCMS\src\Aero.Cms.Abstractions\Models\PageViewModel.cs(67,17): warning CS0108: 'PageViewModel.SiteId' hides inherited member 'AeroEntityViewModel.SiteId'. Use the new keyword if hiding was intended. [C:\Users\bbqch\proj\microbians\AeroCMS\src\Aero.Cms.Abstractions\Aero.Cms.Abstractions.csproj]
C:\Users\bbqch\proj\microbians\AeroCMS\src\Aero.Cms.Abstractions\Http\Clients\ContentTypesClient.cs(70,38): warning CS0114: 'ContentTypesHttpClient.DeleteAsync(string, CancellationToken)' hides inherited member 'HttpClientBase.DeleteAsync(string, CancellationToken)'. To make the current member override that implementation, add the override keyword. Otherwise add the new keyword. [C:\Users\bbqch\proj\microbians\AeroCMS\src\Aero.Cms.Abstractions\Aero.Cms.Abstractions.csproj]
C:\Users\bbqch\proj\microbians\AeroCMS\src\Aero.Cms.Abstractions\Http\Clients\FootersClient.cs(187,50): warning CS8625: Cannot convert null literal to non-nullable reference type. [C:\Users\bbqch\proj\microbians\AeroCMS\src\Aero.Cms.Abstractions\Aero.Cms.Abstractions.csproj]
C:\Users\bbqch\proj\microbians\AeroCMS\src\Aero.Cms.Abstractions\Http\Clients\ThemesClient.cs(98,42): warning CS0114: 'ThemesHttpClient.DeleteAsync(string, CancellationToken)' hides inherited member 'HttpClientBase.DeleteAsync(string, CancellationToken)'. To make the current member override that implementation, add the override keyword. Otherwise add the new keyword. [C:\Users\bbqch\proj\microbians\AeroCMS\src\Aero.Cms.Abstractions\Aero.Cms.Abstractions.csproj]
C:\Users\bbqch\proj\microbians\AeroCMS\src\Aero.Cms.Abstractions\Http\Clients\SettingsClient.cs(92,42): warning CS0114: 'SettingsHttpClient.DeleteAsync(string, CancellationToken)' hides inherited member 'HttpClientBase.DeleteAsync(string, CancellationToken)'. To make the current member override that implementation, add the override keyword. Otherwise add the new keyword. [C:\Users\bbqch\proj\microbians\AeroCMS\src\Aero.Cms.Abstractions\Aero.Cms.Abstractions.csproj]
C:\Users\bbqch\proj\microbians\AeroCMS\src\Aero.Cms.Abstractions\Blocks\Aero\BasicHeroBlockMapper.cs(31,17): warning CS8601: Possible null reference assignment. [C:\Users\bbqch\proj\microbians\AeroCMS\src\Aero.Cms.Abstractions\Aero.Cms.Abstractions.csproj]
C:\Users\bbqch\proj\microbians\AeroCMS\src\Aero.Cms.Abstractions\Blocks\Aero\BasicHeroBlockMapper.cs(32,20): warning CS8601: Possible null reference assignment. [C:\Users\bbqch\proj\microbians\AeroCMS\src\Aero.Cms.Abstractions\Aero.Cms.Abstractions.csproj]
C:\Users\bbqch\proj\microbians\AeroCMS\src\Aero.Cms.Abstractions\Blocks\Aero\ImageBlockMapper.cs(30,46): warning CS8625: Cannot convert null literal to non-nullable reference type. [C:\Users\bbqch\proj\microbians\AeroCMS\src\Aero.Cms.Abstractions\Aero.Cms.Abstractions.csproj]
C:\Users\bbqch\proj\microbians\AeroCMS\src\Aero.Cms.Abstractions\Blocks\Aero\VideoBlockMapper.cs(31,39): warning CS8625: Cannot convert null literal to non-nullable reference type. [C:\Users\bbqch\proj\microbians\AeroCMS\src\Aero.Cms.Abstractions\Aero.Cms.Abstractions.csproj]
C:\Users\bbqch\proj\microbians\AeroCMS\src\Aero.Cms.Abstractions\Blocks\Aero\VideoBlockMapper.cs(32,41): warning CS8625: Cannot convert null literal to non-nullable reference type. [C:\Users\bbqch\proj\microbians\AeroCMS\src\Aero.Cms.Abstractions\Aero.Cms.Abstractions.csproj]
C:\Users\bbqch\proj\microbians\AeroCMS\src\Aero.Cms.Abstractions\Http\Clients\PagesClient.cs(347,16): warning CS8634: The type 'Aero.Cms.Abstractions.Http.Clients.PageDraftSummary?' cannot be used as type parameter 'T' in the generic type or method 'HttpClientBase.GetAsync<T>(string, CancellationToken)'. Nullability of type argument 'Aero.Cms.Abstractions.Http.Clients.PageDraftSummary?' doesn't match 'class' constraint. [C:\Users\bbqch\proj\microbians\AeroCMS\src\Aero.Cms.Abstractions\Aero.Cms.Abstractions.csproj]
C:\Users\bbqch\proj\microbians\AeroCMS\src\Aero.Cms.Abstractions\Blocks\Editor\ContainerDefinitionBase.cs(13,37): warning CS1574: XML comment has cref attribute 'ICompositionCapabilities' that could not be resolved [C:\Users\bbqch\proj\microbians\AeroCMS\src\Aero.Cms.Abstractions\Aero.Cms.Abstractions.csproj]
C:\Users\bbqch\proj\microbians\AeroCMS\src\Aero.Cms.Abstractions\Blocks\Editor\ContainerDefinitionBase.cs(14,24): warning CS1574: XML comment has cref attribute 'ICompositionPolicy' that could not be resolved [C:\Users\bbqch\proj\microbians\AeroCMS\src\Aero.Cms.Abstractions\Aero.Cms.Abstractions.csproj]
C:\Users\bbqch\proj\microbians\AeroCMS\src\Aero.Cms.Abstractions\Blocks\Embed\IEmbedUrlResolver.cs(5,60): warning CS1574: XML comment has cref attribute 'EmbedResolverPipeline' that could not be resolved [C:\Users\bbqch\proj\microbians\AeroCMS\src\Aero.Cms.Abstractions\Aero.Cms.Abstractions.csproj]
C:\Users\bbqch\proj\microbians\AeroCMS\src\Aero.Cms.Abstractions\Requests\CreatePageRequest.cs(25,5): warning CS1587: XML comment is not placed on a valid language element [C:\Users\bbqch\proj\microbians\AeroCMS\src\Aero.Cms.Abstractions\Aero.Cms.Abstractions.csproj]
C:\Users\bbqch\proj\microbians\AeroCMS\src\Aero.Cms.Abstractions\Requests\CreatePageRequest.cs(27,5): warning CS1587: XML comment is not placed on a valid language element [C:\Users\bbqch\proj\microbians\AeroCMS\src\Aero.Cms.Abstractions\Aero.Cms.Abstractions.csproj]
C:\Users\bbqch\proj\microbians\AeroCMS\src\Aero.Cms.Abstractions\Requests\CreatePageRequest.cs(50,5): warning CS1587: XML comment is not placed on a valid language element [C:\Users\bbqch\proj\microbians\AeroCMS\src\Aero.Cms.Abstractions\Aero.Cms.Abstractions.csproj]
C:\Users\bbqch\proj\microbians\AeroCMS\src\Aero.Cms.Abstractions\Requests\CreatePageRequest.cs(52,5): warning CS1587: XML comment is not placed on a valid language element [C:\Users\bbqch\proj\microbians\AeroCMS\src\Aero.Cms.Abstractions\Aero.Cms.Abstractions.csproj]
  Aero.Cms.Abstractions -> C:\Users\bbqch\proj\microbians\AeroCMS\src\Aero.Cms.Abstractions\bin\Debug\net10.0\Aero.Cms.Abstractions.dll
C:\Users\bbqch\proj\microbians\AeroCMS\src\Aero.Cms.Abstractions\Blocks\Neo\NeoPageNodeKind.cs(8,2): warning SYSLIB1034: The member 'Aero.Cms.Abstractions.Blocks.Neo.NeoPageNodeKind' has been annotated with 'JsonStringEnumConverter' which is not supported in native AOT. Consider using the generic 'JsonStringEnumConverter<TEnum>' instead. (https://learn.microsoft.com/dotnet/fundamentals/syslib-diagnostics/syslib1034) [C:\Users\bbqch\proj\microbians\AeroCMS\src\Aero.Cms.Abstractions\Aero.Cms.Abstractions.csproj]
C:\Users\bbqch\proj\microbians\AeroCMS\src\Aero.Cms.Abstractions\Blocks\Neo\Styles\ContentDirection.cs(8,2): warning SYSLIB1034: The member 'Aero.Cms.Abstractions.Blocks.Neo.Styles.ContentDirection' has been annotated with 'JsonStringEnumConverter' which is not supported in native AOT. Consider using the generic 'JsonStringEnumConverter<TEnum>' instead. (https://learn.microsoft.com/dotnet/fundamentals/syslib-diagnostics/syslib1034) [C:\Users\bbqch\proj\microbians\AeroCMS\src\Aero.Cms.Abstractions\Aero.Cms.Abstractions.csproj]
C:\Users\bbqch\proj\microbians\AeroCMS\src\Aero.Cms.Abstractions\Blocks\Neo\Styles\CssLength.cs(35,2): warning SYSLIB1034: The member 'Aero.Cms.Abstractions.Blocks.Neo.Styles.CssLengthUnit' has been annotated with 'JsonStringEnumConverter' which is not supported in native AOT. Consider using the generic 'JsonStringEnumConverter<TEnum>' instead. (https://learn.microsoft.com/dotnet/fundamentals/syslib-diagnostics/syslib1034) [C:\Users\bbqch\proj\microbians\AeroCMS\src\Aero.Cms.Abstractions\Aero.Cms.Abstractions.csproj]
C:\Users\bbqch\proj\microbians\AeroCMS\src\Aero.Cms.Abstractions\obj\Debug\net10.0\Aero.Cms.SourceGenerators\Aero.Cms.SourceGenerators.EmbeddedAttributesGenerator\LegacyReflectionDiscoveryAttribute.g.cs(20,18): warning CS8669: The annotation for nullable reference types should only be used in code within a '#nullable' annotations context. Auto-generated code requires an explicit '#nullable' directive in source. [C:\Users\bbqch\proj\microbians\AeroCMS\src\Aero.Cms.Abstractions\Aero.Cms.Abstractions.csproj]
C:\Users\bbqch\proj\microbians\AeroCMS\src\Aero.Cms.Abstractions\Http\Clients\ContentTypesClient.cs(70,38): warning CS0114: 'ContentTypesHttpClient.DeleteAsync(string, CancellationToken)' hides inherited member 'HttpClientBase.DeleteAsync(string, CancellationToken)'. To make the current member override that implementation, add the override keyword. Otherwise add the new keyword. [C:\Users\bbqch\proj\microbians\AeroCMS\src\Aero.Cms.Abstractions\Aero.Cms.Abstractions.csproj]
C:\Users\bbqch\proj\microbians\AeroCMS\src\Aero.Cms.Abstractions\Models\PageViewModel.cs(67,17): warning CS0108: 'PageViewModel.SiteId' hides inherited member 'AeroEntityViewModel.SiteId'. Use the new keyword if hiding was intended. [C:\Users\bbqch\proj\microbians\AeroCMS\src\Aero.Cms.Abstractions\Aero.Cms.Abstractions.csproj]
C:\Users\bbqch\proj\microbians\AeroCMS\src\Aero.Cms.Abstractions\Http\Clients\FootersClient.cs(187,50): warning CS8625: Cannot convert null literal to non-nullable reference type. [C:\Users\bbqch\proj\microbians\AeroCMS\src\Aero.Cms.Abstractions\Aero.Cms.Abstractions.csproj]
C:\Users\bbqch\proj\microbians\AeroCMS\src\Aero.Cms.Abstractions\Http\Clients\ThemesClient.cs(98,42): warning CS0114: 'ThemesHttpClient.DeleteAsync(string, CancellationToken)' hides inherited member 'HttpClientBase.DeleteAsync(string, CancellationToken)'. To make the current member override that implementation, add the override keyword. Otherwise add the new keyword. [C:\Users\bbqch\proj\microbians\AeroCMS\src\Aero.Cms.Abstractions\Aero.Cms.Abstractions.csproj]
C:\Users\bbqch\proj\microbians\AeroCMS\src\Aero.Cms.Abstractions\Http\Clients\SettingsClient.cs(92,42): warning CS0114: 'SettingsHttpClient.DeleteAsync(string, CancellationToken)' hides inherited member 'HttpClientBase.DeleteAsync(string, CancellationToken)'. To make the current member override that implementation, add the override keyword. Otherwise add the new keyword. [C:\Users\bbqch\proj\microbians\AeroCMS\src\Aero.Cms.Abstractions\Aero.Cms.Abstractions.csproj]
C:\Users\bbqch\proj\microbians\AeroCMS\src\Aero.Cms.Abstractions\Blocks\Aero\BasicHeroBlockMapper.cs(31,17): warning CS8601: Possible null reference assignment. [C:\Users\bbqch\proj\microbians\AeroCMS\src\Aero.Cms.Abstractions\Aero.Cms.Abstractions.csproj]
C:\Users\bbqch\proj\microbians\AeroCMS\src\Aero.Cms.Abstractions\Blocks\Aero\BasicHeroBlockMapper.cs(32,20): warning CS8601: Possible null reference assignment. [C:\Users\bbqch\proj\microbians\AeroCMS\src\Aero.Cms.Abstractions\Aero.Cms.Abstractions.csproj]
C:\Users\bbqch\proj\microbians\AeroCMS\src\Aero.Cms.Abstractions\Blocks\Aero\ImageBlockMapper.cs(30,46): warning CS8625: Cannot convert null literal to non-nullable reference type. [C:\Users\bbqch\proj\microbians\AeroCMS\src\Aero.Cms.Abstractions\Aero.Cms.Abstractions.csproj]
C:\Users\bbqch\proj\microbians\AeroCMS\src\Aero.Cms.Abstractions\Blocks\Aero\VideoBlockMapper.cs(31,39): warning CS8625: Cannot convert null literal to non-nullable reference type. [C:\Users\bbqch\proj\microbians\AeroCMS\src\Aero.Cms.Abstractions\Aero.Cms.Abstractions.csproj]
C:\Users\bbqch\proj\microbians\AeroCMS\src\Aero.Cms.Abstractions\Blocks\Aero\VideoBlockMapper.cs(32,41): warning CS8625: Cannot convert null literal to non-nullable reference type. [C:\Users\bbqch\proj\microbians\AeroCMS\src\Aero.Cms.Abstractions\Aero.Cms.Abstractions.csproj]
C:\Users\bbqch\proj\microbians\AeroCMS\src\Aero.Cms.Abstractions\Http\Clients\PagesClient.cs(347,16): warning CS8634: The type 'Aero.Cms.Abstractions.Http.Clients.PageDraftSummary?' cannot be used as type parameter 'T' in the generic type or method 'HttpClientBase.GetAsync<T>(string, CancellationToken)'. Nullability of type argument 'Aero.Cms.Abstractions.Http.Clients.PageDraftSummary?' doesn't match 'class' constraint. [C:\Users\bbqch\proj\microbians\AeroCMS\src\Aero.Cms.Abstractions\Aero.Cms.Abstractions.csproj]
C:\Users\bbqch\proj\microbians\AeroCMS\src\Aero.Cms.Abstractions\Blocks\Editor\ContainerDefinitionBase.cs(13,37): warning CS1574: XML comment has cref attribute 'ICompositionCapabilities' that could not be resolved [C:\Users\bbqch\proj\microbians\AeroCMS\src\Aero.Cms.Abstractions\Aero.Cms.Abstractions.csproj]
C:\Users\bbqch\proj\microbians\AeroCMS\src\Aero.Cms.Abstractions\Blocks\Editor\ContainerDefinitionBase.cs(14,24): warning CS1574: XML comment has cref attribute 'ICompositionPolicy' that could not be resolved [C:\Users\bbqch\proj\microbians\AeroCMS\src\Aero.Cms.Abstractions\Aero.Cms.Abstractions.csproj]
C:\Users\bbqch\proj\microbians\AeroCMS\src\Aero.Cms.Abstractions\Blocks\Embed\IEmbedUrlResolver.cs(5,60): warning CS1574: XML comment has cref attribute 'EmbedResolverPipeline' that could not be resolved [C:\Users\bbqch\proj\microbians\AeroCMS\src\Aero.Cms.Abstractions\Aero.Cms.Abstractions.csproj]
C:\Users\bbqch\proj\microbians\AeroCMS\src\Aero.Cms.Abstractions\Requests\CreatePageRequest.cs(25,5): warning CS1587: XML comment is not placed on a valid language element [C:\Users\bbqch\proj\microbians\AeroCMS\src\Aero.Cms.Abstractions\Aero.Cms.Abstractions.csproj]
C:\Users\bbqch\proj\microbians\AeroCMS\src\Aero.Cms.Abstractions\Requests\CreatePageRequest.cs(27,5): warning CS1587: XML comment is not placed on a valid language element [C:\Users\bbqch\proj\microbians\AeroCMS\src\Aero.Cms.Abstractions\Aero.Cms.Abstractions.csproj]
C:\Users\bbqch\proj\microbians\AeroCMS\src\Aero.Cms.Abstractions\Requests\CreatePageRequest.cs(50,5): warning CS1587: XML comment is not placed on a valid language element [C:\Users\bbqch\proj\microbians\AeroCMS\src\Aero.Cms.Abstractions\Aero.Cms.Abstractions.csproj]
C:\Users\bbqch\proj\microbians\AeroCMS\src\Aero.Cms.Abstractions\Requests\CreatePageRequest.cs(52,5): warning CS1587: XML comment is not placed on a valid language element [C:\Users\bbqch\proj\microbians\AeroCMS\src\Aero.Cms.Abstractions\Aero.Cms.Abstractions.csproj]
CSC : error CS2012: Cannot open 'C:\Users\bbqch\proj\microbians\AeroCMS\src\Aero.Cms.Abstractions\obj\Debug\net10.0\Aero.Cms.Abstractions.dll' for writing -- The process cannot access the file 'C:\Users\bbqch\proj\microbians\AeroCMS\src\Aero.Cms.Abstractions\obj\Debug\net10.0\Aero.Cms.Abstractions.dll' because it is being used by another process.; file may be locked by 'VBCSCompiler' (97812) [C:\Users\bbqch\proj\microbians\AeroCMS\src\Aero.Cms.Abstractions\Aero.Cms.Abstractions.csproj]
C:\Users\bbqch\proj\microbians\AeroCMS\src\Aero.Cms.Core.Entities\obj\Debug\net10.0\Aero.Cms.SourceGenerators\Aero.Cms.SourceGenerators.EmbeddedAttributesGenerator\LegacyReflectionDiscoveryAttribute.g.cs(20,18): warning CS8669: The annotation for nullable reference types should only be used in code within a '#nullable' annotations context. Auto-generated code requires an explicit '#nullable' directive in source. [C:\Users\bbqch\proj\microbians\AeroCMS\src\Aero.Cms.Core.Entities\Aero.Cms.Core.Entities.csproj]
C:\Users\bbqch\proj\microbians\AeroCMS\src\Aero.Cms.Core.Entities\PageDocument.cs(106,20): warning CS1574: XML comment has cref attribute 'Id' that could not be resolved [C:\Users\bbqch\proj\microbians\AeroCMS\src\Aero.Cms.Core.Entities\Aero.Cms.Core.Entities.csproj]
C:\Users\bbqch\proj\microbians\AeroCMS\src\Aero.Cms.Core\Data\AeroCmsDB.cs(55,48): warning CS1570: XML comment has badly formed XML -- 'End tag 'returns' does not match the start tag 'T'.' [C:\Users\bbqch\proj\microbians\AeroCMS\src\Aero.Cms.Core\Aero.Cms.Core.csproj]
C:\Users\bbqch\proj\microbians\AeroCMS\src\Aero.Cms.Core\Data\AeroCmsDB.cs(56,1): warning CS1570: XML comment has badly formed XML -- 'Expected an end tag for element 'T'.' [C:\Users\bbqch\proj\microbians\AeroCMS\src\Aero.Cms.Core\Aero.Cms.Core.csproj]
C:\Users\bbqch\proj\microbians\AeroCMS\src\Aero.Cms.Core\Data\AeroCmsDB.cs(56,1): warning CS1570: XML comment has badly formed XML -- 'Expected an end tag for element 'returns'.' [C:\Users\bbqch\proj\microbians\AeroCMS\src\Aero.Cms.Core\Aero.Cms.Core.csproj]
C:\Users\bbqch\proj\microbians\AeroCMS\src\Aero.Cms.Core\Data\AeroCmsDB.cs(89,49): warning CS1570: XML comment has badly formed XML -- 'End tag 'remarks' does not match the start tag 'T'.' [C:\Users\bbqch\proj\microbians\AeroCMS\src\Aero.Cms.Core\Aero.Cms.Core.csproj]
C:\Users\bbqch\proj\microbians\AeroCMS\src\Aero.Cms.Core\Data\AeroCmsDB.cs(91,82): warning CS1570: XML comment has badly formed XML -- 'End tag 'returns' does not match the start tag 'T'.' [C:\Users\bbqch\proj\microbians\AeroCMS\src\Aero.Cms.Core\Aero.Cms.Core.csproj]
C:\Users\bbqch\proj\microbians\AeroCMS\src\Aero.Cms.Core\Data\AeroCmsDB.cs(92,1): warning CS1570: XML comment has badly formed XML -- 'Expected an end tag for element 'returns'.' [C:\Users\bbqch\proj\microbians\AeroCMS\src\Aero.Cms.Core\Aero.Cms.Core.csproj]
C:\Users\bbqch\proj\microbians\AeroCMS\src\Aero.Cms.Core\Data\AeroCmsDB.cs(92,1): warning CS1570: XML comment has badly formed XML -- 'Expected an end tag for element 'remarks'.' [C:\Users\bbqch\proj\microbians\AeroCMS\src\Aero.Cms.Core\Aero.Cms.Core.csproj]
C:\Users\bbqch\proj\microbians\AeroCMS\src\Aero.Cms.Core\obj\Debug\net10.0\Aero.Cms.SourceGenerators\Aero.Cms.SourceGenerators.EmbeddedAttributesGenerator\LegacyReflectionDiscoveryAttribute.g.cs(20,18): warning CS8669: The annotation for nullable reference types should only be used in code within a '#nullable' annotations context. Auto-generated code requires an explicit '#nullable' directive in source. [C:\Users\bbqch\proj\microbians\AeroCMS\src\Aero.Cms.Core\Aero.Cms.Core.csproj]
C:\Users\bbqch\proj\microbians\AeroCMS\src\Aero.Cms.Core\Data\AeroCmsDB.cs(96,66): warning CS9113: Parameter 'log' is unread. [C:\Users\bbqch\proj\microbians\AeroCMS\src\Aero.Cms.Core\Aero.Cms.Core.csproj]
  Aero.Cms.Core.Entities -> C:\Users\bbqch\proj\microbians\AeroCMS\src\Aero.Cms.Core.Entities\bin\Debug\net10.0\Aero.Cms.Core.Entities.dll
  Aero.Cms.Core -> C:\Users\bbqch\proj\microbians\AeroCMS\src\Aero.Cms.Core\bin\Debug\net10.0\Aero.Cms.Core.dll
C:\Users\bbqch\proj\microbians\AeroCMS\src\Aero.Cms.Data\obj\Debug\net10.0\Aero.Cms.SourceGenerators\Aero.Cms.SourceGenerators.EmbeddedAttributesGenerator\LegacyReflectionDiscoveryAttribute.g.cs(20,18): warning CS8669: The annotation for nullable reference types should only be used in code within a '#nullable' annotations context. Auto-generated code requires an explicit '#nullable' directive in source. [C:\Users\bbqch\proj\microbians\AeroCMS\src\Aero.Cms.Data\Aero.Cms.Data.csproj]
C:\Users\bbqch\proj\microbians\AeroCMS\src\Aero.Cms.Data\Repositories\SiteRepository.cs(73,86): warning CS9113: Parameter 'log' is unread. [C:\Users\bbqch\proj\microbians\AeroCMS\src\Aero.Cms.Data\Aero.Cms.Data.csproj]
C:\Users\bbqch\proj\microbians\AeroCMS\src\Aero.Cms.Data\Repositories\UserProfileRepository.cs(62,9): warning CS8603: Possible null reference return. [C:\Users\bbqch\proj\microbians\AeroCMS\src\Aero.Cms.Data\Aero.Cms.Data.csproj]
C:\Users\bbqch\proj\microbians\AeroCMS\src\Aero.Cms.Generated.Json\obj\Debug\net10.0\Aero.Cms.SourceGenerators\Aero.Cms.SourceGenerators.EmbeddedAttributesGenerator\LegacyReflectionDiscoveryAttribute.g.cs(20,18): warning CS8669: The annotation for nullable reference types should only be used in code within a '#nullable' annotations context. Auto-generated code requires an explicit '#nullable' directive in source. [C:\Users\bbqch\proj\microbians\AeroCMS\src\Aero.Cms.Generated.Json\Aero.Cms.Generated.Json.csproj]
C:\Users\bbqch\proj\microbians\AeroCMS\src\Aero.Cms.Db.Polecat\obj\Debug\net10.0\Aero.Cms.SourceGenerators\Aero.Cms.SourceGenerators.EmbeddedAttributesGenerator\LegacyReflectionDiscoveryAttribute.g.cs(20,18): warning CS8669: The annotation for nullable reference types should only be used in code within a '#nullable' annotations context. Auto-generated code requires an explicit '#nullable' directive in source. [C:\Users\bbqch\proj\microbians\AeroCMS\src\Aero.Cms.Db.Polecat\Aero.Cms.Db.Polecat.csproj]
C:\Users\bbqch\proj\microbians\AeroCMS\src\Aero.Cms.Modules.Modules\obj\Debug\net10.0\Aero.Cms.SourceGenerators\Aero.Cms.SourceGenerators.EmbeddedAttributesGenerator\LegacyReflectionDiscoveryAttribute.g.cs(20,18): warning CS8669: The annotation for nullable reference types should only be used in code within a '#nullable' annotations context. Auto-generated code requires an explicit '#nullable' directive in source. [C:\Users\bbqch\proj\microbians\AeroCMS\src\Aero.Cms.Modules.Modules\Aero.Cms.Modules.Modules.csproj]
C:\Users\bbqch\proj\microbians\AeroCMS\src\Aero.Cms.Modules.Modules\ModulesModule.cs(71,13): warning CS8767: Nullability of reference types in type of parameter 'services' of 'void ModulesModule.Configure(IServiceProvider services, StoreOptions opts)' doesn't match implicitly implemented member 'void IConfigureAeroDB.Configure(IServiceProvider? services, StoreOptions options)' (possibly because of nullability attributes). [C:\Users\bbqch\proj\microbians\AeroCMS\src\Aero.Cms.Modules.Modules\Aero.Cms.Modules.Modules.csproj]
  Aero.Cms.Data -> C:\Users\bbqch\proj\microbians\AeroCMS\src\Aero.Cms.Data\bin\Debug\net10.0\Aero.Cms.Data.dll
  Aero.Cms.Generated.Json -> C:\Users\bbqch\proj\microbians\AeroCMS\src\Aero.Cms.Generated.Json\bin\Debug\net10.0\Aero.Cms.Generated.Json.dll
  Aero.Cms.Db.Polecat -> C:\Users\bbqch\proj\microbians\AeroCMS\src\Aero.Cms.Db.Polecat\bin\Debug\net10.0\Aero.Cms.Db.Polecat.dll
C:\Users\bbqch\proj\microbians\AeroCMS\src\Aero.Cms.Db.Marten\obj\Debug\net10.0\Aero.Cms.SourceGenerators\Aero.Cms.SourceGenerators.EmbeddedAttributesGenerator\LegacyReflectionDiscoveryAttribute.g.cs(20,18): warning CS8669: The annotation for nullable reference types should only be used in code within a '#nullable' annotations context. Auto-generated code requires an explicit '#nullable' directive in source. [C:\Users\bbqch\proj\microbians\AeroCMS\src\Aero.Cms.Db.Marten\Aero.Cms.Db.Marten.csproj]
  Aero.Cms.Modules.Modules -> C:\Users\bbqch\proj\microbians\AeroCMS\src\Aero.Cms.Modules.Modules\bin\Debug\net10.0\Aero.Cms.Modules.Modules.dll
  Aero.Cms.Db.Marten -> C:\Users\bbqch\proj\microbians\AeroCMS\src\Aero.Cms.Db.Marten\bin\Debug\net10.0\Aero.Cms.Db.Marten.dll
C:\Users\bbqch\proj\microbians\AeroCMS\src\Aero.Cms.Services\obj\Debug\net10.0\Aero.Cms.SourceGenerators\Aero.Cms.SourceGenerators.EmbeddedAttributesGenerator\LegacyReflectionDiscoveryAttribute.g.cs(20,18): warning CS8669: The annotation for nullable reference types should only be used in code within a '#nullable' annotations context. Auto-generated code requires an explicit '#nullable' directive in source. [C:\Users\bbqch\proj\microbians\AeroCMS\src\Aero.Cms.Services\Aero.Cms.Services.csproj]
  Aero.Cms.Services -> C:\Users\bbqch\proj\microbians\AeroCMS\src\Aero.Cms.Services\bin\Debug\net10.0\Aero.Cms.Services.dll
C:\Users\bbqch\proj\microbians\AeroCMS\src\Aero.Cms.Shared\obj\Debug\net10.0\Aero.Cms.SourceGenerators\Aero.Cms.SourceGenerators.EmbeddedAttributesGenerator\LegacyReflectionDiscoveryAttribute.g.cs(20,18): warning CS8669: The annotation for nullable reference types should only be used in code within a '#nullable' annotations context. Auto-generated code requires an explicit '#nullable' directive in source. [C:\Users\bbqch\proj\microbians\AeroCMS\src\Aero.Cms.Shared\Aero.Cms.Shared.csproj]
C:\Users\bbqch\proj\microbians\AeroCMS\src\Aero.Cms.Shared\Pages\Manager\PageEditor\AeroUi\AeroHeroPreview.razor(2,8): warning CS0105: The using directive for 'Aero.Cms.Abstractions.Blocks' appeared previously in this namespace [C:\Users\bbqch\proj\microbians\AeroCMS\src\Aero.Cms.Shared\Aero.Cms.Shared.csproj]
C:\Users\bbqch\proj\microbians\AeroCMS\src\Aero.Cms.Shared\obj\Debug\net10.0\Aero.Cms.SourceGenerators\Aero.Cms.SourceGenerators.BlockRendererGenerator\GeneratedNeoEditorCatalog.g.cs(14,7): warning CS1570: XML comment has badly formed XML -- 'End tag 'summary' does not match the start tag 'TBlock'.' [C:\Users\bbqch\proj\microbians\AeroCMS\src\Aero.Cms.Shared\Aero.Cms.Shared.csproj]
C:\Users\bbqch\proj\microbians\AeroCMS\src\Aero.Cms.Shared\obj\Debug\net10.0\Aero.Cms.SourceGenerators\Aero.Cms.SourceGenerators.BlockRendererGenerator\GeneratedNeoEditorCatalog.g.cs(15,1): warning CS1570: XML comment has badly formed XML -- 'Expected an end tag for element 'summary'.' [C:\Users\bbqch\proj\microbians\AeroCMS\src\Aero.Cms.Shared\Aero.Cms.Shared.csproj]
C:\Users\bbqch\proj\microbians\AeroCMS\src\Aero.Cms.Shared\Pages\Manager\ContentTypes\ContentTypeList.razor.cs(84,21): warning CS8602: Dereference of a possibly null reference. [C:\Users\bbqch\proj\microbians\AeroCMS\src\Aero.Cms.Shared\Aero.Cms.Shared.csproj]
C:\Users\bbqch\proj\microbians\AeroCMS\src\Aero.Cms.Shared\Pages\Manager\ContentTypes\ContentItemsList.razor.cs(98,21): warning CS8602: Dereference of a possibly null reference. [C:\Users\bbqch\proj\microbians\AeroCMS\src\Aero.Cms.Shared\Aero.Cms.Shared.csproj]
C:\Users\bbqch\proj\microbians\AeroCMS\src\Aero.Cms.Shared\Pages\Manager\Aliases.razor.cs(125,19): warning CS8602: Dereference of a possibly null reference. [C:\Users\bbqch\proj\microbians\AeroCMS\src\Aero.Cms.Shared\Aero.Cms.Shared.csproj]
C:\Users\bbqch\proj\microbians\AeroCMS\src\Aero.Cms.Shared\Pages\Manager\Aliases.razor.cs(145,19): warning CS8602: Dereference of a possibly null reference. [C:\Users\bbqch\proj\microbians\AeroCMS\src\Aero.Cms.Shared\Aero.Cms.Shared.csproj]
C:\Users\bbqch\proj\microbians\AeroCMS\src\Aero.Cms.Shared\Pages\Manager\Docs.razor.cs(165,19): warning CS8602: Dereference of a possibly null reference. [C:\Users\bbqch\proj\microbians\AeroCMS\src\Aero.Cms.Shared\Aero.Cms.Shared.csproj]
C:\Users\bbqch\proj\microbians\AeroCMS\src\Aero.Cms.Shared\Layout\MediaSelectorModal.razor(170,9): warning CS4014: Because this call is not awaited, execution of the current method continues before the call is completed. Consider applying the 'await' operator to the result of the call. [C:\Users\bbqch\proj\microbians\AeroCMS\src\Aero.Cms.Shared\Aero.Cms.Shared.csproj]
C:\Users\bbqch\proj\microbians\AeroCMS\src\Aero.Cms.Shared\Layout\MediaSelectorModal.razor(191,9): warning CS4014: Because this call is not awaited, execution of the current method continues before the call is completed. Consider applying the 'await' operator to the result of the call. [C:\Users\bbqch\proj\microbians\AeroCMS\src\Aero.Cms.Shared\Aero.Cms.Shared.csproj]
C:\Users\bbqch\proj\microbians\AeroCMS\src\Aero.Cms.Shared\Pages\Manager\Users\Users.razor.cs(110,49): warning CS8602: Dereference of a possibly null reference. [C:\Users\bbqch\proj\microbians\AeroCMS\src\Aero.Cms.Shared\Aero.Cms.Shared.csproj]
C:\Users\bbqch\proj\microbians\AeroCMS\src\Aero.Cms.Shared\Layout\MediaSelectorModal.razor(230,9): warning CS4014: Because this call is not awaited, execution of the current method continues before the call is completed. Consider applying the 'await' operator to the result of the call. [C:\Users\bbqch\proj\microbians\AeroCMS\src\Aero.Cms.Shared\Aero.Cms.Shared.csproj]
C:\Users\bbqch\proj\microbians\AeroCMS\src\Aero.Cms.Shared\Layout\MediaSelectorModal.razor(272,9): warning CS4014: Because this call is not awaited, execution of the current method continues before the call is completed. Consider applying the 'await' operator to the result of the call. [C:\Users\bbqch\proj\microbians\AeroCMS\src\Aero.Cms.Shared\Aero.Cms.Shared.csproj]
C:\Users\bbqch\proj\microbians\AeroCMS\src\Aero.Cms.Shared\Pages\Manager\DocsEditor\DocsEditor.razor.cs(203,32): warning CS8714: The type 'long?' cannot be used as type parameter 'TKey' in the generic type or method 'Enumerable.ToDictionary<TSource, TKey, TElement>(IEnumerable<TSource>, Func<TSource, TKey>, Func<TSource, TElement>)'. Nullability of type argument 'long?' doesn't match 'notnull' constraint. [C:\Users\bbqch\proj\microbians\AeroCMS\src\Aero.Cms.Shared\Aero.Cms.Shared.csproj]
C:\Users\bbqch\proj\microbians\AeroCMS\src\Aero.Cms.Shared\Pages\Manager\PostDetailPopup.razor(49,86): warning CS8604: Possible null reference argument for parameter 'arguments' in 'LocalizedString IStringLocalizer.this[string name, params object[] arguments]'. [C:\Users\bbqch\proj\microbians\AeroCMS\src\Aero.Cms.Shared\Aero.Cms.Shared.csproj]
C:\Users\bbqch\proj\microbians\AeroCMS\src\Aero.Cms.Shared\Pages\Manager\ImportDialog.razor(102,47): warning CS8602: Dereference of a possibly null reference. [C:\Users\bbqch\proj\microbians\AeroCMS\src\Aero.Cms.Shared\Aero.Cms.Shared.csproj]
C:\Users\bbqch\proj\microbians\AeroCMS\src\Aero.Cms.Shared\Components\PageTreeGrid.razor(281,27): warning CS8602: Dereference of a possibly null reference. [C:\Users\bbqch\proj\microbians\AeroCMS\src\Aero.Cms.Shared\Aero.Cms.Shared.csproj]
C:\Users\bbqch\proj\microbians\AeroCMS\src\Aero.Cms.Shared\Components\PageTreeGrid.razor(469,17): warning CS8620: Argument of type 'Dictionary<string, object>' cannot be used for parameter 'parameters' of type 'Dictionary<string, object?>' in 'Task<dynamic?> DialogService.OpenAsync<CascadeDeleteDialog>(string title, Dictionary<string, object?>? parameters = null, DialogOptions? options = null)' due to differences in the nullability of reference types. [C:\Users\bbqch\proj\microbians\AeroCMS\src\Aero.Cms.Shared\Aero.Cms.Shared.csproj]
C:\Users\bbqch\proj\microbians\AeroCMS\src\Aero.Cms.Shared\Pages\Manager\Media.razor(337,13): warning CS8620: Argument of type 'Dictionary<string, object>' cannot be used for parameter 'parameters' of type 'Dictionary<string, object?>' in 'Task<dynamic?> DialogService.OpenAsync<MediaDetailDialog>(string title, Dictionary<string, object?>? parameters = null, DialogOptions? options = null)' due to differences in the nullability of reference types. [C:\Users\bbqch\proj\microbians\AeroCMS\src\Aero.Cms.Shared\Aero.Cms.Shared.csproj]
C:\Users\bbqch\proj\microbians\AeroCMS\src\Aero.Cms.Shared\Pages\Manager\Media.razor(344,60): warning CS8604: Possible null reference argument for parameter 'value' in 'void Dictionary<string, object>.Add(string key, object value)'. [C:\Users\bbqch\proj\microbians\AeroCMS\src\Aero.Cms.Shared\Aero.Cms.Shared.csproj]
C:\Users\bbqch\proj\microbians\AeroCMS\src\Aero.Cms.Shared\Pages\Manager\Media.razor(344,13): warning CS8620: Argument of type 'Dictionary<string, object>' cannot be used for parameter 'parameters' of type 'Dictionary<string, object?>' in 'Task<dynamic?> DialogService.OpenAsync<CreateFolderDialog>(string title, Dictionary<string, object?>? parameters = null, DialogOptions? options = null)' due to differences in the nullability of reference types. [C:\Users\bbqch\proj\microbians\AeroCMS\src\Aero.Cms.Shared\Aero.Cms.Shared.csproj]
C:\Users\bbqch\proj\microbians\AeroCMS\src\Aero.Cms.Shared\Pages\Manager\Media.razor(354,60): warning CS8604: Possible null reference argument for parameter 'value' in 'void Dictionary<string, object>.Add(string key, object value)'. [C:\Users\bbqch\proj\microbians\AeroCMS\src\Aero.Cms.Shared\Aero.Cms.Shared.csproj]
C:\Users\bbqch\proj\microbians\AeroCMS\src\Aero.Cms.Shared\Pages\Manager\Media.razor(354,13): warning CS8620: Argument of type 'Dictionary<string, object>' cannot be used for parameter 'parameters' of type 'Dictionary<string, object?>' in 'Task<dynamic?> DialogService.OpenAsync<UploadDialog>(string title, Dictionary<string, object?>? parameters = null, DialogOptions? options = null)' due to differences in the nullability of reference types. [C:\Users\bbqch\proj\microbians\AeroCMS\src\Aero.Cms.Shared\Aero.Cms.Shared.csproj]
C:\Users\bbqch\proj\microbians\AeroCMS\src\Aero.Cms.Shared\Pages\Manager\DocsEditor\DocsEditor.razor.cs(1092,20): warning CS8602: Dereference of a possibly null reference. [C:\Users\bbqch\proj\microbians\AeroCMS\src\Aero.Cms.Shared\Aero.Cms.Shared.csproj]
C:\Users\bbqch\proj\microbians\AeroCMS\src\Aero.Cms.Shared\Pages\Manager\Posts.razor(430,13): warning CS8620: Argument of type 'Dictionary<string, object>' cannot be used for parameter 'parameters' of type 'Dictionary<string, object?>' in 'Task<dynamic?> DialogService.OpenAsync<ContentAddTranslationDialog>(string title, Dictionary<string, object?>? parameters = null, DialogOptions? options = null)' due to differences in the nullability of reference types. [C:\Users\bbqch\proj\microbians\AeroCMS\src\Aero.Cms.Shared\Aero.Cms.Shared.csproj]
C:\Users\bbqch\proj\microbians\AeroCMS\src\Aero.Cms.Shared\Pages\Manager\Posts.razor(468,13): warning CS8620: Argument of type 'Dictionary<string, object>' cannot be used for parameter 'parameters' of type 'Dictionary<string, object?>' in 'Task<dynamic?> DialogService.OpenAsync<BulkTranslationDialog>(string title, Dictionary<string, object?>? parameters = null, DialogOptions? options = null)' due to differences in the nullability of reference types. [C:\Users\bbqch\proj\microbians\AeroCMS\src\Aero.Cms.Shared\Aero.Cms.Shared.csproj]
C:\Users\bbqch\proj\microbians\AeroCMS\src\Aero.Cms.Shared\Pages\Manager\NavMenuEditor.razor(322,44): warning CS8604: Possible null reference argument for parameter 'localizedString' in 'LocalizedString.implicit operator string?(LocalizedString localizedString)'. [C:\Users\bbqch\proj\microbians\AeroCMS\src\Aero.Cms.Shared\Aero.Cms.Shared.csproj]
C:\Users\bbqch\proj\microbians\AeroCMS\src\Aero.Cms.Shared\Pages\Manager\FooterEditor.razor(321,44): warning CS8604: Possible null reference argument for parameter 'localizedString' in 'LocalizedString.implicit operator string?(LocalizedString localizedString)'. [C:\Users\bbqch\proj\microbians\AeroCMS\src\Aero.Cms.Shared\Aero.Cms.Shared.csproj]
C:\Users\bbqch\proj\microbians\AeroCMS\src\Aero.Cms.Shared\Pages\Manager\PostEditor\PostEditor.razor(107,39): warning CS4014: Because this call is not awaited, execution of the current method continues before the call is completed. Consider applying the 'await' operator to the result of the call. [C:\Users\bbqch\proj\microbians\AeroCMS\src\Aero.Cms.Shared\Aero.Cms.Shared.csproj]
C:\Users\bbqch\proj\microbians\AeroCMS\src\Aero.Cms.Shared\Pages\Manager\PageEditor\PageEditor.razor(458,44): warning CS8604: Possible null reference argument for parameter 'localizedString' in 'LocalizedString.implicit operator string?(LocalizedString localizedString)'. [C:\Users\bbqch\proj\microbians\AeroCMS\src\Aero.Cms.Shared\Aero.Cms.Shared.csproj]
C:\Users\bbqch\proj\microbians\AeroCMS\src\Aero.Cms.Shared\Pages\Manager\PageEditor\PageEditor.razor(497,44): warning CS8604: Possible null reference argument for parameter 'localizedString' in 'LocalizedString.implicit operator string?(LocalizedString localizedString)'. [C:\Users\bbqch\proj\microbians\AeroCMS\src\Aero.Cms.Shared\Aero.Cms.Shared.csproj]
C:\Users\bbqch\proj\microbians\AeroCMS\src\Aero.Cms.Shared\Pages\Manager\PageEditor\PageEditor.razor(525,44): warning CS8604: Possible null reference argument for parameter 'localizedString' in 'LocalizedString.implicit operator string?(LocalizedString localizedString)'. [C:\Users\bbqch\proj\microbians\AeroCMS\src\Aero.Cms.Shared\Aero.Cms.Shared.csproj]
C:\Users\bbqch\proj\microbians\AeroCMS\src\Aero.Cms.Shared\Pages\Manager\PageEditor\PageEditor.razor(551,44): warning CS8604: Possible null reference argument for parameter 'localizedString' in 'LocalizedString.implicit operator string?(LocalizedString localizedString)'. [C:\Users\bbqch\proj\microbians\AeroCMS\src\Aero.Cms.Shared\Aero.Cms.Shared.csproj]
C:\Users\bbqch\proj\microbians\AeroCMS\src\Aero.Cms.Shared\Pages\Manager\PageEditor\PageEditor.razor(578,44): warning CS8604: Possible null reference argument for parameter 'localizedString' in 'LocalizedString.implicit operator string?(LocalizedString localizedString)'. [C:\Users\bbqch\proj\microbians\AeroCMS\src\Aero.Cms.Shared\Aero.Cms.Shared.csproj]
C:\Users\bbqch\proj\microbians\AeroCMS\src\Aero.Cms.Shared\Pages\Manager\PageEditor\PageEditor.razor(606,44): warning CS8604: Possible null reference argument for parameter 'localizedString' in 'LocalizedString.implicit operator string?(LocalizedString localizedString)'. [C:\Users\bbqch\proj\microbians\AeroCMS\src\Aero.Cms.Shared\Aero.Cms.Shared.csproj]
C:\Users\bbqch\proj\microbians\AeroCMS\src\Aero.Cms.Shared\Pages\Manager\PageEditor\PageEditor.razor(635,44): warning CS8604: Possible null reference argument for parameter 'localizedString' in 'LocalizedString.implicit operator string?(LocalizedString localizedString)'. [C:\Users\bbqch\proj\microbians\AeroCMS\src\Aero.Cms.Shared\Aero.Cms.Shared.csproj]
C:\Users\bbqch\proj\microbians\AeroCMS\src\Aero.Cms.Shared\Components\PageTreeGrid.razor(233,21): warning CS0649: Field 'PageTreeGrid._search' is never assigned to, and will always have its default value null [C:\Users\bbqch\proj\microbians\AeroCMS\src\Aero.Cms.Shared\Aero.Cms.Shared.csproj]
C:\Users\bbqch\proj\microbians\AeroCMS\src\Aero.Cms.Shared\Pages\Manager\NavMenuEditor.razor.cs(45,18): warning CS0649: Field 'NavMenuEditor._overwriteExistingTranslations' is never assigned to, and will always have its default value false [C:\Users\bbqch\proj\microbians\AeroCMS\src\Aero.Cms.Shared\Aero.Cms.Shared.csproj]
C:\Users\bbqch\proj\microbians\AeroCMS\src\Aero.Cms.Shared\Pages\Manager\FooterEditor.razor.cs(45,18): warning CS0649: Field 'FooterEditor._overwriteExistingTranslations' is never assigned to, and will always have its default value false [C:\Users\bbqch\proj\microbians\AeroCMS\src\Aero.Cms.Shared\Aero.Cms.Shared.csproj]
C:\Users\bbqch\proj\microbians\AeroCMS\src\Aero.Cms.Shared\Pages\Manager\NavMenuEditor.razor.cs(42,18): warning CS0414: The field 'NavMenuEditor._isLoadingTranslations' is assigned but its value is never used [C:\Users\bbqch\proj\microbians\AeroCMS\src\Aero.Cms.Shared\Aero.Cms.Shared.csproj]
C:\Users\bbqch\proj\microbians\AeroCMS\src\Aero.Cms.Shared\Pages\Manager\PageEditor\PageEditor.razor.cs(488,37): warning CS0414: The field 'PageEditor._blockClipboard' is assigned but its value is never used [C:\Users\bbqch\proj\microbians\AeroCMS\src\Aero.Cms.Shared\Aero.Cms.Shared.csproj]
C:\Users\bbqch\proj\microbians\AeroCMS\src\Aero.Cms.Shared\Pages\Manager\FooterEditor.razor.cs(42,18): warning CS0414: The field 'FooterEditor._isLoadingTranslations' is assigned but its value is never used [C:\Users\bbqch\proj\microbians\AeroCMS\src\Aero.Cms.Shared\Aero.Cms.Shared.csproj]
C:\Users\bbqch\proj\microbians\AeroCMS\src\Aero.Cms.Shared\Blocks\Rendering\ComponentCmsBlockRenderAdapter.cs(16,54): warning CS1574: XML comment has cref attribute 'ComponentCmsBlockRenderAdapter' that could not be resolved [C:\Users\bbqch\proj\microbians\AeroCMS\src\Aero.Cms.Shared\Aero.Cms.Shared.csproj]
C:\Users\bbqch\proj\microbians\AeroCMS\src\Aero.Cms.Shared\Services\AdminStateContainer.cs(46,31): warning CS1574: XML comment has cref attribute 'LoadFromStorageAsync(ILocalStorageService)' that could not be resolved [C:\Users\bbqch\proj\microbians\AeroCMS\src\Aero.Cms.Shared\Aero.Cms.Shared.csproj]
C:\Users\bbqch\proj\microbians\AeroCMS\src\Aero.Cms.Shared\Pages\Manager\NavMenuEditor.razor.cs(1153,33): warning ASP0006: 'sequence++' should not be used as a sequence number. Instead, use an integer literal representing source code order. (https://aka.ms/aspnet/analyzers) [C:\Users\bbqch\proj\microbians\AeroCMS\src\Aero.Cms.Shared\Aero.Cms.Shared.csproj]
C:\Users\bbqch\proj\microbians\AeroCMS\src\Aero.Cms.Shared\Pages\Manager\NavMenuEditor.razor.cs(1156,38): warning ASP0006: 'sequence++' should not be used as a sequence number. Instead, use an integer literal representing source code order. (https://aka.ms/aspnet/analyzers) [C:\Users\bbqch\proj\microbians\AeroCMS\src\Aero.Cms.Shared\Aero.Cms.Shared.csproj]
C:\Users\bbqch\proj\microbians\AeroCMS\src\Aero.Cms.Shared\Pages\Manager\NavMenuEditor.razor.cs(1165,34): warning ASP0006: 'sequence++' should not be used as a sequence number. Instead, use an integer literal representing source code order. (https://aka.ms/aspnet/analyzers) [C:\Users\bbqch\proj\microbians\AeroCMS\src\Aero.Cms.Shared\Aero.Cms.Shared.csproj]
C:\Users\bbqch\proj\microbians\AeroCMS\src\Aero.Cms.Shared\Pages\Manager\NavMenuEditor.razor.cs(1166,34): warning ASP0006: 'sequence++' should not be used as a sequence number. Instead, use an integer literal representing source code order. (https://aka.ms/aspnet/analyzers) [C:\Users\bbqch\proj\microbians\AeroCMS\src\Aero.Cms.Shared\Aero.Cms.Shared.csproj]
C:\Users\bbqch\proj\microbians\AeroCMS\src\Aero.Cms.Shared\Pages\Manager\NavMenuEditor.razor.cs(1167,34): warning ASP0006: 'sequence++' should not be used as a sequence number. Instead, use an integer literal representing source code order. (https://aka.ms/aspnet/analyzers) [C:\Users\bbqch\proj\microbians\AeroCMS\src\Aero.Cms.Shared\Aero.Cms.Shared.csproj]
C:\Users\bbqch\proj\microbians\AeroCMS\src\Aero.Cms.Shared\Pages\Manager\NavMenuEditor.razor.cs(1168,34): warning ASP0006: 'sequence++' should not be used as a sequence number. Instead, use an integer literal representing source code order. (https://aka.ms/aspnet/analyzers) [C:\Users\bbqch\proj\microbians\AeroCMS\src\Aero.Cms.Shared\Aero.Cms.Shared.csproj]
C:\Users\bbqch\proj\microbians\AeroCMS\src\Aero.Cms.Shared\Pages\Manager\NavMenuEditor.razor.cs(1175,34): warning ASP0006: 'sequence++' should not be used as a sequence number. Instead, use an integer literal representing source code order. (https://aka.ms/aspnet/analyzers) [C:\Users\bbqch\proj\microbians\AeroCMS\src\Aero.Cms.Shared\Aero.Cms.Shared.csproj]
C:\Users\bbqch\proj\microbians\AeroCMS\src\Aero.Cms.Shared\Pages\Manager\NavMenuEditor.razor.cs(1176,34): warning ASP0006: 'sequence++' should not be used as a sequence number. Instead, use an integer literal representing source code order. (https://aka.ms/aspnet/analyzers) [C:\Users\bbqch\proj\microbians\AeroCMS\src\Aero.Cms.Shared\Aero.Cms.Shared.csproj]
C:\Users\bbqch\proj\microbians\AeroCMS\src\Aero.Cms.Shared\Pages\Manager\NavMenuEditor.razor.cs(1177,34): warning ASP0006: 'sequence++' should not be used as a sequence number. Instead, use an integer literal representing source code order. (https://aka.ms/aspnet/analyzers) [C:\Users\bbqch\proj\microbians\AeroCMS\src\Aero.Cms.Shared\Aero.Cms.Shared.csproj]
C:\Users\bbqch\proj\microbians\AeroCMS\src\Aero.Cms.Shared\Pages\Manager\NavMenuEditor.razor.cs(1178,34): warning ASP0006: 'sequence++' should not be used as a sequence number. Instead, use an integer literal representing source code order. (https://aka.ms/aspnet/analyzers) [C:\Users\bbqch\proj\microbians\AeroCMS\src\Aero.Cms.Shared\Aero.Cms.Shared.csproj]
C:\Users\bbqch\proj\microbians\AeroCMS\src\Aero.Cms.Shared\Pages\Manager\NavMenuEditor.razor.cs(1179,34): warning ASP0006: 'sequence++' should not be used as a sequence number. Instead, use an integer literal representing source code order. (https://aka.ms/aspnet/analyzers) [C:\Users\bbqch\proj\microbians\AeroCMS\src\Aero.Cms.Shared\Aero.Cms.Shared.csproj]
C:\Users\bbqch\proj\microbians\AeroCMS\src\Aero.Cms.Shared\Pages\Manager\NavMenuEditor.razor.cs(1186,34): warning ASP0006: 'sequence++' should not be used as a sequence number. Instead, use an integer literal representing source code order. (https://aka.ms/aspnet/analyzers) [C:\Users\bbqch\proj\microbians\AeroCMS\src\Aero.Cms.Shared\Aero.Cms.Shared.csproj]
C:\Users\bbqch\proj\microbians\AeroCMS\src\Aero.Cms.Shared\Pages\Manager\NavMenuEditor.razor.cs(1187,34): warning ASP0006: 'sequence++' should not be used as a sequence number. Instead, use an integer literal representing source code order. (https://aka.ms/aspnet/analyzers) [C:\Users\bbqch\proj\microbians\AeroCMS\src\Aero.Cms.Shared\Aero.Cms.Shared.csproj]
C:\Users\bbqch\proj\microbians\AeroCMS\src\Aero.Cms.Shared\Pages\Manager\NavMenuEditor.razor.cs(1188,34): warning ASP0006: 'sequence++' should not be used as a sequence number. Instead, use an integer literal representing source code order. (https://aka.ms/aspnet/analyzers) [C:\Users\bbqch\proj\microbians\AeroCMS\src\Aero.Cms.Shared\Aero.Cms.Shared.csproj]
C:\Users\bbqch\proj\microbians\AeroCMS\src\Aero.Cms.Shared\Pages\Manager\NavMenuEditor.razor.cs(1192,38): warning ASP0006: 'sequence++' should not be used as a sequence number. Instead, use an integer literal representing source code order. (https://aka.ms/aspnet/analyzers) [C:\Users\bbqch\proj\microbians\AeroCMS\src\Aero.Cms.Shared\Aero.Cms.Shared.csproj]
C:\Users\bbqch\proj\microbians\AeroCMS\src\Aero.Cms.Shared\Pages\Manager\NavMenuEditor.razor.cs(1193,36): warning ASP0006: 'sequence++' should not be used as a sequence number. Instead, use an integer literal representing source code order. (https://aka.ms/aspnet/analyzers) [C:\Users\bbqch\proj\microbians\AeroCMS\src\Aero.Cms.Shared\Aero.Cms.Shared.csproj]
C:\Users\bbqch\proj\microbians\AeroCMS\src\Aero.Cms.Shared\Pages\Manager\NavMenuEditor.razor.cs(1234,38): warning ASP0006: 'sequence++' should not be used as a sequence number. Instead, use an integer literal representing source code order. (https://aka.ms/aspnet/analyzers) [C:\Users\bbqch\proj\microbians\AeroCMS\src\Aero.Cms.Shared\Aero.Cms.Shared.csproj]
C:\Users\bbqch\proj\microbians\AeroCMS\src\Aero.Cms.Shared\Pages\Manager\NavMenuEditor.razor.cs(1236,38): warning ASP0006: 'sequence++' should not be used as a sequence number. Instead, use an integer literal representing source code order. (https://aka.ms/aspnet/analyzers) [C:\Users\bbqch\proj\microbians\AeroCMS\src\Aero.Cms.Shared\Aero.Cms.Shared.csproj]
C:\Users\bbqch\proj\microbians\AeroCMS\src\Aero.Cms.Shared\Pages\Manager\NavMenuEditor.razor.cs(1237,38): warning ASP0006: 'sequence++' should not be used as a sequence number. Instead, use an integer literal representing source code order. (https://aka.ms/aspnet/analyzers) [C:\Users\bbqch\proj\microbians\AeroCMS\src\Aero.Cms.Shared\Aero.Cms.Shared.csproj]
C:\Users\bbqch\proj\microbians\AeroCMS\src\Aero.Cms.Shared\Pages\Manager\NavMenuEditor.razor.cs(1238,38): warning ASP0006: 'sequence++' should not be used as a sequence number. Instead, use an integer literal representing source code order. (https://aka.ms/aspnet/analyzers) [C:\Users\bbqch\proj\microbians\AeroCMS\src\Aero.Cms.Shared\Aero.Cms.Shared.csproj]
C:\Users\bbqch\proj\microbians\AeroCMS\src\Aero.Cms.Shared\Pages\Manager\NavMenuEditor.razor.cs(1240,36): warning ASP0006: 'sequence++' should not be used as a sequence number. Instead, use an integer literal representing source code order. (https://aka.ms/aspnet/analyzers) [C:\Users\bbqch\proj\microbians\AeroCMS\src\Aero.Cms.Shared\Aero.Cms.Shared.csproj]
C:\Users\bbqch\proj\microbians\AeroCMS\src\Aero.Cms.Shared\Pages\Manager\FooterEditor.razor.cs(1250,33): warning ASP0006: 'sequence++' should not be used as a sequence number. Instead, use an integer literal representing source code order. (https://aka.ms/aspnet/analyzers) [C:\Users\bbqch\proj\microbians\AeroCMS\src\Aero.Cms.Shared\Aero.Cms.Shared.csproj]
C:\Users\bbqch\proj\microbians\AeroCMS\src\Aero.Cms.Shared\Pages\Manager\FooterEditor.razor.cs(1253,38): warning ASP0006: 'sequence++' should not be used as a sequence number. Instead, use an integer literal representing source code order. (https://aka.ms/aspnet/analyzers) [C:\Users\bbqch\proj\microbians\AeroCMS\src\Aero.Cms.Shared\Aero.Cms.Shared.csproj]
C:\Users\bbqch\proj\microbians\AeroCMS\src\Aero.Cms.Shared\Pages\Manager\FooterEditor.razor.cs(1262,34): warning ASP0006: 'sequence++' should not be used as a sequence number. Instead, use an integer literal representing source code order. (https://aka.ms/aspnet/analyzers) [C:\Users\bbqch\proj\microbians\AeroCMS\src\Aero.Cms.Shared\Aero.Cms.Shared.csproj]
C:\Users\bbqch\proj\microbians\AeroCMS\src\Aero.Cms.Shared\Pages\Manager\FooterEditor.razor.cs(1263,34): warning ASP0006: 'sequence++' should not be used as a sequence number. Instead, use an integer literal representing source code order. (https://aka.ms/aspnet/analyzers) [C:\Users\bbqch\proj\microbians\AeroCMS\src\Aero.Cms.Shared\Aero.Cms.Shared.csproj]
C:\Users\bbqch\proj\microbians\AeroCMS\src\Aero.Cms.Shared\Pages\Manager\FooterEditor.razor.cs(1264,34): warning ASP0006: 'sequence++' should not be used as a sequence number. Instead, use an integer literal representing source code order. (https://aka.ms/aspnet/analyzers) [C:\Users\bbqch\proj\microbians\AeroCMS\src\Aero.Cms.Shared\Aero.Cms.Shared.csproj]
C:\Users\bbqch\proj\microbians\AeroCMS\src\Aero.Cms.Shared\Pages\Manager\FooterEditor.razor.cs(1265,34): warning ASP0006: 'sequence++' should not be used as a sequence number. Instead, use an integer literal representing source code order. (https://aka.ms/aspnet/analyzers) [C:\Users\bbqch\proj\microbians\AeroCMS\src\Aero.Cms.Shared\Aero.Cms.Shared.csproj]
C:\Users\bbqch\proj\microbians\AeroCMS\src\Aero.Cms.Shared\Pages\Manager\FooterEditor.razor.cs(1272,34): warning ASP0006: 'sequence++' should not be used as a sequence number. Instead, use an integer literal representing source code order. (https://aka.ms/aspnet/analyzers) [C:\Users\bbqch\proj\microbians\AeroCMS\src\Aero.Cms.Shared\Aero.Cms.Shared.csproj]
C:\Users\bbqch\proj\microbians\AeroCMS\src\Aero.Cms.Shared\Pages\Manager\FooterEditor.razor.cs(1273,34): warning ASP0006: 'sequence++' should not be used as a sequence number. Instead, use an integer literal representing source code order. (https://aka.ms/aspnet/analyzers) [C:\Users\bbqch\proj\microbians\AeroCMS\src\Aero.Cms.Shared\Aero.Cms.Shared.csproj]
C:\Users\bbqch\proj\microbians\AeroCMS\src\Aero.Cms.Shared\Pages\Manager\FooterEditor.razor.cs(1274,34): warning ASP0006: 'sequence++' should not be used as a sequence number. Instead, use an integer literal representing source code order. (https://aka.ms/aspnet/analyzers) [C:\Users\bbqch\proj\microbians\AeroCMS\src\Aero.Cms.Shared\Aero.Cms.Shared.csproj]
C:\Users\bbqch\proj\microbians\AeroCMS\src\Aero.Cms.Shared\Pages\Manager\FooterEditor.razor.cs(1275,34): warning ASP0006: 'sequence++' should not be used as a sequence number. Instead, use an integer literal representing source code order. (https://aka.ms/aspnet/analyzers) [C:\Users\bbqch\proj\microbians\AeroCMS\src\Aero.Cms.Shared\Aero.Cms.Shared.csproj]
C:\Users\bbqch\proj\microbians\AeroCMS\src\Aero.Cms.Shared\Pages\Manager\FooterEditor.razor.cs(1276,34): warning ASP0006: 'sequence++' should not be used as a sequence number. Instead, use an integer literal representing source code order. (https://aka.ms/aspnet/analyzers) [C:\Users\bbqch\proj\microbians\AeroCMS\src\Aero.Cms.Shared\Aero.Cms.Shared.csproj]
C:\Users\bbqch\proj\microbians\AeroCMS\src\Aero.Cms.Shared\Pages\Manager\FooterEditor.razor.cs(1297,38): warning ASP0006: 'sequence++' should not be used as a sequence number. Instead, use an integer literal representing source code order. (https://aka.ms/aspnet/analyzers) [C:\Users\bbqch\proj\microbians\AeroCMS\src\Aero.Cms.Shared\Aero.Cms.Shared.csproj]
C:\Users\bbqch\proj\microbians\AeroCMS\src\Aero.Cms.Shared\Pages\Manager\FooterEditor.razor.cs(1298,38): warning ASP0006: 'sequence++' should not be used as a sequence number. Instead, use an integer literal representing source code order. (https://aka.ms/aspnet/analyzers) [C:\Users\bbqch\proj\microbians\AeroCMS\src\Aero.Cms.Shared\Aero.Cms.Shared.csproj]
C:\Users\bbqch\proj\microbians\AeroCMS\src\Aero.Cms.Shared\Pages\Manager\FooterEditor.razor.cs(1299,36): warning ASP0006: 'sequence++' should not be used as a sequence number. Instead, use an integer literal representing source code order. (https://aka.ms/aspnet/analyzers) [C:\Users\bbqch\proj\microbians\AeroCMS\src\Aero.Cms.Shared\Aero.Cms.Shared.csproj]
C:\Users\bbqch\proj\microbians\AeroCMS\src\Aero.Cms.Shared\Pages\Manager\FooterEditor.razor.cs(1325,38): warning ASP0006: 'sequence++' should not be used as a sequence number. Instead, use an integer literal representing source code order. (https://aka.ms/aspnet/analyzers) [C:\Users\bbqch\proj\microbians\AeroCMS\src\Aero.Cms.Shared\Aero.Cms.Shared.csproj]
C:\Users\bbqch\proj\microbians\AeroCMS\src\Aero.Cms.Shared\Pages\Manager\FooterEditor.razor.cs(1326,38): warning ASP0006: 'sequence++' should not be used as a sequence number. Instead, use an integer literal representing source code order. (https://aka.ms/aspnet/analyzers) [C:\Users\bbqch\proj\microbians\AeroCMS\src\Aero.Cms.Shared\Aero.Cms.Shared.csproj]
C:\Users\bbqch\proj\microbians\AeroCMS\src\Aero.Cms.Shared\Pages\Manager\FooterEditor.razor.cs(1327,36): warning ASP0006: 'sequence++' should not be used as a sequence number. Instead, use an integer literal representing source code order. (https://aka.ms/aspnet/analyzers) [C:\Users\bbqch\proj\microbians\AeroCMS\src\Aero.Cms.Shared\Aero.Cms.Shared.csproj]
  Aero.Cms.Shared -> C:\Users\bbqch\proj\microbians\AeroCMS\src\Aero.Cms.Shared\bin\Debug\net10.0\Aero.Cms.Shared.dll
C:\Program Files\dotnet\sdk\10.0.301\Microsoft.Common.CurrentVersion.targets(2453,5): warning MSB3277: Found conflicts between different versions of "Microsoft.AspNetCore.Http.Abstractions" that could not be resolved. [C:\Users\bbqch\proj\microbians\AeroCMS\src\Aero.Cms.Ui.Neo\Aero.Cms.Ui.Neo.csproj]
C:\Program Files\dotnet\sdk\10.0.301\Microsoft.Common.CurrentVersion.targets(2453,5): warning MSB3277: There was a conflict between "Microsoft.AspNetCore.Http.Abstractions, Version=2.3.11.0, Culture=neutral, PublicKeyToken=adb9793829ddae60" and "Microsoft.AspNetCore.Http.Abstractions, Version=10.0.0.0, Culture=neutral, PublicKeyToken=adb9793829ddae60". [C:\Users\bbqch\proj\microbians\AeroCMS\src\Aero.Cms.Ui.Neo\Aero.Cms.Ui.Neo.csproj]
C:\Program Files\dotnet\sdk\10.0.301\Microsoft.Common.CurrentVersion.targets(2453,5): warning MSB3277:     "Microsoft.AspNetCore.Http.Abstractions, Version=2.3.11.0, Culture=neutral, PublicKeyToken=adb9793829ddae60" was chosen because it was primary and "Microsoft.AspNetCore.Http.Abstractions, Version=10.0.0.0, Culture=neutral, PublicKeyToken=adb9793829ddae60" was not. [C:\Users\bbqch\proj\microbians\AeroCMS\src\Aero.Cms.Ui.Neo\Aero.Cms.Ui.Neo.csproj]
C:\Program Files\dotnet\sdk\10.0.301\Microsoft.Common.CurrentVersion.targets(2453,5): warning MSB3277:     References which depend on "Microsoft.AspNetCore.Http.Abstractions, Version=2.3.11.0, Culture=neutral, PublicKeyToken=adb9793829ddae60" [D:\nuget-cache\microsoft.aspnetcore.http.abstractions\2.3.11\lib\netstandard2.0\Microsoft.AspNetCore.Http.Abstractions.dll]. [C:\Users\bbqch\proj\microbians\AeroCMS\src\Aero.Cms.Ui.Neo\Aero.Cms.Ui.Neo.csproj]
C:\Program Files\dotnet\sdk\10.0.301\Microsoft.Common.CurrentVersion.targets(2453,5): warning MSB3277:         D:\nuget-cache\microsoft.aspnetcore.http.abstractions\2.3.11\lib\netstandard2.0\Microsoft.AspNetCore.Http.Abstractions.dll [C:\Users\bbqch\proj\microbians\AeroCMS\src\Aero.Cms.Ui.Neo\Aero.Cms.Ui.Neo.csproj]
C:\Program Files\dotnet\sdk\10.0.301\Microsoft.Common.CurrentVersion.targets(2453,5): warning MSB3277:           Project file item includes which caused reference "D:\nuget-cache\microsoft.aspnetcore.http.abstractions\2.3.11\lib\netstandard2.0\Microsoft.AspNetCore.Http.Abstractions.dll". [C:\Users\bbqch\proj\microbians\AeroCMS\src\Aero.Cms.Ui.Neo\Aero.Cms.Ui.Neo.csproj]
C:\Program Files\dotnet\sdk\10.0.301\Microsoft.Common.CurrentVersion.targets(2453,5): warning MSB3277:             D:\nuget-cache\microsoft.aspnetcore.http.abstractions\2.3.11\lib\netstandard2.0\Microsoft.AspNetCore.Http.Abstractions.dll [C:\Users\bbqch\proj\microbians\AeroCMS\src\Aero.Cms.Ui.Neo\Aero.Cms.Ui.Neo.csproj]
C:\Program Files\dotnet\sdk\10.0.301\Microsoft.Common.CurrentVersion.targets(2453,5): warning MSB3277:     References which depend on or have been unified to "Microsoft.AspNetCore.Http.Abstractions, Version=10.0.0.0, Culture=neutral, PublicKeyToken=adb9793829ddae60" []. [C:\Users\bbqch\proj\microbians\AeroCMS\src\Aero.Cms.Ui.Neo\Aero.Cms.Ui.Neo.csproj]
C:\Program Files\dotnet\sdk\10.0.301\Microsoft.Common.CurrentVersion.targets(2453,5): warning MSB3277:         C:\Users\bbqch\proj\microbians\AeroCMS\src\Aero.Cms.Shared\bin\Debug\net10.0\Aero.Cms.Shared.dll [C:\Users\bbqch\proj\microbians\AeroCMS\src\Aero.Cms.Ui.Neo\Aero.Cms.Ui.Neo.csproj]
C:\Program Files\dotnet\sdk\10.0.301\Microsoft.Common.CurrentVersion.targets(2453,5): warning MSB3277:           Project file item includes which caused reference "C:\Users\bbqch\proj\microbians\AeroCMS\src\Aero.Cms.Shared\bin\Debug\net10.0\Aero.Cms.Shared.dll". [C:\Users\bbqch\proj\microbians\AeroCMS\src\Aero.Cms.Ui.Neo\Aero.Cms.Ui.Neo.csproj]
C:\Program Files\dotnet\sdk\10.0.301\Microsoft.Common.CurrentVersion.targets(2453,5): warning MSB3277:             C:\Users\bbqch\proj\microbians\AeroCMS\src\Aero.Cms.Shared\bin\Debug\net10.0\Aero.Cms.Shared.dll [C:\Users\bbqch\proj\microbians\AeroCMS\src\Aero.Cms.Ui.Neo\Aero.Cms.Ui.Neo.csproj]
C:\Program Files\dotnet\sdk\10.0.301\Microsoft.Common.CurrentVersion.targets(2453,5): warning MSB3277:         C:\Users\bbqch\proj\microbians\AeroCMS\Aero\src\Aero.Auth\bin\Debug\net10.0\Aero.Auth.dll [C:\Users\bbqch\proj\microbians\AeroCMS\src\Aero.Cms.Ui.Neo\Aero.Cms.Ui.Neo.csproj]
C:\Program Files\dotnet\sdk\10.0.301\Microsoft.Common.CurrentVersion.targets(2453,5): warning MSB3277:           Project file item includes which caused reference "C:\Users\bbqch\proj\microbians\AeroCMS\Aero\src\Aero.Auth\bin\Debug\net10.0\Aero.Auth.dll". [C:\Users\bbqch\proj\microbians\AeroCMS\src\Aero.Cms.Ui.Neo\Aero.Cms.Ui.Neo.csproj]
C:\Program Files\dotnet\sdk\10.0.301\Microsoft.Common.CurrentVersion.targets(2453,5): warning MSB3277:             C:\Users\bbqch\proj\microbians\AeroCMS\Aero\src\Aero.Auth\bin\Debug\net10.0\Aero.Auth.dll [C:\Users\bbqch\proj\microbians\AeroCMS\src\Aero.Cms.Ui.Neo\Aero.Cms.Ui.Neo.csproj]
C:\Program Files\dotnet\sdk\10.0.301\Microsoft.Common.CurrentVersion.targets(2453,5): warning MSB3277:             C:\Users\bbqch\proj\microbians\AeroCMS\Aero\src\Aero.Marten\bin\Debug\net10.0\Aero.Marten.dll [C:\Users\bbqch\proj\microbians\AeroCMS\src\Aero.Cms.Ui.Neo\Aero.Cms.Ui.Neo.csproj]
C:\Program Files\dotnet\sdk\10.0.301\Microsoft.Common.CurrentVersion.targets(2453,5): warning MSB3277:         C:\Users\bbqch\proj\microbians\AeroCMS\src\Aero.Cms.Shared\bin\Debug\net10.0\AeroDB.Sable.dll [C:\Users\bbqch\proj\microbians\AeroCMS\src\Aero.Cms.Ui.Neo\Aero.Cms.Ui.Neo.csproj]
C:\Program Files\dotnet\sdk\10.0.301\Microsoft.Common.CurrentVersion.targets(2453,5): warning MSB3277:           Project file item includes which caused reference "C:\Users\bbqch\proj\microbians\AeroCMS\src\Aero.Cms.Shared\bin\Debug\net10.0\AeroDB.Sable.dll". [C:\Users\bbqch\proj\microbians\AeroCMS\src\Aero.Cms.Ui.Neo\Aero.Cms.Ui.Neo.csproj]
C:\Program Files\dotnet\sdk\10.0.301\Microsoft.Common.CurrentVersion.targets(2453,5): warning MSB3277:             C:\Users\bbqch\proj\microbians\AeroCMS\src\Aero.Cms.Shared\bin\Debug\net10.0\Aero.Cms.Shared.dll [C:\Users\bbqch\proj\microbians\AeroCMS\src\Aero.Cms.Ui.Neo\Aero.Cms.Ui.Neo.csproj]
C:\Program Files\dotnet\sdk\10.0.301\Microsoft.Common.CurrentVersion.targets(2453,5): warning MSB3277: Found conflicts between different versions of "Microsoft.AspNetCore.Http.Abstractions" that could not be resolved. [C:\Users\bbqch\proj\microbians\AeroCMS\src\Aero.Cms.Ui.Hyper\Aero.Cms.Ui.Hyper.csproj]
C:\Program Files\dotnet\sdk\10.0.301\Microsoft.Common.CurrentVersion.targets(2453,5): warning MSB3277: There was a conflict between "Microsoft.AspNetCore.Http.Abstractions, Version=2.3.11.0, Culture=neutral, PublicKeyToken=adb9793829ddae60" and "Microsoft.AspNetCore.Http.Abstractions, Version=10.0.0.0, Culture=neutral, PublicKeyToken=adb9793829ddae60". [C:\Users\bbqch\proj\microbians\AeroCMS\src\Aero.Cms.Ui.Hyper\Aero.Cms.Ui.Hyper.csproj]
C:\Program Files\dotnet\sdk\10.0.301\Microsoft.Common.CurrentVersion.targets(2453,5): warning MSB3277:     "Microsoft.AspNetCore.Http.Abstractions, Version=2.3.11.0, Culture=neutral, PublicKeyToken=adb9793829ddae60" was chosen because it was primary and "Microsoft.AspNetCore.Http.Abstractions, Version=10.0.0.0, Culture=neutral, PublicKeyToken=adb9793829ddae60" was not. [C:\Users\bbqch\proj\microbians\AeroCMS\src\Aero.Cms.Ui.Hyper\Aero.Cms.Ui.Hyper.csproj]
C:\Program Files\dotnet\sdk\10.0.301\Microsoft.Common.CurrentVersion.targets(2453,5): warning MSB3277:     References which depend on "Microsoft.AspNetCore.Http.Abstractions, Version=2.3.11.0, Culture=neutral, PublicKeyToken=adb9793829ddae60" [D:\nuget-cache\microsoft.aspnetcore.http.abstractions\2.3.11\lib\netstandard2.0\Microsoft.AspNetCore.Http.Abstractions.dll]. [C:\Users\bbqch\proj\microbians\AeroCMS\src\Aero.Cms.Ui.Hyper\Aero.Cms.Ui.Hyper.csproj]
C:\Program Files\dotnet\sdk\10.0.301\Microsoft.Common.CurrentVersion.targets(2453,5): warning MSB3277:         D:\nuget-cache\microsoft.aspnetcore.http.abstractions\2.3.11\lib\netstandard2.0\Microsoft.AspNetCore.Http.Abstractions.dll [C:\Users\bbqch\proj\microbians\AeroCMS\src\Aero.Cms.Ui.Hyper\Aero.Cms.Ui.Hyper.csproj]
C:\Program Files\dotnet\sdk\10.0.301\Microsoft.Common.CurrentVersion.targets(2453,5): warning MSB3277:           Project file item includes which caused reference "D:\nuget-cache\microsoft.aspnetcore.http.abstractions\2.3.11\lib\netstandard2.0\Microsoft.AspNetCore.Http.Abstractions.dll". [C:\Users\bbqch\proj\microbians\AeroCMS\src\Aero.Cms.Ui.Hyper\Aero.Cms.Ui.Hyper.csproj]
C:\Program Files\dotnet\sdk\10.0.301\Microsoft.Common.CurrentVersion.targets(2453,5): warning MSB3277:             D:\nuget-cache\microsoft.aspnetcore.http.abstractions\2.3.11\lib\netstandard2.0\Microsoft.AspNetCore.Http.Abstractions.dll [C:\Users\bbqch\proj\microbians\AeroCMS\src\Aero.Cms.Ui.Hyper\Aero.Cms.Ui.Hyper.csproj]
C:\Program Files\dotnet\sdk\10.0.301\Microsoft.Common.CurrentVersion.targets(2453,5): warning MSB3277:     References which depend on or have been unified to "Microsoft.AspNetCore.Http.Abstractions, Version=10.0.0.0, Culture=neutral, PublicKeyToken=adb9793829ddae60" []. [C:\Users\bbqch\proj\microbians\AeroCMS\src\Aero.Cms.Ui.Hyper\Aero.Cms.Ui.Hyper.csproj]
C:\Program Files\dotnet\sdk\10.0.301\Microsoft.Common.CurrentVersion.targets(2453,5): warning MSB3277:         C:\Users\bbqch\proj\microbians\AeroCMS\src\Aero.Cms.Shared\bin\Debug\net10.0\Aero.Cms.Shared.dll [C:\Users\bbqch\proj\microbians\AeroCMS\src\Aero.Cms.Ui.Hyper\Aero.Cms.Ui.Hyper.csproj]
C:\Program Files\dotnet\sdk\10.0.301\Microsoft.Common.CurrentVersion.targets(2453,5): warning MSB3277:           Project file item includes which caused reference "C:\Users\bbqch\proj\microbians\AeroCMS\src\Aero.Cms.Shared\bin\Debug\net10.0\Aero.Cms.Shared.dll". [C:\Users\bbqch\proj\microbians\AeroCMS\src\Aero.Cms.Ui.Hyper\Aero.Cms.Ui.Hyper.csproj]
C:\Program Files\dotnet\sdk\10.0.301\Microsoft.Common.CurrentVersion.targets(2453,5): warning MSB3277:             C:\Users\bbqch\proj\microbians\AeroCMS\src\Aero.Cms.Shared\bin\Debug\net10.0\Aero.Cms.Shared.dll [C:\Users\bbqch\proj\microbians\AeroCMS\src\Aero.Cms.Ui.Hyper\Aero.Cms.Ui.Hyper.csproj]
C:\Program Files\dotnet\sdk\10.0.301\Microsoft.Common.CurrentVersion.targets(2453,5): warning MSB3277:         C:\Users\bbqch\proj\microbians\AeroCMS\Aero\src\Aero.Auth\bin\Debug\net10.0\Aero.Auth.dll [C:\Users\bbqch\proj\microbians\AeroCMS\src\Aero.Cms.Ui.Hyper\Aero.Cms.Ui.Hyper.csproj]
C:\Program Files\dotnet\sdk\10.0.301\Microsoft.Common.CurrentVersion.targets(2453,5): warning MSB3277:           Project file item includes which caused reference "C:\Users\bbqch\proj\microbians\AeroCMS\Aero\src\Aero.Auth\bin\Debug\net10.0\Aero.Auth.dll". [C:\Users\bbqch\proj\microbians\AeroCMS\src\Aero.Cms.Ui.Hyper\Aero.Cms.Ui.Hyper.csproj]
C:\Program Files\dotnet\sdk\10.0.301\Microsoft.Common.CurrentVersion.targets(2453,5): warning MSB3277:             C:\Users\bbqch\proj\microbians\AeroCMS\Aero\src\Aero.Auth\bin\Debug\net10.0\Aero.Auth.dll [C:\Users\bbqch\proj\microbians\AeroCMS\src\Aero.Cms.Ui.Hyper\Aero.Cms.Ui.Hyper.csproj]
C:\Program Files\dotnet\sdk\10.0.301\Microsoft.Common.CurrentVersion.targets(2453,5): warning MSB3277:             C:\Users\bbqch\proj\microbians\AeroCMS\Aero\src\Aero.Marten\bin\Debug\net10.0\Aero.Marten.dll [C:\Users\bbqch\proj\microbians\AeroCMS\src\Aero.Cms.Ui.Hyper\Aero.Cms.Ui.Hyper.csproj]
C:\Program Files\dotnet\sdk\10.0.301\Microsoft.Common.CurrentVersion.targets(2453,5): warning MSB3277:         C:\Users\bbqch\proj\microbians\AeroCMS\src\Aero.Cms.Shared\bin\Debug\net10.0\AeroDB.Sable.dll [C:\Users\bbqch\proj\microbians\AeroCMS\src\Aero.Cms.Ui.Hyper\Aero.Cms.Ui.Hyper.csproj]
C:\Program Files\dotnet\sdk\10.0.301\Microsoft.Common.CurrentVersion.targets(2453,5): warning MSB3277:           Project file item includes which caused reference "C:\Users\bbqch\proj\microbians\AeroCMS\src\Aero.Cms.Shared\bin\Debug\net10.0\AeroDB.Sable.dll". [C:\Users\bbqch\proj\microbians\AeroCMS\src\Aero.Cms.Ui.Hyper\Aero.Cms.Ui.Hyper.csproj]
C:\Program Files\dotnet\sdk\10.0.301\Microsoft.Common.CurrentVersion.targets(2453,5): warning MSB3277:             C:\Users\bbqch\proj\microbians\AeroCMS\src\Aero.Cms.Shared\bin\Debug\net10.0\Aero.Cms.Shared.dll [C:\Users\bbqch\proj\microbians\AeroCMS\src\Aero.Cms.Ui.Hyper\Aero.Cms.Ui.Hyper.csproj]
C:\Program Files\dotnet\sdk\10.0.301\Microsoft.Common.CurrentVersion.targets(2453,5): warning MSB3277: Found conflicts between different versions of "Dahomey.Cbor" that could not be resolved. [C:\Users\bbqch\proj\microbians\AeroCMS\src\Aero.Cms\Aero.Cms.csproj::TargetFramework=net10.0]
C:\Program Files\dotnet\sdk\10.0.301\Microsoft.Common.CurrentVersion.targets(2453,5): warning MSB3277: There was a conflict between "Dahomey.Cbor, Version=1.26.1.0, Culture=neutral, PublicKeyToken=4b44a4ea904ba37e" and "Dahomey.Cbor, Version=1.26.3.0, Culture=neutral, PublicKeyToken=4b44a4ea904ba37e". [C:\Users\bbqch\proj\microbians\AeroCMS\src\Aero.Cms\Aero.Cms.csproj::TargetFramework=net10.0]
C:\Program Files\dotnet\sdk\10.0.301\Microsoft.Common.CurrentVersion.targets(2453,5): warning MSB3277:     "Dahomey.Cbor, Version=1.26.1.0, Culture=neutral, PublicKeyToken=4b44a4ea904ba37e" was chosen because it was primary and "Dahomey.Cbor, Version=1.26.3.0, Culture=neutral, PublicKeyToken=4b44a4ea904ba37e" was not. [C:\Users\bbqch\proj\microbians\AeroCMS\src\Aero.Cms\Aero.Cms.csproj::TargetFramework=net10.0]
C:\Program Files\dotnet\sdk\10.0.301\Microsoft.Common.CurrentVersion.targets(2453,5): warning MSB3277:     References which depend on "Dahomey.Cbor, Version=1.26.1.0, Culture=neutral, PublicKeyToken=4b44a4ea904ba37e" [D:\nuget-cache\dahomey.cbor\1.26.1\lib\net10.0\Dahomey.Cbor.dll]. [C:\Users\bbqch\proj\microbians\AeroCMS\src\Aero.Cms\Aero.Cms.csproj::TargetFramework=net10.0]
C:\Program Files\dotnet\sdk\10.0.301\Microsoft.Common.CurrentVersion.targets(2453,5): warning MSB3277:         D:\nuget-cache\dahomey.cbor\1.26.1\lib\net10.0\Dahomey.Cbor.dll [C:\Users\bbqch\proj\microbians\AeroCMS\src\Aero.Cms\Aero.Cms.csproj::TargetFramework=net10.0]
C:\Program Files\dotnet\sdk\10.0.301\Microsoft.Common.CurrentVersion.targets(2453,5): warning MSB3277:           Project file item includes which caused reference "D:\nuget-cache\dahomey.cbor\1.26.1\lib\net10.0\Dahomey.Cbor.dll". [C:\Users\bbqch\proj\microbians\AeroCMS\src\Aero.Cms\Aero.Cms.csproj::TargetFramework=net10.0]
C:\Program Files\dotnet\sdk\10.0.301\Microsoft.Common.CurrentVersion.targets(2453,5): warning MSB3277:             D:\nuget-cache\dahomey.cbor\1.26.1\lib\net10.0\Dahomey.Cbor.dll [C:\Users\bbqch\proj\microbians\AeroCMS\src\Aero.Cms\Aero.Cms.csproj::TargetFramework=net10.0]
C:\Program Files\dotnet\sdk\10.0.301\Microsoft.Common.CurrentVersion.targets(2453,5): warning MSB3277:     References which depend on or have been unified to "Dahomey.Cbor, Version=1.26.3.0, Culture=neutral, PublicKeyToken=4b44a4ea904ba37e" []. [C:\Users\bbqch\proj\microbians\AeroCMS\src\Aero.Cms\Aero.Cms.csproj::TargetFramework=net10.0]
C:\Program Files\dotnet\sdk\10.0.301\Microsoft.Common.CurrentVersion.targets(2453,5): warning MSB3277:         C:\Users\bbqch\proj\microbians\AeroCMS\src\Aero.Cms.Shared\bin\Debug\net10.0\AeroDB.Sable.dll [C:\Users\bbqch\proj\microbians\AeroCMS\src\Aero.Cms\Aero.Cms.csproj::TargetFramework=net10.0]
C:\Program Files\dotnet\sdk\10.0.301\Microsoft.Common.CurrentVersion.targets(2453,5): warning MSB3277:           Project file item includes which caused reference "C:\Users\bbqch\proj\microbians\AeroCMS\src\Aero.Cms.Shared\bin\Debug\net10.0\AeroDB.Sable.dll". [C:\Users\bbqch\proj\microbians\AeroCMS\src\Aero.Cms\Aero.Cms.csproj::TargetFramework=net10.0]
C:\Program Files\dotnet\sdk\10.0.301\Microsoft.Common.CurrentVersion.targets(2453,5): warning MSB3277:             C:\Users\bbqch\proj\microbians\AeroCMS\src\Aero.Cms.Shared\bin\Debug\net10.0\Aero.Cms.Shared.dll [C:\Users\bbqch\proj\microbians\AeroCMS\src\Aero.Cms\Aero.Cms.csproj::TargetFramework=net10.0]
  XAML source generation is enabled (MauiXamlInflator=SourceGen). This generates C# code from XAML at compile time for better performance. To disable, remove the MauiXamlInflator line from your .csproj file (reverts to configuration-based defaults: Runtime in Debug, XamlC in Release).
C:\Program Files\dotnet\sdk\10.0.301\Microsoft.Common.CurrentVersion.targets(2453,5): warning MSB3277: Found conflicts between different versions of "Dahomey.Cbor" that could not be resolved. [C:\Users\bbqch\proj\microbians\AeroCMS\src\Aero.Cms\Aero.Cms.csproj::TargetFramework=net10.0-windows10.0.19041.0]
C:\Program Files\dotnet\sdk\10.0.301\Microsoft.Common.CurrentVersion.targets(2453,5): warning MSB3277: There was a conflict between "Dahomey.Cbor, Version=1.26.1.0, Culture=neutral, PublicKeyToken=4b44a4ea904ba37e" and "Dahomey.Cbor, Version=1.26.3.0, Culture=neutral, PublicKeyToken=4b44a4ea904ba37e". [C:\Users\bbqch\proj\microbians\AeroCMS\src\Aero.Cms\Aero.Cms.csproj::TargetFramework=net10.0-windows10.0.19041.0]
C:\Program Files\dotnet\sdk\10.0.301\Microsoft.Common.CurrentVersion.targets(2453,5): warning MSB3277:     "Dahomey.Cbor, Version=1.26.1.0, Culture=neutral, PublicKeyToken=4b44a4ea904ba37e" was chosen because it was primary and "Dahomey.Cbor, Version=1.26.3.0, Culture=neutral, PublicKeyToken=4b44a4ea904ba37e" was not. [C:\Users\bbqch\proj\microbians\AeroCMS\src\Aero.Cms\Aero.Cms.csproj::TargetFramework=net10.0-windows10.0.19041.0]
C:\Program Files\dotnet\sdk\10.0.301\Microsoft.Common.CurrentVersion.targets(2453,5): warning MSB3277:     References which depend on "Dahomey.Cbor, Version=1.26.1.0, Culture=neutral, PublicKeyToken=4b44a4ea904ba37e" [D:\nuget-cache\dahomey.cbor\1.26.1\lib\net10.0\Dahomey.Cbor.dll]. [C:\Users\bbqch\proj\microbians\AeroCMS\src\Aero.Cms\Aero.Cms.csproj::TargetFramework=net10.0-windows10.0.19041.0]
C:\Program Files\dotnet\sdk\10.0.301\Microsoft.Common.CurrentVersion.targets(2453,5): warning MSB3277:         D:\nuget-cache\dahomey.cbor\1.26.1\lib\net10.0\Dahomey.Cbor.dll [C:\Users\bbqch\proj\microbians\AeroCMS\src\Aero.Cms\Aero.Cms.csproj::TargetFramework=net10.0-windows10.0.19041.0]
C:\Program Files\dotnet\sdk\10.0.301\Microsoft.Common.CurrentVersion.targets(2453,5): warning MSB3277:           Project file item includes which caused reference "D:\nuget-cache\dahomey.cbor\1.26.1\lib\net10.0\Dahomey.Cbor.dll". [C:\Users\bbqch\proj\microbians\AeroCMS\src\Aero.Cms\Aero.Cms.csproj::TargetFramework=net10.0-windows10.0.19041.0]
C:\Program Files\dotnet\sdk\10.0.301\Microsoft.Common.CurrentVersion.targets(2453,5): warning MSB3277:             D:\nuget-cache\dahomey.cbor\1.26.1\lib\net10.0\Dahomey.Cbor.dll [C:\Users\bbqch\proj\microbians\AeroCMS\src\Aero.Cms\Aero.Cms.csproj::TargetFramework=net10.0-windows10.0.19041.0]
C:\Program Files\dotnet\sdk\10.0.301\Microsoft.Common.CurrentVersion.targets(2453,5): warning MSB3277:     References which depend on or have been unified to "Dahomey.Cbor, Version=1.26.3.0, Culture=neutral, PublicKeyToken=4b44a4ea904ba37e" []. [C:\Users\bbqch\proj\microbians\AeroCMS\src\Aero.Cms\Aero.Cms.csproj::TargetFramework=net10.0-windows10.0.19041.0]
C:\Program Files\dotnet\sdk\10.0.301\Microsoft.Common.CurrentVersion.targets(2453,5): warning MSB3277:         D:\nuget-cache\surrealdb.net\0.10.2\lib\net10.0\SurrealDb.Net.dll [C:\Users\bbqch\proj\microbians\AeroCMS\src\Aero.Cms\Aero.Cms.csproj::TargetFramework=net10.0-windows10.0.19041.0]
C:\Program Files\dotnet\sdk\10.0.301\Microsoft.Common.CurrentVersion.targets(2453,5): warning MSB3277:           Project file item includes which caused reference "D:\nuget-cache\surrealdb.net\0.10.2\lib\net10.0\SurrealDb.Net.dll". [C:\Users\bbqch\proj\microbians\AeroCMS\src\Aero.Cms\Aero.Cms.csproj::TargetFramework=net10.0-windows10.0.19041.0]
C:\Program Files\dotnet\sdk\10.0.301\Microsoft.Common.CurrentVersion.targets(2453,5): warning MSB3277:             D:\nuget-cache\surrealdb.net\0.10.2\lib\net10.0\SurrealDb.Net.dll [C:\Users\bbqch\proj\microbians\AeroCMS\src\Aero.Cms\Aero.Cms.csproj::TargetFramework=net10.0-windows10.0.19041.0]
C:\Program Files\dotnet\sdk\10.0.301\Microsoft.Common.CurrentVersion.targets(2453,5): warning MSB3277:             C:\Users\bbqch\proj\microbians\AeroCMS\src\Aero.Cms.Shared\bin\Debug\net10.0\Aero.Cms.Shared.dll [C:\Users\bbqch\proj\microbians\AeroCMS\src\Aero.Cms\Aero.Cms.csproj::TargetFramework=net10.0-windows10.0.19041.0]
C:\Program Files\dotnet\sdk\10.0.301\Microsoft.Common.CurrentVersion.targets(2453,5): warning MSB3277:         C:\Users\bbqch\proj\microbians\AeroCMS\src\Aero.Cms.Shared\bin\Debug\net10.0\AeroDB.Sable.dll [C:\Users\bbqch\proj\microbians\AeroCMS\src\Aero.Cms\Aero.Cms.csproj::TargetFramework=net10.0-windows10.0.19041.0]
C:\Program Files\dotnet\sdk\10.0.301\Microsoft.Common.CurrentVersion.targets(2453,5): warning MSB3277:           Project file item includes which caused reference "C:\Users\bbqch\proj\microbians\AeroCMS\src\Aero.Cms.Shared\bin\Debug\net10.0\AeroDB.Sable.dll". [C:\Users\bbqch\proj\microbians\AeroCMS\src\Aero.Cms\Aero.Cms.csproj::TargetFramework=net10.0-windows10.0.19041.0]
C:\Program Files\dotnet\sdk\10.0.301\Microsoft.Common.CurrentVersion.targets(2453,5): warning MSB3277:             C:\Users\bbqch\proj\microbians\AeroCMS\src\Aero.Cms.Shared\bin\Debug\net10.0\Aero.Cms.Shared.dll [C:\Users\bbqch\proj\microbians\AeroCMS\src\Aero.Cms\Aero.Cms.csproj::TargetFramework=net10.0-windows10.0.19041.0]
  XAML source generation is enabled (MauiXamlInflator=SourceGen). This generates C# code from XAML at compile time for better performance. To disable, remove the MauiXamlInflator line from your .csproj file (reverts to configuration-based defaults: Runtime in Debug, XamlC in Release).
C:\Users\bbqch\proj\microbians\AeroCMS\src\Aero.Cms.Web.Core\obj\Debug\net10.0\Aero.Cms.SourceGenerators\Aero.Cms.SourceGenerators.EmbeddedAttributesGenerator\LegacyReflectionDiscoveryAttribute.g.cs(20,18): warning CS8669: The annotation for nullable reference types should only be used in code within a '#nullable' annotations context. Auto-generated code requires an explicit '#nullable' directive in source. [C:\Users\bbqch\proj\microbians\AeroCMS\src\Aero.Cms.Web.Core\Aero.Cms.Web.Core.csproj]
C:\Users\bbqch\proj\microbians\AeroCMS\src\Aero.Cms.Ui.Neo\obj\Debug\net10.0\Aero.Cms.SourceGenerators\Aero.Cms.SourceGenerators.EmbeddedAttributesGenerator\LegacyReflectionDiscoveryAttribute.g.cs(20,18): warning CS8669: The annotation for nullable reference types should only be used in code within a '#nullable' annotations context. Auto-generated code requires an explicit '#nullable' directive in source. [C:\Users\bbqch\proj\microbians\AeroCMS\src\Aero.Cms.Ui.Neo\Aero.Cms.Ui.Neo.csproj]
  Aero.Cms.Web.Core -> C:\Users\bbqch\proj\microbians\AeroCMS\src\Aero.Cms.Web.Core\bin\Debug\net10.0\Aero.Cms.Web.Core.dll
  Aero.Cms -> C:\Users\bbqch\proj\microbians\AeroCMS\src\Aero.Cms\bin\Debug\net10.0\Aero.Cms.dll
  Aero.Cms.Ui.Neo -> C:\Users\bbqch\proj\microbians\AeroCMS\src\Aero.Cms.Ui.Neo\bin\Debug\net10.0\Aero.Cms.Ui.Neo.dll
C:\Program Files\dotnet\sdk\10.0.301\Sdks\Microsoft.NET.Sdk.Razor\targets\Sdk.Razor.CurrentVersion.targets(840,5): warning RAZORSDK1004: One or more Razor view or page files were found, but the project is not configured to add Razor support for MVC. The MSBuild property 'AddRazorSupportForMvc' must be set to correctly compile Razor files that target MVC. For more information, see https://go.microsoft.com/fwlink/?linkid=868374. [C:\Users\bbqch\proj\microbians\AeroCMS\src\Aero.Cms.Modules.Static\Aero.Cms.Modules.Static.csproj]
C:\Program Files\dotnet\sdk\10.0.301\Sdks\Microsoft.NET.Sdk.Razor\targets\Sdk.Razor.CurrentVersion.targets(840,5): warning RAZORSDK1004: One or more Razor view or page files were found, but the project is not configured to add Razor support for MVC. The MSBuild property 'AddRazorSupportForMvc' must be set to correctly compile Razor files that target MVC. For more information, see https://go.microsoft.com/fwlink/?linkid=868374. [C:\Users\bbqch\proj\microbians\AeroCMS\src\Aero.Cms.Modules.Search\Aero.Cms.Modules.Search.csproj]
C:\Program Files\dotnet\sdk\10.0.301\Sdks\Microsoft.NET.Sdk.Razor\targets\Sdk.Razor.CurrentVersion.targets(840,5): warning RAZORSDK1004: One or more Razor view or page files were found, but the project is not configured to add Razor support for MVC. The MSBuild property 'AddRazorSupportForMvc' must be set to correctly compile Razor files that target MVC. For more information, see https://go.microsoft.com/fwlink/?linkid=868374. [C:\Users\bbqch\proj\microbians\AeroCMS\src\Aero.Cms.Modules.Mail\Aero.Cms.Modules.Mail.csproj]
C:\Program Files\dotnet\sdk\10.0.301\Sdks\Microsoft.NET.Sdk.Razor\targets\Sdk.Razor.CurrentVersion.targets(840,5): warning RAZORSDK1004: One or more Razor view or page files were found, but the project is not configured to add Razor support for MVC. The MSBuild property 'AddRazorSupportForMvc' must be set to correctly compile Razor files that target MVC. For more information, see https://go.microsoft.com/fwlink/?linkid=868374. [C:\Users\bbqch\proj\microbians\AeroCMS\src\Aero.Cms.Modules.Settings\Aero.Cms.Modules.Settings.csproj]
C:\Users\bbqch\proj\microbians\AeroCMS\src\Aero.Cms.Modules.OpenTelemetry\obj\Debug\net10.0\Aero.Cms.SourceGenerators\Aero.Cms.SourceGenerators.EmbeddedAttributesGenerator\LegacyReflectionDiscoveryAttribute.g.cs(20,18): warning CS8669: The annotation for nullable reference types should only be used in code within a '#nullable' annotations context. Auto-generated code requires an explicit '#nullable' directive in source. [C:\Users\bbqch\proj\microbians\AeroCMS\src\Aero.Cms.Modules.OpenTelemetry\Aero.Cms.Modules.OpenTelemetry.csproj]
C:\Users\bbqch\proj\microbians\AeroCMS\src\Aero.Cms.Modules.Scalar\obj\Debug\net10.0\Aero.Cms.SourceGenerators\Aero.Cms.SourceGenerators.EmbeddedAttributesGenerator\LegacyReflectionDiscoveryAttribute.g.cs(20,18): warning CS8669: The annotation for nullable reference types should only be used in code within a '#nullable' annotations context. Auto-generated code requires an explicit '#nullable' directive in source. [C:\Users\bbqch\proj\microbians\AeroCMS\src\Aero.Cms.Modules.Scalar\Aero.Cms.Modules.Scalar.csproj]
C:\Users\bbqch\proj\microbians\AeroCMS\src\Aero.Cms.Modules.Security\SecurityModule.cs(88,13): warning CS8767: Nullability of reference types in type of parameter 'services' of 'void SecurityModule.Configure(IServiceProvider services, StoreOptions opts)' doesn't match implicitly implemented member 'void IConfigureAeroDB.Configure(IServiceProvider? services, StoreOptions options)' (possibly because of nullability attributes). [C:\Users\bbqch\proj\microbians\AeroCMS\src\Aero.Cms.Modules.Security\Aero.Cms.Modules.Security.csproj]
C:\Users\bbqch\proj\microbians\AeroCMS\src\Aero.Cms.Modules.Security\obj\Debug\net10.0\Aero.Cms.SourceGenerators\Aero.Cms.SourceGenerators.EmbeddedAttributesGenerator\LegacyReflectionDiscoveryAttribute.g.cs(20,18): warning CS8669: The annotation for nullable reference types should only be used in code within a '#nullable' annotations context. Auto-generated code requires an explicit '#nullable' directive in source. [C:\Users\bbqch\proj\microbians\AeroCMS\src\Aero.Cms.Modules.Security\Aero.Cms.Modules.Security.csproj]
C:\Users\bbqch\proj\microbians\AeroCMS\src\Aero.Cms.Modules.Security\ApiKeyService.cs(18,20): warning CS9113: Parameter 'apiKeyFactory' is unread. [C:\Users\bbqch\proj\microbians\AeroCMS\src\Aero.Cms.Modules.Security\Aero.Cms.Modules.Security.csproj]
C:\Users\bbqch\proj\microbians\AeroCMS\src\Aero.Cms.Modules.Chat\obj\Debug\net10.0\Aero.Cms.SourceGenerators\Aero.Cms.SourceGenerators.EmbeddedAttributesGenerator\LegacyReflectionDiscoveryAttribute.g.cs(20,18): warning CS8669: The annotation for nullable reference types should only be used in code within a '#nullable' annotations context. Auto-generated code requires an explicit '#nullable' directive in source. [C:\Users\bbqch\proj\microbians\AeroCMS\src\Aero.Cms.Modules.Chat\Aero.Cms.Modules.Chat.csproj]
C:\Users\bbqch\proj\microbians\AeroCMS\src\Aero.Cms.Modules.Crm\obj\Debug\net10.0\Aero.Cms.SourceGenerators\Aero.Cms.SourceGenerators.EmbeddedAttributesGenerator\LegacyReflectionDiscoveryAttribute.g.cs(20,18): warning CS8669: The annotation for nullable reference types should only be used in code within a '#nullable' annotations context. Auto-generated code requires an explicit '#nullable' directive in source. [C:\Users\bbqch\proj\microbians\AeroCMS\src\Aero.Cms.Modules.Crm\Aero.Cms.Modules.Crm.csproj]
C:\Users\bbqch\proj\microbians\AeroCMS\src\Aero.Cms.Modules.Manager\obj\Debug\net10.0\Aero.Cms.SourceGenerators\Aero.Cms.SourceGenerators.EmbeddedAttributesGenerator\LegacyReflectionDiscoveryAttribute.g.cs(20,18): warning CS8669: The annotation for nullable reference types should only be used in code within a '#nullable' annotations context. Auto-generated code requires an explicit '#nullable' directive in source. [C:\Users\bbqch\proj\microbians\AeroCMS\src\Aero.Cms.Modules.Manager\Aero.Cms.Modules.Manager.csproj]
C:\Users\bbqch\proj\microbians\AeroCMS\src\Aero.Cms.Modules.Mcp\obj\Debug\net10.0\Aero.Cms.SourceGenerators\Aero.Cms.SourceGenerators.EmbeddedAttributesGenerator\LegacyReflectionDiscoveryAttribute.g.cs(20,18): warning CS8669: The annotation for nullable reference types should only be used in code within a '#nullable' annotations context. Auto-generated code requires an explicit '#nullable' directive in source. [C:\Users\bbqch\proj\microbians\AeroCMS\src\Aero.Cms.Modules.Mcp\Aero.Cms.Modules.Mcp.csproj]
C:\Users\bbqch\proj\microbians\AeroCMS\src\Aero.Cms.Modules.Blog.Importer\obj\Debug\net10.0\Aero.Cms.SourceGenerators\Aero.Cms.SourceGenerators.EmbeddedAttributesGenerator\LegacyReflectionDiscoveryAttribute.g.cs(20,18): warning CS8669: The annotation for nullable reference types should only be used in code within a '#nullable' annotations context. Auto-generated code requires an explicit '#nullable' directive in source. [C:\Users\bbqch\proj\microbians\AeroCMS\src\Aero.Cms.Modules.Blog.Importer\Aero.Cms.Modules.Blog.Importer.csproj]
C:\Users\bbqch\proj\microbians\AeroCMS\src\Aero.Cms.Modules.Members\obj\Debug\net10.0\Aero.Cms.SourceGenerators\Aero.Cms.SourceGenerators.EmbeddedAttributesGenerator\LegacyReflectionDiscoveryAttribute.g.cs(20,18): warning CS8669: The annotation for nullable reference types should only be used in code within a '#nullable' annotations context. Auto-generated code requires an explicit '#nullable' directive in source. [C:\Users\bbqch\proj\microbians\AeroCMS\src\Aero.Cms.Modules.Members\Aero.Cms.Modules.Members.csproj]
C:\Users\bbqch\proj\microbians\AeroCMS\src\Aero.Cms.Modules.Jobs\obj\Debug\net10.0\Aero.Cms.SourceGenerators\Aero.Cms.SourceGenerators.EmbeddedAttributesGenerator\LegacyReflectionDiscoveryAttribute.g.cs(20,18): warning CS8669: The annotation for nullable reference types should only be used in code within a '#nullable' annotations context. Auto-generated code requires an explicit '#nullable' directive in source. [C:\Users\bbqch\proj\microbians\AeroCMS\src\Aero.Cms.Modules.Jobs\Aero.Cms.Modules.Jobs.csproj]
C:\Users\bbqch\proj\microbians\AeroCMS\src\Aero.Cms.Modules.Members\MembersModule.cs(14,24): warning CS8618: Non-nullable property 'Name' must contain a non-null value when exiting constructor. Consider adding the 'required' modifier or declaring the property as nullable. [C:\Users\bbqch\proj\microbians\AeroCMS\src\Aero.Cms.Modules.Members\Aero.Cms.Modules.Members.csproj]
C:\Users\bbqch\proj\microbians\AeroCMS\src\Aero.Cms.Modules.Members\MembersModule.cs(18,24): warning CS8618: Non-nullable property 'Version' must contain a non-null value when exiting constructor. Consider adding the 'required' modifier or declaring the property as nullable. [C:\Users\bbqch\proj\microbians\AeroCMS\src\Aero.Cms.Modules.Members\Aero.Cms.Modules.Members.csproj]
C:\Users\bbqch\proj\microbians\AeroCMS\src\Aero.Cms.Modules.Members\MembersModule.cs(22,24): warning CS8618: Non-nullable property 'Author' must contain a non-null value when exiting constructor. Consider adding the 'required' modifier or declaring the property as nullable. [C:\Users\bbqch\proj\microbians\AeroCMS\src\Aero.Cms.Modules.Members\Aero.Cms.Modules.Members.csproj]
C:\Users\bbqch\proj\microbians\AeroCMS\src\Aero.Cms.Modules.Members\MembersModule.cs(26,39): warning CS8618: Non-nullable property 'Dependencies' must contain a non-null value when exiting constructor. Consider adding the 'required' modifier or declaring the property as nullable. [C:\Users\bbqch\proj\microbians\AeroCMS\src\Aero.Cms.Modules.Members\Aero.Cms.Modules.Members.csproj]
C:\Users\bbqch\proj\microbians\AeroCMS\src\Aero.Cms.Modules.Members\MembersModule.cs(30,39): warning CS8618: Non-nullable property 'Category' must contain a non-null value when exiting constructor. Consider adding the 'required' modifier or declaring the property as nullable. [C:\Users\bbqch\proj\microbians\AeroCMS\src\Aero.Cms.Modules.Members\Aero.Cms.Modules.Members.csproj]
C:\Users\bbqch\proj\microbians\AeroCMS\src\Aero.Cms.Modules.Members\MembersModule.cs(34,39): warning CS8618: Non-nullable property 'Tags' must contain a non-null value when exiting constructor. Consider adding the 'required' modifier or declaring the property as nullable. [C:\Users\bbqch\proj\microbians\AeroCMS\src\Aero.Cms.Modules.Members\Aero.Cms.Modules.Members.csproj]
C:\Users\bbqch\proj\microbians\AeroCMS\src\Aero.Cms.Modules.RequestLog\obj\Debug\net10.0\Aero.Cms.SourceGenerators\Aero.Cms.SourceGenerators.EmbeddedAttributesGenerator\LegacyReflectionDiscoveryAttribute.g.cs(20,18): warning CS8669: The annotation for nullable reference types should only be used in code within a '#nullable' annotations context. Auto-generated code requires an explicit '#nullable' directive in source. [C:\Users\bbqch\proj\microbians\AeroCMS\src\Aero.Cms.Modules.RequestLog\Aero.Cms.Modules.RequestLog.csproj]
C:\Users\bbqch\proj\microbians\AeroCMS\src\Aero.Cms.Modules.Secrets\obj\Debug\net10.0\Aero.Cms.SourceGenerators\Aero.Cms.SourceGenerators.EmbeddedAttributesGenerator\LegacyReflectionDiscoveryAttribute.g.cs(20,18): warning CS8669: The annotation for nullable reference types should only be used in code within a '#nullable' annotations context. Auto-generated code requires an explicit '#nullable' directive in source. [C:\Users\bbqch\proj\microbians\AeroCMS\src\Aero.Cms.Modules.Secrets\Aero.Cms.Modules.Secrets.csproj]
C:\Users\bbqch\proj\microbians\AeroCMS\src\Aero.Cms.Modules.Tenant\TenantModule.cs(53,13): warning CS8767: Nullability of reference types in type of parameter 'services' of 'void TenantModule.Configure(IServiceProvider services, StoreOptions opts)' doesn't match implicitly implemented member 'void IConfigureAeroDB.Configure(IServiceProvider? services, StoreOptions options)' (possibly because of nullability attributes). [C:\Users\bbqch\proj\microbians\AeroCMS\src\Aero.Cms.Modules.Tenant\Aero.Cms.Modules.Tenant.csproj]
C:\Users\bbqch\proj\microbians\AeroCMS\src\Aero.Cms.Modules.Tenant\obj\Debug\net10.0\Aero.Cms.SourceGenerators\Aero.Cms.SourceGenerators.EmbeddedAttributesGenerator\LegacyReflectionDiscoveryAttribute.g.cs(20,18): warning CS8669: The annotation for nullable reference types should only be used in code within a '#nullable' annotations context. Auto-generated code requires an explicit '#nullable' directive in source. [C:\Users\bbqch\proj\microbians\AeroCMS\src\Aero.Cms.Modules.Tenant\Aero.Cms.Modules.Tenant.csproj]
C:\Users\bbqch\proj\microbians\AeroCMS\src\Aero.Cms.Modules.Tenant\TenantRepository.cs(41,83): warning CS9113: Parameter 'log' is unread. [C:\Users\bbqch\proj\microbians\AeroCMS\src\Aero.Cms.Modules.Tenant\Aero.Cms.Modules.Tenant.csproj]
C:\Users\bbqch\proj\microbians\AeroCMS\src\Aero.Cms.Modules.Export\obj\Debug\net10.0\Aero.Cms.SourceGenerators\Aero.Cms.SourceGenerators.EmbeddedAttributesGenerator\LegacyReflectionDiscoveryAttribute.g.cs(20,18): warning CS8669: The annotation for nullable reference types should only be used in code within a '#nullable' annotations context. Auto-generated code requires an explicit '#nullable' directive in source. [C:\Users\bbqch\proj\microbians\AeroCMS\src\Aero.Cms.Modules.Export\Aero.Cms.Modules.Export.csproj]
C:\Users\bbqch\proj\microbians\AeroCMS\src\Aero.Cms.Modules.Forum\obj\Debug\net10.0\Aero.Cms.SourceGenerators\Aero.Cms.SourceGenerators.EmbeddedAttributesGenerator\LegacyReflectionDiscoveryAttribute.g.cs(20,18): warning CS8669: The annotation for nullable reference types should only be used in code within a '#nullable' annotations context. Auto-generated code requires an explicit '#nullable' directive in source. [C:\Users\bbqch\proj\microbians\AeroCMS\src\Aero.Cms.Modules.Forum\Aero.Cms.Modules.Forum.csproj]
  Aero.Cms.Modules.RequestLog -> C:\Users\bbqch\proj\microbians\AeroCMS\src\Aero.Cms.Modules.RequestLog\bin\Debug\net10.0\Aero.Cms.Modules.RequestLog.dll
C:\Users\bbqch\proj\microbians\AeroCMS\src\Aero.Cms.Modules.Static\obj\Debug\net10.0\Aero.Cms.SourceGenerators\Aero.Cms.SourceGenerators.EmbeddedAttributesGenerator\LegacyReflectionDiscoveryAttribute.g.cs(20,18): warning CS8669: The annotation for nullable reference types should only be used in code within a '#nullable' annotations context. Auto-generated code requires an explicit '#nullable' directive in source. [C:\Users\bbqch\proj\microbians\AeroCMS\src\Aero.Cms.Modules.Static\Aero.Cms.Modules.Static.csproj]
C:\Users\bbqch\proj\microbians\AeroCMS\src\Aero.Cms.Modules.MagicLink\obj\Debug\net10.0\Aero.Cms.SourceGenerators\Aero.Cms.SourceGenerators.EmbeddedAttributesGenerator\LegacyReflectionDiscoveryAttribute.g.cs(20,18): warning CS8669: The annotation for nullable reference types should only be used in code within a '#nullable' annotations context. Auto-generated code requires an explicit '#nullable' directive in source. [C:\Users\bbqch\proj\microbians\AeroCMS\src\Aero.Cms.Modules.MagicLink\Aero.Cms.Modules.MagicLink.csproj]
C:\Users\bbqch\proj\microbians\AeroCMS\src\Aero.Cms.Modules.Search\obj\Debug\net10.0\Aero.Cms.SourceGenerators\Aero.Cms.SourceGenerators.EmbeddedAttributesGenerator\LegacyReflectionDiscoveryAttribute.g.cs(20,18): warning CS8669: The annotation for nullable reference types should only be used in code within a '#nullable' annotations context. Auto-generated code requires an explicit '#nullable' directive in source. [C:\Users\bbqch\proj\microbians\AeroCMS\src\Aero.Cms.Modules.Search\Aero.Cms.Modules.Search.csproj]
C:\Program Files\dotnet\sdk\10.0.301\Sdks\Microsoft.NET.Sdk.Razor\targets\Sdk.Razor.CurrentVersion.targets(840,5): warning RAZORSDK1004: One or more Razor view or page files were found, but the project is not configured to add Razor support for MVC. The MSBuild property 'AddRazorSupportForMvc' must be set to correctly compile Razor files that target MVC. For more information, see https://go.microsoft.com/fwlink/?linkid=868374. [C:\Users\bbqch\proj\microbians\AeroCMS\src\Aero.Cms.Modules.Tcp\Aero.Cms.Modules.Tcp.csproj]
C:\Users\bbqch\proj\microbians\AeroCMS\src\Aero.Cms.Modules.Logging\obj\Debug\net10.0\Aero.Cms.SourceGenerators\Aero.Cms.SourceGenerators.EmbeddedAttributesGenerator\LegacyReflectionDiscoveryAttribute.g.cs(20,18): warning CS8669: The annotation for nullable reference types should only be used in code within a '#nullable' annotations context. Auto-generated code requires an explicit '#nullable' directive in source. [C:\Users\bbqch\proj\microbians\AeroCMS\src\Aero.Cms.Modules.Logging\Aero.Cms.Modules.Logging.csproj]
C:\Users\bbqch\proj\microbians\AeroCMS\src\Aero.Cms.Modules.AiAssistant\obj\Debug\net10.0\Aero.Cms.SourceGenerators\Aero.Cms.SourceGenerators.EmbeddedAttributesGenerator\LegacyReflectionDiscoveryAttribute.g.cs(20,18): warning CS8669: The annotation for nullable reference types should only be used in code within a '#nullable' annotations context. Auto-generated code requires an explicit '#nullable' directive in source. [C:\Users\bbqch\proj\microbians\AeroCMS\src\Aero.Cms.Modules.AiAssistant\Aero.Cms.Modules.AiAssistant.csproj]
C:\Users\bbqch\proj\microbians\AeroCMS\src\Aero.Cms.Modules.Localization\obj\Debug\net10.0\Aero.Cms.SourceGenerators\Aero.Cms.SourceGenerators.EmbeddedAttributesGenerator\LegacyReflectionDiscoveryAttribute.g.cs(20,18): warning CS8669: The annotation for nullable reference types should only be used in code within a '#nullable' annotations context. Auto-generated code requires an explicit '#nullable' directive in source. [C:\Users\bbqch\proj\microbians\AeroCMS\src\Aero.Cms.Modules.Localization\Aero.Cms.Modules.Localization.csproj]
C:\Users\bbqch\proj\microbians\AeroCMS\src\Aero.Cms.Modules.Mail\obj\Debug\net10.0\Aero.Cms.SourceGenerators\Aero.Cms.SourceGenerators.EmbeddedAttributesGenerator\LegacyReflectionDiscoveryAttribute.g.cs(20,18): warning CS8669: The annotation for nullable reference types should only be used in code within a '#nullable' annotations context. Auto-generated code requires an explicit '#nullable' directive in source. [C:\Users\bbqch\proj\microbians\AeroCMS\src\Aero.Cms.Modules.Mail\Aero.Cms.Modules.Mail.csproj]
C:\Users\bbqch\proj\microbians\AeroCMS\src\Aero.Cms.Modules.Mailer\obj\Debug\net10.0\Aero.Cms.SourceGenerators\Aero.Cms.SourceGenerators.EmbeddedAttributesGenerator\LegacyReflectionDiscoveryAttribute.g.cs(20,18): warning CS8669: The annotation for nullable reference types should only be used in code within a '#nullable' annotations context. Auto-generated code requires an explicit '#nullable' directive in source. [C:\Users\bbqch\proj\microbians\AeroCMS\src\Aero.Cms.Modules.Mailer\Aero.Cms.Modules.Mailer.csproj]
C:\Users\bbqch\proj\microbians\AeroCMS\src\Aero.Cms.Modules.Commerce.Client\obj\Debug\net10.0\Aero.Cms.SourceGenerators\Aero.Cms.SourceGenerators.EmbeddedAttributesGenerator\LegacyReflectionDiscoveryAttribute.g.cs(20,18): warning CS8669: The annotation for nullable reference types should only be used in code within a '#nullable' annotations context. Auto-generated code requires an explicit '#nullable' directive in source. [C:\Users\bbqch\proj\microbians\AeroCMS\src\Aero.Cms.Modules.Commerce.Client\Aero.Cms.Modules.Commerce.Client.csproj]
C:\Users\bbqch\proj\microbians\AeroCMS\src\Aero.Cms.Modules.Commerce.Client\Pages\Admin\ProductList.razor(51,40): warning CS0649: Field 'ProductList.products' is never assigned to, and will always have its default value null [C:\Users\bbqch\proj\microbians\AeroCMS\src\Aero.Cms.Modules.Commerce.Client\Aero.Cms.Modules.Commerce.Client.csproj]
C:\Users\bbqch\proj\microbians\AeroCMS\src\Aero.Cms.Modules.Grpc\obj\Debug\net10.0\Aero.Cms.SourceGenerators\Aero.Cms.SourceGenerators.EmbeddedAttributesGenerator\LegacyReflectionDiscoveryAttribute.g.cs(20,18): warning CS8669: The annotation for nullable reference types should only be used in code within a '#nullable' annotations context. Auto-generated code requires an explicit '#nullable' directive in source. [C:\Users\bbqch\proj\microbians\AeroCMS\src\Aero.Cms.Modules.Grpc\Aero.Cms.Modules.Grpc.csproj]
C:\Users\bbqch\proj\microbians\AeroCMS\src\Aero.Cms.Modules.Audit\obj\Debug\net10.0\Aero.Cms.SourceGenerators\Aero.Cms.SourceGenerators.EmbeddedAttributesGenerator\LegacyReflectionDiscoveryAttribute.g.cs(20,18): warning CS8669: The annotation for nullable reference types should only be used in code within a '#nullable' annotations context. Auto-generated code requires an explicit '#nullable' directive in source. [C:\Users\bbqch\proj\microbians\AeroCMS\src\Aero.Cms.Modules.Audit\Aero.Cms.Modules.Audit.csproj]
C:\Users\bbqch\proj\microbians\AeroCMS\src\Aero.Cms.Modules.Audit\Areas\Api\v1\AuditApi.cs(9,57): warning CS1574: XML comment has cref attribute 'PagesApi' that could not be resolved [C:\Users\bbqch\proj\microbians\AeroCMS\src\Aero.Cms.Modules.Audit\Aero.Cms.Modules.Audit.csproj]
C:\Users\bbqch\proj\microbians\AeroCMS\src\Aero.Cms.Modules.Content\obj\Debug\net10.0\Aero.Cms.SourceGenerators\Aero.Cms.SourceGenerators.EmbeddedAttributesGenerator\LegacyReflectionDiscoveryAttribute.g.cs(20,18): warning CS8669: The annotation for nullable reference types should only be used in code within a '#nullable' annotations context. Auto-generated code requires an explicit '#nullable' directive in source. [C:\Users\bbqch\proj\microbians\AeroCMS\src\Aero.Cms.Modules.Content\Aero.Cms.Modules.Content.csproj]
C:\Users\bbqch\proj\microbians\AeroCMS\src\Aero.Cms.Modules.Content\AeroContentModule.cs(123,13): warning CS8767: Nullability of reference types in type of parameter 'services' of 'void ContentModule.Configure(IServiceProvider services, StoreOptions opts)' doesn't match implicitly implemented member 'void IConfigureAeroDB.Configure(IServiceProvider? services, StoreOptions options)' (possibly because of nullability attributes). [C:\Users\bbqch\proj\microbians\AeroCMS\src\Aero.Cms.Modules.Content\Aero.Cms.Modules.Content.csproj]
C:\Users\bbqch\proj\microbians\AeroCMS\src\Aero.Cms.Modules.Docs\DocsAeroDbConfiguration.cs(22,13): warning CS8767: Nullability of reference types in type of parameter 'services' of 'void DocsAeroDbConfiguration.Configure(IServiceProvider services, StoreOptions options)' doesn't match implicitly implemented member 'void IConfigureAeroDB.Configure(IServiceProvider? services, StoreOptions options)' (possibly because of nullability attributes). [C:\Users\bbqch\proj\microbians\AeroCMS\src\Aero.Cms.Modules.Docs\Aero.Cms.Modules.Docs.csproj]
C:\Users\bbqch\proj\microbians\AeroCMS\src\Aero.Cms.Modules.Docs\obj\Debug\net10.0\Aero.Cms.SourceGenerators\Aero.Cms.SourceGenerators.EmbeddedAttributesGenerator\LegacyReflectionDiscoveryAttribute.g.cs(20,18): warning CS8669: The annotation for nullable reference types should only be used in code within a '#nullable' annotations context. Auto-generated code requires an explicit '#nullable' directive in source. [C:\Users\bbqch\proj\microbians\AeroCMS\src\Aero.Cms.Modules.Docs\Aero.Cms.Modules.Docs.csproj]
C:\Users\bbqch\proj\microbians\AeroCMS\src\Aero.Cms.Modules.Docs\DocsModule.cs(82,13): warning CS8767: Nullability of reference types in type of parameter 'services' of 'void DocsModule.Configure(IServiceProvider services, StoreOptions opts)' doesn't match implicitly implemented member 'void IConfigureAeroDB.Configure(IServiceProvider? services, StoreOptions options)' (possibly because of nullability attributes). [C:\Users\bbqch\proj\microbians\AeroCMS\src\Aero.Cms.Modules.Docs\Aero.Cms.Modules.Docs.csproj]
C:\Users\bbqch\proj\microbians\AeroCMS\src\Aero.Cms.Modules.Docs\DocsService.cs(17,51): warning CS1574: XML comment has cref attribute 'AeroPageContentService' that could not be resolved [C:\Users\bbqch\proj\microbians\AeroCMS\src\Aero.Cms.Modules.Docs\Aero.Cms.Modules.Docs.csproj]
C:\Users\bbqch\proj\microbians\AeroCMS\src\Aero.Cms.Modules.Docs\Grains\AeroDocsGrain.cs(19,24): warning CS1574: XML comment has cref attribute 'AeroPageGrain' that could not be resolved [C:\Users\bbqch\proj\microbians\AeroCMS\src\Aero.Cms.Modules.Docs\Aero.Cms.Modules.Docs.csproj]
C:\Users\bbqch\proj\microbians\AeroCMS\src\Aero.Cms.Modules.Docs\Grains\AeroDocsGrain.cs(86,36): warning CS1574: XML comment has cref attribute 'AeroPageGrain' that could not be resolved [C:\Users\bbqch\proj\microbians\AeroCMS\src\Aero.Cms.Modules.Docs\Aero.Cms.Modules.Docs.csproj]
C:\Users\bbqch\proj\microbians\AeroCMS\src\Aero.Cms.Modules.Settings\obj\Debug\net10.0\Aero.Cms.SourceGenerators\Aero.Cms.SourceGenerators.EmbeddedAttributesGenerator\LegacyReflectionDiscoveryAttribute.g.cs(20,18): warning CS8669: The annotation for nullable reference types should only be used in code within a '#nullable' annotations context. Auto-generated code requires an explicit '#nullable' directive in source. [C:\Users\bbqch\proj\microbians\AeroCMS\src\Aero.Cms.Modules.Settings\Aero.Cms.Modules.Settings.csproj]
C:\Users\bbqch\proj\microbians\AeroCMS\src\Aero.Cms.Modules.Navigation\obj\Debug\net10.0\Aero.Cms.SourceGenerators\Aero.Cms.SourceGenerators.EmbeddedAttributesGenerator\LegacyReflectionDiscoveryAttribute.g.cs(20,18): warning CS8669: The annotation for nullable reference types should only be used in code within a '#nullable' annotations context. Auto-generated code requires an explicit '#nullable' directive in source. [C:\Users\bbqch\proj\microbians\AeroCMS\src\Aero.Cms.Modules.Navigation\Aero.Cms.Modules.Navigation.csproj]
C:\Users\bbqch\proj\microbians\AeroCMS\src\Aero.Cms.Modules.Navigation\NavigationModule.cs(87,13): warning CS8767: Nullability of reference types in type of parameter 'services' of 'void NavigationModule.Configure(IServiceProvider services, StoreOptions opts)' doesn't match implicitly implemented member 'void IConfigureAeroDB.Configure(IServiceProvider? services, StoreOptions options)' (possibly because of nullability attributes). [C:\Users\bbqch\proj\microbians\AeroCMS\src\Aero.Cms.Modules.Navigation\Aero.Cms.Modules.Navigation.csproj]
C:\Users\bbqch\proj\microbians\AeroCMS\src\Aero.Cms.Modules.Navigation\Services\NavMenuService.cs(265,13): warning CS4014: Because this call is not awaited, execution of the current method continues before the call is completed. Consider applying the 'await' operator to the result of the call. [C:\Users\bbqch\proj\microbians\AeroCMS\src\Aero.Cms.Modules.Navigation\Aero.Cms.Modules.Navigation.csproj]
C:\Users\bbqch\proj\microbians\AeroCMS\src\Aero.Cms.Modules.Navigation\Services\NavMenuService.cs(414,17): warning CS4014: Because this call is not awaited, execution of the current method continues before the call is completed. Consider applying the 'await' operator to the result of the call. [C:\Users\bbqch\proj\microbians\AeroCMS\src\Aero.Cms.Modules.Navigation\Aero.Cms.Modules.Navigation.csproj]
C:\Users\bbqch\proj\microbians\AeroCMS\src\Aero.Cms.Modules.Navigation\Services\NavMenuService.cs(416,17): warning CS4014: Because this call is not awaited, execution of the current method continues before the call is completed. Consider applying the 'await' operator to the result of the call. [C:\Users\bbqch\proj\microbians\AeroCMS\src\Aero.Cms.Modules.Navigation\Aero.Cms.Modules.Navigation.csproj]
C:\Users\bbqch\proj\microbians\AeroCMS\src\Aero.Cms.Modules.Navigation\Services\NavMenuService.cs(588,13): warning CS4014: Because this call is not awaited, execution of the current method continues before the call is completed. Consider applying the 'await' operator to the result of the call. [C:\Users\bbqch\proj\microbians\AeroCMS\src\Aero.Cms.Modules.Navigation\Aero.Cms.Modules.Navigation.csproj]
C:\Users\bbqch\proj\microbians\AeroCMS\src\Aero.Cms.Modules.Users\obj\Debug\net10.0\Aero.Cms.SourceGenerators\Aero.Cms.SourceGenerators.EmbeddedAttributesGenerator\LegacyReflectionDiscoveryAttribute.g.cs(20,18): warning CS8669: The annotation for nullable reference types should only be used in code within a '#nullable' annotations context. Auto-generated code requires an explicit '#nullable' directive in source. [C:\Users\bbqch\proj\microbians\AeroCMS\src\Aero.Cms.Modules.Users\Aero.Cms.Modules.Users.csproj]
C:\Users\bbqch\proj\microbians\AeroCMS\src\Aero.Cms.Modules.Ai\obj\Debug\net10.0\Aero.Cms.SourceGenerators\Aero.Cms.SourceGenerators.EmbeddedAttributesGenerator\LegacyReflectionDiscoveryAttribute.g.cs(20,18): warning CS8669: The annotation for nullable reference types should only be used in code within a '#nullable' annotations context. Auto-generated code requires an explicit '#nullable' directive in source. [C:\Users\bbqch\proj\microbians\AeroCMS\src\Aero.Cms.Modules.Ai\Aero.Cms.Modules.Ai.csproj]
C:\Users\bbqch\proj\microbians\AeroCMS\src\Aero.Cms.Ui.Hyper\obj\Debug\net10.0\Aero.Cms.SourceGenerators\Aero.Cms.SourceGenerators.EmbeddedAttributesGenerator\LegacyReflectionDiscoveryAttribute.g.cs(20,18): warning CS8669: The annotation for nullable reference types should only be used in code within a '#nullable' annotations context. Auto-generated code requires an explicit '#nullable' directive in source. [C:\Users\bbqch\proj\microbians\AeroCMS\src\Aero.Cms.Ui.Hyper\Aero.Cms.Ui.Hyper.csproj]
C:\Users\bbqch\proj\microbians\AeroCMS\src\Aero.Cms.Ui.Hyper\Blocks\Faqs\Faq3BlockRenderer.razor(16,21): warning CS0219: The variable 'first' is assigned but its value is never used [C:\Users\bbqch\proj\microbians\AeroCMS\src\Aero.Cms.Ui.Hyper\Aero.Cms.Ui.Hyper.csproj]
C:\Users\bbqch\proj\microbians\AeroCMS\src\Aero.Cms.Ui.Hyper\Blocks\Faqs\Faq2BlockRenderer.razor(17,25): warning CS0219: The variable 'first' is assigned but its value is never used [C:\Users\bbqch\proj\microbians\AeroCMS\src\Aero.Cms.Ui.Hyper\Aero.Cms.Ui.Hyper.csproj]
C:\Users\bbqch\proj\microbians\AeroCMS\src\Aero.Cms.Ui.Hyper\Blocks\Faqs\Faq1BlockRenderer.razor(16,21): warning CS0219: The variable 'first' is assigned but its value is never used [C:\Users\bbqch\proj\microbians\AeroCMS\src\Aero.Cms.Ui.Hyper\Aero.Cms.Ui.Hyper.csproj]
C:\Users\bbqch\proj\microbians\AeroCMS\src\Aero.Cms.Modules.Footer\obj\Debug\net10.0\Aero.Cms.SourceGenerators\Aero.Cms.SourceGenerators.EmbeddedAttributesGenerator\LegacyReflectionDiscoveryAttribute.g.cs(20,18): warning CS8669: The annotation for nullable reference types should only be used in code within a '#nullable' annotations context. Auto-generated code requires an explicit '#nullable' directive in source. [C:\Users\bbqch\proj\microbians\AeroCMS\src\Aero.Cms.Modules.Footer\Aero.Cms.Modules.Footer.csproj]
C:\Users\bbqch\proj\microbians\AeroCMS\src\Aero.Cms.Modules.Footer\FooterModule.cs(86,13): warning CS8767: Nullability of reference types in type of parameter 'services' of 'void FooterModule.Configure(IServiceProvider services, StoreOptions opts)' doesn't match implicitly implemented member 'void IConfigureAeroDB.Configure(IServiceProvider? services, StoreOptions options)' (possibly because of nullability attributes). [C:\Users\bbqch\proj\microbians\AeroCMS\src\Aero.Cms.Modules.Footer\Aero.Cms.Modules.Footer.csproj]
C:\Users\bbqch\proj\microbians\AeroCMS\src\Aero.Cms.Modules.Footer\Services\FooterService.cs(271,13): warning CS4014: Because this call is not awaited, execution of the current method continues before the call is completed. Consider applying the 'await' operator to the result of the call. [C:\Users\bbqch\proj\microbians\AeroCMS\src\Aero.Cms.Modules.Footer\Aero.Cms.Modules.Footer.csproj]
C:\Users\bbqch\proj\microbians\AeroCMS\src\Aero.Cms.Modules.Footer\Services\FooterService.cs(410,17): warning CS4014: Because this call is not awaited, execution of the current method continues before the call is completed. Consider applying the 'await' operator to the result of the call. [C:\Users\bbqch\proj\microbians\AeroCMS\src\Aero.Cms.Modules.Footer\Aero.Cms.Modules.Footer.csproj]
C:\Users\bbqch\proj\microbians\AeroCMS\src\Aero.Cms.Modules.Footer\Services\FooterService.cs(412,17): warning CS4014: Because this call is not awaited, execution of the current method continues before the call is completed. Consider applying the 'await' operator to the result of the call. [C:\Users\bbqch\proj\microbians\AeroCMS\src\Aero.Cms.Modules.Footer\Aero.Cms.Modules.Footer.csproj]
C:\Users\bbqch\proj\microbians\AeroCMS\src\Aero.Cms.Modules.Footer\Services\FooterService.cs(565,13): warning CS4014: Because this call is not awaited, execution of the current method continues before the call is completed. Consider applying the 'await' operator to the result of the call. [C:\Users\bbqch\proj\microbians\AeroCMS\src\Aero.Cms.Modules.Footer\Aero.Cms.Modules.Footer.csproj]
C:\Program Files\dotnet\sdk\10.0.301\Sdks\Microsoft.NET.Sdk.Razor\targets\Sdk.Razor.CurrentVersion.targets(840,5): warning RAZORSDK1004: One or more Razor view or page files were found, but the project is not configured to add Razor support for MVC. The MSBuild property 'AddRazorSupportForMvc' must be set to correctly compile Razor files that target MVC. For more information, see https://go.microsoft.com/fwlink/?linkid=868374. [C:\Users\bbqch\proj\microbians\AeroCMS\src\Aero.Cms.Modules.Theming\Aero.Cms.Modules.Theming.csproj]
C:\Users\bbqch\proj\microbians\AeroCMS\src\Aero.Cms.Modules.LettuceEncrypt\obj\Debug\net10.0\Aero.Cms.SourceGenerators\Aero.Cms.SourceGenerators.EmbeddedAttributesGenerator\LegacyReflectionDiscoveryAttribute.g.cs(20,18): warning CS8669: The annotation for nullable reference types should only be used in code within a '#nullable' annotations context. Auto-generated code requires an explicit '#nullable' directive in source. [C:\Users\bbqch\proj\microbians\AeroCMS\src\Aero.Cms.Modules.LettuceEncrypt\Aero.Cms.Modules.LettuceEncrypt.csproj]
C:\Users\bbqch\proj\microbians\AeroCMS\src\Aero.Cms.Modules.WebOptimizer\obj\Debug\net10.0\Aero.Cms.SourceGenerators\Aero.Cms.SourceGenerators.EmbeddedAttributesGenerator\LegacyReflectionDiscoveryAttribute.g.cs(20,18): warning CS8669: The annotation for nullable reference types should only be used in code within a '#nullable' annotations context. Auto-generated code requires an explicit '#nullable' directive in source. [C:\Users\bbqch\proj\microbians\AeroCMS\src\Aero.Cms.Modules.WebOptimizer\Aero.Cms.Modules.WebOptimizer.csproj]
C:\Users\bbqch\proj\microbians\AeroCMS\src\Aero.Cms.Modules.WebOptimizer\WebOptimizerModule.cs(43,22): warning CS8765: Nullability of type of parameter 'config' doesn't match overridden member (possibly because of nullability attributes). [C:\Users\bbqch\proj\microbians\AeroCMS\src\Aero.Cms.Modules.WebOptimizer\Aero.Cms.Modules.WebOptimizer.csproj]
C:\Users\bbqch\proj\microbians\AeroCMS\src\Aero.Cms.Modules.WebOptimizer\WebOptimizerModule.cs(43,22): warning CS8765: Nullability of type of parameter 'env' doesn't match overridden member (possibly because of nullability attributes). [C:\Users\bbqch\proj\microbians\AeroCMS\src\Aero.Cms.Modules.WebOptimizer\Aero.Cms.Modules.WebOptimizer.csproj]
C:\Users\bbqch\proj\microbians\AeroCMS\src\Aero.Cms.Modules.WebOptimizer\WebOptimizerModule.cs(43,91): warning CS8625: Cannot convert null literal to non-nullable reference type. [C:\Users\bbqch\proj\microbians\AeroCMS\src\Aero.Cms.Modules.WebOptimizer\Aero.Cms.Modules.WebOptimizer.csproj]
C:\Users\bbqch\proj\microbians\AeroCMS\src\Aero.Cms.Modules.WebOptimizer\WebOptimizerModule.cs(43,118): warning CS8625: Cannot convert null literal to non-nullable reference type. [C:\Users\bbqch\proj\microbians\AeroCMS\src\Aero.Cms.Modules.WebOptimizer\Aero.Cms.Modules.WebOptimizer.csproj]
C:\Users\bbqch\proj\microbians\AeroCMS\src\Aero.Cms.Modules.Jwt\obj\Debug\net10.0\Aero.Cms.SourceGenerators\Aero.Cms.SourceGenerators.EmbeddedAttributesGenerator\LegacyReflectionDiscoveryAttribute.g.cs(20,18): warning CS8669: The annotation for nullable reference types should only be used in code within a '#nullable' annotations context. Auto-generated code requires an explicit '#nullable' directive in source. [C:\Users\bbqch\proj\microbians\AeroCMS\src\Aero.Cms.Modules.Jwt\Aero.Cms.Modules.Jwt.csproj]
  Aero.Cms.Modules.Jwt -> C:\Users\bbqch\proj\microbians\AeroCMS\src\Aero.Cms.Modules.Jwt\bin\Debug\net10.0\Aero.Cms.Modules.Jwt.dll
C:\Users\bbqch\proj\microbians\AeroCMS\src\Aero.Cms.Modules.Health\obj\Debug\net10.0\Aero.Cms.SourceGenerators\Aero.Cms.SourceGenerators.EmbeddedAttributesGenerator\LegacyReflectionDiscoveryAttribute.g.cs(20,18): warning CS8669: The annotation for nullable reference types should only be used in code within a '#nullable' annotations context. Auto-generated code requires an explicit '#nullable' directive in source. [C:\Users\bbqch\proj\microbians\AeroCMS\src\Aero.Cms.Modules.Health\Aero.Cms.Modules.Health.csproj]
C:\Users\bbqch\proj\microbians\AeroCMS\src\Aero.Cms.Modules.Sites\obj\Debug\net10.0\Aero.Cms.SourceGenerators\Aero.Cms.SourceGenerators.EmbeddedAttributesGenerator\LegacyReflectionDiscoveryAttribute.g.cs(20,18): warning CS8669: The annotation for nullable reference types should only be used in code within a '#nullable' annotations context. Auto-generated code requires an explicit '#nullable' directive in source. [C:\Users\bbqch\proj\microbians\AeroCMS\src\Aero.Cms.Modules.Sites\Aero.Cms.Modules.Sites.csproj]
C:\Users\bbqch\proj\microbians\AeroCMS\src\Aero.Cms.Modules.Sites\SitesModule.cs(115,13): warning CS8767: Nullability of reference types in type of parameter 'services' of 'void SitesModule.Configure(IServiceProvider services, StoreOptions opts)' doesn't match implicitly implemented member 'void IConfigureAeroDB.Configure(IServiceProvider? services, StoreOptions options)' (possibly because of nullability attributes). [C:\Users\bbqch\proj\microbians\AeroCMS\src\Aero.Cms.Modules.Sites\Aero.Cms.Modules.Sites.csproj]
C:\Users\bbqch\proj\microbians\AeroCMS\src\Aero.Cms.Modules.Sites\ISiteService.cs(192,16): warning CS8604: Possible null reference argument for parameter 'value' in 'Option<SitesModel>.implicit operator Option<SitesModel>(SitesModel value)'. [C:\Users\bbqch\proj\microbians\AeroCMS\src\Aero.Cms.Modules.Sites\Aero.Cms.Modules.Sites.csproj]
C:\Users\bbqch\proj\microbians\AeroCMS\src\Aero.Cms.Modules.Sites\SiteStartupFilter.cs(11,43): warning CS1574: XML comment has cref attribute 'Order' that could not be resolved [C:\Users\bbqch\proj\microbians\AeroCMS\src\Aero.Cms.Modules.Sites\Aero.Cms.Modules.Sites.csproj]
C:\Users\bbqch\proj\microbians\AeroCMS\src\Aero.Cms.Modules.Sites\SiteStartupFilter.cs(12,16): warning CS1574: XML comment has cref attribute 'ConfigureServices' that could not be resolved [C:\Users\bbqch\proj\microbians\AeroCMS\src\Aero.Cms.Modules.Sites\Aero.Cms.Modules.Sites.csproj]
C:\Users\bbqch\proj\microbians\AeroCMS\src\Aero.Cms.Modules.Sites\SiteStartupFilter.cs(12,67): warning CS1574: XML comment has cref attribute 'Insert' that could not be resolved [C:\Users\bbqch\proj\microbians\AeroCMS\src\Aero.Cms.Modules.Sites\Aero.Cms.Modules.Sites.csproj]
C:\Users\bbqch\proj\microbians\AeroCMS\src\Aero.Cms.Modules.Banner\obj\Debug\net10.0\Aero.Cms.SourceGenerators\Aero.Cms.SourceGenerators.EmbeddedAttributesGenerator\LegacyReflectionDiscoveryAttribute.g.cs(20,18): warning CS8669: The annotation for nullable reference types should only be used in code within a '#nullable' annotations context. Auto-generated code requires an explicit '#nullable' directive in source. [C:\Users\bbqch\proj\microbians\AeroCMS\src\Aero.Cms.Modules.Banner\Aero.Cms.Modules.Banner.csproj]
C:\Users\bbqch\proj\microbians\AeroCMS\src\Aero.Cms.Modules.Banner\BannerModule.cs(68,13): warning CS8767: Nullability of reference types in type of parameter 'services' of 'void BannerModule.Configure(IServiceProvider services, StoreOptions options)' doesn't match implicitly implemented member 'void IConfigureAeroDB.Configure(IServiceProvider? services, StoreOptions options)' (possibly because of nullability attributes). [C:\Users\bbqch\proj\microbians\AeroCMS\src\Aero.Cms.Modules.Banner\Aero.Cms.Modules.Banner.csproj]
C:\Users\bbqch\proj\microbians\AeroCMS\src\Aero.Cms.Modules.Banner\BannerModel.cs(21,15): warning CS8618: Non-nullable property 'Message' must contain a non-null value when exiting constructor. Consider adding the 'required' modifier or declaring the property as nullable. [C:\Users\bbqch\proj\microbians\AeroCMS\src\Aero.Cms.Modules.Banner\Aero.Cms.Modules.Banner.csproj]
  Aero.Cms.Modules.Blog.Importer -> C:\Users\bbqch\proj\microbians\AeroCMS\src\Aero.Cms.Modules.Blog.Importer\bin\Debug\net10.0\Aero.Cms.Modules.Blog.Importer.dll
  Aero.Cms.Modules.Health -> C:\Users\bbqch\proj\microbians\AeroCMS\src\Aero.Cms.Modules.Health\bin\Debug\net10.0\Aero.Cms.Modules.Health.dll
C:\Users\bbqch\proj\microbians\AeroCMS\src\Aero.Cms.Modules.Tcp\obj\Debug\net10.0\Aero.Cms.SourceGenerators\Aero.Cms.SourceGenerators.EmbeddedAttributesGenerator\LegacyReflectionDiscoveryAttribute.g.cs(20,18): warning CS8669: The annotation for nullable reference types should only be used in code within a '#nullable' annotations context. Auto-generated code requires an explicit '#nullable' directive in source. [C:\Users\bbqch\proj\microbians\AeroCMS\src\Aero.Cms.Modules.Tcp\Aero.Cms.Modules.Tcp.csproj]
C:\Users\bbqch\proj\microbians\AeroCMS\src\Aero.Cms.Modules.Aliases\obj\Debug\net10.0\Aero.Cms.SourceGenerators\Aero.Cms.SourceGenerators.EmbeddedAttributesGenerator\LegacyReflectionDiscoveryAttribute.g.cs(20,18): warning CS8669: The annotation for nullable reference types should only be used in code within a '#nullable' annotations context. Auto-generated code requires an explicit '#nullable' directive in source. [C:\Users\bbqch\proj\microbians\AeroCMS\src\Aero.Cms.Modules.Aliases\Aero.Cms.Modules.Aliases.csproj]
C:\Users\bbqch\proj\microbians\AeroCMS\src\Aero.Cms.Modules.Aliases\AliasModule.cs(132,13): warning CS8767: Nullability of reference types in type of parameter 'services' of 'void AliasModule.Configure(IServiceProvider services, StoreOptions opts)' doesn't match implicitly implemented member 'void IConfigureAeroDB.Configure(IServiceProvider? services, StoreOptions options)' (possibly because of nullability attributes). [C:\Users\bbqch\proj\microbians\AeroCMS\src\Aero.Cms.Modules.Aliases\Aero.Cms.Modules.Aliases.csproj]
C:\Users\bbqch\proj\microbians\AeroCMS\src\Aero.Cms.Modules.Aliases\AliasRewriteRule.cs(16,16): warning CS1574: XML comment has cref attribute 'SiteResolutionMiddleware' that could not be resolved [C:\Users\bbqch\proj\microbians\AeroCMS\src\Aero.Cms.Modules.Aliases\Aero.Cms.Modules.Aliases.csproj]
C:\Users\bbqch\proj\microbians\AeroCMS\src\Aero.Cms.Modules.Aliases\AliasStartupFilter.cs(10,57): warning CS1574: XML comment has cref attribute 'SiteStartupFilter' that could not be resolved [C:\Users\bbqch\proj\microbians\AeroCMS\src\Aero.Cms.Modules.Aliases\Aero.Cms.Modules.Aliases.csproj]
C:\Users\bbqch\proj\microbians\AeroCMS\src\Aero.Cms.Modules.OutputCache\obj\Debug\net10.0\Aero.Cms.SourceGenerators\Aero.Cms.SourceGenerators.EmbeddedAttributesGenerator\LegacyReflectionDiscoveryAttribute.g.cs(20,18): warning CS8669: The annotation for nullable reference types should only be used in code within a '#nullable' annotations context. Auto-generated code requires an explicit '#nullable' directive in source. [C:\Users\bbqch\proj\microbians\AeroCMS\src\Aero.Cms.Modules.OutputCache\Aero.Cms.Modules.OutputCache.csproj]
C:\Users\bbqch\proj\microbians\AeroCMS\src\Aero.Cms.Modules.OutputCache\Caching\CmsOutputCachePolicy.cs(11,37): warning CS1574: XML comment has cref attribute 'OutputCachePolicy' that could not be resolved [C:\Users\bbqch\proj\microbians\AeroCMS\src\Aero.Cms.Modules.OutputCache\Aero.Cms.Modules.OutputCache.csproj]
C:\Users\bbqch\proj\microbians\AeroCMS\src\Aero.Cms.Modules.SimpleSecurity\obj\Debug\net10.0\Aero.Cms.SourceGenerators\Aero.Cms.SourceGenerators.EmbeddedAttributesGenerator\LegacyReflectionDiscoveryAttribute.g.cs(20,18): warning CS8669: The annotation for nullable reference types should only be used in code within a '#nullable' annotations context. Auto-generated code requires an explicit '#nullable' directive in source. [C:\Users\bbqch\proj\microbians\AeroCMS\src\Aero.Cms.Modules.SimpleSecurity\Aero.Cms.Modules.SimpleSecurity.csproj]
  Aero.Cms.Modules.Jobs -> C:\Users\bbqch\proj\microbians\AeroCMS\src\Aero.Cms.Modules.Jobs\bin\Debug\net10.0\Aero.Cms.Modules.Jobs.dll
C:\Users\bbqch\proj\microbians\AeroCMS\src\Aero.Cms.Modules.WorkOS\obj\Debug\net10.0\Aero.Cms.SourceGenerators\Aero.Cms.SourceGenerators.EmbeddedAttributesGenerator\LegacyReflectionDiscoveryAttribute.g.cs(20,18): warning CS8669: The annotation for nullable reference types should only be used in code within a '#nullable' annotations context. Auto-generated code requires an explicit '#nullable' directive in source. [C:\Users\bbqch\proj\microbians\AeroCMS\src\Aero.Cms.Modules.WorkOS\Aero.Cms.Modules.WorkOS.csproj]
C:\Users\bbqch\proj\microbians\AeroCMS\src\Aero.Cms.Modules.Media\obj\Debug\net10.0\Aero.Cms.SourceGenerators\Aero.Cms.SourceGenerators.EmbeddedAttributesGenerator\LegacyReflectionDiscoveryAttribute.g.cs(20,18): warning CS8669: The annotation for nullable reference types should only be used in code within a '#nullable' annotations context. Auto-generated code requires an explicit '#nullable' directive in source. [C:\Users\bbqch\proj\microbians\AeroCMS\src\Aero.Cms.Modules.Media\Aero.Cms.Modules.Media.csproj]
C:\Users\bbqch\proj\microbians\AeroCMS\src\Aero.Cms.Modules.Media\MediaModule.cs(65,13): warning CS8767: Nullability of reference types in type of parameter 'services' of 'void MediaModule.Configure(IServiceProvider services, StoreOptions options)' doesn't match implicitly implemented member 'void IConfigureAeroDB.Configure(IServiceProvider? services, StoreOptions options)' (possibly because of nullability attributes). [C:\Users\bbqch\proj\microbians\AeroCMS\src\Aero.Cms.Modules.Media\Aero.Cms.Modules.Media.csproj]
C:\Users\bbqch\proj\microbians\AeroCMS\src\Aero.Cms.Modules.Media\Grains\AeroMediaGrain.cs(209,13): warning CS8602: Dereference of a possibly null reference. [C:\Users\bbqch\proj\microbians\AeroCMS\src\Aero.Cms.Modules.Media\Aero.Cms.Modules.Media.csproj]
C:\Users\bbqch\proj\microbians\AeroCMS\src\Aero.Cms.Modules.OneTimePasscode\obj\Debug\net10.0\Aero.Cms.SourceGenerators\Aero.Cms.SourceGenerators.EmbeddedAttributesGenerator\LegacyReflectionDiscoveryAttribute.g.cs(20,18): warning CS8669: The annotation for nullable reference types should only be used in code within a '#nullable' annotations context. Auto-generated code requires an explicit '#nullable' directive in source. [C:\Users\bbqch\proj\microbians\AeroCMS\src\Aero.Cms.Modules.OneTimePasscode\Aero.Cms.Modules.OneTimePasscode.csproj]
C:\Users\bbqch\proj\microbians\AeroCMS\src\Aero.Cms.Modules.Theming\obj\Debug\net10.0\Aero.Cms.SourceGenerators\Aero.Cms.SourceGenerators.EmbeddedAttributesGenerator\LegacyReflectionDiscoveryAttribute.g.cs(20,18): warning CS8669: The annotation for nullable reference types should only be used in code within a '#nullable' annotations context. Auto-generated code requires an explicit '#nullable' directive in source. [C:\Users\bbqch\proj\microbians\AeroCMS\src\Aero.Cms.Modules.Theming\Aero.Cms.Modules.Theming.csproj]
C:\Users\bbqch\proj\microbians\AeroCMS\src\Aero.Cms.Modules.Theming\ThemeService.cs(22,39): warning CS8618: Non-nullable field 'sp' must contain a non-null value when exiting constructor. Consider adding the 'required' modifier or declaring the field as nullable. [C:\Users\bbqch\proj\microbians\AeroCMS\src\Aero.Cms.Modules.Theming\Aero.Cms.Modules.Theming.csproj]
C:\Users\bbqch\proj\microbians\AeroCMS\src\Aero.Cms.Modules.Theming\ThemeService.cs(22,39): warning CS0649: Field 'ThemeService.sp' is never assigned to, and will always have its default value null [C:\Users\bbqch\proj\microbians\AeroCMS\src\Aero.Cms.Modules.Theming\Aero.Cms.Modules.Theming.csproj]
C:\Users\bbqch\proj\microbians\AeroCMS\src\Aero.Cms.Modules.MiniProfiler\obj\Debug\net10.0\Aero.Cms.SourceGenerators\Aero.Cms.SourceGenerators.EmbeddedAttributesGenerator\LegacyReflectionDiscoveryAttribute.g.cs(20,18): warning CS8669: The annotation for nullable reference types should only be used in code within a '#nullable' annotations context. Auto-generated code requires an explicit '#nullable' directive in source. [C:\Users\bbqch\proj\microbians\AeroCMS\src\Aero.Cms.Modules.MiniProfiler\Aero.Cms.Modules.MiniProfiler.csproj]
C:\Users\bbqch\proj\microbians\AeroCMS\src\Aero.Cms.Modules.MiniProfiler\MiniProfilerModule.cs(76,18): warning CS8602: Dereference of a possibly null reference. [C:\Users\bbqch\proj\microbians\AeroCMS\src\Aero.Cms.Modules.MiniProfiler\Aero.Cms.Modules.MiniProfiler.csproj]
C:\Users\bbqch\proj\microbians\AeroCMS\src\Aero.Cms.CookiePolicy\obj\Debug\net10.0\Aero.Cms.SourceGenerators\Aero.Cms.SourceGenerators.EmbeddedAttributesGenerator\LegacyReflectionDiscoveryAttribute.g.cs(20,18): warning CS8669: The annotation for nullable reference types should only be used in code within a '#nullable' annotations context. Auto-generated code requires an explicit '#nullable' directive in source. [C:\Users\bbqch\proj\microbians\AeroCMS\src\Aero.Cms.CookiePolicy\Aero.Cms.CookiePolicy.csproj]
  Aero.Cms.Modules.Export -> C:\Users\bbqch\proj\microbians\AeroCMS\src\Aero.Cms.Modules.Export\bin\Debug\net10.0\Aero.Cms.Modules.Export.dll
  Aero.Cms.Modules.Users -> C:\Users\bbqch\proj\microbians\AeroCMS\src\Aero.Cms.Modules.Users\bin\Debug\net10.0\Aero.Cms.Modules.Users.dll
  Aero.Cms.Modules.Navigation -> C:\Users\bbqch\proj\microbians\AeroCMS\src\Aero.Cms.Modules.Navigation\bin\Debug\net10.0\Aero.Cms.Modules.Navigation.dll
C:\Users\bbqch\proj\microbians\AeroCMS\src\Aero.Cms.Modules.Identity\obj\Debug\net10.0\Aero.Cms.SourceGenerators\Aero.Cms.SourceGenerators.EmbeddedAttributesGenerator\LegacyReflectionDiscoveryAttribute.g.cs(20,18): warning CS8669: The annotation for nullable reference types should only be used in code within a '#nullable' annotations context. Auto-generated code requires an explicit '#nullable' directive in source. [C:\Users\bbqch\proj\microbians\AeroCMS\src\Aero.Cms.Modules.Identity\Aero.Cms.Modules.Identity.csproj]
  Aero.Cms.Modules.Scalar -> C:\Users\bbqch\proj\microbians\AeroCMS\src\Aero.Cms.Modules.Scalar\bin\Debug\net10.0\Aero.Cms.Modules.Scalar.dll
  Aero.Cms.Modules.Manager -> C:\Users\bbqch\proj\microbians\AeroCMS\src\Aero.Cms.Modules.Manager\bin\Debug\net10.0\Aero.Cms.Modules.Manager.dll
C:\Users\bbqch\proj\microbians\AeroCMS\src\Aero.Cms.Modules.Analytics\obj\Debug\net10.0\Aero.Cms.SourceGenerators\Aero.Cms.SourceGenerators.EmbeddedAttributesGenerator\LegacyReflectionDiscoveryAttribute.g.cs(20,18): warning CS8669: The annotation for nullable reference types should only be used in code within a '#nullable' annotations context. Auto-generated code requires an explicit '#nullable' directive in source. [C:\Users\bbqch\proj\microbians\AeroCMS\src\Aero.Cms.Modules.Analytics\Aero.Cms.Modules.Analytics.csproj]
  Aero.Cms.Modules.Content -> C:\Users\bbqch\proj\microbians\AeroCMS\src\Aero.Cms.Modules.Content\bin\Debug\net10.0\Aero.Cms.Modules.Content.dll
  Aero.Cms.Modules.Crm -> C:\Users\bbqch\proj\microbians\AeroCMS\src\Aero.Cms.Modules.Crm\bin\Debug\net10.0\Aero.Cms.Modules.Crm.dll
  Aero.Cms.Modules.Security -> C:\Users\bbqch\proj\microbians\AeroCMS\src\Aero.Cms.Modules.Security\bin\Debug\net10.0\Aero.Cms.Modules.Security.dll
  Aero.Cms.Modules.Ai -> C:\Users\bbqch\proj\microbians\AeroCMS\src\Aero.Cms.Modules.Ai\bin\Debug\net10.0\Aero.Cms.Modules.Ai.dll
  Aero.Cms.Modules.Static -> C:\Users\bbqch\proj\microbians\AeroCMS\src\Aero.Cms.Modules.Static\bin\Debug\net10.0\Aero.Cms.Modules.Static.dll
  Aero.Cms.Modules.Audit -> C:\Users\bbqch\proj\microbians\AeroCMS\src\Aero.Cms.Modules.Audit\bin\Debug\net10.0\Aero.Cms.Modules.Audit.dll
  Aero.Cms.Modules.Chat -> C:\Users\bbqch\proj\microbians\AeroCMS\src\Aero.Cms.Modules.Chat\bin\Debug\net10.0\Aero.Cms.Modules.Chat.dll
  Aero.Cms.Modules.Members -> C:\Users\bbqch\proj\microbians\AeroCMS\src\Aero.Cms.Modules.Members\bin\Debug\net10.0\Aero.Cms.Modules.Members.dll
  Aero.Cms.Modules.Docs -> C:\Users\bbqch\proj\microbians\AeroCMS\src\Aero.Cms.Modules.Docs\bin\Debug\net10.0\Aero.Cms.Modules.Docs.dll
  Aero.Cms.Modules.AiAssistant -> C:\Users\bbqch\proj\microbians\AeroCMS\src\Aero.Cms.Modules.AiAssistant\bin\Debug\net10.0\Aero.Cms.Modules.AiAssistant.dll
  Aero.Cms.Modules.MagicLink -> C:\Users\bbqch\proj\microbians\AeroCMS\src\Aero.Cms.Modules.MagicLink\bin\Debug\net10.0\Aero.Cms.Modules.MagicLink.dll
  Aero.Cms.Ui.Hyper -> C:\Users\bbqch\proj\microbians\AeroCMS\src\Aero.Cms.Ui.Hyper\bin\Debug\net10.0\Aero.Cms.Ui.Hyper.dll
  Aero.Cms.Modules.OpenTelemetry -> C:\Users\bbqch\proj\microbians\AeroCMS\src\Aero.Cms.Modules.OpenTelemetry\bin\Debug\net10.0\Aero.Cms.Modules.OpenTelemetry.dll
  Aero.Cms.Modules.Mcp -> C:\Users\bbqch\proj\microbians\AeroCMS\src\Aero.Cms.Modules.Mcp\bin\Debug\net10.0\Aero.Cms.Modules.Mcp.dll
  Aero.Cms.Modules.Logging -> C:\Users\bbqch\proj\microbians\AeroCMS\src\Aero.Cms.Modules.Logging\bin\Debug\net10.0\Aero.Cms.Modules.Logging.dll
  Aero.Cms.Modules.Settings -> C:\Users\bbqch\proj\microbians\AeroCMS\src\Aero.Cms.Modules.Settings\bin\Debug\net10.0\Aero.Cms.Modules.Settings.dll
  Aero.Cms.Modules.Forum -> C:\Users\bbqch\proj\microbians\AeroCMS\src\Aero.Cms.Modules.Forum\bin\Debug\net10.0\Aero.Cms.Modules.Forum.dll
  Aero.Cms.Modules.Grpc -> C:\Users\bbqch\proj\microbians\AeroCMS\src\Aero.Cms.Modules.Grpc\bin\Debug\net10.0\Aero.Cms.Modules.Grpc.dll
  Aero.Cms.Modules.Commerce.Client -> C:\Users\bbqch\proj\microbians\AeroCMS\src\Aero.Cms.Modules.Commerce.Client\bin\Debug\net10.0\Aero.Cms.Modules.Commerce.Client.dll
  Aero.Cms.Modules.Footer -> C:\Users\bbqch\proj\microbians\AeroCMS\src\Aero.Cms.Modules.Footer\bin\Debug\net10.0\Aero.Cms.Modules.Footer.dll
  Aero.Cms.Modules.Mail -> C:\Users\bbqch\proj\microbians\AeroCMS\src\Aero.Cms.Modules.Mail\bin\Debug\net10.0\Aero.Cms.Modules.Mail.dll
  Aero.Cms.Modules.Mailer -> C:\Users\bbqch\proj\microbians\AeroCMS\src\Aero.Cms.Modules.Mailer\bin\Debug\net10.0\Aero.Cms.Modules.Mailer.dll
  Aero.Cms.Modules.Localization -> C:\Users\bbqch\proj\microbians\AeroCMS\src\Aero.Cms.Modules.Localization\bin\Debug\net10.0\Aero.Cms.Modules.Localization.dll
  Aero.Cms.Modules.Tenant -> C:\Users\bbqch\proj\microbians\AeroCMS\src\Aero.Cms.Modules.Tenant\bin\Debug\net10.0\Aero.Cms.Modules.Tenant.dll
C:\Users\bbqch\proj\microbians\AeroCMS\src\Aero.Cms.Modules.RateLimiting\obj\Debug\net10.0\Aero.Cms.SourceGenerators\Aero.Cms.SourceGenerators.EmbeddedAttributesGenerator\LegacyReflectionDiscoveryAttribute.g.cs(20,18): warning CS8669: The annotation for nullable reference types should only be used in code within a '#nullable' annotations context. Auto-generated code requires an explicit '#nullable' directive in source. [C:\Users\bbqch\proj\microbians\AeroCMS\src\Aero.Cms.Modules.RateLimiting\Aero.Cms.Modules.RateLimiting.csproj]
  Aero.Cms.Modules.Secrets -> C:\Users\bbqch\proj\microbians\AeroCMS\src\Aero.Cms.Modules.Secrets\bin\Debug\net10.0\Aero.Cms.Modules.Secrets.dll
  Aero.Cms.Modules.Footer.Tests -> C:\Users\bbqch\proj\microbians\AeroCMS\tests\Aero.Cms.Modules.Footer.Tests\bin\Debug\net10.0\Aero.Cms.Modules.Footer.Tests.dll
  Aero.Cms.Modules.Search -> C:\Users\bbqch\proj\microbians\AeroCMS\src\Aero.Cms.Modules.Search\bin\Debug\net10.0\Aero.Cms.Modules.Search.dll
  Aero.Cms.Modules.Analytics -> C:\Users\bbqch\proj\microbians\AeroCMS\src\Aero.Cms.Modules.Analytics\bin\Debug\net10.0\Aero.Cms.Modules.Analytics.dll
  Aero.Cms.Modules.RateLimiting -> C:\Users\bbqch\proj\microbians\AeroCMS\src\Aero.Cms.Modules.RateLimiting\bin\Debug\net10.0\Aero.Cms.Modules.RateLimiting.dll
  Aero.Cms -> C:\Users\bbqch\proj\microbians\AeroCMS\src\Aero.Cms\bin\Debug\net10.0-windows10.0.19041.0\win-x64\Aero.Cms.dll
  Aero.Cms.Modules.Theming -> C:\Users\bbqch\proj\microbians\AeroCMS\src\Aero.Cms.Modules.Theming\bin\Debug\net10.0\Aero.Cms.Modules.Theming.dll
  Aero.Cms.Modules.Identity -> C:\Users\bbqch\proj\microbians\AeroCMS\src\Aero.Cms.Modules.Identity\bin\Debug\net10.0\Aero.Cms.Modules.Identity.dll
  Aero.Cms.Modules.Sites -> C:\Users\bbqch\proj\microbians\AeroCMS\src\Aero.Cms.Modules.Sites\bin\Debug\net10.0\Aero.Cms.Modules.Sites.dll
  Aero.Cms.Modules.OneTimePasscode -> C:\Users\bbqch\proj\microbians\AeroCMS\src\Aero.Cms.Modules.OneTimePasscode\bin\Debug\net10.0\Aero.Cms.Modules.OneTimePasscode.dll
  Aero.Cms.Modules.Banner -> C:\Users\bbqch\proj\microbians\AeroCMS\src\Aero.Cms.Modules.Banner\bin\Debug\net10.0\Aero.Cms.Modules.Banner.dll
  Aero.Cms.Modules.OutputCache -> C:\Users\bbqch\proj\microbians\AeroCMS\src\Aero.Cms.Modules.OutputCache\bin\Debug\net10.0\Aero.Cms.Modules.OutputCache.dll
  Aero.Cms.Modules.MiniProfiler -> C:\Users\bbqch\proj\microbians\AeroCMS\src\Aero.Cms.Modules.MiniProfiler\bin\Debug\net10.0\Aero.Cms.Modules.MiniProfiler.dll
  Aero.Cms.Modules.Tcp -> C:\Users\bbqch\proj\microbians\AeroCMS\src\Aero.Cms.Modules.Tcp\bin\Debug\net10.0\Aero.Cms.Modules.Tcp.dll
  Aero.Cms.Modules.LettuceEncrypt -> C:\Users\bbqch\proj\microbians\AeroCMS\src\Aero.Cms.Modules.LettuceEncrypt\bin\Debug\net10.0\Aero.Cms.Modules.LettuceEncrypt.dll
  Aero.Cms.CookiePolicy -> C:\Users\bbqch\proj\microbians\AeroCMS\src\Aero.Cms.CookiePolicy\bin\Debug\net10.0\Aero.Cms.CookiePolicy.dll
  Aero.Cms.Modules.WorkOS -> C:\Users\bbqch\proj\microbians\AeroCMS\src\Aero.Cms.Modules.WorkOS\bin\Debug\net10.0\Aero.Cms.Modules.WorkOS.dll
  Aero.Cms.Modules.SimpleSecurity -> C:\Users\bbqch\proj\microbians\AeroCMS\src\Aero.Cms.Modules.SimpleSecurity\bin\Debug\net10.0\Aero.Cms.Modules.SimpleSecurity.dll
  Aero.Cms.Modules.Media -> C:\Users\bbqch\proj\microbians\AeroCMS\src\Aero.Cms.Modules.Media\bin\Debug\net10.0\Aero.Cms.Modules.Media.dll
  Aero.Cms.Modules.Aliases -> C:\Users\bbqch\proj\microbians\AeroCMS\src\Aero.Cms.Modules.Aliases\bin\Debug\net10.0\Aero.Cms.Modules.Aliases.dll
C:\Users\bbqch\proj\microbians\AeroCMS\src\Aero.Cms.Modules.Cache\obj\Debug\net10.0\Aero.Cms.SourceGenerators\Aero.Cms.SourceGenerators.EmbeddedAttributesGenerator\LegacyReflectionDiscoveryAttribute.g.cs(20,18): warning CS8669: The annotation for nullable reference types should only be used in code within a '#nullable' annotations context. Auto-generated code requires an explicit '#nullable' directive in source. [C:\Users\bbqch\proj\microbians\AeroCMS\src\Aero.Cms.Modules.Cache\Aero.Cms.Modules.Cache.csproj]
  Aero.Cms.Modules.WebOptimizer -> C:\Users\bbqch\proj\microbians\AeroCMS\src\Aero.Cms.Modules.WebOptimizer\bin\Debug\net10.0\Aero.Cms.Modules.WebOptimizer.dll
C:\Users\bbqch\proj\microbians\AeroCMS\src\Aero.Cms.Modules.Pages\PageHierarchyMigration.cs(117,47): warning CS8714: The type 'long?' cannot be used as type parameter 'TKey' in the generic type or method 'Dictionary<TKey, TValue>'. Nullability of type argument 'long?' doesn't match 'notnull' constraint. [C:\Users\bbqch\proj\microbians\AeroCMS\src\Aero.Cms.Modules.Pages\Aero.Cms.Modules.Pages.csproj]
C:\Users\bbqch\proj\microbians\AeroCMS\src\Aero.Cms.Modules.Pages\obj\Debug\net10.0\Aero.Cms.SourceGenerators\Aero.Cms.SourceGenerators.EmbeddedAttributesGenerator\LegacyReflectionDiscoveryAttribute.g.cs(20,18): warning CS8669: The annotation for nullable reference types should only be used in code within a '#nullable' annotations context. Auto-generated code requires an explicit '#nullable' directive in source. [C:\Users\bbqch\proj\microbians\AeroCMS\src\Aero.Cms.Modules.Pages\Aero.Cms.Modules.Pages.csproj]
C:\Users\bbqch\proj\microbians\AeroCMS\src\Aero.Cms.Modules.Pages\PagesModule.cs(214,13): warning CS8767: Nullability of reference types in type of parameter 'services' of 'void PagesModule.Configure(IServiceProvider services, StoreOptions opts)' doesn't match implicitly implemented member 'void IConfigureAeroDB.Configure(IServiceProvider? services, StoreOptions options)' (possibly because of nullability attributes). [C:\Users\bbqch\proj\microbians\AeroCMS\src\Aero.Cms.Modules.Pages\Aero.Cms.Modules.Pages.csproj]
C:\Users\bbqch\proj\microbians\AeroCMS\src\Aero.Cms.Modules.Pages\PageEventArchiveJob.cs(43,13): warning CS4014: Because this call is not awaited, execution of the current method continues before the call is completed. Consider applying the 'await' operator to the result of the call. [C:\Users\bbqch\proj\microbians\AeroCMS\src\Aero.Cms.Modules.Pages\Aero.Cms.Modules.Pages.csproj]
C:\Users\bbqch\proj\microbians\AeroCMS\src\Aero.Cms.Modules.Pages\EventStreamBootstrapMigration.cs(80,13): warning CS4014: Because this call is not awaited, execution of the current method continues before the call is completed. Consider applying the 'await' operator to the result of the call. [C:\Users\bbqch\proj\microbians\AeroCMS\src\Aero.Cms.Modules.Pages\Aero.Cms.Modules.Pages.csproj]
C:\Users\bbqch\proj\microbians\AeroCMS\src\Aero.Cms.Modules.Pages\PagePublishingWorkflowService.cs(76,13): warning CS4014: Because this call is not awaited, execution of the current method continues before the call is completed. Consider applying the 'await' operator to the result of the call. [C:\Users\bbqch\proj\microbians\AeroCMS\src\Aero.Cms.Modules.Pages\Aero.Cms.Modules.Pages.csproj]
C:\Users\bbqch\proj\microbians\AeroCMS\src\Aero.Cms.Modules.Pages\Areas\Api\v1\PagesApi.cs(131,23): warning CS8604: Possible null reference argument for parameter 'Title' in 'PageSummary.PageSummary(long Id, string Title, string Slug, DateTime CreatedAt, DateTime? PublishedAt, string? Excerpt)'. [C:\Users\bbqch\proj\microbians\AeroCMS\src\Aero.Cms.Modules.Pages\Aero.Cms.Modules.Pages.csproj]
C:\Users\bbqch\proj\microbians\AeroCMS\src\Aero.Cms.Modules.Pages\Areas\Api\v1\PagesApi.cs(131,32): warning CS8604: Possible null reference argument for parameter 'Slug' in 'PageSummary.PageSummary(long Id, string Title, string Slug, DateTime CreatedAt, DateTime? PublishedAt, string? Excerpt)'. [C:\Users\bbqch\proj\microbians\AeroCMS\src\Aero.Cms.Modules.Pages\Aero.Cms.Modules.Pages.csproj]
C:\Users\bbqch\proj\microbians\AeroCMS\src\Aero.Cms.Modules.Pages\PagePublishingWorkflowService.cs(104,13): warning CS4014: Because this call is not awaited, execution of the current method continues before the call is completed. Consider applying the 'await' operator to the result of the call. [C:\Users\bbqch\proj\microbians\AeroCMS\src\Aero.Cms.Modules.Pages\Aero.Cms.Modules.Pages.csproj]
C:\Users\bbqch\proj\microbians\AeroCMS\src\Aero.Cms.Modules.Pages\PagePublishingWorkflowService.cs(132,13): warning CS4014: Because this call is not awaited, execution of the current method continues before the call is completed. Consider applying the 'await' operator to the result of the call. [C:\Users\bbqch\proj\microbians\AeroCMS\src\Aero.Cms.Modules.Pages\Aero.Cms.Modules.Pages.csproj]
C:\Users\bbqch\proj\microbians\AeroCMS\src\Aero.Cms.Modules.Pages\PageHierarchyMigration.cs(74,47): warning CS8714: The type 'long?' cannot be used as type parameter 'TKey' in the generic type or method 'Dictionary<TKey, TValue>'. Nullability of type argument 'long?' doesn't match 'notnull' constraint. [C:\Users\bbqch\proj\microbians\AeroCMS\src\Aero.Cms.Modules.Pages\Aero.Cms.Modules.Pages.csproj]
C:\Users\bbqch\proj\microbians\AeroCMS\src\Aero.Cms.Modules.Pages\PageTreeService.cs(240,13): warning CS4014: Because this call is not awaited, execution of the current method continues before the call is completed. Consider applying the 'await' operator to the result of the call. [C:\Users\bbqch\proj\microbians\AeroCMS\src\Aero.Cms.Modules.Pages\Aero.Cms.Modules.Pages.csproj]
C:\Users\bbqch\proj\microbians\AeroCMS\src\Aero.Cms.Modules.Pages\PagePublishingWorkflowService.cs(216,17): warning CS4014: Because this call is not awaited, execution of the current method continues before the call is completed. Consider applying the 'await' operator to the result of the call. [C:\Users\bbqch\proj\microbians\AeroCMS\src\Aero.Cms.Modules.Pages\Aero.Cms.Modules.Pages.csproj]
C:\Users\bbqch\proj\microbians\AeroCMS\src\Aero.Cms.Modules.Pages\PagePublishingWorkflowService.cs(223,17): warning CS4014: Because this call is not awaited, execution of the current method continues before the call is completed. Consider applying the 'await' operator to the result of the call. [C:\Users\bbqch\proj\microbians\AeroCMS\src\Aero.Cms.Modules.Pages\Aero.Cms.Modules.Pages.csproj]
C:\Users\bbqch\proj\microbians\AeroCMS\src\Aero.Cms.Modules.Pages\PagePublishingWorkflowService.cs(227,13): warning CS4014: Because this call is not awaited, execution of the current method continues before the call is completed. Consider applying the 'await' operator to the result of the call. [C:\Users\bbqch\proj\microbians\AeroCMS\src\Aero.Cms.Modules.Pages\Aero.Cms.Modules.Pages.csproj]
C:\Users\bbqch\proj\microbians\AeroCMS\src\Aero.Cms.Modules.Pages\NavigationService.cs(286,13): warning CS4014: Because this call is not awaited, execution of the current method continues before the call is completed. Consider applying the 'await' operator to the result of the call. [C:\Users\bbqch\proj\microbians\AeroCMS\src\Aero.Cms.Modules.Pages\Aero.Cms.Modules.Pages.csproj]
C:\Users\bbqch\proj\microbians\AeroCMS\src\Aero.Cms.Modules.Pages\PagePublishingWorkflowService.cs(270,13): warning CS4014: Because this call is not awaited, execution of the current method continues before the call is completed. Consider applying the 'await' operator to the result of the call. [C:\Users\bbqch\proj\microbians\AeroCMS\src\Aero.Cms.Modules.Pages\Aero.Cms.Modules.Pages.csproj]
C:\Users\bbqch\proj\microbians\AeroCMS\src\Aero.Cms.Modules.Pages\PageContentService.cs(446,13): warning CS4014: Because this call is not awaited, execution of the current method continues before the call is completed. Consider applying the 'await' operator to the result of the call. [C:\Users\bbqch\proj\microbians\AeroCMS\src\Aero.Cms.Modules.Pages\Aero.Cms.Modules.Pages.csproj]
C:\Users\bbqch\proj\microbians\AeroCMS\src\Aero.Cms.Modules.Pages\PageContentService.cs(451,17): warning CS4014: Because this call is not awaited, execution of the current method continues before the call is completed. Consider applying the 'await' operator to the result of the call. [C:\Users\bbqch\proj\microbians\AeroCMS\src\Aero.Cms.Modules.Pages\Aero.Cms.Modules.Pages.csproj]
C:\Users\bbqch\proj\microbians\AeroCMS\src\Aero.Cms.Modules.Pages\PageContentService.cs(455,17): warning CS4014: Because this call is not awaited, execution of the current method continues before the call is completed. Consider applying the 'await' operator to the result of the call. [C:\Users\bbqch\proj\microbians\AeroCMS\src\Aero.Cms.Modules.Pages\Aero.Cms.Modules.Pages.csproj]
C:\Users\bbqch\proj\microbians\AeroCMS\src\Aero.Cms.Modules.Pages\Grains\AeroPageGrain.cs(351,9): warning CS4014: Because this call is not awaited, execution of the current method continues before the call is completed. Consider applying the 'await' operator to the result of the call. [C:\Users\bbqch\proj\microbians\AeroCMS\src\Aero.Cms.Modules.Pages\Aero.Cms.Modules.Pages.csproj]
C:\Users\bbqch\proj\microbians\AeroCMS\src\Aero.Cms.Modules.Pages\PageContentService.cs(545,17): warning CS4014: Because this call is not awaited, execution of the current method continues before the call is completed. Consider applying the 'await' operator to the result of the call. [C:\Users\bbqch\proj\microbians\AeroCMS\src\Aero.Cms.Modules.Pages\Aero.Cms.Modules.Pages.csproj]
C:\Users\bbqch\proj\microbians\AeroCMS\src\Aero.Cms.Modules.Pages\PageContentService.cs(549,17): warning CS4014: Because this call is not awaited, execution of the current method continues before the call is completed. Consider applying the 'await' operator to the result of the call. [C:\Users\bbqch\proj\microbians\AeroCMS\src\Aero.Cms.Modules.Pages\Aero.Cms.Modules.Pages.csproj]
C:\Users\bbqch\proj\microbians\AeroCMS\src\Aero.Cms.Modules.Pages\PageContentService.cs(610,13): warning CS4014: Because this call is not awaited, execution of the current method continues before the call is completed. Consider applying the 'await' operator to the result of the call. [C:\Users\bbqch\proj\microbians\AeroCMS\src\Aero.Cms.Modules.Pages\Aero.Cms.Modules.Pages.csproj]
C:\Users\bbqch\proj\microbians\AeroCMS\src\Aero.Cms.Modules.Pages\PageContentService.cs(644,17): warning CS4014: Because this call is not awaited, execution of the current method continues before the call is completed. Consider applying the 'await' operator to the result of the call. [C:\Users\bbqch\proj\microbians\AeroCMS\src\Aero.Cms.Modules.Pages\Aero.Cms.Modules.Pages.csproj]
C:\Users\bbqch\proj\microbians\AeroCMS\src\Aero.Cms.Modules.Pages\PageContentService.cs(678,17): warning CS4014: Because this call is not awaited, execution of the current method continues before the call is completed. Consider applying the 'await' operator to the result of the call. [C:\Users\bbqch\proj\microbians\AeroCMS\src\Aero.Cms.Modules.Pages\Aero.Cms.Modules.Pages.csproj]
C:\Users\bbqch\proj\microbians\AeroCMS\src\Aero.Cms.Modules.Pages\PageContentService.cs(727,13): warning CS4014: Because this call is not awaited, execution of the current method continues before the call is completed. Consider applying the 'await' operator to the result of the call. [C:\Users\bbqch\proj\microbians\AeroCMS\src\Aero.Cms.Modules.Pages\Aero.Cms.Modules.Pages.csproj]
C:\Users\bbqch\proj\microbians\AeroCMS\src\Aero.Cms.Modules.Pages\PageContentService.cs(731,13): warning CS4014: Because this call is not awaited, execution of the current method continues before the call is completed. Consider applying the 'await' operator to the result of the call. [C:\Users\bbqch\proj\microbians\AeroCMS\src\Aero.Cms.Modules.Pages\Aero.Cms.Modules.Pages.csproj]
C:\Users\bbqch\proj\microbians\AeroCMS\src\Aero.Cms.Modules.Pages\PageContentService.cs(738,17): warning CS4014: Because this call is not awaited, execution of the current method continues before the call is completed. Consider applying the 'await' operator to the result of the call. [C:\Users\bbqch\proj\microbians\AeroCMS\src\Aero.Cms.Modules.Pages\Aero.Cms.Modules.Pages.csproj]
C:\Users\bbqch\proj\microbians\AeroCMS\src\Aero.Cms.Modules.Pages\PageContentService.cs(771,13): warning CS4014: Because this call is not awaited, execution of the current method continues before the call is completed. Consider applying the 'await' operator to the result of the call. [C:\Users\bbqch\proj\microbians\AeroCMS\src\Aero.Cms.Modules.Pages\Aero.Cms.Modules.Pages.csproj]
C:\Users\bbqch\proj\microbians\AeroCMS\src\Aero.Cms.Modules.Pages\PageContentService.cs(774,13): warning CS4014: Because this call is not awaited, execution of the current method continues before the call is completed. Consider applying the 'await' operator to the result of the call. [C:\Users\bbqch\proj\microbians\AeroCMS\src\Aero.Cms.Modules.Pages\Aero.Cms.Modules.Pages.csproj]
C:\Users\bbqch\proj\microbians\AeroCMS\src\Aero.Cms.Modules.Pages\PageContentService.cs(781,17): warning CS4014: Because this call is not awaited, execution of the current method continues before the call is completed. Consider applying the 'await' operator to the result of the call. [C:\Users\bbqch\proj\microbians\AeroCMS\src\Aero.Cms.Modules.Pages\Aero.Cms.Modules.Pages.csproj]
C:\Users\bbqch\proj\microbians\AeroCMS\src\Aero.Cms.Modules.Pages\PageContentService.cs(863,17): warning CS4014: Because this call is not awaited, execution of the current method continues before the call is completed. Consider applying the 'await' operator to the result of the call. [C:\Users\bbqch\proj\microbians\AeroCMS\src\Aero.Cms.Modules.Pages\Aero.Cms.Modules.Pages.csproj]
C:\Users\bbqch\proj\microbians\AeroCMS\src\Aero.Cms.Modules.Pages\PageContentService.cs(871,17): warning CS4014: Because this call is not awaited, execution of the current method continues before the call is completed. Consider applying the 'await' operator to the result of the call. [C:\Users\bbqch\proj\microbians\AeroCMS\src\Aero.Cms.Modules.Pages\Aero.Cms.Modules.Pages.csproj]
C:\Users\bbqch\proj\microbians\AeroCMS\src\Aero.Cms.Modules.Pages\PageContentService.cs(875,17): warning CS4014: Because this call is not awaited, execution of the current method continues before the call is completed. Consider applying the 'await' operator to the result of the call. [C:\Users\bbqch\proj\microbians\AeroCMS\src\Aero.Cms.Modules.Pages\Aero.Cms.Modules.Pages.csproj]
C:\Users\bbqch\proj\microbians\AeroCMS\src\Aero.Cms.Modules.Pages\IPagePreviewService.cs(18,22): warning CS1574: XML comment has cref attribute 'Result{T, TError}' that could not be resolved [C:\Users\bbqch\proj\microbians\AeroCMS\src\Aero.Cms.Modules.Pages\Aero.Cms.Modules.Pages.csproj]
C:\Users\bbqch\proj\microbians\AeroCMS\src\Aero.Cms.Modules.Commerce\obj\Debug\net10.0\Aero.Cms.SourceGenerators\Aero.Cms.SourceGenerators.EmbeddedAttributesGenerator\LegacyReflectionDiscoveryAttribute.g.cs(20,18): warning CS8669: The annotation for nullable reference types should only be used in code within a '#nullable' annotations context. Auto-generated code requires an explicit '#nullable' directive in source. [C:\Users\bbqch\proj\microbians\AeroCMS\src\Aero.Cms.Modules.Commerce\Aero.Cms.Modules.Commerce.csproj]
C:\Users\bbqch\proj\microbians\AeroCMS\src\Aero.Cms.Modules.Commerce\CommerceModule.cs(147,13): warning CS8767: Nullability of reference types in type of parameter 'services' of 'void CommerceModule.Configure(IServiceProvider services, StoreOptions opts)' doesn't match implicitly implemented member 'void IConfigureAeroDB.Configure(IServiceProvider? services, StoreOptions options)' (possibly because of nullability attributes). [C:\Users\bbqch\proj\microbians\AeroCMS\src\Aero.Cms.Modules.Commerce\Aero.Cms.Modules.Commerce.csproj]
C:\Users\bbqch\proj\microbians\AeroCMS\src\Aero.Cms.Modules.Commerce\Basket\Services\BasketService.cs(11,87): warning CS9113: Parameter 'log' is unread. [C:\Users\bbqch\proj\microbians\AeroCMS\src\Aero.Cms.Modules.Commerce\Aero.Cms.Modules.Commerce.csproj]
C:\Users\bbqch\proj\microbians\AeroCMS\src\Aero.Cms.Modules.Commerce\Catalog\Services\ProductService.cs(12,89): warning CS9113: Parameter 'log' is unread. [C:\Users\bbqch\proj\microbians\AeroCMS\src\Aero.Cms.Modules.Commerce\Aero.Cms.Modules.Commerce.csproj]
C:\Users\bbqch\proj\microbians\AeroCMS\src\Aero.Cms.Modules.Commerce\Data\CommerceSeedService.cs(73,44): warning CS8604: Possible null reference argument for parameter 'key' in 'bool Dictionary<string, IReadOnlyList<PexelsPhoto>>.TryGetValue(string key, out IReadOnlyList<PexelsPhoto> value)'. [C:\Users\bbqch\proj\microbians\AeroCMS\src\Aero.Cms.Modules.Commerce\Aero.Cms.Modules.Commerce.csproj]
C:\Users\bbqch\proj\microbians\AeroCMS\src\Aero.Cms.Modules.Commerce\Orders\Domain\OrderEntity.cs(5,45): warning CS1574: XML comment has cref attribute 'OrderStateMachine' that could not be resolved [C:\Users\bbqch\proj\microbians\AeroCMS\src\Aero.Cms.Modules.Commerce\Aero.Cms.Modules.Commerce.csproj]
  Aero.Cms.Modules.Cache -> C:\Users\bbqch\proj\microbians\AeroCMS\src\Aero.Cms.Modules.Cache\bin\Debug\net10.0\Aero.Cms.Modules.Cache.dll
  Aero.Cms.Modules.Pages -> C:\Users\bbqch\proj\microbians\AeroCMS\src\Aero.Cms.Modules.Pages\bin\Debug\net10.0\Aero.Cms.Modules.Pages.dll
  Aero.Cms.Modules.Commerce -> C:\Users\bbqch\proj\microbians\AeroCMS\src\Aero.Cms.Modules.Commerce\bin\Debug\net10.0\Aero.Cms.Modules.Commerce.dll
C:\Users\bbqch\proj\microbians\AeroCMS\src\Aero.Cms.Modules.Posts\GlobalUsings.cs(26,14): warning CS0105: The using directive for 'AeroDB.Sable' appeared previously in this namespace [C:\Users\bbqch\proj\microbians\AeroCMS\src\Aero.Cms.Modules.Posts\Aero.Cms.Modules.Posts.csproj]
C:\Users\bbqch\proj\microbians\AeroCMS\src\Aero.Cms.Modules.Posts\obj\Debug\net10.0\Aero.Cms.SourceGenerators\Aero.Cms.SourceGenerators.EmbeddedAttributesGenerator\LegacyReflectionDiscoveryAttribute.g.cs(20,18): warning CS8669: The annotation for nullable reference types should only be used in code within a '#nullable' annotations context. Auto-generated code requires an explicit '#nullable' directive in source. [C:\Users\bbqch\proj\microbians\AeroCMS\src\Aero.Cms.Modules.Posts\Aero.Cms.Modules.Posts.csproj]
C:\Users\bbqch\proj\microbians\AeroCMS\src\Aero.Cms.Modules.Posts\PostsModule.cs(146,13): warning CS8767: Nullability of reference types in type of parameter 'services' of 'void PostsModule.Configure(IServiceProvider services, StoreOptions opts)' doesn't match implicitly implemented member 'void IConfigureAeroDB.Configure(IServiceProvider? services, StoreOptions options)' (possibly because of nullability attributes). [C:\Users\bbqch\proj\microbians\AeroCMS\src\Aero.Cms.Modules.Posts\Aero.Cms.Modules.Posts.csproj]
C:\Users\bbqch\proj\microbians\AeroCMS\src\Aero.Cms.Modules.Posts\PostContentService.cs(520,13): warning CS4014: Because this call is not awaited, execution of the current method continues before the call is completed. Consider applying the 'await' operator to the result of the call. [C:\Users\bbqch\proj\microbians\AeroCMS\src\Aero.Cms.Modules.Posts\Aero.Cms.Modules.Posts.csproj]
C:\Users\bbqch\proj\microbians\AeroCMS\src\Aero.Cms.Modules.Posts\PostContentService.cs(523,13): warning CS4014: Because this call is not awaited, execution of the current method continues before the call is completed. Consider applying the 'await' operator to the result of the call. [C:\Users\bbqch\proj\microbians\AeroCMS\src\Aero.Cms.Modules.Posts\Aero.Cms.Modules.Posts.csproj]
  Aero.Cms.Modules.Posts -> C:\Users\bbqch\proj\microbians\AeroCMS\src\Aero.Cms.Modules.Posts\bin\Debug\net10.0\Aero.Cms.Modules.Posts.dll
C:\Program Files\dotnet\sdk\10.0.301\Microsoft.Common.CurrentVersion.targets(2453,5): warning MSB3277: Found conflicts between different versions of "Microsoft.EntityFrameworkCore.Relational" that could not be resolved. [C:\Users\bbqch\proj\microbians\AeroCMS\src\Aero.Cms.Modules.Setup\Aero.Cms.Modules.Setup.csproj]
C:\Program Files\dotnet\sdk\10.0.301\Microsoft.Common.CurrentVersion.targets(2453,5): warning MSB3277: There was a conflict between "Microsoft.EntityFrameworkCore.Relational, Version=10.0.4.0, Culture=neutral, PublicKeyToken=adb9793829ddae60" and "Microsoft.EntityFrameworkCore.Relational, Version=10.0.9.0, Culture=neutral, PublicKeyToken=adb9793829ddae60". [C:\Users\bbqch\proj\microbians\AeroCMS\src\Aero.Cms.Modules.Setup\Aero.Cms.Modules.Setup.csproj]
C:\Program Files\dotnet\sdk\10.0.301\Microsoft.Common.CurrentVersion.targets(2453,5): warning MSB3277:     "Microsoft.EntityFrameworkCore.Relational, Version=10.0.4.0, Culture=neutral, PublicKeyToken=adb9793829ddae60" was chosen because it was primary and "Microsoft.EntityFrameworkCore.Relational, Version=10.0.9.0, Culture=neutral, PublicKeyToken=adb9793829ddae60" was not. [C:\Users\bbqch\proj\microbians\AeroCMS\src\Aero.Cms.Modules.Setup\Aero.Cms.Modules.Setup.csproj]
C:\Program Files\dotnet\sdk\10.0.301\Microsoft.Common.CurrentVersion.targets(2453,5): warning MSB3277:     References which depend on "Microsoft.EntityFrameworkCore.Relational, Version=10.0.4.0, Culture=neutral, PublicKeyToken=adb9793829ddae60" [D:\nuget-cache\microsoft.entityframeworkcore.relational\10.0.4\lib\net10.0\Microsoft.EntityFrameworkCore.Relational.dll]. [C:\Users\bbqch\proj\microbians\AeroCMS\src\Aero.Cms.Modules.Setup\Aero.Cms.Modules.Setup.csproj]
C:\Program Files\dotnet\sdk\10.0.301\Microsoft.Common.CurrentVersion.targets(2453,5): warning MSB3277:         D:\nuget-cache\microsoft.entityframeworkcore.relational\10.0.4\lib\net10.0\Microsoft.EntityFrameworkCore.Relational.dll [C:\Users\bbqch\proj\microbians\AeroCMS\src\Aero.Cms.Modules.Setup\Aero.Cms.Modules.Setup.csproj]
C:\Program Files\dotnet\sdk\10.0.301\Microsoft.Common.CurrentVersion.targets(2453,5): warning MSB3277:           Project file item includes which caused reference "D:\nuget-cache\microsoft.entityframeworkcore.relational\10.0.4\lib\net10.0\Microsoft.EntityFrameworkCore.Relational.dll". [C:\Users\bbqch\proj\microbians\AeroCMS\src\Aero.Cms.Modules.Setup\Aero.Cms.Modules.Setup.csproj]
C:\Program Files\dotnet\sdk\10.0.301\Microsoft.Common.CurrentVersion.targets(2453,5): warning MSB3277:             D:\nuget-cache\microsoft.entityframeworkcore.relational\10.0.4\lib\net10.0\Microsoft.EntityFrameworkCore.Relational.dll [C:\Users\bbqch\proj\microbians\AeroCMS\src\Aero.Cms.Modules.Setup\Aero.Cms.Modules.Setup.csproj]
C:\Program Files\dotnet\sdk\10.0.301\Microsoft.Common.CurrentVersion.targets(2453,5): warning MSB3277:     References which depend on or have been unified to "Microsoft.EntityFrameworkCore.Relational, Version=10.0.9.0, Culture=neutral, PublicKeyToken=adb9793829ddae60" []. [C:\Users\bbqch\proj\microbians\AeroCMS\src\Aero.Cms.Modules.Setup\Aero.Cms.Modules.Setup.csproj]
C:\Program Files\dotnet\sdk\10.0.301\Microsoft.Common.CurrentVersion.targets(2453,5): warning MSB3277:         C:\Users\bbqch\proj\microbians\AeroCMS\src\Aero.Cms.Web.Core\bin\Debug\net10.0\Aero.Cms.Web.Core.dll [C:\Users\bbqch\proj\microbians\AeroCMS\src\Aero.Cms.Modules.Setup\Aero.Cms.Modules.Setup.csproj]
C:\Program Files\dotnet\sdk\10.0.301\Microsoft.Common.CurrentVersion.targets(2453,5): warning MSB3277:           Project file item includes which caused reference "C:\Users\bbqch\proj\microbians\AeroCMS\src\Aero.Cms.Web.Core\bin\Debug\net10.0\Aero.Cms.Web.Core.dll". [C:\Users\bbqch\proj\microbians\AeroCMS\src\Aero.Cms.Modules.Setup\Aero.Cms.Modules.Setup.csproj]
C:\Program Files\dotnet\sdk\10.0.301\Microsoft.Common.CurrentVersion.targets(2453,5): warning MSB3277:             C:\Users\bbqch\proj\microbians\AeroCMS\src\Aero.Cms.Web.Core\bin\Debug\net10.0\Aero.Cms.Web.Core.dll [C:\Users\bbqch\proj\microbians\AeroCMS\src\Aero.Cms.Modules.Setup\Aero.Cms.Modules.Setup.csproj]
C:\Program Files\dotnet\sdk\10.0.301\Microsoft.Common.CurrentVersion.targets(2453,5): warning MSB3277:             C:\Users\bbqch\proj\microbians\AeroCMS\src\Aero.Cms.Modules.Identity\bin\Debug\net10.0\Aero.Cms.Modules.Identity.dll [C:\Users\bbqch\proj\microbians\AeroCMS\src\Aero.Cms.Modules.Setup\Aero.Cms.Modules.Setup.csproj]
C:\Program Files\dotnet\sdk\10.0.301\Microsoft.Common.CurrentVersion.targets(2453,5): warning MSB3277:             C:\Users\bbqch\proj\microbians\AeroCMS\src\Aero.Cms.Modules.Docs\bin\Debug\net10.0\Aero.Cms.Modules.Docs.dll [C:\Users\bbqch\proj\microbians\AeroCMS\src\Aero.Cms.Modules.Setup\Aero.Cms.Modules.Setup.csproj]
C:\Program Files\dotnet\sdk\10.0.301\Microsoft.Common.CurrentVersion.targets(2453,5): warning MSB3277:             C:\Users\bbqch\proj\microbians\AeroCMS\src\Aero.Cms.Modules.Aliases\bin\Debug\net10.0\Aero.Cms.Modules.Aliases.dll [C:\Users\bbqch\proj\microbians\AeroCMS\src\Aero.Cms.Modules.Setup\Aero.Cms.Modules.Setup.csproj]
C:\Program Files\dotnet\sdk\10.0.301\Microsoft.Common.CurrentVersion.targets(2453,5): warning MSB3277:             C:\Users\bbqch\proj\microbians\AeroCMS\src\Aero.Cms.Modules.Commerce\bin\Debug\net10.0\Aero.Cms.Modules.Commerce.dll [C:\Users\bbqch\proj\microbians\AeroCMS\src\Aero.Cms.Modules.Setup\Aero.Cms.Modules.Setup.csproj]
C:\Program Files\dotnet\sdk\10.0.301\Microsoft.Common.CurrentVersion.targets(2453,5): warning MSB3277:             C:\Users\bbqch\proj\microbians\AeroCMS\src\Aero.Cms.Modules.Posts\bin\Debug\net10.0\Aero.Cms.Modules.Posts.dll [C:\Users\bbqch\proj\microbians\AeroCMS\src\Aero.Cms.Modules.Setup\Aero.Cms.Modules.Setup.csproj]
C:\Program Files\dotnet\sdk\10.0.301\Microsoft.Common.CurrentVersion.targets(2453,5): warning MSB3277:             C:\Users\bbqch\proj\microbians\AeroCMS\src\Aero.Cms.Modules.Pages\bin\Debug\net10.0\Aero.Cms.Modules.Pages.dll [C:\Users\bbqch\proj\microbians\AeroCMS\src\Aero.Cms.Modules.Setup\Aero.Cms.Modules.Setup.csproj]
C:\Program Files\dotnet\sdk\10.0.301\Microsoft.Common.CurrentVersion.targets(2453,5): warning MSB3277:             C:\Users\bbqch\proj\microbians\AeroCMS\src\Aero.Cms.Modules.Media\bin\Debug\net10.0\Aero.Cms.Modules.Media.dll [C:\Users\bbqch\proj\microbians\AeroCMS\src\Aero.Cms.Modules.Setup\Aero.Cms.Modules.Setup.csproj]
C:\Program Files\dotnet\sdk\10.0.301\Microsoft.Common.CurrentVersion.targets(2453,5): warning MSB3277:             C:\Users\bbqch\proj\microbians\AeroCMS\src\Aero.Cms.Modules.Navigation\bin\Debug\net10.0\Aero.Cms.Modules.Navigation.dll [C:\Users\bbqch\proj\microbians\AeroCMS\src\Aero.Cms.Modules.Setup\Aero.Cms.Modules.Setup.csproj]
C:\Program Files\dotnet\sdk\10.0.301\Microsoft.Common.CurrentVersion.targets(2453,5): warning MSB3277:             C:\Users\bbqch\proj\microbians\AeroCMS\src\Aero.Cms.Modules.Footer\bin\Debug\net10.0\Aero.Cms.Modules.Footer.dll [C:\Users\bbqch\proj\microbians\AeroCMS\src\Aero.Cms.Modules.Setup\Aero.Cms.Modules.Setup.csproj]
C:\Program Files\dotnet\sdk\10.0.301\Microsoft.Common.CurrentVersion.targets(2453,5): warning MSB3277:             C:\Users\bbqch\proj\microbians\AeroCMS\src\Aero.Cms.Modules.Sites\bin\Debug\net10.0\Aero.Cms.Modules.Sites.dll [C:\Users\bbqch\proj\microbians\AeroCMS\src\Aero.Cms.Modules.Setup\Aero.Cms.Modules.Setup.csproj]
C:\Program Files\dotnet\sdk\10.0.301\Microsoft.Common.CurrentVersion.targets(2453,5): warning MSB3277:             C:\Users\bbqch\proj\microbians\AeroCMS\src\Aero.Cms.Modules.MiniProfiler\bin\Debug\net10.0\Aero.Cms.Modules.MiniProfiler.dll [C:\Users\bbqch\proj\microbians\AeroCMS\src\Aero.Cms.Modules.Setup\Aero.Cms.Modules.Setup.csproj]
C:\Program Files\dotnet\sdk\10.0.301\Microsoft.Common.CurrentVersion.targets(2453,5): warning MSB3277:         C:\Users\bbqch\proj\microbians\AeroCMS\src\Aero.Cms.Modules.Commerce\bin\Debug\net10.0\Aero.Cms.Modules.Commerce.dll [C:\Users\bbqch\proj\microbians\AeroCMS\src\Aero.Cms.Modules.Setup\Aero.Cms.Modules.Setup.csproj]
C:\Program Files\dotnet\sdk\10.0.301\Microsoft.Common.CurrentVersion.targets(2453,5): warning MSB3277:           Project file item includes which caused reference "C:\Users\bbqch\proj\microbians\AeroCMS\src\Aero.Cms.Modules.Commerce\bin\Debug\net10.0\Aero.Cms.Modules.Commerce.dll". [C:\Users\bbqch\proj\microbians\AeroCMS\src\Aero.Cms.Modules.Setup\Aero.Cms.Modules.Setup.csproj]
C:\Program Files\dotnet\sdk\10.0.301\Microsoft.Common.CurrentVersion.targets(2453,5): warning MSB3277:             C:\Users\bbqch\proj\microbians\AeroCMS\src\Aero.Cms.Modules.Commerce\bin\Debug\net10.0\Aero.Cms.Modules.Commerce.dll [C:\Users\bbqch\proj\microbians\AeroCMS\src\Aero.Cms.Modules.Setup\Aero.Cms.Modules.Setup.csproj]
C:\Program Files\dotnet\sdk\10.0.301\Microsoft.Common.CurrentVersion.targets(2453,5): warning MSB3277:         C:\Users\bbqch\proj\microbians\AeroCMS\Aero\src\Aero.EfCore\bin\Debug\net10.0\Aero.EfCore.dll [C:\Users\bbqch\proj\microbians\AeroCMS\src\Aero.Cms.Modules.Setup\Aero.Cms.Modules.Setup.csproj]
C:\Program Files\dotnet\sdk\10.0.301\Microsoft.Common.CurrentVersion.targets(2453,5): warning MSB3277:           Project file item includes which caused reference "C:\Users\bbqch\proj\microbians\AeroCMS\Aero\src\Aero.EfCore\bin\Debug\net10.0\Aero.EfCore.dll". [C:\Users\bbqch\proj\microbians\AeroCMS\src\Aero.Cms.Modules.Setup\Aero.Cms.Modules.Setup.csproj]
C:\Program Files\dotnet\sdk\10.0.301\Microsoft.Common.CurrentVersion.targets(2453,5): warning MSB3277:             C:\Users\bbqch\proj\microbians\AeroCMS\Aero\src\Aero.EfCore\bin\Debug\net10.0\Aero.EfCore.dll [C:\Users\bbqch\proj\microbians\AeroCMS\src\Aero.Cms.Modules.Setup\Aero.Cms.Modules.Setup.csproj]
C:\Program Files\dotnet\sdk\10.0.301\Microsoft.Common.CurrentVersion.targets(2453,5): warning MSB3277:             C:\Users\bbqch\proj\microbians\AeroCMS\src\Aero.Cms.Web.Core\bin\Debug\net10.0\Aero.Cms.Web.Core.dll [C:\Users\bbqch\proj\microbians\AeroCMS\src\Aero.Cms.Modules.Setup\Aero.Cms.Modules.Setup.csproj]
C:\Program Files\dotnet\sdk\10.0.301\Microsoft.Common.CurrentVersion.targets(2453,5): warning MSB3277:             C:\Users\bbqch\proj\microbians\AeroCMS\src\Aero.Cms.Modules.Identity\bin\Debug\net10.0\Aero.Cms.Modules.Identity.dll [C:\Users\bbqch\proj\microbians\AeroCMS\src\Aero.Cms.Modules.Setup\Aero.Cms.Modules.Setup.csproj]
C:\Program Files\dotnet\sdk\10.0.301\Microsoft.Common.CurrentVersion.targets(2453,5): warning MSB3277:             C:\Users\bbqch\proj\microbians\AeroCMS\src\Aero.Cms.Modules.Docs\bin\Debug\net10.0\Aero.Cms.Modules.Docs.dll [C:\Users\bbqch\proj\microbians\AeroCMS\src\Aero.Cms.Modules.Setup\Aero.Cms.Modules.Setup.csproj]
C:\Program Files\dotnet\sdk\10.0.301\Microsoft.Common.CurrentVersion.targets(2453,5): warning MSB3277:             C:\Users\bbqch\proj\microbians\AeroCMS\src\Aero.Cms.Modules.Aliases\bin\Debug\net10.0\Aero.Cms.Modules.Aliases.dll [C:\Users\bbqch\proj\microbians\AeroCMS\src\Aero.Cms.Modules.Setup\Aero.Cms.Modules.Setup.csproj]
C:\Program Files\dotnet\sdk\10.0.301\Microsoft.Common.CurrentVersion.targets(2453,5): warning MSB3277:             C:\Users\bbqch\proj\microbians\AeroCMS\src\Aero.Cms.Modules.Commerce\bin\Debug\net10.0\Aero.Cms.Modules.Commerce.dll [C:\Users\bbqch\proj\microbians\AeroCMS\src\Aero.Cms.Modules.Setup\Aero.Cms.Modules.Setup.csproj]
C:\Program Files\dotnet\sdk\10.0.301\Microsoft.Common.CurrentVersion.targets(2453,5): warning MSB3277:             C:\Users\bbqch\proj\microbians\AeroCMS\src\Aero.Cms.Modules.Posts\bin\Debug\net10.0\Aero.Cms.Modules.Posts.dll [C:\Users\bbqch\proj\microbians\AeroCMS\src\Aero.Cms.Modules.Setup\Aero.Cms.Modules.Setup.csproj]
C:\Program Files\dotnet\sdk\10.0.301\Microsoft.Common.CurrentVersion.targets(2453,5): warning MSB3277:             C:\Users\bbqch\proj\microbians\AeroCMS\src\Aero.Cms.Modules.Pages\bin\Debug\net10.0\Aero.Cms.Modules.Pages.dll [C:\Users\bbqch\proj\microbians\AeroCMS\src\Aero.Cms.Modules.Setup\Aero.Cms.Modules.Setup.csproj]
C:\Program Files\dotnet\sdk\10.0.301\Microsoft.Common.CurrentVersion.targets(2453,5): warning MSB3277:             C:\Users\bbqch\proj\microbians\AeroCMS\src\Aero.Cms.Modules.Media\bin\Debug\net10.0\Aero.Cms.Modules.Media.dll [C:\Users\bbqch\proj\microbians\AeroCMS\src\Aero.Cms.Modules.Setup\Aero.Cms.Modules.Setup.csproj]
C:\Program Files\dotnet\sdk\10.0.301\Microsoft.Common.CurrentVersion.targets(2453,5): warning MSB3277:             C:\Users\bbqch\proj\microbians\AeroCMS\src\Aero.Cms.Modules.Navigation\bin\Debug\net10.0\Aero.Cms.Modules.Navigation.dll [C:\Users\bbqch\proj\microbians\AeroCMS\src\Aero.Cms.Modules.Setup\Aero.Cms.Modules.Setup.csproj]
C:\Program Files\dotnet\sdk\10.0.301\Microsoft.Common.CurrentVersion.targets(2453,5): warning MSB3277:             C:\Users\bbqch\proj\microbians\AeroCMS\src\Aero.Cms.Modules.Footer\bin\Debug\net10.0\Aero.Cms.Modules.Footer.dll [C:\Users\bbqch\proj\microbians\AeroCMS\src\Aero.Cms.Modules.Setup\Aero.Cms.Modules.Setup.csproj]
C:\Program Files\dotnet\sdk\10.0.301\Microsoft.Common.CurrentVersion.targets(2453,5): warning MSB3277:             C:\Users\bbqch\proj\microbians\AeroCMS\src\Aero.Cms.Modules.Sites\bin\Debug\net10.0\Aero.Cms.Modules.Sites.dll [C:\Users\bbqch\proj\microbians\AeroCMS\src\Aero.Cms.Modules.Setup\Aero.Cms.Modules.Setup.csproj]
C:\Program Files\dotnet\sdk\10.0.301\Microsoft.Common.CurrentVersion.targets(2453,5): warning MSB3277:             C:\Users\bbqch\proj\microbians\AeroCMS\src\Aero.Cms.Modules.MiniProfiler\bin\Debug\net10.0\Aero.Cms.Modules.MiniProfiler.dll [C:\Users\bbqch\proj\microbians\AeroCMS\src\Aero.Cms.Modules.Setup\Aero.Cms.Modules.Setup.csproj]
C:\Users\bbqch\proj\microbians\AeroCMS\src\Aero.Cms.Modules.SiteMap\obj\Debug\net10.0\Aero.Cms.SourceGenerators\Aero.Cms.SourceGenerators.EmbeddedAttributesGenerator\LegacyReflectionDiscoveryAttribute.g.cs(20,18): warning CS8669: The annotation for nullable reference types should only be used in code within a '#nullable' annotations context. Auto-generated code requires an explicit '#nullable' directive in source. [C:\Users\bbqch\proj\microbians\AeroCMS\src\Aero.Cms.Modules.SiteMap\Aero.Cms.Modules.SiteMap.csproj]
C:\Users\bbqch\proj\microbians\AeroCMS\src\Aero.Cms.Modules.SiteMap\SiteMapModule.cs(69,13): warning CS8767: Nullability of reference types in type of parameter 'services' of 'void SiteMapModule.Configure(IServiceProvider services, StoreOptions options)' doesn't match implicitly implemented member 'void IConfigureAeroDB.Configure(IServiceProvider? services, StoreOptions options)' (possibly because of nullability attributes). [C:\Users\bbqch\proj\microbians\AeroCMS\src\Aero.Cms.Modules.SiteMap\Aero.Cms.Modules.SiteMap.csproj]
  Aero.Cms.Modules.SiteMap -> C:\Users\bbqch\proj\microbians\AeroCMS\src\Aero.Cms.Modules.SiteMap\bin\Debug\net10.0\Aero.Cms.Modules.SiteMap.dll
C:\Users\bbqch\proj\microbians\AeroCMS\src\Aero.Cms.Modules.Setup\obj\Debug\net10.0\Aero.Cms.SourceGenerators\Aero.Cms.SourceGenerators.EmbeddedAttributesGenerator\LegacyReflectionDiscoveryAttribute.g.cs(20,18): warning CS8669: The annotation for nullable reference types should only be used in code within a '#nullable' annotations context. Auto-generated code requires an explicit '#nullable' directive in source. [C:\Users\bbqch\proj\microbians\AeroCMS\src\Aero.Cms.Modules.Setup\Aero.Cms.Modules.Setup.csproj]
C:\Users\bbqch\proj\microbians\AeroCMS\src\Aero.Cms.Modules.Setup\SeedDataService.cs(461,21): warning CS4014: Because this call is not awaited, execution of the current method continues before the call is completed. Consider applying the 'await' operator to the result of the call. [C:\Users\bbqch\proj\microbians\AeroCMS\src\Aero.Cms.Modules.Setup\Aero.Cms.Modules.Setup.csproj]
C:\Users\bbqch\proj\microbians\AeroCMS\src\Aero.Cms.Modules.Setup\SeedDataService.cs(463,21): warning CS4014: Because this call is not awaited, execution of the current method continues before the call is completed. Consider applying the 'await' operator to the result of the call. [C:\Users\bbqch\proj\microbians\AeroCMS\src\Aero.Cms.Modules.Setup\Aero.Cms.Modules.Setup.csproj]
C:\Users\bbqch\proj\microbians\AeroCMS\src\Aero.Cms.Modules.Setup\SeedDataService.cs(481,9): warning CS4014: Because this call is not awaited, execution of the current method continues before the call is completed. Consider applying the 'await' operator to the result of the call. [C:\Users\bbqch\proj\microbians\AeroCMS\src\Aero.Cms.Modules.Setup\Aero.Cms.Modules.Setup.csproj]
C:\Users\bbqch\proj\microbians\AeroCMS\src\Aero.Cms.Modules.Setup\SeedDataService.cs(494,17): warning CS4014: Because this call is not awaited, execution of the current method continues before the call is completed. Consider applying the 'await' operator to the result of the call. [C:\Users\bbqch\proj\microbians\AeroCMS\src\Aero.Cms.Modules.Setup\Aero.Cms.Modules.Setup.csproj]
C:\Users\bbqch\proj\microbians\AeroCMS\src\Aero.Cms.Modules.Setup\SeedDataService.cs(496,17): warning CS4014: Because this call is not awaited, execution of the current method continues before the call is completed. Consider applying the 'await' operator to the result of the call. [C:\Users\bbqch\proj\microbians\AeroCMS\src\Aero.Cms.Modules.Setup\Aero.Cms.Modules.Setup.csproj]
C:\Users\bbqch\proj\microbians\AeroCMS\src\Aero.Cms.Modules.Setup\SeedDataService.cs(524,21): warning CS4014: Because this call is not awaited, execution of the current method continues before the call is completed. Consider applying the 'await' operator to the result of the call. [C:\Users\bbqch\proj\microbians\AeroCMS\src\Aero.Cms.Modules.Setup\Aero.Cms.Modules.Setup.csproj]
C:\Users\bbqch\proj\microbians\AeroCMS\src\Aero.Cms.Modules.Setup\SeedDataService.cs(526,21): warning CS4014: Because this call is not awaited, execution of the current method continues before the call is completed. Consider applying the 'await' operator to the result of the call. [C:\Users\bbqch\proj\microbians\AeroCMS\src\Aero.Cms.Modules.Setup\Aero.Cms.Modules.Setup.csproj]
C:\Users\bbqch\proj\microbians\AeroCMS\src\Aero.Cms.Modules.Setup\SeedDataService.cs(591,9): warning CS4014: Because this call is not awaited, execution of the current method continues before the call is completed. Consider applying the 'await' operator to the result of the call. [C:\Users\bbqch\proj\microbians\AeroCMS\src\Aero.Cms.Modules.Setup\Aero.Cms.Modules.Setup.csproj]
C:\Users\bbqch\proj\microbians\AeroCMS\src\Aero.Cms.Modules.Setup\SeedDataService.cs(604,17): warning CS4014: Because this call is not awaited, execution of the current method continues before the call is completed. Consider applying the 'await' operator to the result of the call. [C:\Users\bbqch\proj\microbians\AeroCMS\src\Aero.Cms.Modules.Setup\Aero.Cms.Modules.Setup.csproj]
C:\Users\bbqch\proj\microbians\AeroCMS\src\Aero.Cms.Modules.Setup\SeedDataService.cs(606,17): warning CS4014: Because this call is not awaited, execution of the current method continues before the call is completed. Consider applying the 'await' operator to the result of the call. [C:\Users\bbqch\proj\microbians\AeroCMS\src\Aero.Cms.Modules.Setup\Aero.Cms.Modules.Setup.csproj]
C:\Users\bbqch\proj\microbians\AeroCMS\src\Aero.Cms.Modules.Setup\SeedDataService.cs(698,9): warning CS4014: Because this call is not awaited, execution of the current method continues before the call is completed. Consider applying the 'await' operator to the result of the call. [C:\Users\bbqch\proj\microbians\AeroCMS\src\Aero.Cms.Modules.Setup\Aero.Cms.Modules.Setup.csproj]
C:\Users\bbqch\proj\microbians\AeroCMS\src\Aero.Cms.Modules.Setup\SeedDataService.cs(776,9): warning CS4014: Because this call is not awaited, execution of the current method continues before the call is completed. Consider applying the 'await' operator to the result of the call. [C:\Users\bbqch\proj\microbians\AeroCMS\src\Aero.Cms.Modules.Setup\Aero.Cms.Modules.Setup.csproj]
  Aero.Cms.Modules.Setup -> C:\Users\bbqch\proj\microbians\AeroCMS\src\Aero.Cms.Modules.Setup\bin\Debug\net10.0\Aero.Cms.Modules.Setup.dll
C:\Program Files\dotnet\sdk\10.0.301\Microsoft.Common.CurrentVersion.targets(2453,5): warning MSB3277: Found conflicts between different versions of "Microsoft.EntityFrameworkCore.Relational" that could not be resolved. [C:\Users\bbqch\proj\microbians\AeroCMS\src\Aero.Cms.Web.Bootstrap\Aero.Cms.Web.Bootstrap.csproj]
C:\Program Files\dotnet\sdk\10.0.301\Microsoft.Common.CurrentVersion.targets(2453,5): warning MSB3277: There was a conflict between "Microsoft.EntityFrameworkCore.Relational, Version=10.0.4.0, Culture=neutral, PublicKeyToken=adb9793829ddae60" and "Microsoft.EntityFrameworkCore.Relational, Version=10.0.9.0, Culture=neutral, PublicKeyToken=adb9793829ddae60". [C:\Users\bbqch\proj\microbians\AeroCMS\src\Aero.Cms.Web.Bootstrap\Aero.Cms.Web.Bootstrap.csproj]
C:\Program Files\dotnet\sdk\10.0.301\Microsoft.Common.CurrentVersion.targets(2453,5): warning MSB3277:     "Microsoft.EntityFrameworkCore.Relational, Version=10.0.4.0, Culture=neutral, PublicKeyToken=adb9793829ddae60" was chosen because it was primary and "Microsoft.EntityFrameworkCore.Relational, Version=10.0.9.0, Culture=neutral, PublicKeyToken=adb9793829ddae60" was not. [C:\Users\bbqch\proj\microbians\AeroCMS\src\Aero.Cms.Web.Bootstrap\Aero.Cms.Web.Bootstrap.csproj]
C:\Program Files\dotnet\sdk\10.0.301\Microsoft.Common.CurrentVersion.targets(2453,5): warning MSB3277:     References which depend on "Microsoft.EntityFrameworkCore.Relational, Version=10.0.4.0, Culture=neutral, PublicKeyToken=adb9793829ddae60" [D:\nuget-cache\microsoft.entityframeworkcore.relational\10.0.4\lib\net10.0\Microsoft.EntityFrameworkCore.Relational.dll]. [C:\Users\bbqch\proj\microbians\AeroCMS\src\Aero.Cms.Web.Bootstrap\Aero.Cms.Web.Bootstrap.csproj]
C:\Program Files\dotnet\sdk\10.0.301\Microsoft.Common.CurrentVersion.targets(2453,5): warning MSB3277:         D:\nuget-cache\microsoft.entityframeworkcore.relational\10.0.4\lib\net10.0\Microsoft.EntityFrameworkCore.Relational.dll [C:\Users\bbqch\proj\microbians\AeroCMS\src\Aero.Cms.Web.Bootstrap\Aero.Cms.Web.Bootstrap.csproj]
C:\Program Files\dotnet\sdk\10.0.301\Microsoft.Common.CurrentVersion.targets(2453,5): warning MSB3277:           Project file item includes which caused reference "D:\nuget-cache\microsoft.entityframeworkcore.relational\10.0.4\lib\net10.0\Microsoft.EntityFrameworkCore.Relational.dll". [C:\Users\bbqch\proj\microbians\AeroCMS\src\Aero.Cms.Web.Bootstrap\Aero.Cms.Web.Bootstrap.csproj]
C:\Program Files\dotnet\sdk\10.0.301\Microsoft.Common.CurrentVersion.targets(2453,5): warning MSB3277:             D:\nuget-cache\microsoft.entityframeworkcore.relational\10.0.4\lib\net10.0\Microsoft.EntityFrameworkCore.Relational.dll [C:\Users\bbqch\proj\microbians\AeroCMS\src\Aero.Cms.Web.Bootstrap\Aero.Cms.Web.Bootstrap.csproj]
C:\Program Files\dotnet\sdk\10.0.301\Microsoft.Common.CurrentVersion.targets(2453,5): warning MSB3277:     References which depend on or have been unified to "Microsoft.EntityFrameworkCore.Relational, Version=10.0.9.0, Culture=neutral, PublicKeyToken=adb9793829ddae60" []. [C:\Users\bbqch\proj\microbians\AeroCMS\src\Aero.Cms.Web.Bootstrap\Aero.Cms.Web.Bootstrap.csproj]
C:\Program Files\dotnet\sdk\10.0.301\Microsoft.Common.CurrentVersion.targets(2453,5): warning MSB3277:         C:\Users\bbqch\proj\microbians\AeroCMS\Aero\src\Aero.EfCore\bin\Debug\net10.0\Aero.EfCore.dll [C:\Users\bbqch\proj\microbians\AeroCMS\src\Aero.Cms.Web.Bootstrap\Aero.Cms.Web.Bootstrap.csproj]
C:\Program Files\dotnet\sdk\10.0.301\Microsoft.Common.CurrentVersion.targets(2453,5): warning MSB3277:           Project file item includes which caused reference "C:\Users\bbqch\proj\microbians\AeroCMS\Aero\src\Aero.EfCore\bin\Debug\net10.0\Aero.EfCore.dll". [C:\Users\bbqch\proj\microbians\AeroCMS\src\Aero.Cms.Web.Bootstrap\Aero.Cms.Web.Bootstrap.csproj]
C:\Program Files\dotnet\sdk\10.0.301\Microsoft.Common.CurrentVersion.targets(2453,5): warning MSB3277:             C:\Users\bbqch\proj\microbians\AeroCMS\Aero\src\Aero.EfCore\bin\Debug\net10.0\Aero.EfCore.dll [C:\Users\bbqch\proj\microbians\AeroCMS\src\Aero.Cms.Web.Bootstrap\Aero.Cms.Web.Bootstrap.csproj]
C:\Program Files\dotnet\sdk\10.0.301\Microsoft.Common.CurrentVersion.targets(2453,5): warning MSB3277:             C:\Users\bbqch\proj\microbians\AeroCMS\src\Aero.Cms.Web.Core\bin\Debug\net10.0\Aero.Cms.Web.Core.dll [C:\Users\bbqch\proj\microbians\AeroCMS\src\Aero.Cms.Web.Bootstrap\Aero.Cms.Web.Bootstrap.csproj]
C:\Program Files\dotnet\sdk\10.0.301\Microsoft.Common.CurrentVersion.targets(2453,5): warning MSB3277:             C:\Users\bbqch\proj\microbians\AeroCMS\src\Aero.Cms.Modules.Docs\bin\Debug\net10.0\Aero.Cms.Modules.Docs.dll [C:\Users\bbqch\proj\microbians\AeroCMS\src\Aero.Cms.Web.Bootstrap\Aero.Cms.Web.Bootstrap.csproj]
C:\Program Files\dotnet\sdk\10.0.301\Microsoft.Common.CurrentVersion.targets(2453,5): warning MSB3277:             C:\Users\bbqch\proj\microbians\AeroCMS\src\Aero.Cms.Modules.Identity\bin\Debug\net10.0\Aero.Cms.Modules.Identity.dll [C:\Users\bbqch\proj\microbians\AeroCMS\src\Aero.Cms.Web.Bootstrap\Aero.Cms.Web.Bootstrap.csproj]
C:\Program Files\dotnet\sdk\10.0.301\Microsoft.Common.CurrentVersion.targets(2453,5): warning MSB3277:             C:\Users\bbqch\proj\microbians\AeroCMS\src\Aero.Cms.Modules.Setup\bin\Debug\net10.0\Aero.Cms.Modules.Setup.dll [C:\Users\bbqch\proj\microbians\AeroCMS\src\Aero.Cms.Web.Bootstrap\Aero.Cms.Web.Bootstrap.csproj]
C:\Program Files\dotnet\sdk\10.0.301\Microsoft.Common.CurrentVersion.targets(2453,5): warning MSB3277:             C:\Users\bbqch\proj\microbians\AeroCMS\src\Aero.Cms.Modules.Aliases\bin\Debug\net10.0\Aero.Cms.Modules.Aliases.dll [C:\Users\bbqch\proj\microbians\AeroCMS\src\Aero.Cms.Web.Bootstrap\Aero.Cms.Web.Bootstrap.csproj]
C:\Program Files\dotnet\sdk\10.0.301\Microsoft.Common.CurrentVersion.targets(2453,5): warning MSB3277:             C:\Users\bbqch\proj\microbians\AeroCMS\src\Aero.Cms.Modules.Commerce\bin\Debug\net10.0\Aero.Cms.Modules.Commerce.dll [C:\Users\bbqch\proj\microbians\AeroCMS\src\Aero.Cms.Web.Bootstrap\Aero.Cms.Web.Bootstrap.csproj]
C:\Program Files\dotnet\sdk\10.0.301\Microsoft.Common.CurrentVersion.targets(2453,5): warning MSB3277:             C:\Users\bbqch\proj\microbians\AeroCMS\src\Aero.Cms.Modules.Footer\bin\Debug\net10.0\Aero.Cms.Modules.Footer.dll [C:\Users\bbqch\proj\microbians\AeroCMS\src\Aero.Cms.Web.Bootstrap\Aero.Cms.Web.Bootstrap.csproj]
C:\Program Files\dotnet\sdk\10.0.301\Microsoft.Common.CurrentVersion.targets(2453,5): warning MSB3277:             C:\Users\bbqch\proj\microbians\AeroCMS\src\Aero.Cms.Modules.Media\bin\Debug\net10.0\Aero.Cms.Modules.Media.dll [C:\Users\bbqch\proj\microbians\AeroCMS\src\Aero.Cms.Web.Bootstrap\Aero.Cms.Web.Bootstrap.csproj]
C:\Program Files\dotnet\sdk\10.0.301\Microsoft.Common.CurrentVersion.targets(2453,5): warning MSB3277:             C:\Users\bbqch\proj\microbians\AeroCMS\src\Aero.Cms.Modules.MiniProfiler\bin\Debug\net10.0\Aero.Cms.Modules.MiniProfiler.dll [C:\Users\bbqch\proj\microbians\AeroCMS\src\Aero.Cms.Web.Bootstrap\Aero.Cms.Web.Bootstrap.csproj]
C:\Program Files\dotnet\sdk\10.0.301\Microsoft.Common.CurrentVersion.targets(2453,5): warning MSB3277:             C:\Users\bbqch\proj\microbians\AeroCMS\src\Aero.Cms.Modules.Navigation\bin\Debug\net10.0\Aero.Cms.Modules.Navigation.dll [C:\Users\bbqch\proj\microbians\AeroCMS\src\Aero.Cms.Web.Bootstrap\Aero.Cms.Web.Bootstrap.csproj]
C:\Program Files\dotnet\sdk\10.0.301\Microsoft.Common.CurrentVersion.targets(2453,5): warning MSB3277:             C:\Users\bbqch\proj\microbians\AeroCMS\src\Aero.Cms.Modules.Pages\bin\Debug\net10.0\Aero.Cms.Modules.Pages.dll [C:\Users\bbqch\proj\microbians\AeroCMS\src\Aero.Cms.Web.Bootstrap\Aero.Cms.Web.Bootstrap.csproj]
C:\Program Files\dotnet\sdk\10.0.301\Microsoft.Common.CurrentVersion.targets(2453,5): warning MSB3277:             C:\Users\bbqch\proj\microbians\AeroCMS\src\Aero.Cms.Modules.Posts\bin\Debug\net10.0\Aero.Cms.Modules.Posts.dll [C:\Users\bbqch\proj\microbians\AeroCMS\src\Aero.Cms.Web.Bootstrap\Aero.Cms.Web.Bootstrap.csproj]
C:\Program Files\dotnet\sdk\10.0.301\Microsoft.Common.CurrentVersion.targets(2453,5): warning MSB3277:             C:\Users\bbqch\proj\microbians\AeroCMS\src\Aero.Cms.Modules.Sites\bin\Debug\net10.0\Aero.Cms.Modules.Sites.dll [C:\Users\bbqch\proj\microbians\AeroCMS\src\Aero.Cms.Web.Bootstrap\Aero.Cms.Web.Bootstrap.csproj]
C:\Program Files\dotnet\sdk\10.0.301\Microsoft.Common.CurrentVersion.targets(2453,5): warning MSB3277:         C:\Users\bbqch\proj\microbians\AeroCMS\src\Aero.Cms.Web.Core\bin\Debug\net10.0\Aero.Cms.Web.Core.dll [C:\Users\bbqch\proj\microbians\AeroCMS\src\Aero.Cms.Web.Bootstrap\Aero.Cms.Web.Bootstrap.csproj]
C:\Program Files\dotnet\sdk\10.0.301\Microsoft.Common.CurrentVersion.targets(2453,5): warning MSB3277:           Project file item includes which caused reference "C:\Users\bbqch\proj\microbians\AeroCMS\src\Aero.Cms.Web.Core\bin\Debug\net10.0\Aero.Cms.Web.Core.dll". [C:\Users\bbqch\proj\microbians\AeroCMS\src\Aero.Cms.Web.Bootstrap\Aero.Cms.Web.Bootstrap.csproj]
C:\Program Files\dotnet\sdk\10.0.301\Microsoft.Common.CurrentVersion.targets(2453,5): warning MSB3277:             C:\Users\bbqch\proj\microbians\AeroCMS\src\Aero.Cms.Web.Core\bin\Debug\net10.0\Aero.Cms.Web.Core.dll [C:\Users\bbqch\proj\microbians\AeroCMS\src\Aero.Cms.Web.Bootstrap\Aero.Cms.Web.Bootstrap.csproj]
C:\Program Files\dotnet\sdk\10.0.301\Microsoft.Common.CurrentVersion.targets(2453,5): warning MSB3277:             C:\Users\bbqch\proj\microbians\AeroCMS\src\Aero.Cms.Modules.Docs\bin\Debug\net10.0\Aero.Cms.Modules.Docs.dll [C:\Users\bbqch\proj\microbians\AeroCMS\src\Aero.Cms.Web.Bootstrap\Aero.Cms.Web.Bootstrap.csproj]
C:\Program Files\dotnet\sdk\10.0.301\Microsoft.Common.CurrentVersion.targets(2453,5): warning MSB3277:             C:\Users\bbqch\proj\microbians\AeroCMS\src\Aero.Cms.Modules.Identity\bin\Debug\net10.0\Aero.Cms.Modules.Identity.dll [C:\Users\bbqch\proj\microbians\AeroCMS\src\Aero.Cms.Web.Bootstrap\Aero.Cms.Web.Bootstrap.csproj]
C:\Program Files\dotnet\sdk\10.0.301\Microsoft.Common.CurrentVersion.targets(2453,5): warning MSB3277:             C:\Users\bbqch\proj\microbians\AeroCMS\src\Aero.Cms.Modules.Setup\bin\Debug\net10.0\Aero.Cms.Modules.Setup.dll [C:\Users\bbqch\proj\microbians\AeroCMS\src\Aero.Cms.Web.Bootstrap\Aero.Cms.Web.Bootstrap.csproj]
C:\Program Files\dotnet\sdk\10.0.301\Microsoft.Common.CurrentVersion.targets(2453,5): warning MSB3277:             C:\Users\bbqch\proj\microbians\AeroCMS\src\Aero.Cms.Modules.Aliases\bin\Debug\net10.0\Aero.Cms.Modules.Aliases.dll [C:\Users\bbqch\proj\microbians\AeroCMS\src\Aero.Cms.Web.Bootstrap\Aero.Cms.Web.Bootstrap.csproj]
C:\Program Files\dotnet\sdk\10.0.301\Microsoft.Common.CurrentVersion.targets(2453,5): warning MSB3277:             C:\Users\bbqch\proj\microbians\AeroCMS\src\Aero.Cms.Modules.Commerce\bin\Debug\net10.0\Aero.Cms.Modules.Commerce.dll [C:\Users\bbqch\proj\microbians\AeroCMS\src\Aero.Cms.Web.Bootstrap\Aero.Cms.Web.Bootstrap.csproj]
C:\Program Files\dotnet\sdk\10.0.301\Microsoft.Common.CurrentVersion.targets(2453,5): warning MSB3277:             C:\Users\bbqch\proj\microbians\AeroCMS\src\Aero.Cms.Modules.Footer\bin\Debug\net10.0\Aero.Cms.Modules.Footer.dll [C:\Users\bbqch\proj\microbians\AeroCMS\src\Aero.Cms.Web.Bootstrap\Aero.Cms.Web.Bootstrap.csproj]
C:\Program Files\dotnet\sdk\10.0.301\Microsoft.Common.CurrentVersion.targets(2453,5): warning MSB3277:             C:\Users\bbqch\proj\microbians\AeroCMS\src\Aero.Cms.Modules.Media\bin\Debug\net10.0\Aero.Cms.Modules.Media.dll [C:\Users\bbqch\proj\microbians\AeroCMS\src\Aero.Cms.Web.Bootstrap\Aero.Cms.Web.Bootstrap.csproj]
C:\Program Files\dotnet\sdk\10.0.301\Microsoft.Common.CurrentVersion.targets(2453,5): warning MSB3277:             C:\Users\bbqch\proj\microbians\AeroCMS\src\Aero.Cms.Modules.MiniProfiler\bin\Debug\net10.0\Aero.Cms.Modules.MiniProfiler.dll [C:\Users\bbqch\proj\microbians\AeroCMS\src\Aero.Cms.Web.Bootstrap\Aero.Cms.Web.Bootstrap.csproj]
C:\Program Files\dotnet\sdk\10.0.301\Microsoft.Common.CurrentVersion.targets(2453,5): warning MSB3277:             C:\Users\bbqch\proj\microbians\AeroCMS\src\Aero.Cms.Modules.Navigation\bin\Debug\net10.0\Aero.Cms.Modules.Navigation.dll [C:\Users\bbqch\proj\microbians\AeroCMS\src\Aero.Cms.Web.Bootstrap\Aero.Cms.Web.Bootstrap.csproj]
C:\Program Files\dotnet\sdk\10.0.301\Microsoft.Common.CurrentVersion.targets(2453,5): warning MSB3277:             C:\Users\bbqch\proj\microbians\AeroCMS\src\Aero.Cms.Modules.Pages\bin\Debug\net10.0\Aero.Cms.Modules.Pages.dll [C:\Users\bbqch\proj\microbians\AeroCMS\src\Aero.Cms.Web.Bootstrap\Aero.Cms.Web.Bootstrap.csproj]
C:\Program Files\dotnet\sdk\10.0.301\Microsoft.Common.CurrentVersion.targets(2453,5): warning MSB3277:             C:\Users\bbqch\proj\microbians\AeroCMS\src\Aero.Cms.Modules.Posts\bin\Debug\net10.0\Aero.Cms.Modules.Posts.dll [C:\Users\bbqch\proj\microbians\AeroCMS\src\Aero.Cms.Web.Bootstrap\Aero.Cms.Web.Bootstrap.csproj]
C:\Program Files\dotnet\sdk\10.0.301\Microsoft.Common.CurrentVersion.targets(2453,5): warning MSB3277:             C:\Users\bbqch\proj\microbians\AeroCMS\src\Aero.Cms.Modules.Sites\bin\Debug\net10.0\Aero.Cms.Modules.Sites.dll [C:\Users\bbqch\proj\microbians\AeroCMS\src\Aero.Cms.Web.Bootstrap\Aero.Cms.Web.Bootstrap.csproj]
C:\Program Files\dotnet\sdk\10.0.301\Microsoft.Common.CurrentVersion.targets(2453,5): warning MSB3277:         C:\Users\bbqch\proj\microbians\AeroCMS\src\Aero.Cms.Modules.Setup\bin\Debug\net10.0\Aero.Cms.Modules.Setup.dll [C:\Users\bbqch\proj\microbians\AeroCMS\src\Aero.Cms.Web.Bootstrap\Aero.Cms.Web.Bootstrap.csproj]
C:\Program Files\dotnet\sdk\10.0.301\Microsoft.Common.CurrentVersion.targets(2453,5): warning MSB3277:           Project file item includes which caused reference "C:\Users\bbqch\proj\microbians\AeroCMS\src\Aero.Cms.Modules.Setup\bin\Debug\net10.0\Aero.Cms.Modules.Setup.dll". [C:\Users\bbqch\proj\microbians\AeroCMS\src\Aero.Cms.Web.Bootstrap\Aero.Cms.Web.Bootstrap.csproj]
C:\Program Files\dotnet\sdk\10.0.301\Microsoft.Common.CurrentVersion.targets(2453,5): warning MSB3277:             C:\Users\bbqch\proj\microbians\AeroCMS\src\Aero.Cms.Modules.Setup\bin\Debug\net10.0\Aero.Cms.Modules.Setup.dll [C:\Users\bbqch\proj\microbians\AeroCMS\src\Aero.Cms.Web.Bootstrap\Aero.Cms.Web.Bootstrap.csproj]
C:\Program Files\dotnet\sdk\10.0.301\Microsoft.Common.CurrentVersion.targets(2453,5): warning MSB3277:         C:\Users\bbqch\proj\microbians\AeroCMS\src\Aero.Cms.Modules.Commerce\bin\Debug\net10.0\Aero.Cms.Modules.Commerce.dll [C:\Users\bbqch\proj\microbians\AeroCMS\src\Aero.Cms.Web.Bootstrap\Aero.Cms.Web.Bootstrap.csproj]
C:\Program Files\dotnet\sdk\10.0.301\Microsoft.Common.CurrentVersion.targets(2453,5): warning MSB3277:           Project file item includes which caused reference "C:\Users\bbqch\proj\microbians\AeroCMS\src\Aero.Cms.Modules.Commerce\bin\Debug\net10.0\Aero.Cms.Modules.Commerce.dll". [C:\Users\bbqch\proj\microbians\AeroCMS\src\Aero.Cms.Web.Bootstrap\Aero.Cms.Web.Bootstrap.csproj]
C:\Program Files\dotnet\sdk\10.0.301\Microsoft.Common.CurrentVersion.targets(2453,5): warning MSB3277:             C:\Users\bbqch\proj\microbians\AeroCMS\src\Aero.Cms.Modules.Commerce\bin\Debug\net10.0\Aero.Cms.Modules.Commerce.dll [C:\Users\bbqch\proj\microbians\AeroCMS\src\Aero.Cms.Web.Bootstrap\Aero.Cms.Web.Bootstrap.csproj]
C:\Program Files\dotnet\sdk\10.0.301\Microsoft.Common.CurrentVersion.targets(2453,5): warning MSB3277:             C:\Users\bbqch\proj\microbians\AeroCMS\src\Aero.Cms.Modules.Setup\bin\Debug\net10.0\Aero.Cms.Modules.Setup.dll [C:\Users\bbqch\proj\microbians\AeroCMS\src\Aero.Cms.Web.Bootstrap\Aero.Cms.Web.Bootstrap.csproj]
C:\Users\bbqch\proj\microbians\AeroCMS\tests\Aero.Cms.Core.Tests\Integration\MartenSchemaCompositionTests.cs(9,7): warning CS0105: The using directive for 'Aero.Cms.Core.Blocks' appeared previously in this namespace [C:\Users\bbqch\proj\microbians\AeroCMS\tests\Aero.Cms.Core.Tests\Aero.Cms.Core.Tests.csproj]
C:\Users\bbqch\proj\microbians\AeroCMS\tests\Aero.Cms.Core.Tests\Integration\SetupPageModelTests.cs(92,9): warning CS4014: Because this call is not awaited, execution of the current method continues before the call is completed. Consider applying the 'await' operator to the result of the call. [C:\Users\bbqch\proj\microbians\AeroCMS\tests\Aero.Cms.Core.Tests\Aero.Cms.Core.Tests.csproj]
C:\Users\bbqch\proj\microbians\AeroCMS\src\Aero.Cms.Web.Bootstrap\obj\Debug\net10.0\Aero.Cms.SourceGenerators\Aero.Cms.SourceGenerators.EmbeddedAttributesGenerator\LegacyReflectionDiscoveryAttribute.g.cs(20,18): warning CS8669: The annotation for nullable reference types should only be used in code within a '#nullable' annotations context. Auto-generated code requires an explicit '#nullable' directive in source. [C:\Users\bbqch\proj\microbians\AeroCMS\src\Aero.Cms.Web.Bootstrap\Aero.Cms.Web.Bootstrap.csproj]
  Aero.Cms.Web.Bootstrap -> C:\Users\bbqch\proj\microbians\AeroCMS\src\Aero.Cms.Web.Bootstrap\bin\Debug\net10.0\Aero.Cms.Web.Bootstrap.dll
  Aero.Cms.Core.Tests -> C:\Users\bbqch\proj\microbians\AeroCMS\tests\Aero.Cms.Core.Tests\bin\Debug\net10.0\Aero.Cms.Core.Tests.dll

Build FAILED.

C:\Users\bbqch\proj\microbians\AeroCMS\src\Aero.Cms.Web\Aero.Cms.Web.csproj : warning NU1510: PackageReference Microsoft.Extensions.Logging.Abstractions will not be pruned. Consider removing this package from your dependencies, as it is likely unnecessary. [C:\Users\bbqch\proj\microbians\AeroCMS\src\aero.cms.slnx]
C:\Users\bbqch\proj\microbians\AeroCMS\src\Aero.Cms.Services\Aero.Cms.Services.csproj : warning NU1608: Detected package version outside of dependency constraint: Microsoft.CodeAnalysis.CSharp 3.7.0 requires Microsoft.CodeAnalysis.Common (= 3.7.0) but version Microsoft.CodeAnalysis.Common 5.0.0 was resolved. [C:\Users\bbqch\proj\microbians\AeroCMS\src\aero.cms.slnx]
C:\Users\bbqch\proj\microbians\AeroCMS\src\Aero.Cms.Modules.Footer\Aero.Cms.Modules.Footer.csproj : warning NU1608: Detected package version outside of dependency constraint: Microsoft.CodeAnalysis.CSharp 3.7.0 requires Microsoft.CodeAnalysis.Common (= 3.7.0) but version Microsoft.CodeAnalysis.Common 5.0.0 was resolved. [C:\Users\bbqch\proj\microbians\AeroCMS\src\aero.cms.slnx]
C:\Users\bbqch\proj\microbians\AeroCMS\src\Aero.Cms.Modules.Forum\Aero.Cms.Modules.Forum.csproj : warning NU1608: Detected package version outside of dependency constraint: Microsoft.CodeAnalysis.CSharp 3.7.0 requires Microsoft.CodeAnalysis.Common (= 3.7.0) but version Microsoft.CodeAnalysis.Common 5.0.0 was resolved. [C:\Users\bbqch\proj\microbians\AeroCMS\src\aero.cms.slnx]
C:\Users\bbqch\proj\microbians\AeroCMS\src\Aero.Cms.Modules.Theming\Aero.Cms.Modules.Theming.csproj : warning NU1608: Detected package version outside of dependency constraint: Microsoft.CodeAnalysis.CSharp 3.7.0 requires Microsoft.CodeAnalysis.Common (= 3.7.0) but version Microsoft.CodeAnalysis.Common 5.0.0 was resolved. [C:\Users\bbqch\proj\microbians\AeroCMS\src\aero.cms.slnx]
C:\Users\bbqch\proj\microbians\AeroCMS\src\Aero.Cms.Modules.Secrets\Aero.Cms.Modules.Secrets.csproj : warning NU1608: Detected package version outside of dependency constraint: Microsoft.CodeAnalysis.CSharp 3.7.0 requires Microsoft.CodeAnalysis.Common (= 3.7.0) but version Microsoft.CodeAnalysis.Common 5.0.0 was resolved. [C:\Users\bbqch\proj\microbians\AeroCMS\src\aero.cms.slnx]
C:\Users\bbqch\proj\microbians\AeroCMS\src\Aero.Cms.Modules.Mailer\Aero.Cms.Modules.Mailer.csproj : warning NU1608: Detected package version outside of dependency constraint: Microsoft.CodeAnalysis.CSharp 3.7.0 requires Microsoft.CodeAnalysis.Common (= 3.7.0) but version Microsoft.CodeAnalysis.Common 5.0.0 was resolved. [C:\Users\bbqch\proj\microbians\AeroCMS\src\aero.cms.slnx]
C:\Users\bbqch\proj\microbians\AeroCMS\src\Aero.Cms.Modules.Logging\Aero.Cms.Modules.Logging.csproj : warning NU1608: Detected package version outside of dependency constraint: Microsoft.CodeAnalysis.CSharp 3.7.0 requires Microsoft.CodeAnalysis.Common (= 3.7.0) but version Microsoft.CodeAnalysis.Common 5.0.0 was resolved. [C:\Users\bbqch\proj\microbians\AeroCMS\src\aero.cms.slnx]
C:\Users\bbqch\proj\microbians\AeroCMS\src\Aero.Cms.Modules.Tenant\Aero.Cms.Modules.Tenant.csproj : warning NU1608: Detected package version outside of dependency constraint: Microsoft.CodeAnalysis.CSharp 3.7.0 requires Microsoft.CodeAnalysis.Common (= 3.7.0) but version Microsoft.CodeAnalysis.Common 5.0.0 was resolved. [C:\Users\bbqch\proj\microbians\AeroCMS\src\aero.cms.slnx]
C:\Users\bbqch\proj\microbians\AeroCMS\src\Aero.Cms.Modules.Identity\Aero.Cms.Modules.Identity.csproj : warning NU1608: Detected package version outside of dependency constraint: Microsoft.CodeAnalysis.CSharp 3.7.0 requires Microsoft.CodeAnalysis.Common (= 3.7.0) but version Microsoft.CodeAnalysis.Common 5.0.0 was resolved. [C:\Users\bbqch\proj\microbians\AeroCMS\src\aero.cms.slnx]
C:\Users\bbqch\proj\microbians\AeroCMS\src\Aero.Cms.Modules.Localization\Aero.Cms.Modules.Localization.csproj : warning NU1608: Detected package version outside of dependency constraint: Microsoft.CodeAnalysis.CSharp 3.7.0 requires Microsoft.CodeAnalysis.Common (= 3.7.0) but version Microsoft.CodeAnalysis.Common 5.0.0 was resolved. [C:\Users\bbqch\proj\microbians\AeroCMS\src\aero.cms.slnx]
C:\Users\bbqch\proj\microbians\AeroCMS\src\Aero.Cms.Modules.Members\Aero.Cms.Modules.Members.csproj : warning NU1608: Detected package version outside of dependency constraint: Microsoft.CodeAnalysis.CSharp 3.7.0 requires Microsoft.CodeAnalysis.Common (= 3.7.0) but version Microsoft.CodeAnalysis.Common 5.0.0 was resolved. [C:\Users\bbqch\proj\microbians\AeroCMS\src\aero.cms.slnx]
C:\Users\bbqch\proj\microbians\AeroCMS\src\Aero.Cms.Modules.Grpc\Aero.Cms.Modules.Grpc.csproj : warning NU1608: Detected package version outside of dependency constraint: Microsoft.CodeAnalysis.CSharp 3.7.0 requires Microsoft.CodeAnalysis.Common (= 3.7.0) but version Microsoft.CodeAnalysis.Common 5.0.0 was resolved. [C:\Users\bbqch\proj\microbians\AeroCMS\src\aero.cms.slnx]
C:\Users\bbqch\proj\microbians\AeroCMS\src\Aero.Cms.Modules.WorkOS\Aero.Cms.Modules.WorkOS.csproj : warning NU1608: Detected package version outside of dependency constraint: Microsoft.CodeAnalysis.CSharp 3.7.0 requires Microsoft.CodeAnalysis.Common (= 3.7.0) but version Microsoft.CodeAnalysis.Common 5.0.0 was resolved. [C:\Users\bbqch\proj\microbians\AeroCMS\src\aero.cms.slnx]
C:\Users\bbqch\proj\microbians\AeroCMS\src\Aero.Cms.Modules.MiniProfiler\Aero.Cms.Modules.MiniProfiler.csproj : warning NU1608: Detected package version outside of dependency constraint: Microsoft.CodeAnalysis.CSharp 3.7.0 requires Microsoft.CodeAnalysis.Common (= 3.7.0) but version Microsoft.CodeAnalysis.Common 5.0.0 was resolved. [C:\Users\bbqch\proj\microbians\AeroCMS\src\aero.cms.slnx]
C:\Users\bbqch\proj\microbians\AeroCMS\src\Aero.Cms.Modules.WebOptimizer\Aero.Cms.Modules.WebOptimizer.csproj : warning NU1608: Detected package version outside of dependency constraint: Microsoft.CodeAnalysis.CSharp 3.7.0 requires Microsoft.CodeAnalysis.Common (= 3.7.0) but version Microsoft.CodeAnalysis.Common 5.0.0 was resolved. [C:\Users\bbqch\proj\microbians\AeroCMS\src\aero.cms.slnx]
C:\Users\bbqch\proj\microbians\AeroCMS\src\Aero.Cms.Modules.Settings\Aero.Cms.Modules.Settings.csproj : warning NU1608: Detected package version outside of dependency constraint: Microsoft.CodeAnalysis.CSharp 3.7.0 requires Microsoft.CodeAnalysis.Common (= 3.7.0) but version Microsoft.CodeAnalysis.Common 5.0.0 was resolved. [C:\Users\bbqch\proj\microbians\AeroCMS\src\aero.cms.slnx]
C:\Users\bbqch\proj\microbians\AeroCMS\src\Aero.Cms.Modules.Users\Aero.Cms.Modules.Users.csproj : warning NU1608: Detected package version outside of dependency constraint: Microsoft.CodeAnalysis.CSharp 3.7.0 requires Microsoft.CodeAnalysis.Common (= 3.7.0) but version Microsoft.CodeAnalysis.Common 5.0.0 was resolved. [C:\Users\bbqch\proj\microbians\AeroCMS\src\aero.cms.slnx]
C:\Users\bbqch\proj\microbians\AeroCMS\src\Aero.Cms.Modules.Mail\Aero.Cms.Modules.Mail.csproj : warning NU1608: Detected package version outside of dependency constraint: Microsoft.CodeAnalysis.CSharp 3.7.0 requires Microsoft.CodeAnalysis.Common (= 3.7.0) but version Microsoft.CodeAnalysis.Common 5.0.0 was resolved. [C:\Users\bbqch\proj\microbians\AeroCMS\src\aero.cms.slnx]
C:\Users\bbqch\proj\microbians\AeroCMS\src\Aero.Cms.Modules.Mcp\Aero.Cms.Modules.Mcp.csproj : warning NU1608: Detected package version outside of dependency constraint: Microsoft.CodeAnalysis.CSharp 3.7.0 requires Microsoft.CodeAnalysis.Common (= 3.7.0) but version Microsoft.CodeAnalysis.Common 5.0.0 was resolved. [C:\Users\bbqch\proj\microbians\AeroCMS\src\aero.cms.slnx]
C:\Users\bbqch\proj\microbians\AeroCMS\src\Aero.Cms.CookiePolicy\Aero.Cms.CookiePolicy.csproj : warning NU1608: Detected package version outside of dependency constraint: Microsoft.CodeAnalysis.CSharp 3.7.0 requires Microsoft.CodeAnalysis.Common (= 3.7.0) but version Microsoft.CodeAnalysis.Common 5.0.0 was resolved. [C:\Users\bbqch\proj\microbians\AeroCMS\src\aero.cms.slnx]
C:\Users\bbqch\proj\microbians\AeroCMS\src\Aero.Cms.Modules.MagicLink\Aero.Cms.Modules.MagicLink.csproj : warning NU1608: Detected package version outside of dependency constraint: Microsoft.CodeAnalysis.CSharp 3.7.0 requires Microsoft.CodeAnalysis.Common (= 3.7.0) but version Microsoft.CodeAnalysis.Common 5.0.0 was resolved. [C:\Users\bbqch\proj\microbians\AeroCMS\src\aero.cms.slnx]
C:\Users\bbqch\proj\microbians\AeroCMS\src\Aero.Cms.Modules.Sites\Aero.Cms.Modules.Sites.csproj : warning NU1608: Detected package version outside of dependency constraint: Microsoft.CodeAnalysis.CSharp 3.7.0 requires Microsoft.CodeAnalysis.Common (= 3.7.0) but version Microsoft.CodeAnalysis.Common 5.0.0 was resolved. [C:\Users\bbqch\proj\microbians\AeroCMS\src\aero.cms.slnx]
C:\Users\bbqch\proj\microbians\AeroCMS\src\Aero.Cms.Modules.Search\Aero.Cms.Modules.Search.csproj : warning NU1608: Detected package version outside of dependency constraint: Microsoft.CodeAnalysis.CSharp 3.7.0 requires Microsoft.CodeAnalysis.Common (= 3.7.0) but version Microsoft.CodeAnalysis.Common 5.0.0 was resolved. [C:\Users\bbqch\proj\microbians\AeroCMS\src\aero.cms.slnx]
C:\Users\bbqch\proj\microbians\AeroCMS\src\Aero.Cms.Modules.OneTimePasscode\Aero.Cms.Modules.OneTimePasscode.csproj : warning NU1608: Detected package version outside of dependency constraint: Microsoft.CodeAnalysis.CSharp 3.7.0 requires Microsoft.CodeAnalysis.Common (= 3.7.0) but version Microsoft.CodeAnalysis.Common 5.0.0 was resolved. [C:\Users\bbqch\proj\microbians\AeroCMS\src\aero.cms.slnx]
C:\Users\bbqch\proj\microbians\AeroCMS\src\Aero.Cms.Modules.Chat\Aero.Cms.Modules.Chat.csproj : warning NU1608: Detected package version outside of dependency constraint: Microsoft.CodeAnalysis.CSharp 3.7.0 requires Microsoft.CodeAnalysis.Common (= 3.7.0) but version Microsoft.CodeAnalysis.Common 5.0.0 was resolved. [C:\Users\bbqch\proj\microbians\AeroCMS\src\aero.cms.slnx]
C:\Users\bbqch\proj\microbians\AeroCMS\src\Aero.Cms.Modules.Ai\Aero.Cms.Modules.Ai.csproj : warning NU1608: Detected package version outside of dependency constraint: Microsoft.CodeAnalysis.CSharp 3.7.0 requires Microsoft.CodeAnalysis.Common (= 3.7.0) but version Microsoft.CodeAnalysis.Common 5.0.0 was resolved. [C:\Users\bbqch\proj\microbians\AeroCMS\src\aero.cms.slnx]
C:\Users\bbqch\proj\microbians\AeroCMS\src\Aero.Cms.Modules.Cache\Aero.Cms.Modules.Cache.csproj : warning NU1608: Detected package version outside of dependency constraint: Microsoft.CodeAnalysis.CSharp 3.7.0 requires Microsoft.CodeAnalysis.Common (= 3.7.0) but version Microsoft.CodeAnalysis.Common 5.0.0 was resolved. [C:\Users\bbqch\proj\microbians\AeroCMS\src\aero.cms.slnx]
C:\Users\bbqch\proj\microbians\AeroCMS\src\Aero.Cms.Modules.Commerce.Client\Aero.Cms.Modules.Commerce.Client.csproj : warning NU1608: Detected package version outside of dependency constraint: Microsoft.CodeAnalysis.CSharp 3.7.0 requires Microsoft.CodeAnalysis.Common (= 3.7.0) but version Microsoft.CodeAnalysis.Common 5.0.0 was resolved. [C:\Users\bbqch\proj\microbians\AeroCMS\src\aero.cms.slnx]
C:\Users\bbqch\proj\microbians\AeroCMS\src\Aero.Cms.Modules.Jobs\Aero.Cms.Modules.Jobs.csproj : warning NU1608: Detected package version outside of dependency constraint: Microsoft.CodeAnalysis.CSharp 3.7.0 requires Microsoft.CodeAnalysis.Common (= 3.7.0) but version Microsoft.CodeAnalysis.Common 5.0.0 was resolved. [C:\Users\bbqch\proj\microbians\AeroCMS\src\aero.cms.slnx]
C:\Users\bbqch\proj\microbians\AeroCMS\src\Aero.Cms.Modules.Health\Aero.Cms.Modules.Health.csproj : warning NU1608: Detected package version outside of dependency constraint: Microsoft.CodeAnalysis.CSharp 3.7.0 requires Microsoft.CodeAnalysis.Common (= 3.7.0) but version Microsoft.CodeAnalysis.Common 5.0.0 was resolved. [C:\Users\bbqch\proj\microbians\AeroCMS\src\aero.cms.slnx]
C:\Users\bbqch\proj\microbians\AeroCMS\src\Aero.Cms.Modules.Security\Aero.Cms.Modules.Security.csproj : warning NU1608: Detected package version outside of dependency constraint: Microsoft.CodeAnalysis.CSharp 3.7.0 requires Microsoft.CodeAnalysis.Common (= 3.7.0) but version Microsoft.CodeAnalysis.Common 5.0.0 was resolved. [C:\Users\bbqch\proj\microbians\AeroCMS\src\aero.cms.slnx]
C:\Users\bbqch\proj\microbians\AeroCMS\src\Aero.Cms.Modules.SiteMap\Aero.Cms.Modules.SiteMap.csproj : warning NU1608: Detected package version outside of dependency constraint: Microsoft.CodeAnalysis.CSharp 3.7.0 requires Microsoft.CodeAnalysis.Common (= 3.7.0) but version Microsoft.CodeAnalysis.Common 5.0.0 was resolved. [C:\Users\bbqch\proj\microbians\AeroCMS\src\aero.cms.slnx]
C:\Users\bbqch\proj\microbians\AeroCMS\src\Aero.Cms.Web\Aero.Cms.Web.csproj : warning NU1608: Detected package version outside of dependency constraint: HtmlSanitizer 9.0.892 requires AngleSharp (= 0.17.1) but version AngleSharp 1.5.2 was resolved. [C:\Users\bbqch\proj\microbians\AeroCMS\src\aero.cms.slnx]
C:\Users\bbqch\proj\microbians\AeroCMS\src\Aero.Cms.Web\Aero.Cms.Web.csproj : warning NU1608: Detected package version outside of dependency constraint: AngleSharp.Css 0.17.0 requires AngleSharp (>= 0.17.0 && < 0.18.0) but version AngleSharp 1.5.2 was resolved. [C:\Users\bbqch\proj\microbians\AeroCMS\src\aero.cms.slnx]
C:\Users\bbqch\proj\microbians\AeroCMS\src\Aero.Cms.Modules.WorkOS\Aero.Cms.Modules.WorkOS.csproj : warning NU1902: Package 'MailKit' 2.10.1 has a known moderate severity vulnerability, https://github.com/advisories/GHSA-9j88-vvj5-vhgr [C:\Users\bbqch\proj\microbians\AeroCMS\src\aero.cms.slnx]
C:\Users\bbqch\proj\microbians\AeroCMS\src\Aero.Cms.Modules.Theming\Aero.Cms.Modules.Theming.csproj : warning NU1902: Package 'MailKit' 2.10.1 has a known moderate severity vulnerability, https://github.com/advisories/GHSA-9j88-vvj5-vhgr [C:\Users\bbqch\proj\microbians\AeroCMS\src\aero.cms.slnx]
C:\Users\bbqch\proj\microbians\AeroCMS\src\Aero.Cms.Modules.OneTimePasscode\Aero.Cms.Modules.OneTimePasscode.csproj : warning NU1902: Package 'MailKit' 2.10.1 has a known moderate severity vulnerability, https://github.com/advisories/GHSA-9j88-vvj5-vhgr [C:\Users\bbqch\proj\microbians\AeroCMS\src\aero.cms.slnx]
C:\Users\bbqch\proj\microbians\AeroCMS\src\Aero.Cms.Web\Aero.Cms.Web.csproj : warning NU1902: Package 'SharpCompress' 0.34.2 has a known moderate severity vulnerability, https://github.com/advisories/GHSA-6c8g-7p36-r338 [C:\Users\bbqch\proj\microbians\AeroCMS\src\aero.cms.slnx]
C:\Users\bbqch\proj\microbians\AeroCMS\src\Aero.Cms.Modules.Search\Aero.Cms.Modules.Search.csproj : warning NU1902: Package 'MailKit' 2.10.1 has a known moderate severity vulnerability, https://github.com/advisories/GHSA-9j88-vvj5-vhgr [C:\Users\bbqch\proj\microbians\AeroCMS\src\aero.cms.slnx]
C:\Users\bbqch\proj\microbians\AeroCMS\src\Aero.Cms.Modules.Sites\Aero.Cms.Modules.Sites.csproj : warning NU1902: Package 'MailKit' 2.10.1 has a known moderate severity vulnerability, https://github.com/advisories/GHSA-9j88-vvj5-vhgr [C:\Users\bbqch\proj\microbians\AeroCMS\src\aero.cms.slnx]
C:\Users\bbqch\proj\microbians\AeroCMS\src\Aero.Cms.CookiePolicy\Aero.Cms.CookiePolicy.csproj : warning NU1902: Package 'MailKit' 2.10.1 has a known moderate severity vulnerability, https://github.com/advisories/GHSA-9j88-vvj5-vhgr [C:\Users\bbqch\proj\microbians\AeroCMS\src\aero.cms.slnx]
C:\Users\bbqch\proj\microbians\AeroCMS\src\Aero.Cms.Modules.Settings\Aero.Cms.Modules.Settings.csproj : warning NU1902: Package 'MailKit' 2.10.1 has a known moderate severity vulnerability, https://github.com/advisories/GHSA-9j88-vvj5-vhgr [C:\Users\bbqch\proj\microbians\AeroCMS\src\aero.cms.slnx]
C:\Users\bbqch\proj\microbians\AeroCMS\src\Aero.Cms.Modules.WebOptimizer\Aero.Cms.Modules.WebOptimizer.csproj : warning NU1902: Package 'MailKit' 2.10.1 has a known moderate severity vulnerability, https://github.com/advisories/GHSA-9j88-vvj5-vhgr [C:\Users\bbqch\proj\microbians\AeroCMS\src\aero.cms.slnx]
C:\Users\bbqch\proj\microbians\AeroCMS\src\Aero.Cms.Modules.Users\Aero.Cms.Modules.Users.csproj : warning NU1902: Package 'MailKit' 2.10.1 has a known moderate severity vulnerability, https://github.com/advisories/GHSA-9j88-vvj5-vhgr [C:\Users\bbqch\proj\microbians\AeroCMS\src\aero.cms.slnx]
C:\Users\bbqch\proj\microbians\AeroCMS\src\Aero.Cms.Modules.Ai\Aero.Cms.Modules.Ai.csproj : warning NU1902: Package 'MailKit' 2.10.1 has a known moderate severity vulnerability, https://github.com/advisories/GHSA-9j88-vvj5-vhgr [C:\Users\bbqch\proj\microbians\AeroCMS\src\aero.cms.slnx]
C:\Users\bbqch\proj\microbians\AeroCMS\src\Aero.Cms.Modules.WorkOS\Aero.Cms.Modules.WorkOS.csproj : warning NU1902: Package 'MimeKit' 2.10.1 has a known moderate severity vulnerability, https://github.com/advisories/GHSA-g7hc-96xr-gvvx [C:\Users\bbqch\proj\microbians\AeroCMS\src\aero.cms.slnx]
C:\Users\bbqch\proj\microbians\AeroCMS\src\Aero.Cms.Modules.WebOptimizer\Aero.Cms.Modules.WebOptimizer.csproj : warning NU1902: Package 'MimeKit' 2.10.1 has a known moderate severity vulnerability, https://github.com/advisories/GHSA-g7hc-96xr-gvvx [C:\Users\bbqch\proj\microbians\AeroCMS\src\aero.cms.slnx]
C:\Users\bbqch\proj\microbians\AeroCMS\src\Aero.Cms.Modules.Grpc\Aero.Cms.Modules.Grpc.csproj : warning NU1902: Package 'MailKit' 2.10.1 has a known moderate severity vulnerability, https://github.com/advisories/GHSA-9j88-vvj5-vhgr [C:\Users\bbqch\proj\microbians\AeroCMS\src\aero.cms.slnx]
C:\Users\bbqch\proj\microbians\AeroCMS\src\Aero.Cms.Modules.Sites\Aero.Cms.Modules.Sites.csproj : warning NU1902: Package 'MimeKit' 2.10.1 has a known moderate severity vulnerability, https://github.com/advisories/GHSA-g7hc-96xr-gvvx [C:\Users\bbqch\proj\microbians\AeroCMS\src\aero.cms.slnx]
C:\Users\bbqch\proj\microbians\AeroCMS\src\Aero.Cms.CookiePolicy\Aero.Cms.CookiePolicy.csproj : warning NU1902: Package 'MimeKit' 2.10.1 has a known moderate severity vulnerability, https://github.com/advisories/GHSA-g7hc-96xr-gvvx [C:\Users\bbqch\proj\microbians\AeroCMS\src\aero.cms.slnx]
C:\Users\bbqch\proj\microbians\AeroCMS\src\Aero.Cms.Modules.OneTimePasscode\Aero.Cms.Modules.OneTimePasscode.csproj : warning NU1902: Package 'MimeKit' 2.10.1 has a known moderate severity vulnerability, https://github.com/advisories/GHSA-g7hc-96xr-gvvx [C:\Users\bbqch\proj\microbians\AeroCMS\src\aero.cms.slnx]
C:\Users\bbqch\proj\microbians\AeroCMS\src\Aero.Cms.Modules.Jobs\Aero.Cms.Modules.Jobs.csproj : warning NU1902: Package 'MailKit' 2.10.1 has a known moderate severity vulnerability, https://github.com/advisories/GHSA-9j88-vvj5-vhgr [C:\Users\bbqch\proj\microbians\AeroCMS\src\aero.cms.slnx]
C:\Users\bbqch\proj\microbians\AeroCMS\src\Aero.Cms.Modules.Ai\Aero.Cms.Modules.Ai.csproj : warning NU1902: Package 'MimeKit' 2.10.1 has a known moderate severity vulnerability, https://github.com/advisories/GHSA-g7hc-96xr-gvvx [C:\Users\bbqch\proj\microbians\AeroCMS\src\aero.cms.slnx]
C:\Users\bbqch\proj\microbians\AeroCMS\src\Aero.Cms.Modules.SiteMap\Aero.Cms.Modules.SiteMap.csproj : warning NU1902: Package 'MailKit' 2.10.1 has a known moderate severity vulnerability, https://github.com/advisories/GHSA-9j88-vvj5-vhgr [C:\Users\bbqch\proj\microbians\AeroCMS\src\aero.cms.slnx]
C:\Users\bbqch\proj\microbians\AeroCMS\src\Aero.Cms.Modules.Grpc\Aero.Cms.Modules.Grpc.csproj : warning NU1902: Package 'MimeKit' 2.10.1 has a known moderate severity vulnerability, https://github.com/advisories/GHSA-g7hc-96xr-gvvx [C:\Users\bbqch\proj\microbians\AeroCMS\src\aero.cms.slnx]
C:\Users\bbqch\proj\microbians\AeroCMS\src\Aero.Cms.Modules.Jobs\Aero.Cms.Modules.Jobs.csproj : warning NU1902: Package 'MimeKit' 2.10.1 has a known moderate severity vulnerability, https://github.com/advisories/GHSA-g7hc-96xr-gvvx [C:\Users\bbqch\proj\microbians\AeroCMS\src\aero.cms.slnx]
C:\Users\bbqch\proj\microbians\AeroCMS\src\Aero.Cms.Modules.Secrets\Aero.Cms.Modules.Secrets.csproj : warning NU1902: Package 'MailKit' 2.10.1 has a known moderate severity vulnerability, https://github.com/advisories/GHSA-9j88-vvj5-vhgr [C:\Users\bbqch\proj\microbians\AeroCMS\src\aero.cms.slnx]
C:\Users\bbqch\proj\microbians\AeroCMS\src\Aero.Cms.Modules.Security\Aero.Cms.Modules.Security.csproj : warning NU1902: Package 'MailKit' 2.10.1 has a known moderate severity vulnerability, https://github.com/advisories/GHSA-9j88-vvj5-vhgr [C:\Users\bbqch\proj\microbians\AeroCMS\src\aero.cms.slnx]
C:\Users\bbqch\proj\microbians\AeroCMS\src\Aero.Cms.Modules.SiteMap\Aero.Cms.Modules.SiteMap.csproj : warning NU1902: Package 'MimeKit' 2.10.1 has a known moderate severity vulnerability, https://github.com/advisories/GHSA-g7hc-96xr-gvvx [C:\Users\bbqch\proj\microbians\AeroCMS\src\aero.cms.slnx]
C:\Users\bbqch\proj\microbians\AeroCMS\Aero\src\Aero.Core\Aero.Core.csproj : warning NU1903: Package 'Newtonsoft.Json' 10.0.2 has a known high severity vulnerability, https://github.com/advisories/GHSA-5crp-9r3c-p9vr [C:\Users\bbqch\proj\microbians\AeroCMS\src\aero.cms.slnx]
C:\Users\bbqch\proj\microbians\AeroCMS\src\Aero.Cms.Modules.Commerce.Client\Aero.Cms.Modules.Commerce.Client.csproj : warning NU1902: Package 'MailKit' 2.10.1 has a known moderate severity vulnerability, https://github.com/advisories/GHSA-9j88-vvj5-vhgr [C:\Users\bbqch\proj\microbians\AeroCMS\src\aero.cms.slnx]
C:\Users\bbqch\proj\microbians\AeroCMS\src\Aero.Cms.Modules.Secrets\Aero.Cms.Modules.Secrets.csproj : warning NU1902: Package 'MimeKit' 2.10.1 has a known moderate severity vulnerability, https://github.com/advisories/GHSA-g7hc-96xr-gvvx [C:\Users\bbqch\proj\microbians\AeroCMS\src\aero.cms.slnx]
C:\Users\bbqch\proj\microbians\AeroCMS\src\Aero.Cms.Modules.Identity\Aero.Cms.Modules.Identity.csproj : warning NU1902: Package 'MailKit' 2.10.1 has a known moderate severity vulnerability, https://github.com/advisories/GHSA-9j88-vvj5-vhgr [C:\Users\bbqch\proj\microbians\AeroCMS\src\aero.cms.slnx]
C:\Users\bbqch\proj\microbians\AeroCMS\src\Aero.Cms.Modules.Security\Aero.Cms.Modules.Security.csproj : warning NU1902: Package 'MimeKit' 2.10.1 has a known moderate severity vulnerability, https://github.com/advisories/GHSA-g7hc-96xr-gvvx [C:\Users\bbqch\proj\microbians\AeroCMS\src\aero.cms.slnx]
C:\Users\bbqch\proj\microbians\AeroCMS\src\Aero.Cms.Modules.Footer\Aero.Cms.Modules.Footer.csproj : warning NU1902: Package 'MailKit' 2.10.1 has a known moderate severity vulnerability, https://github.com/advisories/GHSA-9j88-vvj5-vhgr [C:\Users\bbqch\proj\microbians\AeroCMS\src\aero.cms.slnx]
C:\Users\bbqch\proj\microbians\AeroCMS\src\Aero.Cms.Modules.Commerce.Client\Aero.Cms.Modules.Commerce.Client.csproj : warning NU1902: Package 'MimeKit' 2.10.1 has a known moderate severity vulnerability, https://github.com/advisories/GHSA-g7hc-96xr-gvvx [C:\Users\bbqch\proj\microbians\AeroCMS\src\aero.cms.slnx]
C:\Users\bbqch\proj\microbians\AeroCMS\src\Aero.Cms.Modules.Cache\Aero.Cms.Modules.Cache.csproj : warning NU1902: Package 'MailKit' 2.10.1 has a known moderate severity vulnerability, https://github.com/advisories/GHSA-9j88-vvj5-vhgr [C:\Users\bbqch\proj\microbians\AeroCMS\src\aero.cms.slnx]
C:\Users\bbqch\proj\microbians\AeroCMS\src\Aero.Cms.Modules.Identity\Aero.Cms.Modules.Identity.csproj : warning NU1902: Package 'MimeKit' 2.10.1 has a known moderate severity vulnerability, https://github.com/advisories/GHSA-g7hc-96xr-gvvx [C:\Users\bbqch\proj\microbians\AeroCMS\src\aero.cms.slnx]
C:\Users\bbqch\proj\microbians\AeroCMS\src\Aero.Cms.Modules.Localization\Aero.Cms.Modules.Localization.csproj : warning NU1902: Package 'MailKit' 2.10.1 has a known moderate severity vulnerability, https://github.com/advisories/GHSA-9j88-vvj5-vhgr [C:\Users\bbqch\proj\microbians\AeroCMS\src\aero.cms.slnx]
C:\Users\bbqch\proj\microbians\AeroCMS\src\Aero.Cms.Modules.Users\Aero.Cms.Modules.Users.csproj : warning NU1902: Package 'MimeKit' 2.10.1 has a known moderate severity vulnerability, https://github.com/advisories/GHSA-g7hc-96xr-gvvx [C:\Users\bbqch\proj\microbians\AeroCMS\src\aero.cms.slnx]
C:\Users\bbqch\proj\microbians\AeroCMS\src\Aero.Cms.Modules.Settings\Aero.Cms.Modules.Settings.csproj : warning NU1902: Package 'MimeKit' 2.10.1 has a known moderate severity vulnerability, https://github.com/advisories/GHSA-g7hc-96xr-gvvx [C:\Users\bbqch\proj\microbians\AeroCMS\src\aero.cms.slnx]
C:\Users\bbqch\proj\microbians\AeroCMS\src\Aero.Cms.Modules.MiniProfiler\Aero.Cms.Modules.MiniProfiler.csproj : warning NU1902: Package 'MailKit' 2.10.1 has a known moderate severity vulnerability, https://github.com/advisories/GHSA-9j88-vvj5-vhgr [C:\Users\bbqch\proj\microbians\AeroCMS\src\aero.cms.slnx]
C:\Users\bbqch\proj\microbians\AeroCMS\src\Aero.Cms.Modules.Footer\Aero.Cms.Modules.Footer.csproj : warning NU1902: Package 'MimeKit' 2.10.1 has a known moderate severity vulnerability, https://github.com/advisories/GHSA-g7hc-96xr-gvvx [C:\Users\bbqch\proj\microbians\AeroCMS\src\aero.cms.slnx]
C:\Users\bbqch\proj\microbians\AeroCMS\src\Aero.Cms.Modules.Cache\Aero.Cms.Modules.Cache.csproj : warning NU1902: Package 'MimeKit' 2.10.1 has a known moderate severity vulnerability, https://github.com/advisories/GHSA-g7hc-96xr-gvvx [C:\Users\bbqch\proj\microbians\AeroCMS\src\aero.cms.slnx]
C:\Users\bbqch\proj\microbians\AeroCMS\src\Aero.Cms.Modules.MagicLink\Aero.Cms.Modules.MagicLink.csproj : warning NU1902: Package 'MailKit' 2.10.1 has a known moderate severity vulnerability, https://github.com/advisories/GHSA-9j88-vvj5-vhgr [C:\Users\bbqch\proj\microbians\AeroCMS\src\aero.cms.slnx]
C:\Users\bbqch\proj\microbians\AeroCMS\src\Aero.Cms.Modules.Logging\Aero.Cms.Modules.Logging.csproj : warning NU1902: Package 'MailKit' 2.10.1 has a known moderate severity vulnerability, https://github.com/advisories/GHSA-9j88-vvj5-vhgr [C:\Users\bbqch\proj\microbians\AeroCMS\src\aero.cms.slnx]
C:\Users\bbqch\proj\microbians\AeroCMS\src\Aero.Cms.Modules.Localization\Aero.Cms.Modules.Localization.csproj : warning NU1902: Package 'MimeKit' 2.10.1 has a known moderate severity vulnerability, https://github.com/advisories/GHSA-g7hc-96xr-gvvx [C:\Users\bbqch\proj\microbians\AeroCMS\src\aero.cms.slnx]
C:\Users\bbqch\proj\microbians\AeroCMS\src\Aero.Cms.Modules.Forum\Aero.Cms.Modules.Forum.csproj : warning NU1902: Package 'MailKit' 2.10.1 has a known moderate severity vulnerability, https://github.com/advisories/GHSA-9j88-vvj5-vhgr [C:\Users\bbqch\proj\microbians\AeroCMS\src\aero.cms.slnx]
C:\Users\bbqch\proj\microbians\AeroCMS\src\Aero.Cms.Modules.Mailer\Aero.Cms.Modules.Mailer.csproj : warning NU1902: Package 'MailKit' 2.10.1 has a known moderate severity vulnerability, https://github.com/advisories/GHSA-9j88-vvj5-vhgr [C:\Users\bbqch\proj\microbians\AeroCMS\src\aero.cms.slnx]
C:\Users\bbqch\proj\microbians\AeroCMS\src\Aero.Cms.Modules.MiniProfiler\Aero.Cms.Modules.MiniProfiler.csproj : warning NU1902: Package 'MimeKit' 2.10.1 has a known moderate severity vulnerability, https://github.com/advisories/GHSA-g7hc-96xr-gvvx [C:\Users\bbqch\proj\microbians\AeroCMS\src\aero.cms.slnx]
C:\Users\bbqch\proj\microbians\AeroCMS\src\Aero.Cms.Modules.Health\Aero.Cms.Modules.Health.csproj : warning NU1902: Package 'MailKit' 2.10.1 has a known moderate severity vulnerability, https://github.com/advisories/GHSA-9j88-vvj5-vhgr [C:\Users\bbqch\proj\microbians\AeroCMS\src\aero.cms.slnx]
C:\Users\bbqch\proj\microbians\AeroCMS\src\Aero.Cms.Modules.Logging\Aero.Cms.Modules.Logging.csproj : warning NU1902: Package 'MimeKit' 2.10.1 has a known moderate severity vulnerability, https://github.com/advisories/GHSA-g7hc-96xr-gvvx [C:\Users\bbqch\proj\microbians\AeroCMS\src\aero.cms.slnx]
C:\Users\bbqch\proj\microbians\AeroCMS\src\Aero.Cms.Modules.MagicLink\Aero.Cms.Modules.MagicLink.csproj : warning NU1902: Package 'MimeKit' 2.10.1 has a known moderate severity vulnerability, https://github.com/advisories/GHSA-g7hc-96xr-gvvx [C:\Users\bbqch\proj\microbians\AeroCMS\src\aero.cms.slnx]
C:\Users\bbqch\proj\microbians\AeroCMS\src\Aero.Cms.Modules.Forum\Aero.Cms.Modules.Forum.csproj : warning NU1902: Package 'MimeKit' 2.10.1 has a known moderate severity vulnerability, https://github.com/advisories/GHSA-g7hc-96xr-gvvx [C:\Users\bbqch\proj\microbians\AeroCMS\src\aero.cms.slnx]
C:\Users\bbqch\proj\microbians\AeroCMS\src\Aero.Cms.Modules.Search\Aero.Cms.Modules.Search.csproj : warning NU1902: Package 'MimeKit' 2.10.1 has a known moderate severity vulnerability, https://github.com/advisories/GHSA-g7hc-96xr-gvvx [C:\Users\bbqch\proj\microbians\AeroCMS\src\aero.cms.slnx]
C:\Users\bbqch\proj\microbians\AeroCMS\src\Aero.Cms.Modules.Members\Aero.Cms.Modules.Members.csproj : warning NU1902: Package 'MailKit' 2.10.1 has a known moderate severity vulnerability, https://github.com/advisories/GHSA-9j88-vvj5-vhgr [C:\Users\bbqch\proj\microbians\AeroCMS\src\aero.cms.slnx]
C:\Users\bbqch\proj\microbians\AeroCMS\src\Aero.Cms.Modules.Mailer\Aero.Cms.Modules.Mailer.csproj : warning NU1902: Package 'MimeKit' 2.10.1 has a known moderate severity vulnerability, https://github.com/advisories/GHSA-g7hc-96xr-gvvx [C:\Users\bbqch\proj\microbians\AeroCMS\src\aero.cms.slnx]
C:\Users\bbqch\proj\microbians\AeroCMS\src\Aero.Cms.Modules.Tenant\Aero.Cms.Modules.Tenant.csproj : warning NU1902: Package 'MailKit' 2.10.1 has a known moderate severity vulnerability, https://github.com/advisories/GHSA-9j88-vvj5-vhgr [C:\Users\bbqch\proj\microbians\AeroCMS\src\aero.cms.slnx]
C:\Users\bbqch\proj\microbians\AeroCMS\src\Aero.Cms.Modules.Health\Aero.Cms.Modules.Health.csproj : warning NU1902: Package 'MimeKit' 2.10.1 has a known moderate severity vulnerability, https://github.com/advisories/GHSA-g7hc-96xr-gvvx [C:\Users\bbqch\proj\microbians\AeroCMS\src\aero.cms.slnx]
C:\Users\bbqch\proj\microbians\AeroCMS\src\Aero.Cms.Modules.Mcp\Aero.Cms.Modules.Mcp.csproj : warning NU1902: Package 'MailKit' 2.10.1 has a known moderate severity vulnerability, https://github.com/advisories/GHSA-9j88-vvj5-vhgr [C:\Users\bbqch\proj\microbians\AeroCMS\src\aero.cms.slnx]
C:\Users\bbqch\proj\microbians\AeroCMS\src\Aero.Cms.Modules.Theming\Aero.Cms.Modules.Theming.csproj : warning NU1902: Package 'MimeKit' 2.10.1 has a known moderate severity vulnerability, https://github.com/advisories/GHSA-g7hc-96xr-gvvx [C:\Users\bbqch\proj\microbians\AeroCMS\src\aero.cms.slnx]
C:\Users\bbqch\proj\microbians\AeroCMS\src\Aero.Cms.Modules.Members\Aero.Cms.Modules.Members.csproj : warning NU1902: Package 'MimeKit' 2.10.1 has a known moderate severity vulnerability, https://github.com/advisories/GHSA-g7hc-96xr-gvvx [C:\Users\bbqch\proj\microbians\AeroCMS\src\aero.cms.slnx]
C:\Users\bbqch\proj\microbians\AeroCMS\src\Aero.Cms.Services\Aero.Cms.Services.csproj : warning NU1902: Package 'MailKit' 2.10.1 has a known moderate severity vulnerability, https://github.com/advisories/GHSA-9j88-vvj5-vhgr [C:\Users\bbqch\proj\microbians\AeroCMS\src\aero.cms.slnx]
C:\Users\bbqch\proj\microbians\AeroCMS\src\Aero.Cms.Modules.Chat\Aero.Cms.Modules.Chat.csproj : warning NU1902: Package 'MailKit' 2.10.1 has a known moderate severity vulnerability, https://github.com/advisories/GHSA-9j88-vvj5-vhgr [C:\Users\bbqch\proj\microbians\AeroCMS\src\aero.cms.slnx]
C:\Users\bbqch\proj\microbians\AeroCMS\src\Aero.Cms.Modules.Tenant\Aero.Cms.Modules.Tenant.csproj : warning NU1902: Package 'MimeKit' 2.10.1 has a known moderate severity vulnerability, https://github.com/advisories/GHSA-g7hc-96xr-gvvx [C:\Users\bbqch\proj\microbians\AeroCMS\src\aero.cms.slnx]
C:\Users\bbqch\proj\microbians\AeroCMS\src\Aero.Cms.Modules.Mcp\Aero.Cms.Modules.Mcp.csproj : warning NU1902: Package 'MimeKit' 2.10.1 has a known moderate severity vulnerability, https://github.com/advisories/GHSA-g7hc-96xr-gvvx [C:\Users\bbqch\proj\microbians\AeroCMS\src\aero.cms.slnx]
C:\Users\bbqch\proj\microbians\AeroCMS\src\Aero.Cms.Services\Aero.Cms.Services.csproj : warning NU1902: Package 'MimeKit' 2.10.1 has a known moderate severity vulnerability, https://github.com/advisories/GHSA-g7hc-96xr-gvvx [C:\Users\bbqch\proj\microbians\AeroCMS\src\aero.cms.slnx]
C:\Users\bbqch\proj\microbians\AeroCMS\src\Aero.Cms.Modules.Chat\Aero.Cms.Modules.Chat.csproj : warning NU1902: Package 'MimeKit' 2.10.1 has a known moderate severity vulnerability, https://github.com/advisories/GHSA-g7hc-96xr-gvvx [C:\Users\bbqch\proj\microbians\AeroCMS\src\aero.cms.slnx]
C:\Users\bbqch\proj\microbians\AeroCMS\Aero\src\Aero.Marten\Aero.Marten.csproj : warning NU1903: Package 'Newtonsoft.Json' 10.0.2 has a known high severity vulnerability, https://github.com/advisories/GHSA-5crp-9r3c-p9vr [C:\Users\bbqch\proj\microbians\AeroCMS\src\aero.cms.slnx]
C:\Users\bbqch\proj\microbians\AeroCMS\src\Aero.Cms.Modules.Media\Aero.Cms.Modules.Media.csproj : warning NU1902: Package 'MailKit' 2.10.1 has a known moderate severity vulnerability, https://github.com/advisories/GHSA-9j88-vvj5-vhgr [C:\Users\bbqch\proj\microbians\AeroCMS\src\aero.cms.slnx]
C:\Users\bbqch\proj\microbians\AeroCMS\src\Aero.Cms.Modules.Media\Aero.Cms.Modules.Media.csproj : warning NU1902: Package 'MimeKit' 2.10.1 has a known moderate severity vulnerability, https://github.com/advisories/GHSA-g7hc-96xr-gvvx [C:\Users\bbqch\proj\microbians\AeroCMS\src\aero.cms.slnx]
C:\Users\bbqch\proj\microbians\AeroCMS\src\Aero.Cms.Web.Bootstrap\Aero.Cms.Web.Bootstrap.csproj : warning NU1902: Package 'MailKit' 2.10.1 has a known moderate severity vulnerability, https://github.com/advisories/GHSA-9j88-vvj5-vhgr [C:\Users\bbqch\proj\microbians\AeroCMS\src\aero.cms.slnx]
C:\Users\bbqch\proj\microbians\AeroCMS\src\Aero.Cms.Web.Bootstrap\Aero.Cms.Web.Bootstrap.csproj : warning NU1902: Package 'MimeKit' 2.10.1 has a known moderate severity vulnerability, https://github.com/advisories/GHSA-g7hc-96xr-gvvx [C:\Users\bbqch\proj\microbians\AeroCMS\src\aero.cms.slnx]
C:\Users\bbqch\proj\microbians\AeroCMS\src\Aero.Cms.Web.Bootstrap\Aero.Cms.Web.Bootstrap.csproj : warning NU1902: Package 'SharpCompress' 0.34.2 has a known moderate severity vulnerability, https://github.com/advisories/GHSA-6c8g-7p36-r338 [C:\Users\bbqch\proj\microbians\AeroCMS\src\aero.cms.slnx]
C:\Users\bbqch\proj\microbians\AeroCMS\src\Aero.Cms.Contracts\Aero.Cms.Contracts.csproj : warning NU1903: Package 'Newtonsoft.Json' 10.0.2 has a known high severity vulnerability, https://github.com/advisories/GHSA-5crp-9r3c-p9vr [C:\Users\bbqch\proj\microbians\AeroCMS\src\aero.cms.slnx]
C:\Users\bbqch\proj\microbians\AeroCMS\src\Aero.Cms.AppHost\Aero.Cms.AppHost.csproj : warning NU1902: Package 'MessagePack' 2.5.192 has a known moderate severity vulnerability, https://github.com/advisories/GHSA-2f33-pr97-265q [C:\Users\bbqch\proj\microbians\AeroCMS\src\aero.cms.slnx]
C:\Users\bbqch\proj\microbians\AeroCMS\src\Aero.Cms.AppHost\Aero.Cms.AppHost.csproj : warning NU1902: Package 'MessagePack' 2.5.192 has a known moderate severity vulnerability, https://github.com/advisories/GHSA-2x83-8g95-xh59 [C:\Users\bbqch\proj\microbians\AeroCMS\src\aero.cms.slnx]
C:\Users\bbqch\proj\microbians\AeroCMS\src\Aero.Cms.AppHost\Aero.Cms.AppHost.csproj : warning NU1902: Package 'MessagePack' 2.5.192 has a known moderate severity vulnerability, https://github.com/advisories/GHSA-cj9g-3mj2-g8vv [C:\Users\bbqch\proj\microbians\AeroCMS\src\aero.cms.slnx]
C:\Users\bbqch\proj\microbians\AeroCMS\src\Aero.Cms.AppHost\Aero.Cms.AppHost.csproj : warning NU1902: Package 'MessagePack' 2.5.192 has a known moderate severity vulnerability, https://github.com/advisories/GHSA-cxmj-83gh-fp49 [C:\Users\bbqch\proj\microbians\AeroCMS\src\aero.cms.slnx]
C:\Users\bbqch\proj\microbians\AeroCMS\src\Aero.Cms.AppHost\Aero.Cms.AppHost.csproj : warning NU1903: Package 'MessagePack' 2.5.192 has a known high severity vulnerability, https://github.com/advisories/GHSA-hv8m-jj95-wg3x [C:\Users\bbqch\proj\microbians\AeroCMS\src\aero.cms.slnx]
C:\Users\bbqch\proj\microbians\AeroCMS\src\Aero.Cms.AppHost\Aero.Cms.AppHost.csproj : warning NU1902: Package 'MessagePack' 2.5.192 has a known moderate severity vulnerability, https://github.com/advisories/GHSA-q2h6-ghwm-5qm8 [C:\Users\bbqch\proj\microbians\AeroCMS\src\aero.cms.slnx]
C:\Users\bbqch\proj\microbians\AeroCMS\src\Aero.Cms.AppHost\Aero.Cms.AppHost.csproj : warning NU1902: Package 'MessagePack' 2.5.192 has a known moderate severity vulnerability, https://github.com/advisories/GHSA-qhmf-xw27-6rqr [C:\Users\bbqch\proj\microbians\AeroCMS\src\aero.cms.slnx]
C:\Users\bbqch\proj\microbians\AeroCMS\src\Aero.Cms.AppHost\Aero.Cms.AppHost.csproj : warning NU1902: Package 'MessagePack' 2.5.192 has a known moderate severity vulnerability, https://github.com/advisories/GHSA-v72x-2h86-7f8m [C:\Users\bbqch\proj\microbians\AeroCMS\src\aero.cms.slnx]
C:\Users\bbqch\proj\microbians\AeroCMS\src\Aero.Cms.AppHost\Aero.Cms.AppHost.csproj : warning NU1903: Package 'MessagePack' 2.5.192 has a known high severity vulnerability, https://github.com/advisories/GHSA-vh6j-jc39-fggf [C:\Users\bbqch\proj\microbians\AeroCMS\src\aero.cms.slnx]
C:\Users\bbqch\proj\microbians\AeroCMS\src\Aero.Cms.AppHost\Aero.Cms.AppHost.csproj : warning NU1902: Package 'MessagePack' 2.5.192 has a known moderate severity vulnerability, https://github.com/advisories/GHSA-w567-gjr2-hm5j [C:\Users\bbqch\proj\microbians\AeroCMS\src\aero.cms.slnx]
C:\Users\bbqch\proj\microbians\AeroCMS\src\Aero.Cms.AppHost\Aero.Cms.AppHost.csproj : warning NU1902: Package 'MessagePack' 2.5.192 has a known moderate severity vulnerability, https://github.com/advisories/GHSA-wfr3-xj75-pfwh [C:\Users\bbqch\proj\microbians\AeroCMS\src\aero.cms.slnx]
C:\Users\bbqch\proj\microbians\AeroCMS\src\Aero.AppServer\Aero.AppServer.csproj : warning NU1510: PackageReference Microsoft.Extensions.Caching.Abstractions will not be pruned. Consider removing this package from your dependencies, as it is likely unnecessary. [C:\Users\bbqch\proj\microbians\AeroCMS\src\aero.cms.slnx]
C:\Users\bbqch\proj\microbians\AeroCMS\src\Aero.AppServer\Aero.AppServer.csproj : warning NU1510: PackageReference Microsoft.Extensions.Configuration.Abstractions will not be pruned. Consider removing this package from your dependencies, as it is likely unnecessary. [C:\Users\bbqch\proj\microbians\AeroCMS\src\aero.cms.slnx]
C:\Users\bbqch\proj\microbians\AeroCMS\src\Aero.AppServer\Aero.AppServer.csproj : warning NU1510: PackageReference Microsoft.Extensions.Hosting.Abstractions will not be pruned. Consider removing this package from your dependencies, as it is likely unnecessary. [C:\Users\bbqch\proj\microbians\AeroCMS\src\aero.cms.slnx]
C:\Users\bbqch\proj\microbians\AeroCMS\src\Aero.AppServer\Aero.AppServer.csproj : warning NU1510: PackageReference Microsoft.Extensions.Logging.Abstractions will not be pruned. Consider removing this package from your dependencies, as it is likely unnecessary. [C:\Users\bbqch\proj\microbians\AeroCMS\src\aero.cms.slnx]
C:\Users\bbqch\proj\microbians\AeroCMS\Aero\src\Aero.Caching\Aero.Caching.csproj : warning NU1903: Package 'Newtonsoft.Json' 10.0.2 has a known high severity vulnerability, https://github.com/advisories/GHSA-5crp-9r3c-p9vr [C:\Users\bbqch\proj\microbians\AeroCMS\src\aero.cms.slnx]
C:\Users\bbqch\proj\microbians\AeroCMS\src\Aero.AppServer\Aero.AppServer.csproj : warning NU1902: Package 'SharpCompress' 0.34.2 has a known moderate severity vulnerability, https://github.com/advisories/GHSA-6c8g-7p36-r338 [C:\Users\bbqch\proj\microbians\AeroCMS\src\aero.cms.slnx]
C:\Users\bbqch\proj\microbians\AeroCMS\src\Aero.Cms.Modules.Aliases\Aero.Cms.Modules.Aliases.csproj : warning NU1510: PackageReference Microsoft.AspNetCore.Rewrite will not be pruned. Consider removing this package from your dependencies, as it is likely unnecessary. [C:\Users\bbqch\proj\microbians\AeroCMS\src\aero.cms.slnx]
C:\Users\bbqch\proj\microbians\AeroCMS\src\Aero.Cms.Modules.Banner\Aero.Cms.Modules.Banner.csproj : warning NU1608: Detected package version outside of dependency constraint: Microsoft.CodeAnalysis.CSharp 3.7.0 requires Microsoft.CodeAnalysis.Common (= 3.7.0) but version Microsoft.CodeAnalysis.Common 5.0.0 was resolved. [C:\Users\bbqch\proj\microbians\AeroCMS\src\aero.cms.slnx]
C:\Users\bbqch\proj\microbians\AeroCMS\src\Aero.Cms.Modules.Banner\Aero.Cms.Modules.Banner.csproj : warning NU1902: Package 'MailKit' 2.10.1 has a known moderate severity vulnerability, https://github.com/advisories/GHSA-9j88-vvj5-vhgr [C:\Users\bbqch\proj\microbians\AeroCMS\src\aero.cms.slnx]
C:\Users\bbqch\proj\microbians\AeroCMS\src\Aero.Cms.Modules.Banner\Aero.Cms.Modules.Banner.csproj : warning NU1902: Package 'MimeKit' 2.10.1 has a known moderate severity vulnerability, https://github.com/advisories/GHSA-g7hc-96xr-gvvx [C:\Users\bbqch\proj\microbians\AeroCMS\src\aero.cms.slnx]
C:\Users\bbqch\proj\microbians\AeroCMS\Aero\src\Aero.Auth\Aero.Auth.csproj : warning NU1903: Package 'Newtonsoft.Json' 10.0.2 has a known high severity vulnerability, https://github.com/advisories/GHSA-5crp-9r3c-p9vr [C:\Users\bbqch\proj\microbians\AeroCMS\src\aero.cms.slnx]
C:\Users\bbqch\proj\microbians\AeroCMS\Aero\src\Aero.Social\Aero.Social.csproj : warning NU1903: Package 'Newtonsoft.Json' 10.0.2 has a known high severity vulnerability, https://github.com/advisories/GHSA-5crp-9r3c-p9vr [C:\Users\bbqch\proj\microbians\AeroCMS\src\aero.cms.slnx]
C:\Users\bbqch\proj\microbians\AeroCMS\Aero\src\Aero.SignalR\Aero.SignalR.csproj : warning NU1903: Package 'Newtonsoft.Json' 11.0.2 has a known high severity vulnerability, https://github.com/advisories/GHSA-5crp-9r3c-p9vr [C:\Users\bbqch\proj\microbians\AeroCMS\src\aero.cms.slnx]
C:\Users\bbqch\proj\microbians\AeroCMS\src\Aero.Cms.Modules.RateLimiting\Aero.Cms.Modules.RateLimiting.csproj : warning NU1608: Detected package version outside of dependency constraint: Microsoft.CodeAnalysis.CSharp 3.7.0 requires Microsoft.CodeAnalysis.Common (= 3.7.0) but version Microsoft.CodeAnalysis.Common 5.0.0 was resolved. [C:\Users\bbqch\proj\microbians\AeroCMS\src\aero.cms.slnx]
C:\Users\bbqch\proj\microbians\AeroCMS\src\Aero.Cms.Modules.RateLimiting\Aero.Cms.Modules.RateLimiting.csproj : warning NU1902: Package 'MailKit' 2.10.1 has a known moderate severity vulnerability, https://github.com/advisories/GHSA-9j88-vvj5-vhgr [C:\Users\bbqch\proj\microbians\AeroCMS\src\aero.cms.slnx]
C:\Users\bbqch\proj\microbians\AeroCMS\src\Aero.Cms.Modules.RateLimiting\Aero.Cms.Modules.RateLimiting.csproj : warning NU1902: Package 'MimeKit' 2.10.1 has a known moderate severity vulnerability, https://github.com/advisories/GHSA-g7hc-96xr-gvvx [C:\Users\bbqch\proj\microbians\AeroCMS\src\aero.cms.slnx]
C:\Users\bbqch\proj\microbians\AeroCMS\src\Aero.Cms.Modules.Blog.Importer\Aero.Cms.Modules.Blog.Importer.csproj : warning NU1608: Detected package version outside of dependency constraint: AngleSharp.Css 0.17.0 requires AngleSharp (>= 0.17.0 && < 0.18.0) but version AngleSharp 1.5.2 was resolved. [C:\Users\bbqch\proj\microbians\AeroCMS\src\aero.cms.slnx]
C:\Users\bbqch\proj\microbians\AeroCMS\src\Aero.Cms.Modules.Blog.Importer\Aero.Cms.Modules.Blog.Importer.csproj : warning NU1608: Detected package version outside of dependency constraint: HtmlSanitizer 9.0.892 requires AngleSharp (= 0.17.1) but version AngleSharp 1.5.2 was resolved. [C:\Users\bbqch\proj\microbians\AeroCMS\src\aero.cms.slnx]
C:\Users\bbqch\proj\microbians\AeroCMS\src\Aero.Cms.Modules.Blog.Importer\Aero.Cms.Modules.Blog.Importer.csproj : warning NU1608: Detected package version outside of dependency constraint: Microsoft.CodeAnalysis.CSharp 3.7.0 requires Microsoft.CodeAnalysis.Common (= 3.7.0) but version Microsoft.CodeAnalysis.Common 5.0.0 was resolved. [C:\Users\bbqch\proj\microbians\AeroCMS\src\aero.cms.slnx]
C:\Users\bbqch\proj\microbians\AeroCMS\src\Aero.Cms.Modules.Blog.Importer\Aero.Cms.Modules.Blog.Importer.csproj : warning NU1902: Package 'MailKit' 2.10.1 has a known moderate severity vulnerability, https://github.com/advisories/GHSA-9j88-vvj5-vhgr [C:\Users\bbqch\proj\microbians\AeroCMS\src\aero.cms.slnx]
C:\Users\bbqch\proj\microbians\AeroCMS\src\Aero.Cms.Modules.Blog.Importer\Aero.Cms.Modules.Blog.Importer.csproj : warning NU1902: Package 'MimeKit' 2.10.1 has a known moderate severity vulnerability, https://github.com/advisories/GHSA-g7hc-96xr-gvvx [C:\Users\bbqch\proj\microbians\AeroCMS\src\aero.cms.slnx]
C:\Users\bbqch\proj\microbians\AeroCMS\src\Aero.Cms.Modules.Posts\Aero.Cms.Modules.Posts.csproj : warning NU1608: Detected package version outside of dependency constraint: Microsoft.CodeAnalysis.CSharp 3.7.0 requires Microsoft.CodeAnalysis.Common (= 3.7.0) but version Microsoft.CodeAnalysis.Common 5.0.0 was resolved. [C:\Users\bbqch\proj\microbians\AeroCMS\src\aero.cms.slnx]
C:\Users\bbqch\proj\microbians\AeroCMS\src\Aero.Cms.Modules.Posts\Aero.Cms.Modules.Posts.csproj : warning NU1902: Package 'MailKit' 2.10.1 has a known moderate severity vulnerability, https://github.com/advisories/GHSA-9j88-vvj5-vhgr [C:\Users\bbqch\proj\microbians\AeroCMS\src\aero.cms.slnx]
C:\Users\bbqch\proj\microbians\AeroCMS\src\Aero.Cms.Modules.Posts\Aero.Cms.Modules.Posts.csproj : warning NU1902: Package 'MimeKit' 2.10.1 has a known moderate severity vulnerability, https://github.com/advisories/GHSA-g7hc-96xr-gvvx [C:\Users\bbqch\proj\microbians\AeroCMS\src\aero.cms.slnx]
C:\Users\bbqch\proj\microbians\AeroCMS\src\Aero.Cms.Modules.Aliases\Aero.Cms.Modules.Aliases.csproj : warning NU1902: Package 'MailKit' 2.10.1 has a known moderate severity vulnerability, https://github.com/advisories/GHSA-9j88-vvj5-vhgr [C:\Users\bbqch\proj\microbians\AeroCMS\src\aero.cms.slnx]
C:\Users\bbqch\proj\microbians\AeroCMS\src\Aero.Cms.Modules.Aliases\Aero.Cms.Modules.Aliases.csproj : warning NU1902: Package 'MimeKit' 2.10.1 has a known moderate severity vulnerability, https://github.com/advisories/GHSA-g7hc-96xr-gvvx [C:\Users\bbqch\proj\microbians\AeroCMS\src\aero.cms.slnx]
C:\Users\bbqch\proj\microbians\AeroCMS\Aero\src\Aero.Modular\Aero.Modular.csproj : warning NU1903: Package 'Newtonsoft.Json' 10.0.2 has a known high severity vulnerability, https://github.com/advisories/GHSA-5crp-9r3c-p9vr [C:\Users\bbqch\proj\microbians\AeroCMS\src\aero.cms.slnx]
C:\Users\bbqch\proj\microbians\AeroCMS\src\Aero.Cms.Modules.Commerce\Aero.Cms.Modules.Commerce.csproj : warning NU1902: Package 'MailKit' 2.10.1 has a known moderate severity vulnerability, https://github.com/advisories/GHSA-9j88-vvj5-vhgr [C:\Users\bbqch\proj\microbians\AeroCMS\src\aero.cms.slnx]
C:\Users\bbqch\proj\microbians\AeroCMS\src\Aero.Cms.Modules.Commerce\Aero.Cms.Modules.Commerce.csproj : warning NU1902: Package 'MimeKit' 2.10.1 has a known moderate severity vulnerability, https://github.com/advisories/GHSA-g7hc-96xr-gvvx [C:\Users\bbqch\proj\microbians\AeroCMS\src\aero.cms.slnx]
C:\Users\bbqch\proj\microbians\AeroCMS\Aero\src\Aero.Models\Aero.Models.csproj : warning NU1903: Package 'Newtonsoft.Json' 10.0.2 has a known high severity vulnerability, https://github.com/advisories/GHSA-5crp-9r3c-p9vr [C:\Users\bbqch\proj\microbians\AeroCMS\src\aero.cms.slnx]
C:\Users\bbqch\proj\microbians\AeroCMS\src\Aero.Cms.Modules.Export\Aero.Cms.Modules.Export.csproj : warning NU1608: Detected package version outside of dependency constraint: Microsoft.CodeAnalysis.CSharp 3.7.0 requires Microsoft.CodeAnalysis.Common (= 3.7.0) but version Microsoft.CodeAnalysis.Common 5.0.0 was resolved. [C:\Users\bbqch\proj\microbians\AeroCMS\src\aero.cms.slnx]
C:\Users\bbqch\proj\microbians\AeroCMS\src\Aero.Cms.Modules.Export\Aero.Cms.Modules.Export.csproj : warning NU1902: Package 'MailKit' 2.10.1 has a known moderate severity vulnerability, https://github.com/advisories/GHSA-9j88-vvj5-vhgr [C:\Users\bbqch\proj\microbians\AeroCMS\src\aero.cms.slnx]
C:\Users\bbqch\proj\microbians\AeroCMS\src\Aero.Cms.Modules.Export\Aero.Cms.Modules.Export.csproj : warning NU1902: Package 'MimeKit' 2.10.1 has a known moderate severity vulnerability, https://github.com/advisories/GHSA-g7hc-96xr-gvvx [C:\Users\bbqch\proj\microbians\AeroCMS\src\aero.cms.slnx]
C:\Users\bbqch\proj\microbians\AeroCMS\Aero\src\Aero.Validators\Aero.Validators.csproj : warning NU1903: Package 'Newtonsoft.Json' 10.0.2 has a known high severity vulnerability, https://github.com/advisories/GHSA-5crp-9r3c-p9vr [C:\Users\bbqch\proj\microbians\AeroCMS\src\aero.cms.slnx]
C:\Users\bbqch\proj\microbians\AeroCMS\src\Aero.Cms.Web.Core\Aero.Cms.Web.Core.csproj : warning NU1510: PackageReference Microsoft.Extensions.Configuration.Abstractions will not be pruned. Consider removing this package from your dependencies, as it is likely unnecessary. [C:\Users\bbqch\proj\microbians\AeroCMS\src\aero.cms.slnx]
C:\Users\bbqch\proj\microbians\AeroCMS\src\Aero.Cms.Web.Core\Aero.Cms.Web.Core.csproj : warning NU1510: PackageReference Microsoft.Extensions.Logging.Abstractions will not be pruned. Consider removing this package from your dependencies, as it is likely unnecessary. [C:\Users\bbqch\proj\microbians\AeroCMS\src\aero.cms.slnx]
C:\Users\bbqch\proj\microbians\AeroCMS\src\Aero.Cms.Modules.Docs\Aero.Cms.Modules.Docs.csproj : warning NU1608: Detected package version outside of dependency constraint: Microsoft.CodeAnalysis.CSharp 3.7.0 requires Microsoft.CodeAnalysis.Common (= 3.7.0) but version Microsoft.CodeAnalysis.Common 5.0.0 was resolved. [C:\Users\bbqch\proj\microbians\AeroCMS\src\aero.cms.slnx]
C:\Users\bbqch\proj\microbians\AeroCMS\src\Aero.Cms.Modules.Docs\Aero.Cms.Modules.Docs.csproj : warning NU1902: Package 'MailKit' 2.10.1 has a known moderate severity vulnerability, https://github.com/advisories/GHSA-9j88-vvj5-vhgr [C:\Users\bbqch\proj\microbians\AeroCMS\src\aero.cms.slnx]
C:\Users\bbqch\proj\microbians\AeroCMS\src\Aero.Cms.Modules.Docs\Aero.Cms.Modules.Docs.csproj : warning NU1902: Package 'MimeKit' 2.10.1 has a known moderate severity vulnerability, https://github.com/advisories/GHSA-g7hc-96xr-gvvx [C:\Users\bbqch\proj\microbians\AeroCMS\src\aero.cms.slnx]
C:\Users\bbqch\proj\microbians\AeroCMS\Aero\src\Aero.Web\Aero.Web.csproj : warning NU1902: Package 'MailKit' 2.10.1 has a known moderate severity vulnerability, https://github.com/advisories/GHSA-9j88-vvj5-vhgr [C:\Users\bbqch\proj\microbians\AeroCMS\src\aero.cms.slnx]
C:\Users\bbqch\proj\microbians\AeroCMS\Aero\src\Aero.Web\Aero.Web.csproj : warning NU1902: Package 'MimeKit' 2.10.1 has a known moderate severity vulnerability, https://github.com/advisories/GHSA-g7hc-96xr-gvvx [C:\Users\bbqch\proj\microbians\AeroCMS\src\aero.cms.slnx]
C:\Users\bbqch\proj\microbians\AeroCMS\src\Aero.Cms.Modules.AiAssistant\Aero.Cms.Modules.AiAssistant.csproj : warning NU1608: Detected package version outside of dependency constraint: Microsoft.CodeAnalysis.CSharp 3.7.0 requires Microsoft.CodeAnalysis.Common (= 3.7.0) but version Microsoft.CodeAnalysis.Common 5.0.0 was resolved. [C:\Users\bbqch\proj\microbians\AeroCMS\src\aero.cms.slnx]
C:\Users\bbqch\proj\microbians\AeroCMS\src\Aero.Cms.Modules.AiAssistant\Aero.Cms.Modules.AiAssistant.csproj : warning NU1902: Package 'MailKit' 2.10.1 has a known moderate severity vulnerability, https://github.com/advisories/GHSA-9j88-vvj5-vhgr [C:\Users\bbqch\proj\microbians\AeroCMS\src\aero.cms.slnx]
C:\Users\bbqch\proj\microbians\AeroCMS\src\Aero.Cms.Modules.AiAssistant\Aero.Cms.Modules.AiAssistant.csproj : warning NU1902: Package 'MimeKit' 2.10.1 has a known moderate severity vulnerability, https://github.com/advisories/GHSA-g7hc-96xr-gvvx [C:\Users\bbqch\proj\microbians\AeroCMS\src\aero.cms.slnx]
C:\Users\bbqch\proj\microbians\AeroCMS\Aero\src\Aero.EfCore\Aero.EfCore.csproj : warning NU1903: Package 'Newtonsoft.Json' 10.0.2 has a known high severity vulnerability, https://github.com/advisories/GHSA-5crp-9r3c-p9vr [C:\Users\bbqch\proj\microbians\AeroCMS\src\aero.cms.slnx]
C:\Users\bbqch\proj\microbians\AeroCMS\Aero\src\Aero.Secrets\Aero.Secrets.csproj : warning NU1903: Package 'Newtonsoft.Json' 10.0.2 has a known high severity vulnerability, https://github.com/advisories/GHSA-5crp-9r3c-p9vr [C:\Users\bbqch\proj\microbians\AeroCMS\src\aero.cms.slnx]
C:\Users\bbqch\proj\microbians\AeroCMS\src\Aero.Cms.Web.Core\Aero.Cms.Web.Core.csproj : warning NU1608: Detected package version outside of dependency constraint: Microsoft.CodeAnalysis.CSharp 3.7.0 requires Microsoft.CodeAnalysis.Common (= 3.7.0) but version Microsoft.CodeAnalysis.Common 5.0.0 was resolved. [C:\Users\bbqch\proj\microbians\AeroCMS\src\aero.cms.slnx]
C:\Users\bbqch\proj\microbians\AeroCMS\src\Aero.Cms.Web.Core\Aero.Cms.Web.Core.csproj : warning NU1902: Package 'MailKit' 2.10.1 has a known moderate severity vulnerability, https://github.com/advisories/GHSA-9j88-vvj5-vhgr [C:\Users\bbqch\proj\microbians\AeroCMS\src\aero.cms.slnx]
C:\Users\bbqch\proj\microbians\AeroCMS\src\Aero.Cms.Web.Core\Aero.Cms.Web.Core.csproj : warning NU1902: Package 'MimeKit' 2.10.1 has a known moderate severity vulnerability, https://github.com/advisories/GHSA-g7hc-96xr-gvvx [C:\Users\bbqch\proj\microbians\AeroCMS\src\aero.cms.slnx]
C:\Users\bbqch\proj\microbians\AeroCMS\src\Aero.Cms.Modules.Audit\Aero.Cms.Modules.Audit.csproj : warning NU1608: Detected package version outside of dependency constraint: Microsoft.CodeAnalysis.CSharp 3.7.0 requires Microsoft.CodeAnalysis.Common (= 3.7.0) but version Microsoft.CodeAnalysis.Common 5.0.0 was resolved. [C:\Users\bbqch\proj\microbians\AeroCMS\src\aero.cms.slnx]
C:\Users\bbqch\proj\microbians\AeroCMS\src\Aero.Cms.Modules.Audit\Aero.Cms.Modules.Audit.csproj : warning NU1902: Package 'MailKit' 2.10.1 has a known moderate severity vulnerability, https://github.com/advisories/GHSA-9j88-vvj5-vhgr [C:\Users\bbqch\proj\microbians\AeroCMS\src\aero.cms.slnx]
C:\Users\bbqch\proj\microbians\AeroCMS\src\Aero.Cms.Modules.Audit\Aero.Cms.Modules.Audit.csproj : warning NU1902: Package 'MimeKit' 2.10.1 has a known moderate severity vulnerability, https://github.com/advisories/GHSA-g7hc-96xr-gvvx [C:\Users\bbqch\proj\microbians\AeroCMS\src\aero.cms.slnx]
C:\Users\bbqch\proj\microbians\AeroCMS\src\Aero.Cms.Modules.Crm\Aero.Cms.Modules.Crm.csproj : warning NU1608: Detected package version outside of dependency constraint: Microsoft.CodeAnalysis.CSharp 3.7.0 requires Microsoft.CodeAnalysis.Common (= 3.7.0) but version Microsoft.CodeAnalysis.Common 5.0.0 was resolved. [C:\Users\bbqch\proj\microbians\AeroCMS\src\aero.cms.slnx]
C:\Users\bbqch\proj\microbians\AeroCMS\src\Aero.Cms.Modules.Crm\Aero.Cms.Modules.Crm.csproj : warning NU1902: Package 'MailKit' 2.10.1 has a known moderate severity vulnerability, https://github.com/advisories/GHSA-9j88-vvj5-vhgr [C:\Users\bbqch\proj\microbians\AeroCMS\src\aero.cms.slnx]
C:\Users\bbqch\proj\microbians\AeroCMS\src\Aero.Cms.Modules.Crm\Aero.Cms.Modules.Crm.csproj : warning NU1902: Package 'MimeKit' 2.10.1 has a known moderate severity vulnerability, https://github.com/advisories/GHSA-g7hc-96xr-gvvx [C:\Users\bbqch\proj\microbians\AeroCMS\src\aero.cms.slnx]
C:\Users\bbqch\proj\microbians\AeroCMS\src\Aero.Cms.Modules.Navigation\Aero.Cms.Modules.Navigation.csproj : warning NU1608: Detected package version outside of dependency constraint: Microsoft.CodeAnalysis.CSharp 3.7.0 requires Microsoft.CodeAnalysis.Common (= 3.7.0) but version Microsoft.CodeAnalysis.Common 5.0.0 was resolved. [C:\Users\bbqch\proj\microbians\AeroCMS\src\aero.cms.slnx]
C:\Users\bbqch\proj\microbians\AeroCMS\src\Aero.Cms.Modules.Navigation\Aero.Cms.Modules.Navigation.csproj : warning NU1902: Package 'MailKit' 2.10.1 has a known moderate severity vulnerability, https://github.com/advisories/GHSA-9j88-vvj5-vhgr [C:\Users\bbqch\proj\microbians\AeroCMS\src\aero.cms.slnx]
C:\Users\bbqch\proj\microbians\AeroCMS\src\Aero.Cms.Modules.Navigation\Aero.Cms.Modules.Navigation.csproj : warning NU1902: Package 'MimeKit' 2.10.1 has a known moderate severity vulnerability, https://github.com/advisories/GHSA-g7hc-96xr-gvvx [C:\Users\bbqch\proj\microbians\AeroCMS\src\aero.cms.slnx]
C:\Users\bbqch\proj\microbians\AeroCMS\src\Aero.Cms.Modules.Analytics\Aero.Cms.Modules.Analytics.csproj : warning NU1608: Detected package version outside of dependency constraint: Microsoft.CodeAnalysis.CSharp 3.7.0 requires Microsoft.CodeAnalysis.Common (= 3.7.0) but version Microsoft.CodeAnalysis.Common 5.0.0 was resolved. [C:\Users\bbqch\proj\microbians\AeroCMS\src\aero.cms.slnx]
C:\Users\bbqch\proj\microbians\AeroCMS\src\Aero.Cms.Modules.Analytics\Aero.Cms.Modules.Analytics.csproj : warning NU1902: Package 'MailKit' 2.10.1 has a known moderate severity vulnerability, https://github.com/advisories/GHSA-9j88-vvj5-vhgr [C:\Users\bbqch\proj\microbians\AeroCMS\src\aero.cms.slnx]
C:\Users\bbqch\proj\microbians\AeroCMS\src\Aero.Cms.Modules.Analytics\Aero.Cms.Modules.Analytics.csproj : warning NU1902: Package 'MimeKit' 2.10.1 has a known moderate severity vulnerability, https://github.com/advisories/GHSA-g7hc-96xr-gvvx [C:\Users\bbqch\proj\microbians\AeroCMS\src\aero.cms.slnx]
C:\Users\bbqch\proj\microbians\AeroCMS\src\Aero.Cms.Modules.Content\Aero.Cms.Modules.Content.csproj : warning NU1608: Detected package version outside of dependency constraint: Microsoft.CodeAnalysis.CSharp 3.7.0 requires Microsoft.CodeAnalysis.Common (= 3.7.0) but version Microsoft.CodeAnalysis.Common 5.0.0 was resolved. [C:\Users\bbqch\proj\microbians\AeroCMS\src\aero.cms.slnx]
C:\Users\bbqch\proj\microbians\AeroCMS\src\Aero.Cms.Modules.Content\Aero.Cms.Modules.Content.csproj : warning NU1902: Package 'MailKit' 2.10.1 has a known moderate severity vulnerability, https://github.com/advisories/GHSA-9j88-vvj5-vhgr [C:\Users\bbqch\proj\microbians\AeroCMS\src\aero.cms.slnx]
C:\Users\bbqch\proj\microbians\AeroCMS\src\Aero.Cms.Modules.Content\Aero.Cms.Modules.Content.csproj : warning NU1902: Package 'MimeKit' 2.10.1 has a known moderate severity vulnerability, https://github.com/advisories/GHSA-g7hc-96xr-gvvx [C:\Users\bbqch\proj\microbians\AeroCMS\src\aero.cms.slnx]
C:\Users\bbqch\proj\microbians\AeroCMS\Aero\src\Aero.Services\Aero.Services.csproj : warning NU1902: Package 'MailKit' 2.10.1 has a known moderate severity vulnerability, https://github.com/advisories/GHSA-9j88-vvj5-vhgr [C:\Users\bbqch\proj\microbians\AeroCMS\src\aero.cms.slnx]
C:\Users\bbqch\proj\microbians\AeroCMS\Aero\src\Aero.Services\Aero.Services.csproj : warning NU1902: Package 'MimeKit' 2.10.1 has a known moderate severity vulnerability, https://github.com/advisories/GHSA-g7hc-96xr-gvvx [C:\Users\bbqch\proj\microbians\AeroCMS\src\aero.cms.slnx]
C:\Users\bbqch\proj\microbians\AeroCMS\src\Aero.Cms.Modules.LettuceEncrypt\Aero.Cms.Modules.LettuceEncrypt.csproj : warning NU1608: Detected package version outside of dependency constraint: Microsoft.CodeAnalysis.CSharp 3.7.0 requires Microsoft.CodeAnalysis.Common (= 3.7.0) but version Microsoft.CodeAnalysis.Common 5.0.0 was resolved. [C:\Users\bbqch\proj\microbians\AeroCMS\src\aero.cms.slnx]
C:\Users\bbqch\proj\microbians\AeroCMS\src\Aero.Cms.Modules.LettuceEncrypt\Aero.Cms.Modules.LettuceEncrypt.csproj : warning NU1902: Package 'MailKit' 2.10.1 has a known moderate severity vulnerability, https://github.com/advisories/GHSA-9j88-vvj5-vhgr [C:\Users\bbqch\proj\microbians\AeroCMS\src\aero.cms.slnx]
C:\Users\bbqch\proj\microbians\AeroCMS\src\Aero.Cms.Modules.Manager\Aero.Cms.Modules.Manager.csproj : warning NU1608: Detected package version outside of dependency constraint: Microsoft.CodeAnalysis.CSharp 3.7.0 requires Microsoft.CodeAnalysis.Common (= 3.7.0) but version Microsoft.CodeAnalysis.Common 5.0.0 was resolved. [C:\Users\bbqch\proj\microbians\AeroCMS\src\aero.cms.slnx]
C:\Users\bbqch\proj\microbians\AeroCMS\src\Aero.Cms.Modules.LettuceEncrypt\Aero.Cms.Modules.LettuceEncrypt.csproj : warning NU1902: Package 'MimeKit' 2.10.1 has a known moderate severity vulnerability, https://github.com/advisories/GHSA-g7hc-96xr-gvvx [C:\Users\bbqch\proj\microbians\AeroCMS\src\aero.cms.slnx]
C:\Users\bbqch\proj\microbians\AeroCMS\src\Aero.Cms.Modules.Static\Aero.Cms.Modules.Static.csproj : warning NU1608: Detected package version outside of dependency constraint: Microsoft.CodeAnalysis.CSharp 3.7.0 requires Microsoft.CodeAnalysis.Common (= 3.7.0) but version Microsoft.CodeAnalysis.Common 5.0.0 was resolved. [C:\Users\bbqch\proj\microbians\AeroCMS\src\aero.cms.slnx]
C:\Users\bbqch\proj\microbians\AeroCMS\src\Aero.Cms.Modules.Manager\Aero.Cms.Modules.Manager.csproj : warning NU1902: Package 'MailKit' 2.10.1 has a known moderate severity vulnerability, https://github.com/advisories/GHSA-9j88-vvj5-vhgr [C:\Users\bbqch\proj\microbians\AeroCMS\src\aero.cms.slnx]
C:\Users\bbqch\proj\microbians\AeroCMS\src\Aero.Cms.Modules.Manager\Aero.Cms.Modules.Manager.csproj : warning NU1902: Package 'MimeKit' 2.10.1 has a known moderate severity vulnerability, https://github.com/advisories/GHSA-g7hc-96xr-gvvx [C:\Users\bbqch\proj\microbians\AeroCMS\src\aero.cms.slnx]
C:\Users\bbqch\proj\microbians\AeroCMS\src\Aero.Cms.Modules.Static\Aero.Cms.Modules.Static.csproj : warning NU1902: Package 'MailKit' 2.10.1 has a known moderate severity vulnerability, https://github.com/advisories/GHSA-9j88-vvj5-vhgr [C:\Users\bbqch\proj\microbians\AeroCMS\src\aero.cms.slnx]
C:\Users\bbqch\proj\microbians\AeroCMS\src\Aero.Cms.Modules.Static\Aero.Cms.Modules.Static.csproj : warning NU1902: Package 'MimeKit' 2.10.1 has a known moderate severity vulnerability, https://github.com/advisories/GHSA-g7hc-96xr-gvvx [C:\Users\bbqch\proj\microbians\AeroCMS\src\aero.cms.slnx]
C:\Users\bbqch\proj\microbians\AeroCMS\src\Aero.Cms.Modules.SimpleSecurity\Aero.Cms.Modules.SimpleSecurity.csproj : warning NU1608: Detected package version outside of dependency constraint: Microsoft.CodeAnalysis.CSharp 3.7.0 requires Microsoft.CodeAnalysis.Common (= 3.7.0) but version Microsoft.CodeAnalysis.Common 5.0.0 was resolved. [C:\Users\bbqch\proj\microbians\AeroCMS\src\aero.cms.slnx]
C:\Users\bbqch\proj\microbians\AeroCMS\src\Aero.Cms.Modules.SimpleSecurity\Aero.Cms.Modules.SimpleSecurity.csproj : warning NU1902: Package 'MailKit' 2.10.1 has a known moderate severity vulnerability, https://github.com/advisories/GHSA-9j88-vvj5-vhgr [C:\Users\bbqch\proj\microbians\AeroCMS\src\aero.cms.slnx]
C:\Users\bbqch\proj\microbians\AeroCMS\src\Aero.Cms.Modules.SimpleSecurity\Aero.Cms.Modules.SimpleSecurity.csproj : warning NU1902: Package 'MimeKit' 2.10.1 has a known moderate severity vulnerability, https://github.com/advisories/GHSA-g7hc-96xr-gvvx [C:\Users\bbqch\proj\microbians\AeroCMS\src\aero.cms.slnx]
C:\Users\bbqch\proj\microbians\AeroCMS\src\Aero.Cms.Modules.OutputCache\Aero.Cms.Modules.OutputCache.csproj : warning NU1608: Detected package version outside of dependency constraint: Microsoft.CodeAnalysis.CSharp 3.7.0 requires Microsoft.CodeAnalysis.Common (= 3.7.0) but version Microsoft.CodeAnalysis.Common 5.0.0 was resolved. [C:\Users\bbqch\proj\microbians\AeroCMS\src\aero.cms.slnx]
C:\Users\bbqch\proj\microbians\AeroCMS\src\Aero.Cms.Modules.OutputCache\Aero.Cms.Modules.OutputCache.csproj : warning NU1902: Package 'MailKit' 2.10.1 has a known moderate severity vulnerability, https://github.com/advisories/GHSA-9j88-vvj5-vhgr [C:\Users\bbqch\proj\microbians\AeroCMS\src\aero.cms.slnx]
C:\Users\bbqch\proj\microbians\AeroCMS\src\Aero.Cms.Modules.OutputCache\Aero.Cms.Modules.OutputCache.csproj : warning NU1902: Package 'MimeKit' 2.10.1 has a known moderate severity vulnerability, https://github.com/advisories/GHSA-g7hc-96xr-gvvx [C:\Users\bbqch\proj\microbians\AeroCMS\src\aero.cms.slnx]
C:\Users\bbqch\proj\microbians\AeroCMS\src\Aero.Cms.Modules.Tcp\Aero.Cms.Modules.Tcp.csproj : warning NU1608: Detected package version outside of dependency constraint: Microsoft.CodeAnalysis.CSharp 3.7.0 requires Microsoft.CodeAnalysis.Common (= 3.7.0) but version Microsoft.CodeAnalysis.Common 5.0.0 was resolved. [C:\Users\bbqch\proj\microbians\AeroCMS\src\aero.cms.slnx]
C:\Users\bbqch\proj\microbians\AeroCMS\src\Aero.Cms.Modules.Tcp\Aero.Cms.Modules.Tcp.csproj : warning NU1902: Package 'MailKit' 2.10.1 has a known moderate severity vulnerability, https://github.com/advisories/GHSA-9j88-vvj5-vhgr [C:\Users\bbqch\proj\microbians\AeroCMS\src\aero.cms.slnx]
C:\Users\bbqch\proj\microbians\AeroCMS\src\Aero.Cms.Modules.Tcp\Aero.Cms.Modules.Tcp.csproj : warning NU1902: Package 'MimeKit' 2.10.1 has a known moderate severity vulnerability, https://github.com/advisories/GHSA-g7hc-96xr-gvvx [C:\Users\bbqch\proj\microbians\AeroCMS\src\aero.cms.slnx]
C:\Users\bbqch\proj\microbians\AeroCMS\src\Aero.Cms.Modules.Scalar\Aero.Cms.Modules.Scalar.csproj : warning NU1608: Detected package version outside of dependency constraint: Microsoft.CodeAnalysis.CSharp 3.7.0 requires Microsoft.CodeAnalysis.Common (= 3.7.0) but version Microsoft.CodeAnalysis.Common 5.0.0 was resolved. [C:\Users\bbqch\proj\microbians\AeroCMS\src\aero.cms.slnx]
C:\Users\bbqch\proj\microbians\AeroCMS\src\Aero.Cms.Modules.Scalar\Aero.Cms.Modules.Scalar.csproj : warning NU1902: Package 'MailKit' 2.10.1 has a known moderate severity vulnerability, https://github.com/advisories/GHSA-9j88-vvj5-vhgr [C:\Users\bbqch\proj\microbians\AeroCMS\src\aero.cms.slnx]
C:\Users\bbqch\proj\microbians\AeroCMS\src\Aero.Cms.Modules.Scalar\Aero.Cms.Modules.Scalar.csproj : warning NU1902: Package 'MimeKit' 2.10.1 has a known moderate severity vulnerability, https://github.com/advisories/GHSA-g7hc-96xr-gvvx [C:\Users\bbqch\proj\microbians\AeroCMS\src\aero.cms.slnx]
C:\Users\bbqch\proj\microbians\AeroCMS\src\Aero.Cms.Db.Marten\Aero.Cms.Db.Marten.csproj : warning NU1902: Package 'SharpCompress' 0.34.2 has a known moderate severity vulnerability, https://github.com/advisories/GHSA-6c8g-7p36-r338 [C:\Users\bbqch\proj\microbians\AeroCMS\src\aero.cms.slnx]
C:\Users\bbqch\proj\microbians\AeroCMS\src\Aero.Cms.Modules.Pages\Aero.Cms.Modules.Pages.csproj : warning NU1608: Detected package version outside of dependency constraint: Microsoft.CodeAnalysis.CSharp 3.7.0 requires Microsoft.CodeAnalysis.Common (= 3.7.0) but version Microsoft.CodeAnalysis.Common 5.0.0 was resolved. [C:\Users\bbqch\proj\microbians\AeroCMS\src\aero.cms.slnx]
C:\Users\bbqch\proj\microbians\AeroCMS\src\Aero.Cms.Modules.Pages\Aero.Cms.Modules.Pages.csproj : warning NU1902: Package 'MailKit' 2.10.1 has a known moderate severity vulnerability, https://github.com/advisories/GHSA-9j88-vvj5-vhgr [C:\Users\bbqch\proj\microbians\AeroCMS\src\aero.cms.slnx]
C:\Users\bbqch\proj\microbians\AeroCMS\src\Aero.Cms.Modules.Pages\Aero.Cms.Modules.Pages.csproj : warning NU1902: Package 'MimeKit' 2.10.1 has a known moderate severity vulnerability, https://github.com/advisories/GHSA-g7hc-96xr-gvvx [C:\Users\bbqch\proj\microbians\AeroCMS\src\aero.cms.slnx]
C:\Users\bbqch\proj\microbians\AeroCMS\src\Aero.Cms.Modules.Jwt\Aero.Cms.Modules.Jwt.csproj : warning NU1608: Detected package version outside of dependency constraint: Microsoft.CodeAnalysis.CSharp 3.7.0 requires Microsoft.CodeAnalysis.Common (= 3.7.0) but version Microsoft.CodeAnalysis.Common 5.0.0 was resolved. [C:\Users\bbqch\proj\microbians\AeroCMS\src\aero.cms.slnx]
C:\Users\bbqch\proj\microbians\AeroCMS\src\Aero.Cms.Modules.Jwt\Aero.Cms.Modules.Jwt.csproj : warning NU1902: Package 'MailKit' 2.10.1 has a known moderate severity vulnerability, https://github.com/advisories/GHSA-9j88-vvj5-vhgr [C:\Users\bbqch\proj\microbians\AeroCMS\src\aero.cms.slnx]
C:\Users\bbqch\proj\microbians\AeroCMS\src\Aero.Cms.Modules.Jwt\Aero.Cms.Modules.Jwt.csproj : warning NU1902: Package 'MimeKit' 2.10.1 has a known moderate severity vulnerability, https://github.com/advisories/GHSA-g7hc-96xr-gvvx [C:\Users\bbqch\proj\microbians\AeroCMS\src\aero.cms.slnx]
C:\Users\bbqch\proj\microbians\AeroCMS\src\Aero.Cms.Modules.OpenTelemetry\Aero.Cms.Modules.OpenTelemetry.csproj : warning NU1608: Detected package version outside of dependency constraint: Microsoft.CodeAnalysis.CSharp 3.7.0 requires Microsoft.CodeAnalysis.Common (= 3.7.0) but version Microsoft.CodeAnalysis.Common 5.0.0 was resolved. [C:\Users\bbqch\proj\microbians\AeroCMS\src\aero.cms.slnx]
C:\Users\bbqch\proj\microbians\AeroCMS\src\Aero.Cms.Modules.OpenTelemetry\Aero.Cms.Modules.OpenTelemetry.csproj : warning NU1902: Package 'MailKit' 2.10.1 has a known moderate severity vulnerability, https://github.com/advisories/GHSA-9j88-vvj5-vhgr [C:\Users\bbqch\proj\microbians\AeroCMS\src\aero.cms.slnx]
C:\Users\bbqch\proj\microbians\AeroCMS\src\Aero.Cms.Modules.OpenTelemetry\Aero.Cms.Modules.OpenTelemetry.csproj : warning NU1902: Package 'MimeKit' 2.10.1 has a known moderate severity vulnerability, https://github.com/advisories/GHSA-g7hc-96xr-gvvx [C:\Users\bbqch\proj\microbians\AeroCMS\src\aero.cms.slnx]
C:\Users\bbqch\proj\microbians\AeroCMS\tests\Aero.Cms.Modules.Footer.Tests\Aero.Cms.Modules.Footer.Tests.csproj : warning NU1608: Detected package version outside of dependency constraint: Microsoft.CodeAnalysis.CSharp 3.7.0 requires Microsoft.CodeAnalysis.Common (= 3.7.0) but version Microsoft.CodeAnalysis.Common 5.0.0 was resolved. [C:\Users\bbqch\proj\microbians\AeroCMS\src\aero.cms.slnx]
C:\Users\bbqch\proj\microbians\AeroCMS\tests\Aero.Cms.Modules.Footer.Tests\Aero.Cms.Modules.Footer.Tests.csproj : warning NU1902: Package 'MailKit' 2.10.1 has a known moderate severity vulnerability, https://github.com/advisories/GHSA-9j88-vvj5-vhgr [C:\Users\bbqch\proj\microbians\AeroCMS\src\aero.cms.slnx]
C:\Users\bbqch\proj\microbians\AeroCMS\tests\Aero.Cms.Modules.Footer.Tests\Aero.Cms.Modules.Footer.Tests.csproj : warning NU1902: Package 'MimeKit' 2.10.1 has a known moderate severity vulnerability, https://github.com/advisories/GHSA-g7hc-96xr-gvvx [C:\Users\bbqch\proj\microbians\AeroCMS\src\aero.cms.slnx]
C:\Users\bbqch\proj\microbians\AeroCMS\src\Aero.Cms.Modules.RequestLog\Aero.Cms.Modules.RequestLog.csproj : warning NU1608: Detected package version outside of dependency constraint: Microsoft.CodeAnalysis.CSharp 3.7.0 requires Microsoft.CodeAnalysis.Common (= 3.7.0) but version Microsoft.CodeAnalysis.Common 5.0.0 was resolved. [C:\Users\bbqch\proj\microbians\AeroCMS\src\aero.cms.slnx]
C:\Users\bbqch\proj\microbians\AeroCMS\src\Aero.Cms.Modules.RequestLog\Aero.Cms.Modules.RequestLog.csproj : warning NU1902: Package 'MailKit' 2.10.1 has a known moderate severity vulnerability, https://github.com/advisories/GHSA-9j88-vvj5-vhgr [C:\Users\bbqch\proj\microbians\AeroCMS\src\aero.cms.slnx]
C:\Users\bbqch\proj\microbians\AeroCMS\src\Aero.Cms.Modules.RequestLog\Aero.Cms.Modules.RequestLog.csproj : warning NU1902: Package 'MimeKit' 2.10.1 has a known moderate severity vulnerability, https://github.com/advisories/GHSA-g7hc-96xr-gvvx [C:\Users\bbqch\proj\microbians\AeroCMS\src\aero.cms.slnx]
C:\Users\bbqch\proj\microbians\AeroCMS\src\Aero.Cms.Modules.Setup\Aero.Cms.Modules.Setup.csproj : warning NU1902: Package 'MailKit' 2.10.1 has a known moderate severity vulnerability, https://github.com/advisories/GHSA-9j88-vvj5-vhgr [C:\Users\bbqch\proj\microbians\AeroCMS\src\aero.cms.slnx]
C:\Users\bbqch\proj\microbians\AeroCMS\src\Aero.Cms.Modules.Setup\Aero.Cms.Modules.Setup.csproj : warning NU1902: Package 'MimeKit' 2.10.1 has a known moderate severity vulnerability, https://github.com/advisories/GHSA-g7hc-96xr-gvvx [C:\Users\bbqch\proj\microbians\AeroCMS\src\aero.cms.slnx]
C:\Users\bbqch\proj\microbians\AeroCMS\src\Aero.Cms.Modules.Setup\Aero.Cms.Modules.Setup.csproj : warning NU1902: Package 'SharpCompress' 0.34.2 has a known moderate severity vulnerability, https://github.com/advisories/GHSA-6c8g-7p36-r338 [C:\Users\bbqch\proj\microbians\AeroCMS\src\aero.cms.slnx]
C:\Users\bbqch\proj\microbians\AeroCMS\tests\Aero.Cms.Core.Tests\Aero.Cms.Core.Tests.csproj : warning NU1902: Package 'MailKit' 2.10.1 has a known moderate severity vulnerability, https://github.com/advisories/GHSA-9j88-vvj5-vhgr [C:\Users\bbqch\proj\microbians\AeroCMS\src\aero.cms.slnx]
C:\Users\bbqch\proj\microbians\AeroCMS\tests\Aero.Cms.Core.Tests\Aero.Cms.Core.Tests.csproj : warning NU1902: Package 'MimeKit' 2.10.1 has a known moderate severity vulnerability, https://github.com/advisories/GHSA-g7hc-96xr-gvvx [C:\Users\bbqch\proj\microbians\AeroCMS\src\aero.cms.slnx]
C:\Users\bbqch\proj\microbians\AeroCMS\tests\Aero.Cms.Core.Tests\Aero.Cms.Core.Tests.csproj : warning NU1902: Package 'SharpCompress' 0.34.2 has a known moderate severity vulnerability, https://github.com/advisories/GHSA-6c8g-7p36-r338 [C:\Users\bbqch\proj\microbians\AeroCMS\src\aero.cms.slnx]
C:\Users\bbqch\proj\microbians\AeroCMS\src\Aero.AppServer\Aero.AppServer.csproj : warning NU1510: PackageReference Microsoft.Extensions.Caching.Abstractions will not be pruned. Consider removing this package from your dependencies, as it is likely unnecessary.
C:\Users\bbqch\proj\microbians\AeroCMS\src\Aero.AppServer\Aero.AppServer.csproj : warning NU1510: PackageReference Microsoft.Extensions.Configuration.Abstractions will not be pruned. Consider removing this package from your dependencies, as it is likely unnecessary.
C:\Users\bbqch\proj\microbians\AeroCMS\src\Aero.AppServer\Aero.AppServer.csproj : warning NU1510: PackageReference Microsoft.Extensions.Hosting.Abstractions will not be pruned. Consider removing this package from your dependencies, as it is likely unnecessary.
C:\Users\bbqch\proj\microbians\AeroCMS\src\Aero.AppServer\Aero.AppServer.csproj : warning NU1510: PackageReference Microsoft.Extensions.Logging.Abstractions will not be pruned. Consider removing this package from your dependencies, as it is likely unnecessary.
C:\Users\bbqch\proj\microbians\AeroCMS\src\Aero.AppServer\Aero.AppServer.csproj : warning NU1902: Package 'SharpCompress' 0.34.2 has a known moderate severity vulnerability, https://github.com/advisories/GHSA-6c8g-7p36-r338
C:\Users\bbqch\proj\microbians\AeroCMS\Aero\src\Aero.Secrets\Aero.Secrets.csproj : warning NU1903: Package 'Newtonsoft.Json' 10.0.2 has a known high severity vulnerability, https://github.com/advisories/GHSA-5crp-9r3c-p9vr
C:\Users\bbqch\proj\microbians\AeroCMS\src\Aero.Cms.Contracts\Aero.Cms.Contracts.csproj : warning NU1903: Package 'Newtonsoft.Json' 10.0.2 has a known high severity vulnerability, https://github.com/advisories/GHSA-5crp-9r3c-p9vr
C:\Users\bbqch\proj\microbians\AeroCMS\Aero\src\Aero.EfCore\Aero.EfCore.csproj : warning NU1903: Package 'Newtonsoft.Json' 10.0.2 has a known high severity vulnerability, https://github.com/advisories/GHSA-5crp-9r3c-p9vr
C:\Users\bbqch\proj\microbians\AeroCMS\Aero\src\Aero.Modular\Aero.Modular.csproj : warning NU1903: Package 'Newtonsoft.Json' 10.0.2 has a known high severity vulnerability, https://github.com/advisories/GHSA-5crp-9r3c-p9vr
C:\Users\bbqch\proj\microbians\AeroCMS\Aero\src\Aero.Validators\Aero.Validators.csproj : warning NU1903: Package 'Newtonsoft.Json' 10.0.2 has a known high severity vulnerability, https://github.com/advisories/GHSA-5crp-9r3c-p9vr
C:\Users\bbqch\proj\microbians\AeroCMS\Aero\src\Aero.Marten\Aero.Marten.csproj : warning NU1903: Package 'Newtonsoft.Json' 10.0.2 has a known high severity vulnerability, https://github.com/advisories/GHSA-5crp-9r3c-p9vr
C:\Users\bbqch\proj\microbians\AeroCMS\Aero\src\Aero.Web\Aero.Web.csproj : warning NU1902: Package 'MailKit' 2.10.1 has a known moderate severity vulnerability, https://github.com/advisories/GHSA-9j88-vvj5-vhgr
C:\Users\bbqch\proj\microbians\AeroCMS\Aero\src\Aero.Web\Aero.Web.csproj : warning NU1902: Package 'MimeKit' 2.10.1 has a known moderate severity vulnerability, https://github.com/advisories/GHSA-g7hc-96xr-gvvx
C:\Users\bbqch\proj\microbians\AeroCMS\Aero\src\Aero.Models\Aero.Models.csproj : warning NU1903: Package 'Newtonsoft.Json' 10.0.2 has a known high severity vulnerability, https://github.com/advisories/GHSA-5crp-9r3c-p9vr
C:\Users\bbqch\proj\microbians\AeroCMS\src\Aero.Cms.Web.Core\Aero.Cms.Web.Core.csproj : warning NU1510: PackageReference Microsoft.Extensions.Configuration.Abstractions will not be pruned. Consider removing this package from your dependencies, as it is likely unnecessary.
C:\Users\bbqch\proj\microbians\AeroCMS\src\Aero.Cms.Web.Core\Aero.Cms.Web.Core.csproj : warning NU1510: PackageReference Microsoft.Extensions.Logging.Abstractions will not be pruned. Consider removing this package from your dependencies, as it is likely unnecessary.
C:\Users\bbqch\proj\microbians\AeroCMS\Aero\src\Aero.Services\Aero.Services.csproj : warning NU1902: Package 'MailKit' 2.10.1 has a known moderate severity vulnerability, https://github.com/advisories/GHSA-9j88-vvj5-vhgr
C:\Users\bbqch\proj\microbians\AeroCMS\Aero\src\Aero.Services\Aero.Services.csproj : warning NU1902: Package 'MimeKit' 2.10.1 has a known moderate severity vulnerability, https://github.com/advisories/GHSA-g7hc-96xr-gvvx
C:\Users\bbqch\proj\microbians\AeroCMS\src\Aero.Cms.Web.Core\Aero.Cms.Web.Core.csproj : warning NU1608: Detected package version outside of dependency constraint: Microsoft.CodeAnalysis.CSharp 3.7.0 requires Microsoft.CodeAnalysis.Common (= 3.7.0) but version Microsoft.CodeAnalysis.Common 5.0.0 was resolved.
C:\Users\bbqch\proj\microbians\AeroCMS\src\Aero.Cms.Web.Core\Aero.Cms.Web.Core.csproj : warning NU1902: Package 'MailKit' 2.10.1 has a known moderate severity vulnerability, https://github.com/advisories/GHSA-9j88-vvj5-vhgr
C:\Users\bbqch\proj\microbians\AeroCMS\src\Aero.Cms.Web.Core\Aero.Cms.Web.Core.csproj : warning NU1902: Package 'MimeKit' 2.10.1 has a known moderate severity vulnerability, https://github.com/advisories/GHSA-g7hc-96xr-gvvx
C:\Users\bbqch\proj\microbians\AeroCMS\Aero\src\Aero.Auth\Aero.Auth.csproj : warning NU1903: Package 'Newtonsoft.Json' 10.0.2 has a known high severity vulnerability, https://github.com/advisories/GHSA-5crp-9r3c-p9vr
C:\Users\bbqch\proj\microbians\AeroCMS\Aero\src\Aero.Social\Aero.Social.csproj : warning NU1903: Package 'Newtonsoft.Json' 10.0.2 has a known high severity vulnerability, https://github.com/advisories/GHSA-5crp-9r3c-p9vr
C:\Users\bbqch\proj\microbians\AeroCMS\src\Aero.Cms.Db.Marten\Aero.Cms.Db.Marten.csproj : warning NU1902: Package 'SharpCompress' 0.34.2 has a known moderate severity vulnerability, https://github.com/advisories/GHSA-6c8g-7p36-r338
C:\Users\bbqch\proj\microbians\AeroCMS\Aero\src\Aero.SignalR\Aero.SignalR.csproj : warning NU1903: Package 'Newtonsoft.Json' 11.0.2 has a known high severity vulnerability, https://github.com/advisories/GHSA-5crp-9r3c-p9vr
C:\Users\bbqch\proj\microbians\AeroCMS\Aero\src\Aero.Core\Aero.Core.csproj : warning NU1903: Package 'Newtonsoft.Json' 10.0.2 has a known high severity vulnerability, https://github.com/advisories/GHSA-5crp-9r3c-p9vr
C:\Users\bbqch\proj\microbians\AeroCMS\Aero\src\Aero.Caching\Aero.Caching.csproj : warning NU1903: Package 'Newtonsoft.Json' 10.0.2 has a known high severity vulnerability, https://github.com/advisories/GHSA-5crp-9r3c-p9vr
C:\Users\bbqch\proj\microbians\AeroCMS\src\Aero.Cms.Services\Aero.Cms.Services.csproj : warning NU1608: Detected package version outside of dependency constraint: Microsoft.CodeAnalysis.CSharp 3.7.0 requires Microsoft.CodeAnalysis.Common (= 3.7.0) but version Microsoft.CodeAnalysis.Common 5.0.0 was resolved.
C:\Users\bbqch\proj\microbians\AeroCMS\src\Aero.Cms.Services\Aero.Cms.Services.csproj : warning NU1902: Package 'MailKit' 2.10.1 has a known moderate severity vulnerability, https://github.com/advisories/GHSA-9j88-vvj5-vhgr
C:\Users\bbqch\proj\microbians\AeroCMS\src\Aero.Cms.Services\Aero.Cms.Services.csproj : warning NU1902: Package 'MimeKit' 2.10.1 has a known moderate severity vulnerability, https://github.com/advisories/GHSA-g7hc-96xr-gvvx
C:\Users\bbqch\proj\microbians\AeroCMS\src\Aero.Cms.CookiePolicy\Aero.Cms.CookiePolicy.csproj : warning NU1608: Detected package version outside of dependency constraint: Microsoft.CodeAnalysis.CSharp 3.7.0 requires Microsoft.CodeAnalysis.Common (= 3.7.0) but version Microsoft.CodeAnalysis.Common 5.0.0 was resolved.
C:\Users\bbqch\proj\microbians\AeroCMS\src\Aero.Cms.CookiePolicy\Aero.Cms.CookiePolicy.csproj : warning NU1902: Package 'MailKit' 2.10.1 has a known moderate severity vulnerability, https://github.com/advisories/GHSA-9j88-vvj5-vhgr
C:\Users\bbqch\proj\microbians\AeroCMS\src\Aero.Cms.CookiePolicy\Aero.Cms.CookiePolicy.csproj : warning NU1902: Package 'MimeKit' 2.10.1 has a known moderate severity vulnerability, https://github.com/advisories/GHSA-g7hc-96xr-gvvx
C:\Users\bbqch\proj\microbians\AeroCMS\src\Aero.Cms.Web.Bootstrap\Aero.Cms.Web.Bootstrap.csproj : warning NU1902: Package 'MailKit' 2.10.1 has a known moderate severity vulnerability, https://github.com/advisories/GHSA-9j88-vvj5-vhgr
C:\Users\bbqch\proj\microbians\AeroCMS\src\Aero.Cms.Web.Bootstrap\Aero.Cms.Web.Bootstrap.csproj : warning NU1902: Package 'MimeKit' 2.10.1 has a known moderate severity vulnerability, https://github.com/advisories/GHSA-g7hc-96xr-gvvx
C:\Users\bbqch\proj\microbians\AeroCMS\src\Aero.Cms.Web.Bootstrap\Aero.Cms.Web.Bootstrap.csproj : warning NU1902: Package 'SharpCompress' 0.34.2 has a known moderate severity vulnerability, https://github.com/advisories/GHSA-6c8g-7p36-r338
C:\Users\bbqch\proj\microbians\AeroCMS\src\Aero.Cms.Modules.Banner\Aero.Cms.Modules.Banner.csproj : warning NU1608: Detected package version outside of dependency constraint: Microsoft.CodeAnalysis.CSharp 3.7.0 requires Microsoft.CodeAnalysis.Common (= 3.7.0) but version Microsoft.CodeAnalysis.Common 5.0.0 was resolved.
C:\Users\bbqch\proj\microbians\AeroCMS\src\Aero.Cms.Modules.Banner\Aero.Cms.Modules.Banner.csproj : warning NU1902: Package 'MailKit' 2.10.1 has a known moderate severity vulnerability, https://github.com/advisories/GHSA-9j88-vvj5-vhgr
C:\Users\bbqch\proj\microbians\AeroCMS\src\Aero.Cms.Modules.Banner\Aero.Cms.Modules.Banner.csproj : warning NU1902: Package 'MimeKit' 2.10.1 has a known moderate severity vulnerability, https://github.com/advisories/GHSA-g7hc-96xr-gvvx
C:\Users\bbqch\proj\microbians\AeroCMS\src\Aero.Cms.Modules.Audit\Aero.Cms.Modules.Audit.csproj : warning NU1608: Detected package version outside of dependency constraint: Microsoft.CodeAnalysis.CSharp 3.7.0 requires Microsoft.CodeAnalysis.Common (= 3.7.0) but version Microsoft.CodeAnalysis.Common 5.0.0 was resolved.
C:\Users\bbqch\proj\microbians\AeroCMS\src\Aero.Cms.Modules.Audit\Aero.Cms.Modules.Audit.csproj : warning NU1902: Package 'MailKit' 2.10.1 has a known moderate severity vulnerability, https://github.com/advisories/GHSA-9j88-vvj5-vhgr
C:\Users\bbqch\proj\microbians\AeroCMS\src\Aero.Cms.Modules.Audit\Aero.Cms.Modules.Audit.csproj : warning NU1902: Package 'MimeKit' 2.10.1 has a known moderate severity vulnerability, https://github.com/advisories/GHSA-g7hc-96xr-gvvx
C:\Users\bbqch\proj\microbians\AeroCMS\src\Aero.Cms.Modules.Analytics\Aero.Cms.Modules.Analytics.csproj : warning NU1608: Detected package version outside of dependency constraint: Microsoft.CodeAnalysis.CSharp 3.7.0 requires Microsoft.CodeAnalysis.Common (= 3.7.0) but version Microsoft.CodeAnalysis.Common 5.0.0 was resolved.
C:\Users\bbqch\proj\microbians\AeroCMS\src\Aero.Cms.Modules.Analytics\Aero.Cms.Modules.Analytics.csproj : warning NU1902: Package 'MailKit' 2.10.1 has a known moderate severity vulnerability, https://github.com/advisories/GHSA-9j88-vvj5-vhgr
C:\Users\bbqch\proj\microbians\AeroCMS\src\Aero.Cms.Modules.Analytics\Aero.Cms.Modules.Analytics.csproj : warning NU1902: Package 'MimeKit' 2.10.1 has a known moderate severity vulnerability, https://github.com/advisories/GHSA-g7hc-96xr-gvvx
C:\Users\bbqch\proj\microbians\AeroCMS\src\Aero.Cms.Modules.Docs\Aero.Cms.Modules.Docs.csproj : warning NU1608: Detected package version outside of dependency constraint: Microsoft.CodeAnalysis.CSharp 3.7.0 requires Microsoft.CodeAnalysis.Common (= 3.7.0) but version Microsoft.CodeAnalysis.Common 5.0.0 was resolved.
C:\Users\bbqch\proj\microbians\AeroCMS\src\Aero.Cms.Modules.Docs\Aero.Cms.Modules.Docs.csproj : warning NU1902: Package 'MailKit' 2.10.1 has a known moderate severity vulnerability, https://github.com/advisories/GHSA-9j88-vvj5-vhgr
C:\Users\bbqch\proj\microbians\AeroCMS\src\Aero.Cms.Modules.Docs\Aero.Cms.Modules.Docs.csproj : warning NU1902: Package 'MimeKit' 2.10.1 has a known moderate severity vulnerability, https://github.com/advisories/GHSA-g7hc-96xr-gvvx
C:\Users\bbqch\proj\microbians\AeroCMS\src\Aero.Cms.Modules.Cache\Aero.Cms.Modules.Cache.csproj : warning NU1608: Detected package version outside of dependency constraint: Microsoft.CodeAnalysis.CSharp 3.7.0 requires Microsoft.CodeAnalysis.Common (= 3.7.0) but version Microsoft.CodeAnalysis.Common 5.0.0 was resolved.
C:\Users\bbqch\proj\microbians\AeroCMS\src\Aero.Cms.Modules.Cache\Aero.Cms.Modules.Cache.csproj : warning NU1902: Package 'MailKit' 2.10.1 has a known moderate severity vulnerability, https://github.com/advisories/GHSA-9j88-vvj5-vhgr
C:\Users\bbqch\proj\microbians\AeroCMS\src\Aero.Cms.Modules.Cache\Aero.Cms.Modules.Cache.csproj : warning NU1902: Package 'MimeKit' 2.10.1 has a known moderate severity vulnerability, https://github.com/advisories/GHSA-g7hc-96xr-gvvx
C:\Users\bbqch\proj\microbians\AeroCMS\src\Aero.Cms.Web\Aero.Cms.Web.csproj : warning NU1510: PackageReference Microsoft.Extensions.Logging.Abstractions will not be pruned. Consider removing this package from your dependencies, as it is likely unnecessary.
C:\Users\bbqch\proj\microbians\AeroCMS\src\Aero.Cms.Web\Aero.Cms.Web.csproj : warning NU1608: Detected package version outside of dependency constraint: HtmlSanitizer 9.0.892 requires AngleSharp (= 0.17.1) but version AngleSharp 1.5.2 was resolved.
C:\Users\bbqch\proj\microbians\AeroCMS\src\Aero.Cms.Web\Aero.Cms.Web.csproj : warning NU1608: Detected package version outside of dependency constraint: AngleSharp.Css 0.17.0 requires AngleSharp (>= 0.17.0 && < 0.18.0) but version AngleSharp 1.5.2 was resolved.
C:\Users\bbqch\proj\microbians\AeroCMS\src\Aero.Cms.Web\Aero.Cms.Web.csproj : warning NU1902: Package 'SharpCompress' 0.34.2 has a known moderate severity vulnerability, https://github.com/advisories/GHSA-6c8g-7p36-r338
C:\Users\bbqch\proj\microbians\AeroCMS\src\Aero.Cms.Modules.Ai\Aero.Cms.Modules.Ai.csproj : warning NU1608: Detected package version outside of dependency constraint: Microsoft.CodeAnalysis.CSharp 3.7.0 requires Microsoft.CodeAnalysis.Common (= 3.7.0) but version Microsoft.CodeAnalysis.Common 5.0.0 was resolved.
C:\Users\bbqch\proj\microbians\AeroCMS\src\Aero.Cms.Modules.Ai\Aero.Cms.Modules.Ai.csproj : warning NU1902: Package 'MailKit' 2.10.1 has a known moderate severity vulnerability, https://github.com/advisories/GHSA-9j88-vvj5-vhgr
C:\Users\bbqch\proj\microbians\AeroCMS\src\Aero.Cms.Modules.Ai\Aero.Cms.Modules.Ai.csproj : warning NU1902: Package 'MimeKit' 2.10.1 has a known moderate severity vulnerability, https://github.com/advisories/GHSA-g7hc-96xr-gvvx
C:\Users\bbqch\proj\microbians\AeroCMS\src\Aero.Cms.Modules.Aliases\Aero.Cms.Modules.Aliases.csproj : warning NU1510: PackageReference Microsoft.AspNetCore.Rewrite will not be pruned. Consider removing this package from your dependencies, as it is likely unnecessary.
C:\Users\bbqch\proj\microbians\AeroCMS\src\Aero.Cms.Modules.Aliases\Aero.Cms.Modules.Aliases.csproj : warning NU1902: Package 'MailKit' 2.10.1 has a known moderate severity vulnerability, https://github.com/advisories/GHSA-9j88-vvj5-vhgr
C:\Users\bbqch\proj\microbians\AeroCMS\src\Aero.Cms.Modules.Aliases\Aero.Cms.Modules.Aliases.csproj : warning NU1902: Package 'MimeKit' 2.10.1 has a known moderate severity vulnerability, https://github.com/advisories/GHSA-g7hc-96xr-gvvx
C:\Users\bbqch\proj\microbians\AeroCMS\src\Aero.Cms.Modules.Blog.Importer\Aero.Cms.Modules.Blog.Importer.csproj : warning NU1608: Detected package version outside of dependency constraint: AngleSharp.Css 0.17.0 requires AngleSharp (>= 0.17.0 && < 0.18.0) but version AngleSharp 1.5.2 was resolved.
C:\Users\bbqch\proj\microbians\AeroCMS\src\Aero.Cms.Modules.Blog.Importer\Aero.Cms.Modules.Blog.Importer.csproj : warning NU1608: Detected package version outside of dependency constraint: HtmlSanitizer 9.0.892 requires AngleSharp (= 0.17.1) but version AngleSharp 1.5.2 was resolved.
C:\Users\bbqch\proj\microbians\AeroCMS\src\Aero.Cms.Modules.Blog.Importer\Aero.Cms.Modules.Blog.Importer.csproj : warning NU1608: Detected package version outside of dependency constraint: Microsoft.CodeAnalysis.CSharp 3.7.0 requires Microsoft.CodeAnalysis.Common (= 3.7.0) but version Microsoft.CodeAnalysis.Common 5.0.0 was resolved.
C:\Users\bbqch\proj\microbians\AeroCMS\src\Aero.Cms.Modules.Blog.Importer\Aero.Cms.Modules.Blog.Importer.csproj : warning NU1902: Package 'MailKit' 2.10.1 has a known moderate severity vulnerability, https://github.com/advisories/GHSA-9j88-vvj5-vhgr
C:\Users\bbqch\proj\microbians\AeroCMS\src\Aero.Cms.Modules.Blog.Importer\Aero.Cms.Modules.Blog.Importer.csproj : warning NU1902: Package 'MimeKit' 2.10.1 has a known moderate severity vulnerability, https://github.com/advisories/GHSA-g7hc-96xr-gvvx
C:\Users\bbqch\proj\microbians\AeroCMS\src\Aero.Cms.Modules.Crm\Aero.Cms.Modules.Crm.csproj : warning NU1608: Detected package version outside of dependency constraint: Microsoft.CodeAnalysis.CSharp 3.7.0 requires Microsoft.CodeAnalysis.Common (= 3.7.0) but version Microsoft.CodeAnalysis.Common 5.0.0 was resolved.
C:\Users\bbqch\proj\microbians\AeroCMS\src\Aero.Cms.Modules.Crm\Aero.Cms.Modules.Crm.csproj : warning NU1902: Package 'MailKit' 2.10.1 has a known moderate severity vulnerability, https://github.com/advisories/GHSA-9j88-vvj5-vhgr
C:\Users\bbqch\proj\microbians\AeroCMS\src\Aero.Cms.Modules.Crm\Aero.Cms.Modules.Crm.csproj : warning NU1902: Package 'MimeKit' 2.10.1 has a known moderate severity vulnerability, https://github.com/advisories/GHSA-g7hc-96xr-gvvx
C:\Users\bbqch\proj\microbians\AeroCMS\src\Aero.Cms.Modules.Jobs\Aero.Cms.Modules.Jobs.csproj : warning NU1608: Detected package version outside of dependency constraint: Microsoft.CodeAnalysis.CSharp 3.7.0 requires Microsoft.CodeAnalysis.Common (= 3.7.0) but version Microsoft.CodeAnalysis.Common 5.0.0 was resolved.
C:\Users\bbqch\proj\microbians\AeroCMS\src\Aero.Cms.Modules.Jobs\Aero.Cms.Modules.Jobs.csproj : warning NU1902: Package 'MailKit' 2.10.1 has a known moderate severity vulnerability, https://github.com/advisories/GHSA-9j88-vvj5-vhgr
C:\Users\bbqch\proj\microbians\AeroCMS\src\Aero.Cms.Modules.Jobs\Aero.Cms.Modules.Jobs.csproj : warning NU1902: Package 'MimeKit' 2.10.1 has a known moderate severity vulnerability, https://github.com/advisories/GHSA-g7hc-96xr-gvvx
C:\Users\bbqch\proj\microbians\AeroCMS\src\Aero.Cms.Modules.Export\Aero.Cms.Modules.Export.csproj : warning NU1608: Detected package version outside of dependency constraint: Microsoft.CodeAnalysis.CSharp 3.7.0 requires Microsoft.CodeAnalysis.Common (= 3.7.0) but version Microsoft.CodeAnalysis.Common 5.0.0 was resolved.
C:\Users\bbqch\proj\microbians\AeroCMS\src\Aero.Cms.Modules.Export\Aero.Cms.Modules.Export.csproj : warning NU1902: Package 'MailKit' 2.10.1 has a known moderate severity vulnerability, https://github.com/advisories/GHSA-9j88-vvj5-vhgr
C:\Users\bbqch\proj\microbians\AeroCMS\src\Aero.Cms.Modules.Export\Aero.Cms.Modules.Export.csproj : warning NU1902: Package 'MimeKit' 2.10.1 has a known moderate severity vulnerability, https://github.com/advisories/GHSA-g7hc-96xr-gvvx
C:\Users\bbqch\proj\microbians\AeroCMS\src\Aero.Cms.Modules.Jwt\Aero.Cms.Modules.Jwt.csproj : warning NU1608: Detected package version outside of dependency constraint: Microsoft.CodeAnalysis.CSharp 3.7.0 requires Microsoft.CodeAnalysis.Common (= 3.7.0) but version Microsoft.CodeAnalysis.Common 5.0.0 was resolved.
C:\Users\bbqch\proj\microbians\AeroCMS\src\Aero.Cms.Modules.Jwt\Aero.Cms.Modules.Jwt.csproj : warning NU1902: Package 'MailKit' 2.10.1 has a known moderate severity vulnerability, https://github.com/advisories/GHSA-9j88-vvj5-vhgr
C:\Users\bbqch\proj\microbians\AeroCMS\src\Aero.Cms.Modules.Jwt\Aero.Cms.Modules.Jwt.csproj : warning NU1902: Package 'MimeKit' 2.10.1 has a known moderate severity vulnerability, https://github.com/advisories/GHSA-g7hc-96xr-gvvx
C:\Users\bbqch\proj\microbians\AeroCMS\src\Aero.Cms.Modules.AiAssistant\Aero.Cms.Modules.AiAssistant.csproj : warning NU1608: Detected package version outside of dependency constraint: Microsoft.CodeAnalysis.CSharp 3.7.0 requires Microsoft.CodeAnalysis.Common (= 3.7.0) but version Microsoft.CodeAnalysis.Common 5.0.0 was resolved.
C:\Users\bbqch\proj\microbians\AeroCMS\src\Aero.Cms.Modules.AiAssistant\Aero.Cms.Modules.AiAssistant.csproj : warning NU1902: Package 'MailKit' 2.10.1 has a known moderate severity vulnerability, https://github.com/advisories/GHSA-9j88-vvj5-vhgr
C:\Users\bbqch\proj\microbians\AeroCMS\src\Aero.Cms.Modules.AiAssistant\Aero.Cms.Modules.AiAssistant.csproj : warning NU1902: Package 'MimeKit' 2.10.1 has a known moderate severity vulnerability, https://github.com/advisories/GHSA-g7hc-96xr-gvvx
C:\Users\bbqch\proj\microbians\AeroCMS\src\Aero.Cms.Modules.Chat\Aero.Cms.Modules.Chat.csproj : warning NU1608: Detected package version outside of dependency constraint: Microsoft.CodeAnalysis.CSharp 3.7.0 requires Microsoft.CodeAnalysis.Common (= 3.7.0) but version Microsoft.CodeAnalysis.Common 5.0.0 was resolved.
C:\Users\bbqch\proj\microbians\AeroCMS\src\Aero.Cms.Modules.Chat\Aero.Cms.Modules.Chat.csproj : warning NU1902: Package 'MailKit' 2.10.1 has a known moderate severity vulnerability, https://github.com/advisories/GHSA-9j88-vvj5-vhgr
C:\Users\bbqch\proj\microbians\AeroCMS\src\Aero.Cms.Modules.Chat\Aero.Cms.Modules.Chat.csproj : warning NU1902: Package 'MimeKit' 2.10.1 has a known moderate severity vulnerability, https://github.com/advisories/GHSA-g7hc-96xr-gvvx
C:\Users\bbqch\proj\microbians\AeroCMS\src\Aero.Cms.Modules.LettuceEncrypt\Aero.Cms.Modules.LettuceEncrypt.csproj : warning NU1608: Detected package version outside of dependency constraint: Microsoft.CodeAnalysis.CSharp 3.7.0 requires Microsoft.CodeAnalysis.Common (= 3.7.0) but version Microsoft.CodeAnalysis.Common 5.0.0 was resolved.
C:\Users\bbqch\proj\microbians\AeroCMS\src\Aero.Cms.Modules.LettuceEncrypt\Aero.Cms.Modules.LettuceEncrypt.csproj : warning NU1902: Package 'MailKit' 2.10.1 has a known moderate severity vulnerability, https://github.com/advisories/GHSA-9j88-vvj5-vhgr
C:\Users\bbqch\proj\microbians\AeroCMS\src\Aero.Cms.Modules.LettuceEncrypt\Aero.Cms.Modules.LettuceEncrypt.csproj : warning NU1902: Package 'MimeKit' 2.10.1 has a known moderate severity vulnerability, https://github.com/advisories/GHSA-g7hc-96xr-gvvx
C:\Users\bbqch\proj\microbians\AeroCMS\src\Aero.Cms.Modules.Health\Aero.Cms.Modules.Health.csproj : warning NU1608: Detected package version outside of dependency constraint: Microsoft.CodeAnalysis.CSharp 3.7.0 requires Microsoft.CodeAnalysis.Common (= 3.7.0) but version Microsoft.CodeAnalysis.Common 5.0.0 was resolved.
C:\Users\bbqch\proj\microbians\AeroCMS\src\Aero.Cms.Modules.Health\Aero.Cms.Modules.Health.csproj : warning NU1902: Package 'MailKit' 2.10.1 has a known moderate severity vulnerability, https://github.com/advisories/GHSA-9j88-vvj5-vhgr
C:\Users\bbqch\proj\microbians\AeroCMS\src\Aero.Cms.Modules.Health\Aero.Cms.Modules.Health.csproj : warning NU1902: Package 'MimeKit' 2.10.1 has a known moderate severity vulnerability, https://github.com/advisories/GHSA-g7hc-96xr-gvvx
C:\Users\bbqch\proj\microbians\AeroCMS\src\Aero.Cms.Modules.Content\Aero.Cms.Modules.Content.csproj : warning NU1608: Detected package version outside of dependency constraint: Microsoft.CodeAnalysis.CSharp 3.7.0 requires Microsoft.CodeAnalysis.Common (= 3.7.0) but version Microsoft.CodeAnalysis.Common 5.0.0 was resolved.
C:\Users\bbqch\proj\microbians\AeroCMS\src\Aero.Cms.Modules.Content\Aero.Cms.Modules.Content.csproj : warning NU1902: Package 'MailKit' 2.10.1 has a known moderate severity vulnerability, https://github.com/advisories/GHSA-9j88-vvj5-vhgr
C:\Users\bbqch\proj\microbians\AeroCMS\src\Aero.Cms.Modules.Content\Aero.Cms.Modules.Content.csproj : warning NU1902: Package 'MimeKit' 2.10.1 has a known moderate severity vulnerability, https://github.com/advisories/GHSA-g7hc-96xr-gvvx
C:\Users\bbqch\proj\microbians\AeroCMS\src\Aero.Cms.Modules.Mailer\Aero.Cms.Modules.Mailer.csproj : warning NU1608: Detected package version outside of dependency constraint: Microsoft.CodeAnalysis.CSharp 3.7.0 requires Microsoft.CodeAnalysis.Common (= 3.7.0) but version Microsoft.CodeAnalysis.Common 5.0.0 was resolved.
C:\Users\bbqch\proj\microbians\AeroCMS\src\Aero.Cms.Modules.Mailer\Aero.Cms.Modules.Mailer.csproj : warning NU1902: Package 'MailKit' 2.10.1 has a known moderate severity vulnerability, https://github.com/advisories/GHSA-9j88-vvj5-vhgr
C:\Users\bbqch\proj\microbians\AeroCMS\src\Aero.Cms.Modules.Mailer\Aero.Cms.Modules.Mailer.csproj : warning NU1902: Package 'MimeKit' 2.10.1 has a known moderate severity vulnerability, https://github.com/advisories/GHSA-g7hc-96xr-gvvx
C:\Users\bbqch\proj\microbians\AeroCMS\src\Aero.Cms.Modules.Logging\Aero.Cms.Modules.Logging.csproj : warning NU1608: Detected package version outside of dependency constraint: Microsoft.CodeAnalysis.CSharp 3.7.0 requires Microsoft.CodeAnalysis.Common (= 3.7.0) but version Microsoft.CodeAnalysis.Common 5.0.0 was resolved.
C:\Users\bbqch\proj\microbians\AeroCMS\src\Aero.Cms.Modules.Logging\Aero.Cms.Modules.Logging.csproj : warning NU1902: Package 'MailKit' 2.10.1 has a known moderate severity vulnerability, https://github.com/advisories/GHSA-9j88-vvj5-vhgr
C:\Users\bbqch\proj\microbians\AeroCMS\src\Aero.Cms.Modules.Logging\Aero.Cms.Modules.Logging.csproj : warning NU1902: Package 'MimeKit' 2.10.1 has a known moderate severity vulnerability, https://github.com/advisories/GHSA-g7hc-96xr-gvvx
C:\Users\bbqch\proj\microbians\AeroCMS\src\Aero.Cms.Modules.MagicLink\Aero.Cms.Modules.MagicLink.csproj : warning NU1608: Detected package version outside of dependency constraint: Microsoft.CodeAnalysis.CSharp 3.7.0 requires Microsoft.CodeAnalysis.Common (= 3.7.0) but version Microsoft.CodeAnalysis.Common 5.0.0 was resolved.
C:\Users\bbqch\proj\microbians\AeroCMS\src\Aero.Cms.Modules.MagicLink\Aero.Cms.Modules.MagicLink.csproj : warning NU1902: Package 'MailKit' 2.10.1 has a known moderate severity vulnerability, https://github.com/advisories/GHSA-9j88-vvj5-vhgr
C:\Users\bbqch\proj\microbians\AeroCMS\src\Aero.Cms.Modules.MagicLink\Aero.Cms.Modules.MagicLink.csproj : warning NU1902: Package 'MimeKit' 2.10.1 has a known moderate severity vulnerability, https://github.com/advisories/GHSA-g7hc-96xr-gvvx
C:\Users\bbqch\proj\microbians\AeroCMS\src\Aero.Cms.Modules.Forum\Aero.Cms.Modules.Forum.csproj : warning NU1608: Detected package version outside of dependency constraint: Microsoft.CodeAnalysis.CSharp 3.7.0 requires Microsoft.CodeAnalysis.Common (= 3.7.0) but version Microsoft.CodeAnalysis.Common 5.0.0 was resolved.
C:\Users\bbqch\proj\microbians\AeroCMS\src\Aero.Cms.Modules.Forum\Aero.Cms.Modules.Forum.csproj : warning NU1902: Package 'MailKit' 2.10.1 has a known moderate severity vulnerability, https://github.com/advisories/GHSA-9j88-vvj5-vhgr
C:\Users\bbqch\proj\microbians\AeroCMS\src\Aero.Cms.Modules.Forum\Aero.Cms.Modules.Forum.csproj : warning NU1902: Package 'MimeKit' 2.10.1 has a known moderate severity vulnerability, https://github.com/advisories/GHSA-g7hc-96xr-gvvx
C:\Users\bbqch\proj\microbians\AeroCMS\src\Aero.Cms.Modules.Commerce\Aero.Cms.Modules.Commerce.csproj : warning NU1902: Package 'MailKit' 2.10.1 has a known moderate severity vulnerability, https://github.com/advisories/GHSA-9j88-vvj5-vhgr
C:\Users\bbqch\proj\microbians\AeroCMS\src\Aero.Cms.Modules.Grpc\Aero.Cms.Modules.Grpc.csproj : warning NU1608: Detected package version outside of dependency constraint: Microsoft.CodeAnalysis.CSharp 3.7.0 requires Microsoft.CodeAnalysis.Common (= 3.7.0) but version Microsoft.CodeAnalysis.Common 5.0.0 was resolved.
C:\Users\bbqch\proj\microbians\AeroCMS\src\Aero.Cms.Modules.Grpc\Aero.Cms.Modules.Grpc.csproj : warning NU1902: Package 'MailKit' 2.10.1 has a known moderate severity vulnerability, https://github.com/advisories/GHSA-9j88-vvj5-vhgr
C:\Users\bbqch\proj\microbians\AeroCMS\src\Aero.Cms.Modules.Commerce\Aero.Cms.Modules.Commerce.csproj : warning NU1902: Package 'MimeKit' 2.10.1 has a known moderate severity vulnerability, https://github.com/advisories/GHSA-g7hc-96xr-gvvx
C:\Users\bbqch\proj\microbians\AeroCMS\src\Aero.Cms.Modules.Grpc\Aero.Cms.Modules.Grpc.csproj : warning NU1902: Package 'MimeKit' 2.10.1 has a known moderate severity vulnerability, https://github.com/advisories/GHSA-g7hc-96xr-gvvx
C:\Users\bbqch\proj\microbians\AeroCMS\src\Aero.Cms.Modules.Commerce.Client\Aero.Cms.Modules.Commerce.Client.csproj : warning NU1608: Detected package version outside of dependency constraint: Microsoft.CodeAnalysis.CSharp 3.7.0 requires Microsoft.CodeAnalysis.Common (= 3.7.0) but version Microsoft.CodeAnalysis.Common 5.0.0 was resolved.
C:\Users\bbqch\proj\microbians\AeroCMS\src\Aero.Cms.Modules.Commerce.Client\Aero.Cms.Modules.Commerce.Client.csproj : warning NU1902: Package 'MailKit' 2.10.1 has a known moderate severity vulnerability, https://github.com/advisories/GHSA-9j88-vvj5-vhgr
C:\Users\bbqch\proj\microbians\AeroCMS\src\Aero.Cms.Modules.Commerce.Client\Aero.Cms.Modules.Commerce.Client.csproj : warning NU1902: Package 'MimeKit' 2.10.1 has a known moderate severity vulnerability, https://github.com/advisories/GHSA-g7hc-96xr-gvvx
C:\Users\bbqch\proj\microbians\AeroCMS\src\Aero.Cms.Modules.Members\Aero.Cms.Modules.Members.csproj : warning NU1608: Detected package version outside of dependency constraint: Microsoft.CodeAnalysis.CSharp 3.7.0 requires Microsoft.CodeAnalysis.Common (= 3.7.0) but version Microsoft.CodeAnalysis.Common 5.0.0 was resolved.
C:\Users\bbqch\proj\microbians\AeroCMS\src\Aero.Cms.Modules.Members\Aero.Cms.Modules.Members.csproj : warning NU1902: Package 'MailKit' 2.10.1 has a known moderate severity vulnerability, https://github.com/advisories/GHSA-9j88-vvj5-vhgr
C:\Users\bbqch\proj\microbians\AeroCMS\src\Aero.Cms.Modules.Members\Aero.Cms.Modules.Members.csproj : warning NU1902: Package 'MimeKit' 2.10.1 has a known moderate severity vulnerability, https://github.com/advisories/GHSA-g7hc-96xr-gvvx
C:\Users\bbqch\proj\microbians\AeroCMS\tests\Aero.Cms.Modules.Footer.Tests\Aero.Cms.Modules.Footer.Tests.csproj : warning NU1608: Detected package version outside of dependency constraint: Microsoft.CodeAnalysis.CSharp 3.7.0 requires Microsoft.CodeAnalysis.Common (= 3.7.0) but version Microsoft.CodeAnalysis.Common 5.0.0 was resolved.
C:\Users\bbqch\proj\microbians\AeroCMS\tests\Aero.Cms.Modules.Footer.Tests\Aero.Cms.Modules.Footer.Tests.csproj : warning NU1902: Package 'MailKit' 2.10.1 has a known moderate severity vulnerability, https://github.com/advisories/GHSA-9j88-vvj5-vhgr
C:\Users\bbqch\proj\microbians\AeroCMS\tests\Aero.Cms.Modules.Footer.Tests\Aero.Cms.Modules.Footer.Tests.csproj : warning NU1902: Package 'MimeKit' 2.10.1 has a known moderate severity vulnerability, https://github.com/advisories/GHSA-g7hc-96xr-gvvx
C:\Users\bbqch\proj\microbians\AeroCMS\src\Aero.Cms.Modules.Identity\Aero.Cms.Modules.Identity.csproj : warning NU1608: Detected package version outside of dependency constraint: Microsoft.CodeAnalysis.CSharp 3.7.0 requires Microsoft.CodeAnalysis.Common (= 3.7.0) but version Microsoft.CodeAnalysis.Common 5.0.0 was resolved.
C:\Users\bbqch\proj\microbians\AeroCMS\src\Aero.Cms.Modules.Identity\Aero.Cms.Modules.Identity.csproj : warning NU1902: Package 'MailKit' 2.10.1 has a known moderate severity vulnerability, https://github.com/advisories/GHSA-9j88-vvj5-vhgr
C:\Users\bbqch\proj\microbians\AeroCMS\src\Aero.Cms.Modules.Identity\Aero.Cms.Modules.Identity.csproj : warning NU1902: Package 'MimeKit' 2.10.1 has a known moderate severity vulnerability, https://github.com/advisories/GHSA-g7hc-96xr-gvvx
C:\Users\bbqch\proj\microbians\AeroCMS\src\Aero.Cms.Modules.Mail\Aero.Cms.Modules.Mail.csproj : warning NU1608: Detected package version outside of dependency constraint: Microsoft.CodeAnalysis.CSharp 3.7.0 requires Microsoft.CodeAnalysis.Common (= 3.7.0) but version Microsoft.CodeAnalysis.Common 5.0.0 was resolved.
C:\Users\bbqch\proj\microbians\AeroCMS\src\Aero.Cms.Modules.Localization\Aero.Cms.Modules.Localization.csproj : warning NU1608: Detected package version outside of dependency constraint: Microsoft.CodeAnalysis.CSharp 3.7.0 requires Microsoft.CodeAnalysis.Common (= 3.7.0) but version Microsoft.CodeAnalysis.Common 5.0.0 was resolved.
C:\Users\bbqch\proj\microbians\AeroCMS\src\Aero.Cms.Modules.Localization\Aero.Cms.Modules.Localization.csproj : warning NU1902: Package 'MailKit' 2.10.1 has a known moderate severity vulnerability, https://github.com/advisories/GHSA-9j88-vvj5-vhgr
C:\Users\bbqch\proj\microbians\AeroCMS\src\Aero.Cms.Modules.Localization\Aero.Cms.Modules.Localization.csproj : warning NU1902: Package 'MimeKit' 2.10.1 has a known moderate severity vulnerability, https://github.com/advisories/GHSA-g7hc-96xr-gvvx
C:\Users\bbqch\proj\microbians\AeroCMS\src\Aero.Cms.Modules.Footer\Aero.Cms.Modules.Footer.csproj : warning NU1608: Detected package version outside of dependency constraint: Microsoft.CodeAnalysis.CSharp 3.7.0 requires Microsoft.CodeAnalysis.Common (= 3.7.0) but version Microsoft.CodeAnalysis.Common 5.0.0 was resolved.
C:\Users\bbqch\proj\microbians\AeroCMS\src\Aero.Cms.Modules.Footer\Aero.Cms.Modules.Footer.csproj : warning NU1902: Package 'MailKit' 2.10.1 has a known moderate severity vulnerability, https://github.com/advisories/GHSA-9j88-vvj5-vhgr
C:\Users\bbqch\proj\microbians\AeroCMS\src\Aero.Cms.Modules.Footer\Aero.Cms.Modules.Footer.csproj : warning NU1902: Package 'MimeKit' 2.10.1 has a known moderate severity vulnerability, https://github.com/advisories/GHSA-g7hc-96xr-gvvx
C:\Users\bbqch\proj\microbians\AeroCMS\src\Aero.Cms.Modules.MiniProfiler\Aero.Cms.Modules.MiniProfiler.csproj : warning NU1608: Detected package version outside of dependency constraint: Microsoft.CodeAnalysis.CSharp 3.7.0 requires Microsoft.CodeAnalysis.Common (= 3.7.0) but version Microsoft.CodeAnalysis.Common 5.0.0 was resolved.
C:\Users\bbqch\proj\microbians\AeroCMS\src\Aero.Cms.Modules.MiniProfiler\Aero.Cms.Modules.MiniProfiler.csproj : warning NU1902: Package 'MailKit' 2.10.1 has a known moderate severity vulnerability, https://github.com/advisories/GHSA-9j88-vvj5-vhgr
C:\Users\bbqch\proj\microbians\AeroCMS\src\Aero.Cms.Modules.MiniProfiler\Aero.Cms.Modules.MiniProfiler.csproj : warning NU1902: Package 'MimeKit' 2.10.1 has a known moderate severity vulnerability, https://github.com/advisories/GHSA-g7hc-96xr-gvvx
C:\Users\bbqch\proj\microbians\AeroCMS\src\Aero.Cms.Modules.Mcp\Aero.Cms.Modules.Mcp.csproj : warning NU1608: Detected package version outside of dependency constraint: Microsoft.CodeAnalysis.CSharp 3.7.0 requires Microsoft.CodeAnalysis.Common (= 3.7.0) but version Microsoft.CodeAnalysis.Common 5.0.0 was resolved.
C:\Users\bbqch\proj\microbians\AeroCMS\src\Aero.Cms.Modules.Mcp\Aero.Cms.Modules.Mcp.csproj : warning NU1902: Package 'MailKit' 2.10.1 has a known moderate severity vulnerability, https://github.com/advisories/GHSA-9j88-vvj5-vhgr
C:\Users\bbqch\proj\microbians\AeroCMS\src\Aero.Cms.Modules.Mcp\Aero.Cms.Modules.Mcp.csproj : warning NU1902: Package 'MimeKit' 2.10.1 has a known moderate severity vulnerability, https://github.com/advisories/GHSA-g7hc-96xr-gvvx
C:\Users\bbqch\proj\microbians\AeroCMS\src\Aero.Cms.Modules.RateLimiting\Aero.Cms.Modules.RateLimiting.csproj : warning NU1608: Detected package version outside of dependency constraint: Microsoft.CodeAnalysis.CSharp 3.7.0 requires Microsoft.CodeAnalysis.Common (= 3.7.0) but version Microsoft.CodeAnalysis.Common 5.0.0 was resolved.
C:\Users\bbqch\proj\microbians\AeroCMS\src\Aero.Cms.Modules.RateLimiting\Aero.Cms.Modules.RateLimiting.csproj : warning NU1902: Package 'MailKit' 2.10.1 has a known moderate severity vulnerability, https://github.com/advisories/GHSA-9j88-vvj5-vhgr
C:\Users\bbqch\proj\microbians\AeroCMS\src\Aero.Cms.Modules.RateLimiting\Aero.Cms.Modules.RateLimiting.csproj : warning NU1902: Package 'MimeKit' 2.10.1 has a known moderate severity vulnerability, https://github.com/advisories/GHSA-g7hc-96xr-gvvx
C:\Users\bbqch\proj\microbians\AeroCMS\src\Aero.Cms.Modules.Manager\Aero.Cms.Modules.Manager.csproj : warning NU1608: Detected package version outside of dependency constraint: Microsoft.CodeAnalysis.CSharp 3.7.0 requires Microsoft.CodeAnalysis.Common (= 3.7.0) but version Microsoft.CodeAnalysis.Common 5.0.0 was resolved.
C:\Users\bbqch\proj\microbians\AeroCMS\src\Aero.Cms.Modules.Manager\Aero.Cms.Modules.Manager.csproj : warning NU1902: Package 'MailKit' 2.10.1 has a known moderate severity vulnerability, https://github.com/advisories/GHSA-9j88-vvj5-vhgr
C:\Users\bbqch\proj\microbians\AeroCMS\src\Aero.Cms.Modules.Manager\Aero.Cms.Modules.Manager.csproj : warning NU1902: Package 'MimeKit' 2.10.1 has a known moderate severity vulnerability, https://github.com/advisories/GHSA-g7hc-96xr-gvvx
C:\Users\bbqch\proj\microbians\AeroCMS\src\Aero.Cms.Modules.OneTimePasscode\Aero.Cms.Modules.OneTimePasscode.csproj : warning NU1608: Detected package version outside of dependency constraint: Microsoft.CodeAnalysis.CSharp 3.7.0 requires Microsoft.CodeAnalysis.Common (= 3.7.0) but version Microsoft.CodeAnalysis.Common 5.0.0 was resolved.
C:\Users\bbqch\proj\microbians\AeroCMS\src\Aero.Cms.Modules.OneTimePasscode\Aero.Cms.Modules.OneTimePasscode.csproj : warning NU1902: Package 'MailKit' 2.10.1 has a known moderate severity vulnerability, https://github.com/advisories/GHSA-9j88-vvj5-vhgr
C:\Users\bbqch\proj\microbians\AeroCMS\src\Aero.Cms.Modules.OneTimePasscode\Aero.Cms.Modules.OneTimePasscode.csproj : warning NU1902: Package 'MimeKit' 2.10.1 has a known moderate severity vulnerability, https://github.com/advisories/GHSA-g7hc-96xr-gvvx
C:\Users\bbqch\proj\microbians\AeroCMS\src\Aero.Cms.Modules.Scalar\Aero.Cms.Modules.Scalar.csproj : warning NU1608: Detected package version outside of dependency constraint: Microsoft.CodeAnalysis.CSharp 3.7.0 requires Microsoft.CodeAnalysis.Common (= 3.7.0) but version Microsoft.CodeAnalysis.Common 5.0.0 was resolved.
C:\Users\bbqch\proj\microbians\AeroCMS\src\Aero.Cms.Modules.Scalar\Aero.Cms.Modules.Scalar.csproj : warning NU1902: Package 'MailKit' 2.10.1 has a known moderate severity vulnerability, https://github.com/advisories/GHSA-9j88-vvj5-vhgr
C:\Users\bbqch\proj\microbians\AeroCMS\src\Aero.Cms.Modules.Scalar\Aero.Cms.Modules.Scalar.csproj : warning NU1902: Package 'MimeKit' 2.10.1 has a known moderate severity vulnerability, https://github.com/advisories/GHSA-g7hc-96xr-gvvx
C:\Users\bbqch\proj\microbians\AeroCMS\src\Aero.Cms.Modules.RequestLog\Aero.Cms.Modules.RequestLog.csproj : warning NU1608: Detected package version outside of dependency constraint: Microsoft.CodeAnalysis.CSharp 3.7.0 requires Microsoft.CodeAnalysis.Common (= 3.7.0) but version Microsoft.CodeAnalysis.Common 5.0.0 was resolved.
C:\Users\bbqch\proj\microbians\AeroCMS\src\Aero.Cms.Modules.RequestLog\Aero.Cms.Modules.RequestLog.csproj : warning NU1902: Package 'MailKit' 2.10.1 has a known moderate severity vulnerability, https://github.com/advisories/GHSA-9j88-vvj5-vhgr
C:\Users\bbqch\proj\microbians\AeroCMS\src\Aero.Cms.Modules.RequestLog\Aero.Cms.Modules.RequestLog.csproj : warning NU1902: Package 'MimeKit' 2.10.1 has a known moderate severity vulnerability, https://github.com/advisories/GHSA-g7hc-96xr-gvvx
C:\Users\bbqch\proj\microbians\AeroCMS\src\Aero.Cms.Modules.Search\Aero.Cms.Modules.Search.csproj : warning NU1608: Detected package version outside of dependency constraint: Microsoft.CodeAnalysis.CSharp 3.7.0 requires Microsoft.CodeAnalysis.Common (= 3.7.0) but version Microsoft.CodeAnalysis.Common 5.0.0 was resolved.
C:\Users\bbqch\proj\microbians\AeroCMS\src\Aero.Cms.Modules.Search\Aero.Cms.Modules.Search.csproj : warning NU1902: Package 'MailKit' 2.10.1 has a known moderate severity vulnerability, https://github.com/advisories/GHSA-9j88-vvj5-vhgr
C:\Users\bbqch\proj\microbians\AeroCMS\src\Aero.Cms.Modules.Search\Aero.Cms.Modules.Search.csproj : warning NU1902: Package 'MimeKit' 2.10.1 has a known moderate severity vulnerability, https://github.com/advisories/GHSA-g7hc-96xr-gvvx
C:\Users\bbqch\proj\microbians\AeroCMS\src\Aero.Cms.Modules.SiteMap\Aero.Cms.Modules.SiteMap.csproj : warning NU1608: Detected package version outside of dependency constraint: Microsoft.CodeAnalysis.CSharp 3.7.0 requires Microsoft.CodeAnalysis.Common (= 3.7.0) but version Microsoft.CodeAnalysis.Common 5.0.0 was resolved.
C:\Users\bbqch\proj\microbians\AeroCMS\src\Aero.Cms.Modules.SiteMap\Aero.Cms.Modules.SiteMap.csproj : warning NU1902: Package 'MailKit' 2.10.1 has a known moderate severity vulnerability, https://github.com/advisories/GHSA-9j88-vvj5-vhgr
C:\Users\bbqch\proj\microbians\AeroCMS\src\Aero.Cms.Modules.SiteMap\Aero.Cms.Modules.SiteMap.csproj : warning NU1902: Package 'MimeKit' 2.10.1 has a known moderate severity vulnerability, https://github.com/advisories/GHSA-g7hc-96xr-gvvx
C:\Users\bbqch\proj\microbians\AeroCMS\src\Aero.Cms.Modules.Posts\Aero.Cms.Modules.Posts.csproj : warning NU1608: Detected package version outside of dependency constraint: Microsoft.CodeAnalysis.CSharp 3.7.0 requires Microsoft.CodeAnalysis.Common (= 3.7.0) but version Microsoft.CodeAnalysis.Common 5.0.0 was resolved.
C:\Users\bbqch\proj\microbians\AeroCMS\src\Aero.Cms.Modules.Posts\Aero.Cms.Modules.Posts.csproj : warning NU1902: Package 'MailKit' 2.10.1 has a known moderate severity vulnerability, https://github.com/advisories/GHSA-9j88-vvj5-vhgr
C:\Users\bbqch\proj\microbians\AeroCMS\src\Aero.Cms.Modules.Posts\Aero.Cms.Modules.Posts.csproj : warning NU1902: Package 'MimeKit' 2.10.1 has a known moderate severity vulnerability, https://github.com/advisories/GHSA-g7hc-96xr-gvvx
C:\Users\bbqch\proj\microbians\AeroCMS\src\Aero.Cms.Modules.Media\Aero.Cms.Modules.Media.csproj : warning NU1902: Package 'MailKit' 2.10.1 has a known moderate severity vulnerability, https://github.com/advisories/GHSA-9j88-vvj5-vhgr
C:\Users\bbqch\proj\microbians\AeroCMS\src\Aero.Cms.Modules.Media\Aero.Cms.Modules.Media.csproj : warning NU1902: Package 'MimeKit' 2.10.1 has a known moderate severity vulnerability, https://github.com/advisories/GHSA-g7hc-96xr-gvvx
C:\Users\bbqch\proj\microbians\AeroCMS\Aero\src\Aero.Cloudflare\DnsUpdaterService.cs(175,35): warning CS8600: Converting null literal or possible null value to non-nullable type. [C:\Users\bbqch\proj\microbians\AeroCMS\Aero\src\Aero.Cloudflare\Aero.Cloudflare.csproj]
C:\Users\bbqch\proj\microbians\AeroCMS\Aero\src\Aero.Cloudflare\DnsUpdaterService.cs(182,29): warning CS8600: Converting null literal or possible null value to non-nullable type. [C:\Users\bbqch\proj\microbians\AeroCMS\Aero\src\Aero.Cloudflare\Aero.Cloudflare.csproj]
C:\Users\bbqch\proj\microbians\AeroCMS\Aero\src\Aero.Cloudflare\DnsUpdaterService.cs(191,16): warning CS8603: Possible null reference return. [C:\Users\bbqch\proj\microbians\AeroCMS\Aero\src\Aero.Cloudflare\Aero.Cloudflare.csproj]
C:\Users\bbqch\proj\microbians\AeroCMS\src\Aero.Cms.Modules.Security\Aero.Cms.Modules.Security.csproj : warning NU1608: Detected package version outside of dependency constraint: Microsoft.CodeAnalysis.CSharp 3.7.0 requires Microsoft.CodeAnalysis.Common (= 3.7.0) but version Microsoft.CodeAnalysis.Common 5.0.0 was resolved.
C:\Users\bbqch\proj\microbians\AeroCMS\src\Aero.Cms.Modules.Security\Aero.Cms.Modules.Security.csproj : warning NU1902: Package 'MailKit' 2.10.1 has a known moderate severity vulnerability, https://github.com/advisories/GHSA-9j88-vvj5-vhgr
C:\Users\bbqch\proj\microbians\AeroCMS\src\Aero.Cms.Modules.Security\Aero.Cms.Modules.Security.csproj : warning NU1902: Package 'MimeKit' 2.10.1 has a known moderate severity vulnerability, https://github.com/advisories/GHSA-g7hc-96xr-gvvx
C:\Users\bbqch\proj\microbians\AeroCMS\src\Aero.Cms.Modules.Navigation\Aero.Cms.Modules.Navigation.csproj : warning NU1608: Detected package version outside of dependency constraint: Microsoft.CodeAnalysis.CSharp 3.7.0 requires Microsoft.CodeAnalysis.Common (= 3.7.0) but version Microsoft.CodeAnalysis.Common 5.0.0 was resolved.
C:\Users\bbqch\proj\microbians\AeroCMS\src\Aero.Cms.Modules.Navigation\Aero.Cms.Modules.Navigation.csproj : warning NU1902: Package 'MailKit' 2.10.1 has a known moderate severity vulnerability, https://github.com/advisories/GHSA-9j88-vvj5-vhgr
C:\Users\bbqch\proj\microbians\AeroCMS\src\Aero.Cms.Modules.Navigation\Aero.Cms.Modules.Navigation.csproj : warning NU1902: Package 'MimeKit' 2.10.1 has a known moderate severity vulnerability, https://github.com/advisories/GHSA-g7hc-96xr-gvvx
C:\Users\bbqch\proj\microbians\AeroCMS\src\Aero.Cms.Modules.Theming\Aero.Cms.Modules.Theming.csproj : warning NU1608: Detected package version outside of dependency constraint: Microsoft.CodeAnalysis.CSharp 3.7.0 requires Microsoft.CodeAnalysis.Common (= 3.7.0) but version Microsoft.CodeAnalysis.Common 5.0.0 was resolved.
C:\Users\bbqch\proj\microbians\AeroCMS\src\Aero.Cms.Modules.SimpleSecurity\Aero.Cms.Modules.SimpleSecurity.csproj : warning NU1608: Detected package version outside of dependency constraint: Microsoft.CodeAnalysis.CSharp 3.7.0 requires Microsoft.CodeAnalysis.Common (= 3.7.0) but version Microsoft.CodeAnalysis.Common 5.0.0 was resolved.
C:\Users\bbqch\proj\microbians\AeroCMS\src\Aero.Cms.Modules.SimpleSecurity\Aero.Cms.Modules.SimpleSecurity.csproj : warning NU1902: Package 'MailKit' 2.10.1 has a known moderate severity vulnerability, https://github.com/advisories/GHSA-9j88-vvj5-vhgr
C:\Users\bbqch\proj\microbians\AeroCMS\src\Aero.Cms.Modules.SimpleSecurity\Aero.Cms.Modules.SimpleSecurity.csproj : warning NU1902: Package 'MimeKit' 2.10.1 has a known moderate severity vulnerability, https://github.com/advisories/GHSA-g7hc-96xr-gvvx
C:\Users\bbqch\proj\microbians\AeroCMS\src\Aero.Cms.Modules.Theming\Aero.Cms.Modules.Theming.csproj : warning NU1902: Package 'MailKit' 2.10.1 has a known moderate severity vulnerability, https://github.com/advisories/GHSA-9j88-vvj5-vhgr
C:\Users\bbqch\proj\microbians\AeroCMS\src\Aero.Cms.Modules.Sites\Aero.Cms.Modules.Sites.csproj : warning NU1608: Detected package version outside of dependency constraint: Microsoft.CodeAnalysis.CSharp 3.7.0 requires Microsoft.CodeAnalysis.Common (= 3.7.0) but version Microsoft.CodeAnalysis.Common 5.0.0 was resolved.
C:\Users\bbqch\proj\microbians\AeroCMS\src\Aero.Cms.Modules.Sites\Aero.Cms.Modules.Sites.csproj : warning NU1902: Package 'MailKit' 2.10.1 has a known moderate severity vulnerability, https://github.com/advisories/GHSA-9j88-vvj5-vhgr
C:\Users\bbqch\proj\microbians\AeroCMS\src\Aero.Cms.Modules.Sites\Aero.Cms.Modules.Sites.csproj : warning NU1902: Package 'MimeKit' 2.10.1 has a known moderate severity vulnerability, https://github.com/advisories/GHSA-g7hc-96xr-gvvx
C:\Users\bbqch\proj\microbians\AeroCMS\src\Aero.Cms.Modules.OpenTelemetry\Aero.Cms.Modules.OpenTelemetry.csproj : warning NU1608: Detected package version outside of dependency constraint: Microsoft.CodeAnalysis.CSharp 3.7.0 requires Microsoft.CodeAnalysis.Common (= 3.7.0) but version Microsoft.CodeAnalysis.Common 5.0.0 was resolved.
C:\Users\bbqch\proj\microbians\AeroCMS\src\Aero.Cms.Modules.OpenTelemetry\Aero.Cms.Modules.OpenTelemetry.csproj : warning NU1902: Package 'MailKit' 2.10.1 has a known moderate severity vulnerability, https://github.com/advisories/GHSA-9j88-vvj5-vhgr
C:\Users\bbqch\proj\microbians\AeroCMS\src\Aero.Cms.Modules.OpenTelemetry\Aero.Cms.Modules.OpenTelemetry.csproj : warning NU1902: Package 'MimeKit' 2.10.1 has a known moderate severity vulnerability, https://github.com/advisories/GHSA-g7hc-96xr-gvvx
C:\Users\bbqch\proj\microbians\AeroCMS\src\Aero.Cms.Modules.Tcp\Aero.Cms.Modules.Tcp.csproj : warning NU1608: Detected package version outside of dependency constraint: Microsoft.CodeAnalysis.CSharp 3.7.0 requires Microsoft.CodeAnalysis.Common (= 3.7.0) but version Microsoft.CodeAnalysis.Common 5.0.0 was resolved.
C:\Users\bbqch\proj\microbians\AeroCMS\src\Aero.Cms.Modules.Tcp\Aero.Cms.Modules.Tcp.csproj : warning NU1902: Package 'MailKit' 2.10.1 has a known moderate severity vulnerability, https://github.com/advisories/GHSA-9j88-vvj5-vhgr
C:\Users\bbqch\proj\microbians\AeroCMS\src\Aero.Cms.Modules.Tcp\Aero.Cms.Modules.Tcp.csproj : warning NU1902: Package 'MimeKit' 2.10.1 has a known moderate severity vulnerability, https://github.com/advisories/GHSA-g7hc-96xr-gvvx
C:\Users\bbqch\proj\microbians\AeroCMS\src\Aero.Cms.Modules.Settings\Aero.Cms.Modules.Settings.csproj : warning NU1608: Detected package version outside of dependency constraint: Microsoft.CodeAnalysis.CSharp 3.7.0 requires Microsoft.CodeAnalysis.Common (= 3.7.0) but version Microsoft.CodeAnalysis.Common 5.0.0 was resolved.
C:\Users\bbqch\proj\microbians\AeroCMS\src\Aero.Cms.Modules.Settings\Aero.Cms.Modules.Settings.csproj : warning NU1902: Package 'MailKit' 2.10.1 has a known moderate severity vulnerability, https://github.com/advisories/GHSA-9j88-vvj5-vhgr
C:\Users\bbqch\proj\microbians\AeroCMS\src\Aero.Cms.Modules.Settings\Aero.Cms.Modules.Settings.csproj : warning NU1902: Package 'MimeKit' 2.10.1 has a known moderate severity vulnerability, https://github.com/advisories/GHSA-g7hc-96xr-gvvx
C:\Users\bbqch\proj\microbians\AeroCMS\src\Aero.Cms.Modules.Theming\Aero.Cms.Modules.Theming.csproj : warning NU1902: Package 'MimeKit' 2.10.1 has a known moderate severity vulnerability, https://github.com/advisories/GHSA-g7hc-96xr-gvvx
C:\Users\bbqch\proj\microbians\AeroCMS\src\Aero.Cms.Modules.WorkOS\Aero.Cms.Modules.WorkOS.csproj : warning NU1608: Detected package version outside of dependency constraint: Microsoft.CodeAnalysis.CSharp 3.7.0 requires Microsoft.CodeAnalysis.Common (= 3.7.0) but version Microsoft.CodeAnalysis.Common 5.0.0 was resolved.
C:\Users\bbqch\proj\microbians\AeroCMS\src\Aero.Cms.Modules.WorkOS\Aero.Cms.Modules.WorkOS.csproj : warning NU1902: Package 'MailKit' 2.10.1 has a known moderate severity vulnerability, https://github.com/advisories/GHSA-9j88-vvj5-vhgr
C:\Users\bbqch\proj\microbians\AeroCMS\src\Aero.Cms.Modules.WorkOS\Aero.Cms.Modules.WorkOS.csproj : warning NU1902: Package 'MimeKit' 2.10.1 has a known moderate severity vulnerability, https://github.com/advisories/GHSA-g7hc-96xr-gvvx
C:\Users\bbqch\proj\microbians\AeroCMS\src\Aero.Cms.Modules.Static\Aero.Cms.Modules.Static.csproj : warning NU1608: Detected package version outside of dependency constraint: Microsoft.CodeAnalysis.CSharp 3.7.0 requires Microsoft.CodeAnalysis.Common (= 3.7.0) but version Microsoft.CodeAnalysis.Common 5.0.0 was resolved.
C:\Users\bbqch\proj\microbians\AeroCMS\src\Aero.Cms.Modules.Static\Aero.Cms.Modules.Static.csproj : warning NU1902: Package 'MailKit' 2.10.1 has a known moderate severity vulnerability, https://github.com/advisories/GHSA-9j88-vvj5-vhgr
C:\Users\bbqch\proj\microbians\AeroCMS\src\Aero.Cms.Modules.Static\Aero.Cms.Modules.Static.csproj : warning NU1902: Package 'MimeKit' 2.10.1 has a known moderate severity vulnerability, https://github.com/advisories/GHSA-g7hc-96xr-gvvx
C:\Users\bbqch\proj\microbians\AeroCMS\src\Aero.Cms.SourceGenerators\ModuleManifestGenerator.cs(12,41): warning CS1574: XML comment has cref attribute 'IAeroModule' that could not be resolved [C:\Users\bbqch\proj\microbians\AeroCMS\src\Aero.Cms.SourceGenerators\Aero.Cms.SourceGenerators.csproj]
C:\Users\bbqch\proj\microbians\AeroCMS\src\Aero.Cms.Modules.Pages\Aero.Cms.Modules.Pages.csproj : warning NU1608: Detected package version outside of dependency constraint: Microsoft.CodeAnalysis.CSharp 3.7.0 requires Microsoft.CodeAnalysis.Common (= 3.7.0) but version Microsoft.CodeAnalysis.Common 5.0.0 was resolved.
C:\Users\bbqch\proj\microbians\AeroCMS\src\Aero.Cms.SourceGenerators\Analyzers\ReflectionDiscoveryAnalyzers.cs(22,13): warning RS1019: Diagnostic Id 'AERO010' is already used by analyzer 'ModuleManifestGenerator'. Please use a different diagnostic ID. [C:\Users\bbqch\proj\microbians\AeroCMS\src\Aero.Cms.SourceGenerators\Aero.Cms.SourceGenerators.csproj]
C:\Users\bbqch\proj\microbians\AeroCMS\src\Aero.Cms.SourceGenerators\Analyzers\ReflectionDiscoveryAnalyzers.cs(32,13): warning RS1019: Diagnostic Id 'AERO011' is already used by analyzer 'ModuleManifestGenerator'. Please use a different diagnostic ID. [C:\Users\bbqch\proj\microbians\AeroCMS\src\Aero.Cms.SourceGenerators\Aero.Cms.SourceGenerators.csproj]
C:\Users\bbqch\proj\microbians\AeroCMS\src\Aero.Cms.Modules.Pages\Aero.Cms.Modules.Pages.csproj : warning NU1902: Package 'MailKit' 2.10.1 has a known moderate severity vulnerability, https://github.com/advisories/GHSA-9j88-vvj5-vhgr
C:\Users\bbqch\proj\microbians\AeroCMS\src\Aero.Cms.SourceGenerators\Analyzers\ReflectionDiscoveryAnalyzers.cs(42,13): warning RS1019: Diagnostic Id 'AERO012' is already used by analyzer 'ModuleManifestGenerator'. Please use a different diagnostic ID. [C:\Users\bbqch\proj\microbians\AeroCMS\src\Aero.Cms.SourceGenerators\Aero.Cms.SourceGenerators.csproj]
C:\Users\bbqch\proj\microbians\AeroCMS\src\Aero.Cms.Modules.Pages\Aero.Cms.Modules.Pages.csproj : warning NU1902: Package 'MimeKit' 2.10.1 has a known moderate severity vulnerability, https://github.com/advisories/GHSA-g7hc-96xr-gvvx
C:\Users\bbqch\proj\microbians\AeroCMS\src\Aero.Cms.Modules.WebOptimizer\Aero.Cms.Modules.WebOptimizer.csproj : warning NU1608: Detected package version outside of dependency constraint: Microsoft.CodeAnalysis.CSharp 3.7.0 requires Microsoft.CodeAnalysis.Common (= 3.7.0) but version Microsoft.CodeAnalysis.Common 5.0.0 was resolved.
C:\Users\bbqch\proj\microbians\AeroCMS\src\Aero.Cms.Modules.WebOptimizer\Aero.Cms.Modules.WebOptimizer.csproj : warning NU1902: Package 'MailKit' 2.10.1 has a known moderate severity vulnerability, https://github.com/advisories/GHSA-9j88-vvj5-vhgr
C:\Users\bbqch\proj\microbians\AeroCMS\src\Aero.Cms.Modules.WebOptimizer\Aero.Cms.Modules.WebOptimizer.csproj : warning NU1902: Package 'MimeKit' 2.10.1 has a known moderate severity vulnerability, https://github.com/advisories/GHSA-g7hc-96xr-gvvx
C:\Users\bbqch\proj\microbians\AeroCMS\tests\Aero.Cms.Core.Tests\Aero.Cms.Core.Tests.csproj : warning NU1902: Package 'MailKit' 2.10.1 has a known moderate severity vulnerability, https://github.com/advisories/GHSA-9j88-vvj5-vhgr
C:\Users\bbqch\proj\microbians\AeroCMS\tests\Aero.Cms.Core.Tests\Aero.Cms.Core.Tests.csproj : warning NU1902: Package 'MimeKit' 2.10.1 has a known moderate severity vulnerability, https://github.com/advisories/GHSA-g7hc-96xr-gvvx
C:\Users\bbqch\proj\microbians\AeroCMS\tests\Aero.Cms.Core.Tests\Aero.Cms.Core.Tests.csproj : warning NU1902: Package 'SharpCompress' 0.34.2 has a known moderate severity vulnerability, https://github.com/advisories/GHSA-6c8g-7p36-r338
C:\Users\bbqch\proj\microbians\AeroCMS\src\Aero.Cms.Modules.Tenant\Aero.Cms.Modules.Tenant.csproj : warning NU1608: Detected package version outside of dependency constraint: Microsoft.CodeAnalysis.CSharp 3.7.0 requires Microsoft.CodeAnalysis.Common (= 3.7.0) but version Microsoft.CodeAnalysis.Common 5.0.0 was resolved.
C:\Users\bbqch\proj\microbians\AeroCMS\src\Aero.Cms.Modules.Secrets\Aero.Cms.Modules.Secrets.csproj : warning NU1608: Detected package version outside of dependency constraint: Microsoft.CodeAnalysis.CSharp 3.7.0 requires Microsoft.CodeAnalysis.Common (= 3.7.0) but version Microsoft.CodeAnalysis.Common 5.0.0 was resolved.
C:\Users\bbqch\proj\microbians\AeroCMS\src\Aero.Cms.Modules.Secrets\Aero.Cms.Modules.Secrets.csproj : warning NU1902: Package 'MailKit' 2.10.1 has a known moderate severity vulnerability, https://github.com/advisories/GHSA-9j88-vvj5-vhgr
C:\Users\bbqch\proj\microbians\AeroCMS\src\Aero.Cms.Modules.Secrets\Aero.Cms.Modules.Secrets.csproj : warning NU1902: Package 'MimeKit' 2.10.1 has a known moderate severity vulnerability, https://github.com/advisories/GHSA-g7hc-96xr-gvvx
C:\Users\bbqch\proj\microbians\AeroCMS\src\Aero.Cms.Modules.Tenant\Aero.Cms.Modules.Tenant.csproj : warning NU1902: Package 'MailKit' 2.10.1 has a known moderate severity vulnerability, https://github.com/advisories/GHSA-9j88-vvj5-vhgr
C:\Users\bbqch\proj\microbians\AeroCMS\src\Aero.Cms.AppHost\Aero.Cms.AppHost.csproj : warning NU1902: Package 'MessagePack' 2.5.192 has a known moderate severity vulnerability, https://github.com/advisories/GHSA-2f33-pr97-265q
C:\Users\bbqch\proj\microbians\AeroCMS\src\Aero.Cms.AppHost\Aero.Cms.AppHost.csproj : warning NU1902: Package 'MessagePack' 2.5.192 has a known moderate severity vulnerability, https://github.com/advisories/GHSA-2x83-8g95-xh59
C:\Users\bbqch\proj\microbians\AeroCMS\src\Aero.Cms.AppHost\Aero.Cms.AppHost.csproj : warning NU1902: Package 'MessagePack' 2.5.192 has a known moderate severity vulnerability, https://github.com/advisories/GHSA-cj9g-3mj2-g8vv
C:\Users\bbqch\proj\microbians\AeroCMS\src\Aero.Cms.AppHost\Aero.Cms.AppHost.csproj : warning NU1902: Package 'MessagePack' 2.5.192 has a known moderate severity vulnerability, https://github.com/advisories/GHSA-cxmj-83gh-fp49
C:\Users\bbqch\proj\microbians\AeroCMS\src\Aero.Cms.AppHost\Aero.Cms.AppHost.csproj : warning NU1903: Package 'MessagePack' 2.5.192 has a known high severity vulnerability, https://github.com/advisories/GHSA-hv8m-jj95-wg3x
C:\Users\bbqch\proj\microbians\AeroCMS\src\Aero.Cms.AppHost\Aero.Cms.AppHost.csproj : warning NU1902: Package 'MessagePack' 2.5.192 has a known moderate severity vulnerability, https://github.com/advisories/GHSA-q2h6-ghwm-5qm8
C:\Users\bbqch\proj\microbians\AeroCMS\src\Aero.Cms.AppHost\Aero.Cms.AppHost.csproj : warning NU1902: Package 'MessagePack' 2.5.192 has a known moderate severity vulnerability, https://github.com/advisories/GHSA-qhmf-xw27-6rqr
C:\Users\bbqch\proj\microbians\AeroCMS\src\Aero.Cms.AppHost\Aero.Cms.AppHost.csproj : warning NU1902: Package 'MessagePack' 2.5.192 has a known moderate severity vulnerability, https://github.com/advisories/GHSA-v72x-2h86-7f8m
C:\Users\bbqch\proj\microbians\AeroCMS\src\Aero.Cms.AppHost\Aero.Cms.AppHost.csproj : warning NU1903: Package 'MessagePack' 2.5.192 has a known high severity vulnerability, https://github.com/advisories/GHSA-vh6j-jc39-fggf
C:\Users\bbqch\proj\microbians\AeroCMS\src\Aero.Cms.AppHost\Aero.Cms.AppHost.csproj : warning NU1902: Package 'MessagePack' 2.5.192 has a known moderate severity vulnerability, https://github.com/advisories/GHSA-w567-gjr2-hm5j
C:\Users\bbqch\proj\microbians\AeroCMS\src\Aero.Cms.AppHost\Aero.Cms.AppHost.csproj : warning NU1902: Package 'MessagePack' 2.5.192 has a known moderate severity vulnerability, https://github.com/advisories/GHSA-wfr3-xj75-pfwh
C:\Users\bbqch\proj\microbians\AeroCMS\src\Aero.Cms.Modules.Tenant\Aero.Cms.Modules.Tenant.csproj : warning NU1902: Package 'MimeKit' 2.10.1 has a known moderate severity vulnerability, https://github.com/advisories/GHSA-g7hc-96xr-gvvx
C:\Users\bbqch\proj\microbians\AeroCMS\src\Aero.Cms.Modules.OutputCache\Aero.Cms.Modules.OutputCache.csproj : warning NU1608: Detected package version outside of dependency constraint: Microsoft.CodeAnalysis.CSharp 3.7.0 requires Microsoft.CodeAnalysis.Common (= 3.7.0) but version Microsoft.CodeAnalysis.Common 5.0.0 was resolved.
C:\Users\bbqch\proj\microbians\AeroCMS\src\Aero.Cms.Modules.OutputCache\Aero.Cms.Modules.OutputCache.csproj : warning NU1902: Package 'MailKit' 2.10.1 has a known moderate severity vulnerability, https://github.com/advisories/GHSA-9j88-vvj5-vhgr
C:\Users\bbqch\proj\microbians\AeroCMS\src\Aero.Cms.Modules.OutputCache\Aero.Cms.Modules.OutputCache.csproj : warning NU1902: Package 'MimeKit' 2.10.1 has a known moderate severity vulnerability, https://github.com/advisories/GHSA-g7hc-96xr-gvvx
C:\Users\bbqch\proj\microbians\AeroCMS\src\Aero.Cms.Modules.Setup\Aero.Cms.Modules.Setup.csproj : warning NU1902: Package 'MailKit' 2.10.1 has a known moderate severity vulnerability, https://github.com/advisories/GHSA-9j88-vvj5-vhgr
C:\Users\bbqch\proj\microbians\AeroCMS\src\Aero.Cms.Modules.Setup\Aero.Cms.Modules.Setup.csproj : warning NU1902: Package 'MimeKit' 2.10.1 has a known moderate severity vulnerability, https://github.com/advisories/GHSA-g7hc-96xr-gvvx
C:\Users\bbqch\proj\microbians\AeroCMS\src\Aero.Cms.Modules.Setup\Aero.Cms.Modules.Setup.csproj : warning NU1902: Package 'SharpCompress' 0.34.2 has a known moderate severity vulnerability, https://github.com/advisories/GHSA-6c8g-7p36-r338
C:\Users\bbqch\proj\microbians\AeroCMS\src\Aero.Cms.Modules.Users\Aero.Cms.Modules.Users.csproj : warning NU1608: Detected package version outside of dependency constraint: Microsoft.CodeAnalysis.CSharp 3.7.0 requires Microsoft.CodeAnalysis.Common (= 3.7.0) but version Microsoft.CodeAnalysis.Common 5.0.0 was resolved.
C:\Users\bbqch\proj\microbians\AeroCMS\src\Aero.Cms.Modules.Users\Aero.Cms.Modules.Users.csproj : warning NU1902: Package 'MailKit' 2.10.1 has a known moderate severity vulnerability, https://github.com/advisories/GHSA-9j88-vvj5-vhgr
C:\Users\bbqch\proj\microbians\AeroCMS\src\Aero.Cms.Modules.Users\Aero.Cms.Modules.Users.csproj : warning NU1902: Package 'MimeKit' 2.10.1 has a known moderate severity vulnerability, https://github.com/advisories/GHSA-g7hc-96xr-gvvx
C:\Users\bbqch\proj\microbians\AeroCMS\src\Aero.Cms.Db.Sable\obj\Debug\net10.0\Aero.Cms.SourceGenerators\Aero.Cms.SourceGenerators.EmbeddedAttributesGenerator\LegacyReflectionDiscoveryAttribute.g.cs(20,18): warning CS8669: The annotation for nullable reference types should only be used in code within a '#nullable' annotations context. Auto-generated code requires an explicit '#nullable' directive in source. [C:\Users\bbqch\proj\microbians\AeroCMS\src\Aero.Cms.Db.Sable\Aero.Cms.Db.Sable.csproj]
C:\Users\bbqch\proj\microbians\AeroCMS\src\Aero.Cms.Marten.Identity\obj\Debug\net10.0\Aero.Cms.SourceGenerators\Aero.Cms.SourceGenerators.EmbeddedAttributesGenerator\LegacyReflectionDiscoveryAttribute.g.cs(20,18): warning CS8669: The annotation for nullable reference types should only be used in code within a '#nullable' annotations context. Auto-generated code requires an explicit '#nullable' directive in source. [C:\Users\bbqch\proj\microbians\AeroCMS\src\Aero.Cms.Marten.Identity\Aero.Cms.Marten.Identity.csproj]
C:\Users\bbqch\proj\microbians\AeroCMS\src\Aero.Cms.ServiceDefaults\obj\Debug\net10.0\Aero.Cms.SourceGenerators\Aero.Cms.SourceGenerators.EmbeddedAttributesGenerator\LegacyReflectionDiscoveryAttribute.g.cs(20,18): warning CS8669: The annotation for nullable reference types should only be used in code within a '#nullable' annotations context. Auto-generated code requires an explicit '#nullable' directive in source. [C:\Users\bbqch\proj\microbians\AeroCMS\src\Aero.Cms.ServiceDefaults\Aero.Cms.ServiceDefaults.csproj]
C:\Users\bbqch\proj\microbians\AeroCMS\Aero\src\Aero.Core\Data\Functional\GenericRepositoryOptional.cs(139,48): warning CS1570: XML comment has badly formed XML -- 'Whitespace is not allowed at this location.' [C:\Users\bbqch\proj\microbians\AeroCMS\Aero\src\Aero.Core\Aero.Core.csproj]
C:\Users\bbqch\proj\microbians\AeroCMS\Aero\src\Aero.Core\Helpers\Config.cs(34,48): warning CS8625: Cannot convert null literal to non-nullable reference type. [C:\Users\bbqch\proj\microbians\AeroCMS\Aero\src\Aero.Core\Aero.Core.csproj]
C:\Users\bbqch\proj\microbians\AeroCMS\Aero\src\Aero.Core\DataStructures\Trees\Interval.cs(20,12): warning CS8767: Nullability of reference types in type of parameter 'other' of 'int Interval.CompareTo(Interval other)' doesn't match implicitly implemented member 'int IComparable<Interval>.CompareTo(Interval? other)' (possibly because of nullability attributes). [C:\Users\bbqch\proj\microbians\AeroCMS\Aero\src\Aero.Core\Aero.Core.csproj]
C:\Users\bbqch\proj\microbians\AeroCMS\Aero\src\Aero.Core\Extensions\XmlDocumentExtension.cs(466,111): warning CS8625: Cannot convert null literal to non-nullable reference type. [C:\Users\bbqch\proj\microbians\AeroCMS\Aero\src\Aero.Core\Aero.Core.csproj]
C:\Users\bbqch\proj\microbians\AeroCMS\Aero\src\Aero.Core\Extensions\XmlDocumentExtension.cs(480,106): warning CS8625: Cannot convert null literal to non-nullable reference type. [C:\Users\bbqch\proj\microbians\AeroCMS\Aero\src\Aero.Core\Aero.Core.csproj]
C:\Users\bbqch\proj\microbians\AeroCMS\Aero\src\Aero.Core\Identity\AeroRole.cs(106,28): warning CS8766: Nullability of reference types in return type of 'string? AeroRole<TKey>.CreatedBy.get' doesn't match implicitly implemented member 'string IEntity<TKey>.CreatedBy.get' (possibly because of nullability attributes). [C:\Users\bbqch\proj\microbians\AeroCMS\Aero\src\Aero.Core\Aero.Core.csproj]
C:\Users\bbqch\proj\microbians\AeroCMS\Aero\src\Aero.Core\Identity\AeroRole.cs(110,29): warning CS8766: Nullability of reference types in return type of 'string? AeroRole<TKey>.ModifiedBy.get' doesn't match implicitly implemented member 'string IEntity<TKey>.ModifiedBy.get' (possibly because of nullability attributes). [C:\Users\bbqch\proj\microbians\AeroCMS\Aero\src\Aero.Core\Aero.Core.csproj]
C:\Users\bbqch\proj\microbians\AeroCMS\Aero\src\Aero.Core\QueryableExtensions.cs(81,68): warning CS8625: Cannot convert null literal to non-nullable reference type. [C:\Users\bbqch\proj\microbians\AeroCMS\Aero\src\Aero.Core\Aero.Core.csproj]
C:\Users\bbqch\proj\microbians\AeroCMS\Aero\src\Aero.Core\QueryableExtensions.cs(81,108): warning CS8625: Cannot convert null literal to non-nullable reference type. [C:\Users\bbqch\proj\microbians\AeroCMS\Aero\src\Aero.Core\Aero.Core.csproj]
C:\Users\bbqch\proj\microbians\AeroCMS\Aero\src\Aero.Core\DataStructures\Trees\Persistence\Interfaces\IKeyValueTree.cs(17,17): warning CS0108: 'IKeyValueTree<TKey, TValue>.DeleteAsync(TKey, CancellationToken)' hides inherited member 'ITree<TKey>.DeleteAsync(TKey, CancellationToken)'. Use the new keyword if hiding was intended. [C:\Users\bbqch\proj\microbians\AeroCMS\Aero\src\Aero.Core\Aero.Core.csproj]
C:\Users\bbqch\proj\microbians\AeroCMS\Aero\src\Aero.Core\DataStructures\Trees\Persistence\Interfaces\IKeyValueTree.cs(21,17): warning CS0108: 'IKeyValueTree<TKey, TValue>.ContainsAsync(TKey, CancellationToken)' hides inherited member 'ITree<TKey>.ContainsAsync(TKey, CancellationToken)'. Use the new keyword if hiding was intended. [C:\Users\bbqch\proj\microbians\AeroCMS\Aero\src\Aero.Core\Aero.Core.csproj]
C:\Users\bbqch\proj\microbians\AeroCMS\Aero\src\Aero.Core\Xml\XmlSchemaValidator.cs(41,41): warning CS8622: Nullability of reference types in type of parameter 'sender' of 'void XsdSchemaValidator.ValidationEventHandler(object sender, ValidationEventArgs e)' doesn't match the target delegate 'ValidationEventHandler' (possibly because of nullability attributes). [C:\Users\bbqch\proj\microbians\AeroCMS\Aero\src\Aero.Core\Aero.Core.csproj]
C:\Users\bbqch\proj\microbians\AeroCMS\Aero\src\Aero.Core\Xml\XmlSchemaValidator.cs(41,22): warning CS8600: Converting null literal or possible null value to non-nullable type. [C:\Users\bbqch\proj\microbians\AeroCMS\Aero\src\Aero.Core\Aero.Core.csproj]
C:\Users\bbqch\proj\microbians\AeroCMS\Aero\src\Aero.Core\Xml\XmlSchemaValidator.cs(48,25): warning CS8604: Possible null reference argument for parameter 'item' in 'void List<XmlSchema>.Add(XmlSchema item)'. [C:\Users\bbqch\proj\microbians\AeroCMS\Aero\src\Aero.Core\Aero.Core.csproj]
C:\Users\bbqch\proj\microbians\AeroCMS\Aero\src\Aero.Core\AppSettings.cs(230,19): warning CS8618: Non-nullable property 'Key' must contain a non-null value when exiting constructor. Consider adding the 'required' modifier or declaring the property as nullable. [C:\Users\bbqch\proj\microbians\AeroCMS\Aero\src\Aero.Core\Aero.Core.csproj]
C:\Users\bbqch\proj\microbians\AeroCMS\Aero\src\Aero.Core\AppSettings.cs(236,19): warning CS8618: Non-nullable property 'From' must contain a non-null value when exiting constructor. Consider adding the 'required' modifier or declaring the property as nullable. [C:\Users\bbqch\proj\microbians\AeroCMS\Aero\src\Aero.Core\Aero.Core.csproj]
C:\Users\bbqch\proj\microbians\AeroCMS\Aero\src\Aero.Core\AppSettings.cs(242,19): warning CS8618: Non-nullable property 'FromName' must contain a non-null value when exiting constructor. Consider adding the 'required' modifier or declaring the property as nullable. [C:\Users\bbqch\proj\microbians\AeroCMS\Aero\src\Aero.Core\Aero.Core.csproj]
C:\Users\bbqch\proj\microbians\AeroCMS\Aero\src\Aero.Core\AppSettings.cs(254,19): warning CS8618: Non-nullable property 'SecretKey' must contain a non-null value when exiting constructor. Consider adding the 'required' modifier or declaring the property as nullable. [C:\Users\bbqch\proj\microbians\AeroCMS\Aero\src\Aero.Core\Aero.Core.csproj]
C:\Users\bbqch\proj\microbians\AeroCMS\Aero\src\Aero.Core\AppSettings.cs(266,19): warning CS8618: Non-nullable property 'AccountSid' must contain a non-null value when exiting constructor. Consider adding the 'required' modifier or declaring the property as nullable. [C:\Users\bbqch\proj\microbians\AeroCMS\Aero\src\Aero.Core\Aero.Core.csproj]
C:\Users\bbqch\proj\microbians\AeroCMS\Aero\src\Aero.Core\AppSettings.cs(272,19): warning CS8618: Non-nullable property 'AuthToken' must contain a non-null value when exiting constructor. Consider adding the 'required' modifier or declaring the property as nullable. [C:\Users\bbqch\proj\microbians\AeroCMS\Aero\src\Aero.Core\Aero.Core.csproj]
C:\Users\bbqch\proj\microbians\AeroCMS\Aero\src\Aero.Core\Xml\XmlSchemaValidator.cs(66,49): warning CS8622: Nullability of reference types in type of parameter 'sender' of 'void XsdSchemaValidator.ValidationEventHandler(object sender, ValidationEventArgs e)' doesn't match the target delegate 'ValidationEventHandler' (possibly because of nullability attributes). [C:\Users\bbqch\proj\microbians\AeroCMS\Aero\src\Aero.Core\Aero.Core.csproj]
C:\Users\bbqch\proj\microbians\AeroCMS\Aero\src\Aero.Core\Xml\XmlSchemaValidator.cs(70,29): warning CS8604: Possible null reference argument for parameter 'item' in 'void List<XmlSchema>.Add(XmlSchema item)'. [C:\Users\bbqch\proj\microbians\AeroCMS\Aero\src\Aero.Core\Aero.Core.csproj]
C:\Users\bbqch\proj\microbians\AeroCMS\Aero\src\Aero.Core\AppSettings.cs(284,19): warning CS8618: Non-nullable property 'Username' must contain a non-null value when exiting constructor. Consider adding the 'required' modifier or declaring the property as nullable. [C:\Users\bbqch\proj\microbians\AeroCMS\Aero\src\Aero.Core\Aero.Core.csproj]
C:\Users\bbqch\proj\microbians\AeroCMS\Aero\src\Aero.Core\AppSettings.cs(290,19): warning CS8618: Non-nullable property 'Password' must contain a non-null value when exiting constructor. Consider adding the 'required' modifier or declaring the property as nullable. [C:\Users\bbqch\proj\microbians\AeroCMS\Aero\src\Aero.Core\Aero.Core.csproj]
C:\Users\bbqch\proj\microbians\AeroCMS\Aero\src\Aero.Core\AppSettings.cs(296,19): warning CS8618: Non-nullable property 'Url' must contain a non-null value when exiting constructor. Consider adding the 'required' modifier or declaring the property as nullable. [C:\Users\bbqch\proj\microbians\AeroCMS\Aero\src\Aero.Core\Aero.Core.csproj]
C:\Users\bbqch\proj\microbians\AeroCMS\Aero\src\Aero.Core\AppSettings.cs(302,19): warning CS8618: Non-nullable property 'ApiKey' must contain a non-null value when exiting constructor. Consider adding the 'required' modifier or declaring the property as nullable. [C:\Users\bbqch\proj\microbians\AeroCMS\Aero\src\Aero.Core\Aero.Core.csproj]
C:\Users\bbqch\proj\microbians\AeroCMS\Aero\src\Aero.Core\AppSettings.cs(308,19): warning CS8618: Non-nullable property 'JsApiKey' must contain a non-null value when exiting constructor. Consider adding the 'required' modifier or declaring the property as nullable. [C:\Users\bbqch\proj\microbians\AeroCMS\Aero\src\Aero.Core\Aero.Core.csproj]
C:\Users\bbqch\proj\microbians\AeroCMS\Aero\src\Aero.Core\DataStructures\Trees\Trie.cs(71,24): warning CS8603: Possible null reference return. [C:\Users\bbqch\proj\microbians\AeroCMS\Aero\src\Aero.Core\Aero.Core.csproj]
C:\Users\bbqch\proj\microbians\AeroCMS\Aero\src\Aero.Core\DataStructures\Trees\Trie.cs(81,16): warning CS8603: Possible null reference return. [C:\Users\bbqch\proj\microbians\AeroCMS\Aero\src\Aero.Core\Aero.Core.csproj]
C:\Users\bbqch\proj\microbians\AeroCMS\Aero\src\Aero.Core\Entities\IEntity.cs(70,17): warning CS8618: Non-nullable property 'Id' must contain a non-null value when exiting constructor. Consider adding the 'required' modifier or declaring the property as nullable. [C:\Users\bbqch\proj\microbians\AeroCMS\Aero\src\Aero.Core\Aero.Core.csproj]
C:\Users\bbqch\proj\microbians\AeroCMS\Aero\src\Aero.Core\Entities\IEntity.cs(88,19): warning CS8618: Non-nullable property 'CreatedBy' must contain a non-null value when exiting constructor. Consider adding the 'required' modifier or declaring the property as nullable. [C:\Users\bbqch\proj\microbians\AeroCMS\Aero\src\Aero.Core\Aero.Core.csproj]
C:\Users\bbqch\proj\microbians\AeroCMS\Aero\src\Aero.Core\Entities\IEntity.cs(94,19): warning CS8618: Non-nullable property 'ModifiedBy' must contain a non-null value when exiting constructor. Consider adding the 'required' modifier or declaring the property as nullable. [C:\Users\bbqch\proj\microbians\AeroCMS\Aero\src\Aero.Core\Aero.Core.csproj]
C:\Users\bbqch\proj\microbians\AeroCMS\Aero\src\Aero.Core\DataHelper.cs(16,23): warning CS8602: Dereference of a possibly null reference. [C:\Users\bbqch\proj\microbians\AeroCMS\Aero\src\Aero.Core\Aero.Core.csproj]
C:\Users\bbqch\proj\microbians\AeroCMS\Aero\src\Aero.Core\Data\Functional\GenericRepositoryOptional.cs(155,64): warning CS9113: Parameter 'log' is unread. [C:\Users\bbqch\proj\microbians\AeroCMS\Aero\src\Aero.Core\Aero.Core.csproj]
C:\Users\bbqch\proj\microbians\AeroCMS\Aero\src\Aero.Core\Decorators\ExceptionCommandHandlerDecorator.cs(72,16): warning CS8603: Possible null reference return. [C:\Users\bbqch\proj\microbians\AeroCMS\Aero\src\Aero.Core\Aero.Core.csproj]
C:\Users\bbqch\proj\microbians\AeroCMS\Aero\src\Aero.Core\Decorators\ExceptionQueryHandlerDecorator.cs(26,16): warning CS8603: Possible null reference return. [C:\Users\bbqch\proj\microbians\AeroCMS\Aero\src\Aero.Core\Aero.Core.csproj]
C:\Users\bbqch\proj\microbians\AeroCMS\Aero\src\Aero.Core\AzureBlobStorageClient.cs(84,25): warning CS8601: Possible null reference assignment. [C:\Users\bbqch\proj\microbians\AeroCMS\Aero\src\Aero.Core\Aero.Core.csproj]
C:\Users\bbqch\proj\microbians\AeroCMS\Aero\src\Aero.Core\Decorators\ExceptionQueryHandlerDecorator.cs(51,16): warning CS8603: Possible null reference return. [C:\Users\bbqch\proj\microbians\AeroCMS\Aero\src\Aero.Core\Aero.Core.csproj]
C:\Users\bbqch\proj\microbians\AeroCMS\Aero\src\Aero.Core\Xml\XmlSchemaValidator.cs(253,44): warning CS8622: Nullability of reference types in type of parameter 'sender' of 'void XsdSchemaValidator.ValidationEventHandler(object sender, ValidationEventArgs e)' doesn't match the target delegate 'ValidationEventHandler' (possibly because of nullability attributes). [C:\Users\bbqch\proj\microbians\AeroCMS\Aero\src\Aero.Core\Aero.Core.csproj]
C:\Users\bbqch\proj\microbians\AeroCMS\Aero\src\Aero.Core\DataStructures\Trees\AvlTree.cs(57,20): warning CS8603: Possible null reference return. [C:\Users\bbqch\proj\microbians\AeroCMS\Aero\src\Aero.Core\Aero.Core.csproj]
C:\Users\bbqch\proj\microbians\AeroCMS\Aero\src\Aero.Core\DataStructures\Trees\AvlTree.cs(73,24): warning CS8600: Converting null literal or possible null value to non-nullable type. [C:\Users\bbqch\proj\microbians\AeroCMS\Aero\src\Aero.Core\Aero.Core.csproj]
C:\Users\bbqch\proj\microbians\AeroCMS\Aero\src\Aero.Core\DataStructures\Trees\AvlTree.cs(85,20): warning CS8603: Possible null reference return. [C:\Users\bbqch\proj\microbians\AeroCMS\Aero\src\Aero.Core\Aero.Core.csproj]
C:\Users\bbqch\proj\microbians\AeroCMS\Aero\src\Aero.Core\DataStructures\Trees\BinarySearchTree.cs(50,20): warning CS8603: Possible null reference return. [C:\Users\bbqch\proj\microbians\AeroCMS\Aero\src\Aero.Core\Aero.Core.csproj]
C:\Users\bbqch\proj\microbians\AeroCMS\Aero\src\Aero.Core\DataStructures\Trees\BinaryTreeNode.cs(13,12): warning CS8618: Non-nullable property 'Left' must contain a non-null value when exiting constructor. Consider adding the 'required' modifier or declaring the property as nullable. [C:\Users\bbqch\proj\microbians\AeroCMS\Aero\src\Aero.Core\Aero.Core.csproj]
C:\Users\bbqch\proj\microbians\AeroCMS\Aero\src\Aero.Core\DataStructures\Trees\BinaryTreeNode.cs(13,12): warning CS8618: Non-nullable property 'Right' must contain a non-null value when exiting constructor. Consider adding the 'required' modifier or declaring the property as nullable. [C:\Users\bbqch\proj\microbians\AeroCMS\Aero\src\Aero.Core\Aero.Core.csproj]
C:\Users\bbqch\proj\microbians\AeroCMS\Aero\src\Aero.Core\Extensions\BlobStorageClientHelpers.cs(22,16): warning CS8603: Possible null reference return. [C:\Users\bbqch\proj\microbians\AeroCMS\Aero\src\Aero.Core\Aero.Core.csproj]
C:\Users\bbqch\proj\microbians\AeroCMS\Aero\src\Aero.Core\DataStructures\Trees\AvlTree.cs(103,20): warning CS8603: Possible null reference return. [C:\Users\bbqch\proj\microbians\AeroCMS\Aero\src\Aero.Core\Aero.Core.csproj]
C:\Users\bbqch\proj\microbians\AeroCMS\Aero\src\Aero.Core\DataStructures\Trees\Treap.cs(58,34): warning CS8603: Possible null reference return. [C:\Users\bbqch\proj\microbians\AeroCMS\Aero\src\Aero.Core\Aero.Core.csproj]
C:\Users\bbqch\proj\microbians\AeroCMS\Aero\src\Aero.Core\Extensions\Compression.cs(16,32): warning CS8600: Converting null literal or possible null value to non-nullable type. [C:\Users\bbqch\proj\microbians\AeroCMS\Aero\src\Aero.Core\Aero.Core.csproj]
C:\Users\bbqch\proj\microbians\AeroCMS\Aero\src\Aero.Core\DataStructures\Trees\BinarySearchTree.cs(102,20): warning CS8603: Possible null reference return. [C:\Users\bbqch\proj\microbians\AeroCMS\Aero\src\Aero.Core\Aero.Core.csproj]
C:\Users\bbqch\proj\microbians\AeroCMS\Aero\src\Aero.Core\DataStructures\Trees\BinarySearchTree.cs(12,36): warning CS8618: Non-nullable property 'Root' must contain a non-null value when exiting constructor. Consider adding the 'required' modifier or declaring the property as nullable. [C:\Users\bbqch\proj\microbians\AeroCMS\Aero\src\Aero.Core\Aero.Core.csproj]
C:\Users\bbqch\proj\microbians\AeroCMS\Aero\src\Aero.Core\Extensions\Compression.cs(33,36): warning CS8600: Converting null literal or possible null value to non-nullable type. [C:\Users\bbqch\proj\microbians\AeroCMS\Aero\src\Aero.Core\Aero.Core.csproj]
C:\Users\bbqch\proj\microbians\AeroCMS\Aero\src\Aero.Core\DataStructures\Trees\Treap.cs(98,34): warning CS8603: Possible null reference return. [C:\Users\bbqch\proj\microbians\AeroCMS\Aero\src\Aero.Core\Aero.Core.csproj]
C:\Users\bbqch\proj\microbians\AeroCMS\Aero\src\Aero.Core\ExternalProcess.cs(26,9): warning CS8602: Dereference of a possibly null reference. [C:\Users\bbqch\proj\microbians\AeroCMS\Aero\src\Aero.Core\Aero.Core.csproj]
C:\Users\bbqch\proj\microbians\AeroCMS\Aero\src\Aero.Core\DataStructures\Trees\Treap.cs(14,25): warning CS8618: Non-nullable property 'Root' must contain a non-null value when exiting constructor. Consider adding the 'required' modifier or declaring the property as nullable. [C:\Users\bbqch\proj\microbians\AeroCMS\Aero\src\Aero.Core\Aero.Core.csproj]
C:\Users\bbqch\proj\microbians\AeroCMS\Aero\src\Aero.Core\Decorators\RetryCommandHandlerDecorator.cs(64,16): warning CS8603: Possible null reference return. [C:\Users\bbqch\proj\microbians\AeroCMS\Aero\src\Aero.Core\Aero.Core.csproj]
C:\Users\bbqch\proj\microbians\AeroCMS\Aero\src\Aero.Core\DataStructures\Trees\BPlusTreeNode.cs(24,25): warning CS8618: Non-nullable property 'Next' must contain a non-null value when exiting constructor. Consider adding the 'required' modifier or declaring the property as nullable. [C:\Users\bbqch\proj\microbians\AeroCMS\Aero\src\Aero.Core\Aero.Core.csproj]
C:\Users\bbqch\proj\microbians\AeroCMS\Aero\src\Aero.Core\DataStructures\Trees\BPlusTree.cs(62,16): warning CS8603: Possible null reference return. [C:\Users\bbqch\proj\microbians\AeroCMS\Aero\src\Aero.Core\Aero.Core.csproj]
C:\Users\bbqch\proj\microbians\AeroCMS\Aero\src\Aero.Core\DataStructures\Trees\BinaryTree.cs(58,13): warning CS8602: Dereference of a possibly null reference. [C:\Users\bbqch\proj\microbians\AeroCMS\Aero\src\Aero.Core\Aero.Core.csproj]
C:\Users\bbqch\proj\microbians\AeroCMS\Aero\src\Aero.Core\DataStructures\Trees\BinaryTree.cs(60,20): warning CS8625: Cannot convert null literal to non-nullable reference type. [C:\Users\bbqch\proj\microbians\AeroCMS\Aero\src\Aero.Core\Aero.Core.csproj]
C:\Users\bbqch\proj\microbians\AeroCMS\Aero\src\Aero.Core\DataStructures\Trees\BinaryTree.cs(66,42): warning CS8600: Converting null literal or possible null value to non-nullable type. [C:\Users\bbqch\proj\microbians\AeroCMS\Aero\src\Aero.Core\Aero.Core.csproj]
C:\Users\bbqch\proj\microbians\AeroCMS\Aero\src\Aero.Core\DataStructures\Trees\BinaryTree.cs(67,41): warning CS8600: Converting null literal or possible null value to non-nullable type. [C:\Users\bbqch\proj\microbians\AeroCMS\Aero\src\Aero.Core\Aero.Core.csproj]
C:\Users\bbqch\proj\microbians\AeroCMS\Aero\src\Aero.Core\DataStructures\Trees\BinaryTree.cs(72,17): warning CS8602: Dereference of a possibly null reference. [C:\Users\bbqch\proj\microbians\AeroCMS\Aero\src\Aero.Core\Aero.Core.csproj]
C:\Users\bbqch\proj\microbians\AeroCMS\Aero\src\Aero.Core\DataStructures\Trees\BinaryTree.cs(91,34): warning CS8602: Dereference of a possibly null reference. [C:\Users\bbqch\proj\microbians\AeroCMS\Aero\src\Aero.Core\Aero.Core.csproj]
C:\Users\bbqch\proj\microbians\AeroCMS\Aero\src\Aero.Core\DataStructures\Trees\AvlTree.cs(12,27): warning CS8618: Non-nullable property 'Root' must contain a non-null value when exiting constructor. Consider adding the 'required' modifier or declaring the property as nullable. [C:\Users\bbqch\proj\microbians\AeroCMS\Aero\src\Aero.Core\Aero.Core.csproj]
C:\Users\bbqch\proj\microbians\AeroCMS\Aero\src\Aero.Core\DataStructures\Trees\SplayTree.cs(31,25): warning CS8625: Cannot convert null literal to non-nullable reference type. [C:\Users\bbqch\proj\microbians\AeroCMS\Aero\src\Aero.Core\Aero.Core.csproj]
C:\Users\bbqch\proj\microbians\AeroCMS\Aero\src\Aero.Core\DataStructures\Trees\SplayTree.cs(39,26): warning CS8625: Cannot convert null literal to non-nullable reference type. [C:\Users\bbqch\proj\microbians\AeroCMS\Aero\src\Aero.Core\Aero.Core.csproj]
C:\Users\bbqch\proj\microbians\AeroCMS\Aero\src\Aero.Core\DataStructures\Trees\BinaryTree.cs(103,34): warning CS8600: Converting null literal or possible null value to non-nullable type. [C:\Users\bbqch\proj\microbians\AeroCMS\Aero\src\Aero.Core\Aero.Core.csproj]
C:\Users\bbqch\proj\microbians\AeroCMS\Aero\src\Aero.Core\DataStructures\Trees\BinaryTree.cs(109,24): warning CS8600: Converting null literal or possible null value to non-nullable type. [C:\Users\bbqch\proj\microbians\AeroCMS\Aero\src\Aero.Core\Aero.Core.csproj]
C:\Users\bbqch\proj\microbians\AeroCMS\Aero\src\Aero.Core\DataStructures\Trees\BinaryTree.cs(116,34): warning CS8625: Cannot convert null literal to non-nullable reference type. [C:\Users\bbqch\proj\microbians\AeroCMS\Aero\src\Aero.Core\Aero.Core.csproj]
C:\Users\bbqch\proj\microbians\AeroCMS\Aero\src\Aero.Core\DataStructures\Trees\BinaryTree.cs(127,33): warning CS8625: Cannot convert null literal to non-nullable reference type. [C:\Users\bbqch\proj\microbians\AeroCMS\Aero\src\Aero.Core\Aero.Core.csproj]
C:\Users\bbqch\proj\microbians\AeroCMS\Aero\src\Aero.Core\Helpers\Config.cs(15,48): warning CS8603: Possible null reference return. [C:\Users\bbqch\proj\microbians\AeroCMS\Aero\src\Aero.Core\Aero.Core.csproj]
C:\Users\bbqch\proj\microbians\AeroCMS\Aero\src\Aero.Core\Extensions\ExceptionExtensions.cs(38,54): warning CS8603: Possible null reference return. [C:\Users\bbqch\proj\microbians\AeroCMS\Aero\src\Aero.Core\Aero.Core.csproj]
C:\Users\bbqch\proj\microbians\AeroCMS\Aero\src\Aero.Core\Identity\IdentityToken.cs(11,15): warning CS8618: Non-nullable property 'LoginProvider' must contain a non-null value when exiting constructor. Consider adding the 'required' modifier or declaring the property as nullable. [C:\Users\bbqch\proj\microbians\AeroCMS\Aero\src\Aero.Core\Aero.Core.csproj]
C:\Users\bbqch\proj\microbians\AeroCMS\Aero\src\Aero.Core\Identity\IdentityToken.cs(16,15): warning CS8618: Non-nullable property 'Name' must contain a non-null value when exiting constructor. Consider adding the 'required' modifier or declaring the property as nullable. [C:\Users\bbqch\proj\microbians\AeroCMS\Aero\src\Aero.Core\Aero.Core.csproj]
C:\Users\bbqch\proj\microbians\AeroCMS\Aero\src\Aero.Core\Identity\IdentityToken.cs(21,15): warning CS8618: Non-nullable property 'Value' must contain a non-null value when exiting constructor. Consider adding the 'required' modifier or declaring the property as nullable. [C:\Users\bbqch\proj\microbians\AeroCMS\Aero\src\Aero.Core\Aero.Core.csproj]
C:\Users\bbqch\proj\microbians\AeroCMS\Aero\src\Aero.Core\DataStructures\Trees\BPlusTree.cs(89,16): warning CS8603: Possible null reference return. [C:\Users\bbqch\proj\microbians\AeroCMS\Aero\src\Aero.Core\Aero.Core.csproj]
C:\Users\bbqch\proj\microbians\AeroCMS\Aero\src\Aero.Core\Identity\IdentityLogin.cs(11,15): warning CS8618: Non-nullable property 'LoginProvider' must contain a non-null value when exiting constructor. Consider adding the 'required' modifier or declaring the property as nullable. [C:\Users\bbqch\proj\microbians\AeroCMS\Aero\src\Aero.Core\Aero.Core.csproj]
C:\Users\bbqch\proj\microbians\AeroCMS\Aero\src\Aero.Core\Identity\IdentityLogin.cs(16,15): warning CS8618: Non-nullable property 'ProviderKey' must contain a non-null value when exiting constructor. Consider adding the 'required' modifier or declaring the property as nullable. [C:\Users\bbqch\proj\microbians\AeroCMS\Aero\src\Aero.Core\Aero.Core.csproj]
C:\Users\bbqch\proj\microbians\AeroCMS\Aero\src\Aero.Core\Identity\IdentityLogin.cs(21,15): warning CS8618: Non-nullable property 'ProviderDisplayName' must contain a non-null value when exiting constructor. Consider adding the 'required' modifier or declaring the property as nullable. [C:\Users\bbqch\proj\microbians\AeroCMS\Aero\src\Aero.Core\Aero.Core.csproj]
C:\Users\bbqch\proj\microbians\AeroCMS\Aero\src\Aero.Core\Helpers\Config.cs(21,9): warning CS8603: Possible null reference return. [C:\Users\bbqch\proj\microbians\AeroCMS\Aero\src\Aero.Core\Aero.Core.csproj]
C:\Users\bbqch\proj\microbians\AeroCMS\Aero\src\Aero.Core\DataStructures\Trees\BinaryTree.cs(147,20): warning CS8603: Possible null reference return. [C:\Users\bbqch\proj\microbians\AeroCMS\Aero\src\Aero.Core\Aero.Core.csproj]
C:\Users\bbqch\proj\microbians\AeroCMS\Aero\src\Aero.Core\DataStructures\Trees\BinaryTree.cs(150,13): warning CS8602: Dereference of a possibly null reference. [C:\Users\bbqch\proj\microbians\AeroCMS\Aero\src\Aero.Core\Aero.Core.csproj]
C:\Users\bbqch\proj\microbians\AeroCMS\Aero\src\Aero.Core\DataStructures\Trees\SplayTree.cs(72,20): warning CS8603: Possible null reference return. [C:\Users\bbqch\proj\microbians\AeroCMS\Aero\src\Aero.Core\Aero.Core.csproj]
C:\Users\bbqch\proj\microbians\AeroCMS\Aero\src\Aero.Core\DataStructures\Trees\BinaryTree.cs(12,30): warning CS8618: Non-nullable property 'Root' must contain a non-null value when exiting constructor. Consider adding the 'required' modifier or declaring the property as nullable. [C:\Users\bbqch\proj\microbians\AeroCMS\Aero\src\Aero.Core\Aero.Core.csproj]
C:\Users\bbqch\proj\microbians\AeroCMS\Aero\src\Aero.Core\Extensions\XmlDocumentExtension.cs(125,69): warning CS8622: Nullability of reference types in type of parameter 'sender' of 'void XmlDocumentExtension.ShowCompileErrors(object sender, ValidationEventArgs args)' doesn't match the target delegate 'ValidationEventHandler' (possibly because of nullability attributes). [C:\Users\bbqch\proj\microbians\AeroCMS\Aero\src\Aero.Core\Aero.Core.csproj]
C:\Users\bbqch\proj\microbians\AeroCMS\Aero\src\Aero.Core\Helpers\Config.cs(39,20): warning CS8603: Possible null reference return. [C:\Users\bbqch\proj\microbians\AeroCMS\Aero\src\Aero.Core\Aero.Core.csproj]
C:\Users\bbqch\proj\microbians\AeroCMS\Aero\src\Aero.Core\Helpers\Config.cs(43,16): warning CS8603: Possible null reference return. [C:\Users\bbqch\proj\microbians\AeroCMS\Aero\src\Aero.Core\Aero.Core.csproj]
C:\Users\bbqch\proj\microbians\AeroCMS\Aero\src\Aero.Core\DataStructures\Trees\SplayTree.cs(80,34): warning CS8603: Possible null reference return. [C:\Users\bbqch\proj\microbians\AeroCMS\Aero\src\Aero.Core\Aero.Core.csproj]
C:\Users\bbqch\proj\microbians\AeroCMS\Aero\src\Aero.Core\DataStructures\Trees\SplayTree.cs(12,29): warning CS8618: Non-nullable property 'Root' must contain a non-null value when exiting constructor. Consider adding the 'required' modifier or declaring the property as nullable. [C:\Users\bbqch\proj\microbians\AeroCMS\Aero\src\Aero.Core\Aero.Core.csproj]
C:\Users\bbqch\proj\microbians\AeroCMS\Aero\src\Aero.Core\Extensions\XmlDocumentExtension.cs(203,16): warning CS8603: Possible null reference return. [C:\Users\bbqch\proj\microbians\AeroCMS\Aero\src\Aero.Core\Aero.Core.csproj]
C:\Users\bbqch\proj\microbians\AeroCMS\Aero\src\Aero.Core\Helpers\AssemblyBindingHelper.cs(56,22): warning CS8600: Converting null literal or possible null value to non-nullable type. [C:\Users\bbqch\proj\microbians\AeroCMS\Aero\src\Aero.Core\Aero.Core.csproj]
C:\Users\bbqch\proj\microbians\AeroCMS\Aero\src\Aero.Core\Helpers\AssemblyBindingHelper.cs(59,16): warning CS8603: Possible null reference return. [C:\Users\bbqch\proj\microbians\AeroCMS\Aero\src\Aero.Core\Aero.Core.csproj]
C:\Users\bbqch\proj\microbians\AeroCMS\Aero\src\Aero.Core\DataStructures\Trees\SkipList.cs(88,37): warning CS8604: Possible null reference argument for parameter 'value' in 'SkipListNode<T>.SkipListNode(T value, int level)'. [C:\Users\bbqch\proj\microbians\AeroCMS\Aero\src\Aero.Core\Aero.Core.csproj]
C:\Users\bbqch\proj\microbians\AeroCMS\Aero\src\Aero.Core\DataStructures\Graphs\KnowledgeGraph.cs(290,19): warning CS8604: Possible null reference argument for parameter 'key' in 'Entity Dictionary<TEntityId, Entity>.this[TEntityId key]'. [C:\Users\bbqch\proj\microbians\AeroCMS\Aero\src\Aero.Core\Aero.Core.csproj]
C:\Users\bbqch\proj\microbians\AeroCMS\Aero\src\Aero.Core\DataStructures\Trees\BTree.cs(80,16): warning CS8603: Possible null reference return. [C:\Users\bbqch\proj\microbians\AeroCMS\Aero\src\Aero.Core\Aero.Core.csproj]
C:\Users\bbqch\proj\microbians\AeroCMS\Aero\src\Aero.Core\DataStructures\Graphs\WeightedGraph.cs(174,101): warning CS8601: Possible null reference assignment. [C:\Users\bbqch\proj\microbians\AeroCMS\Aero\src\Aero.Core\Aero.Core.csproj]
C:\Users\bbqch\proj\microbians\AeroCMS\Aero\src\Aero.Core\Extensions\ObjectExtensions.cs(51,82): warning CS8604: Possible null reference argument for parameter 'value' in 'KeyValuePair<string, string>.KeyValuePair(string key, string value)'. [C:\Users\bbqch\proj\microbians\AeroCMS\Aero\src\Aero.Core\Aero.Core.csproj]
C:\Users\bbqch\proj\microbians\AeroCMS\Aero\src\Aero.Core\Extensions\ObjectExtensions.cs(56,78): warning CS8604: Possible null reference argument for parameter 'value' in 'KeyValuePair<string, string>.KeyValuePair(string key, string value)'. [C:\Users\bbqch\proj\microbians\AeroCMS\Aero\src\Aero.Core\Aero.Core.csproj]
C:\Users\bbqch\proj\microbians\AeroCMS\Aero\src\Aero.Core\QueryableExtensions.cs(96,46): warning CS8625: Cannot convert null literal to non-nullable reference type. [C:\Users\bbqch\proj\microbians\AeroCMS\Aero\src\Aero.Core\Aero.Core.csproj]
C:\Users\bbqch\proj\microbians\AeroCMS\Aero\src\Aero.Core\QueryableExtensions.cs(104,51): warning CS8625: Cannot convert null literal to non-nullable reference type. [C:\Users\bbqch\proj\microbians\AeroCMS\Aero\src\Aero.Core\Aero.Core.csproj]
C:\Users\bbqch\proj\microbians\AeroCMS\Aero\src\Aero.Core\SmtpEmailOptions.cs(11,8): warning CS8618: Non-nullable property 'Host' must contain a non-null value when exiting constructor. Consider adding the 'required' modifier or declaring the property as nullable. [C:\Users\bbqch\proj\microbians\AeroCMS\Aero\src\Aero.Core\Aero.Core.csproj]
C:\Users\bbqch\proj\microbians\AeroCMS\Aero\src\Aero.Core\SmtpEmailOptions.cs(11,8): warning CS8618: Non-nullable property 'Username' must contain a non-null value when exiting constructor. Consider adding the 'required' modifier or declaring the property as nullable. [C:\Users\bbqch\proj\microbians\AeroCMS\Aero\src\Aero.Core\Aero.Core.csproj]
C:\Users\bbqch\proj\microbians\AeroCMS\Aero\src\Aero.Core\SmtpEmailOptions.cs(11,8): warning CS8618: Non-nullable property 'Password' must contain a non-null value when exiting constructor. Consider adding the 'required' modifier or declaring the property as nullable. [C:\Users\bbqch\proj\microbians\AeroCMS\Aero\src\Aero.Core\Aero.Core.csproj]
C:\Users\bbqch\proj\microbians\AeroCMS\Aero\src\Aero.Core\SmtpEmailOptions.cs(11,8): warning CS8618: Non-nullable property 'SenderEmail' must contain a non-null value when exiting constructor. Consider adding the 'required' modifier or declaring the property as nullable. [C:\Users\bbqch\proj\microbians\AeroCMS\Aero\src\Aero.Core\Aero.Core.csproj]
C:\Users\bbqch\proj\microbians\AeroCMS\Aero\src\Aero.Core\Helpers\AssemblyBindingHelper.cs(80,39): warning CS8600: Converting null literal or possible null value to non-nullable type. [C:\Users\bbqch\proj\microbians\AeroCMS\Aero\src\Aero.Core\Aero.Core.csproj]
C:\Users\bbqch\proj\microbians\AeroCMS\Aero\src\Aero.Core\Secrets\ShamirsSecretManager.cs(17,44): warning CS8604: Possible null reference argument for parameter 's' in 'byte[] Encoding.GetBytes(string s)'. [C:\Users\bbqch\proj\microbians\AeroCMS\Aero\src\Aero.Core\Aero.Core.csproj]
C:\Users\bbqch\proj\microbians\AeroCMS\Aero\src\Aero.Core\Helpers\AssemblyBindingHelper.cs(108,15): warning CS8618: Non-nullable property 'ShortName' must contain a non-null value when exiting constructor. Consider adding the 'required' modifier or declaring the property as nullable. [C:\Users\bbqch\proj\microbians\AeroCMS\Aero\src\Aero.Core\Aero.Core.csproj]
C:\Users\bbqch\proj\microbians\AeroCMS\Aero\src\Aero.Core\Helpers\AssemblyBindingHelper.cs(112,15): warning CS8618: Non-nullable property 'PublicKeyToken' must contain a non-null value when exiting constructor. Consider adding the 'required' modifier or declaring the property as nullable. [C:\Users\bbqch\proj\microbians\AeroCMS\Aero\src\Aero.Core\Aero.Core.csproj]
C:\Users\bbqch\proj\microbians\AeroCMS\Aero\src\Aero.Core\Helpers\AssemblyBindingHelper.cs(116,15): warning CS8618: Non-nullable property 'RedirectToVersion' must contain a non-null value when exiting constructor. Consider adding the 'required' modifier or declaring the property as nullable. [C:\Users\bbqch\proj\microbians\AeroCMS\Aero\src\Aero.Core\Aero.Core.csproj]
C:\Users\bbqch\proj\microbians\AeroCMS\Aero\src\Aero.Core\DataStructures\Trees\BTree.cs(108,27): warning CS8604: Possible null reference argument for parameter 'item' in 'void List<T>.Add(T item)'. [C:\Users\bbqch\proj\microbians\AeroCMS\Aero\src\Aero.Core\Aero.Core.csproj]
C:\Users\bbqch\proj\microbians\AeroCMS\Aero\src\Aero.Core\Secrets\EncryptingSecretManager.cs(20,25): warning CS8604: Possible null reference argument for parameter 'source' in 'IEnumerable<string> Enumerable.Select<string, string>(IEnumerable<string> source, Func<string, string> selector)'. [C:\Users\bbqch\proj\microbians\AeroCMS\Aero\src\Aero.Core\Aero.Core.csproj]
C:\Users\bbqch\proj\microbians\AeroCMS\Aero\src\Aero.Core\Workers\BackgroundServiceBase.cs(10,22): warning CS9113: Parameter 'sp' is unread. [C:\Users\bbqch\proj\microbians\AeroCMS\Aero\src\Aero.Core\Aero.Core.csproj]
C:\Users\bbqch\proj\microbians\AeroCMS\Aero\src\Aero.Core\Workers\BackgroundServiceBase.cs(11,36): warning CS9113: Parameter 'log' is unread. [C:\Users\bbqch\proj\microbians\AeroCMS\Aero\src\Aero.Core\Aero.Core.csproj]
C:\Users\bbqch\proj\microbians\AeroCMS\Aero\src\Aero.Core\Workers\BackgroundServiceBase.cs(12,20): warning CS9113: Parameter 'config' is unread. [C:\Users\bbqch\proj\microbians\AeroCMS\Aero\src\Aero.Core\Aero.Core.csproj]
C:\Users\bbqch\proj\microbians\AeroCMS\Aero\src\Aero.Core\Validation\Examples.cs(8,55): warning CS9113: Parameter 'errors' is unread. [C:\Users\bbqch\proj\microbians\AeroCMS\Aero\src\Aero.Core\Aero.Core.csproj]
C:\Users\bbqch\proj\microbians\AeroCMS\Aero\src\Aero.Core\DataStructures\Trees\BPlusTree.cs(225,20): warning CS8603: Possible null reference return. [C:\Users\bbqch\proj\microbians\AeroCMS\Aero\src\Aero.Core\Aero.Core.csproj]
C:\Users\bbqch\proj\microbians\AeroCMS\Aero\src\Aero.Core\DataStructures\Trees\BPlusTree.cs(238,16): warning CS8603: Possible null reference return. [C:\Users\bbqch\proj\microbians\AeroCMS\Aero\src\Aero.Core\Aero.Core.csproj]
C:\Users\bbqch\proj\microbians\AeroCMS\Aero\src\Aero.Core\Railway\ResultExtensions.cs(107,11): warning CS8509: The switch expression does not handle all possible values of its input type (it is not exhaustive). For example, the pattern '_' is not covered. [C:\Users\bbqch\proj\microbians\AeroCMS\Aero\src\Aero.Core\Aero.Core.csproj]
C:\Users\bbqch\proj\microbians\AeroCMS\Aero\src\Aero.Core\Railway\ResultExtensions.cs(139,11): warning CS8509: The switch expression does not handle all possible values of its input type (it is not exhaustive). For example, the pattern '_' is not covered. [C:\Users\bbqch\proj\microbians\AeroCMS\Aero\src\Aero.Core\Aero.Core.csproj]
C:\Users\bbqch\proj\microbians\AeroCMS\Aero\src\Aero.Core\Extensions\XmlDocumentExtension.cs(284,20): warning CS8600: Converting null literal or possible null value to non-nullable type. [C:\Users\bbqch\proj\microbians\AeroCMS\Aero\src\Aero.Core\Aero.Core.csproj]
C:\Users\bbqch\proj\microbians\AeroCMS\Aero\src\Aero.Core\Extensions\XmlDocumentExtension.cs(284,20): warning CS8603: Possible null reference return. [C:\Users\bbqch\proj\microbians\AeroCMS\Aero\src\Aero.Core\Aero.Core.csproj]
C:\Users\bbqch\proj\microbians\AeroCMS\Aero\src\Aero.Core\Railway\ResultExtensions.cs(182,11): warning CS8509: The switch expression does not handle all possible values of its input type (it is not exhaustive). For example, the pattern '_' is not covered. [C:\Users\bbqch\proj\microbians\AeroCMS\Aero\src\Aero.Core\Aero.Core.csproj]
C:\Users\bbqch\proj\microbians\AeroCMS\Aero\src\Aero.Core\DataStructures\Trees\IntervalTreeNode.cs(19,25): warning CS8618: Non-nullable property 'Left' must contain a non-null value when exiting constructor. Consider adding the 'required' modifier or declaring the property as nullable. [C:\Users\bbqch\proj\microbians\AeroCMS\Aero\src\Aero.Core\Aero.Core.csproj]
C:\Users\bbqch\proj\microbians\AeroCMS\Aero\src\Aero.Core\DataStructures\Trees\IntervalTreeNode.cs(23,25): warning CS8618: Non-nullable property 'Right' must contain a non-null value when exiting constructor. Consider adding the 'required' modifier or declaring the property as nullable. [C:\Users\bbqch\proj\microbians\AeroCMS\Aero\src\Aero.Core\Aero.Core.csproj]
C:\Users\bbqch\proj\microbians\AeroCMS\Aero\src\Aero.Core\Secrets\EncryptingSecretManager.cs(61,16): warning CS8603: Possible null reference return. [C:\Users\bbqch\proj\microbians\AeroCMS\Aero\src\Aero.Core\Aero.Core.csproj]
C:\Users\bbqch\proj\microbians\AeroCMS\Aero\src\Aero.Core\Extensions\XmlDocumentExtension.cs(299,20): warning CS8600: Converting null literal or possible null value to non-nullable type. [C:\Users\bbqch\proj\microbians\AeroCMS\Aero\src\Aero.Core\Aero.Core.csproj]
C:\Users\bbqch\proj\microbians\AeroCMS\Aero\src\Aero.Core\Extensions\XmlDocumentExtension.cs(299,20): warning CS8603: Possible null reference return. [C:\Users\bbqch\proj\microbians\AeroCMS\Aero\src\Aero.Core\Aero.Core.csproj]
C:\Users\bbqch\proj\microbians\AeroCMS\Aero\src\Aero.Core\Railway\ResultExtensions.cs(235,11): warning CS8509: The switch expression does not handle all possible values of its input type (it is not exhaustive). For example, the pattern '_' is not covered. [C:\Users\bbqch\proj\microbians\AeroCMS\Aero\src\Aero.Core\Aero.Core.csproj]
C:\Users\bbqch\proj\microbians\AeroCMS\Aero\src\Aero.Core\Extensions\XmlDocumentExtension.cs(314,20): warning CS8600: Converting null literal or possible null value to non-nullable type. [C:\Users\bbqch\proj\microbians\AeroCMS\Aero\src\Aero.Core\Aero.Core.csproj]
C:\Users\bbqch\proj\microbians\AeroCMS\Aero\src\Aero.Core\Extensions\XmlDocumentExtension.cs(314,20): warning CS8603: Possible null reference return. [C:\Users\bbqch\proj\microbians\AeroCMS\Aero\src\Aero.Core\Aero.Core.csproj]
C:\Users\bbqch\proj\microbians\AeroCMS\Aero\src\Aero.Core\DataStructures\Trees\KdTreeNode.cs(15,19): warning CS8618: Non-nullable property 'Left' must contain a non-null value when exiting constructor. Consider adding the 'required' modifier or declaring the property as nullable. [C:\Users\bbqch\proj\microbians\AeroCMS\Aero\src\Aero.Core\Aero.Core.csproj]
C:\Users\bbqch\proj\microbians\AeroCMS\Aero\src\Aero.Core\DataStructures\Trees\KdTreeNode.cs(19,19): warning CS8618: Non-nullable property 'Right' must contain a non-null value when exiting constructor. Consider adding the 'required' modifier or declaring the property as nullable. [C:\Users\bbqch\proj\microbians\AeroCMS\Aero\src\Aero.Core\Aero.Core.csproj]
C:\Users\bbqch\proj\microbians\AeroCMS\Aero\src\Aero.Core\Railway\ResultExtensions.cs(272,11): warning CS8509: The switch expression does not handle all possible values of its input type (it is not exhaustive). For example, the pattern '_' is not covered. [C:\Users\bbqch\proj\microbians\AeroCMS\Aero\src\Aero.Core\Aero.Core.csproj]
C:\Users\bbqch\proj\microbians\AeroCMS\Aero\src\Aero.Core\Railway\ResultExtensions.cs(324,11): warning CS8509: The switch expression does not handle all possible values of its input type (it is not exhaustive). For example, the pattern '_' is not covered. [C:\Users\bbqch\proj\microbians\AeroCMS\Aero\src\Aero.Core\Aero.Core.csproj]
C:\Users\bbqch\proj\microbians\AeroCMS\Aero\src\Aero.Core\Railway\ResultExtensions.cs(337,16): warning CS8509: The switch expression does not handle all possible values of its input type (it is not exhaustive). For example, the pattern '_' is not covered. [C:\Users\bbqch\proj\microbians\AeroCMS\Aero\src\Aero.Core\Aero.Core.csproj]
C:\Users\bbqch\proj\microbians\AeroCMS\Aero\src\Aero.Core\DataStructures\Trees\KdTree.cs(110,16): warning CS8603: Possible null reference return. [C:\Users\bbqch\proj\microbians\AeroCMS\Aero\src\Aero.Core\Aero.Core.csproj]
C:\Users\bbqch\proj\microbians\AeroCMS\Aero\src\Aero.Core\Railway\ResultExtensions.cs(385,11): warning CS8509: The switch expression does not handle all possible values of its input type (it is not exhaustive). For example, the pattern '_' is not covered. [C:\Users\bbqch\proj\microbians\AeroCMS\Aero\src\Aero.Core\Aero.Core.csproj]
C:\Users\bbqch\proj\microbians\AeroCMS\Aero\src\Aero.Core\Railway\ResultExtensions.cs(425,11): warning CS8509: The switch expression does not handle all possible values of its input type (it is not exhaustive). For example, the pattern '_' is not covered. [C:\Users\bbqch\proj\microbians\AeroCMS\Aero\src\Aero.Core\Aero.Core.csproj]
C:\Users\bbqch\proj\microbians\AeroCMS\Aero\src\Aero.Core\DataStructures\Trees\LsmTree.cs(99,16): warning CS8603: Possible null reference return. [C:\Users\bbqch\proj\microbians\AeroCMS\Aero\src\Aero.Core\Aero.Core.csproj]
C:\Users\bbqch\proj\microbians\AeroCMS\Aero\src\Aero.Core\Extensions\XmlDocumentExtension.cs(383,31): warning CS8604: Possible null reference argument for parameter 'node' in 'void XmlDocumentExtension.RemoveWhitespaceNodes(XmlNode node)'. [C:\Users\bbqch\proj\microbians\AeroCMS\Aero\src\Aero.Core\Aero.Core.csproj]
C:\Users\bbqch\proj\microbians\AeroCMS\Aero\src\Aero.Core\Railway\ResultExtensions.cs(461,11): warning CS8509: The switch expression does not handle all possible values of its input type (it is not exhaustive). For example, the pattern '_' is not covered. [C:\Users\bbqch\proj\microbians\AeroCMS\Aero\src\Aero.Core\Aero.Core.csproj]
C:\Users\bbqch\proj\microbians\AeroCMS\Aero\src\Aero.Core\Extensions\XmlDocumentExtension.cs(406,17): warning CS8602: Dereference of a possibly null reference. [C:\Users\bbqch\proj\microbians\AeroCMS\Aero\src\Aero.Core\Aero.Core.csproj]
C:\Users\bbqch\proj\microbians\AeroCMS\Aero\src\Aero.Core\DataStructures\Trees\KdTree.cs(145,34): warning CS8603: Possible null reference return. [C:\Users\bbqch\proj\microbians\AeroCMS\Aero\src\Aero.Core\Aero.Core.csproj]
C:\Users\bbqch\proj\microbians\AeroCMS\Aero\src\Aero.Core\DataStructures\Trees\KdTree.cs(164,63): warning CS8625: Cannot convert null literal to non-nullable reference type. [C:\Users\bbqch\proj\microbians\AeroCMS\Aero\src\Aero.Core\Aero.Core.csproj]
C:\Users\bbqch\proj\microbians\AeroCMS\Aero\src\Aero.Core\DataStructures\Trees\KdTree.cs(168,24): warning CS8603: Possible null reference return. [C:\Users\bbqch\proj\microbians\AeroCMS\Aero\src\Aero.Core\Aero.Core.csproj]
C:\Users\bbqch\proj\microbians\AeroCMS\Aero\src\Aero.Core\DataStructures\Trees\KdTree.cs(185,34): warning CS8603: Possible null reference return. [C:\Users\bbqch\proj\microbians\AeroCMS\Aero\src\Aero.Core\Aero.Core.csproj]
C:\Users\bbqch\proj\microbians\AeroCMS\Aero\src\Aero.Core\Extensions\XmlDocumentExtension.cs(437,16): warning CS8603: Possible null reference return. [C:\Users\bbqch\proj\microbians\AeroCMS\Aero\src\Aero.Core\Aero.Core.csproj]
C:\Users\bbqch\proj\microbians\AeroCMS\Aero\src\Aero.Core\DataStructures\Trees\IntervalTree.cs(11,25): warning CS8618: Non-nullable property 'Root' must contain a non-null value when exiting constructor. Consider adding the 'required' modifier or declaring the property as nullable. [C:\Users\bbqch\proj\microbians\AeroCMS\Aero\src\Aero.Core\Aero.Core.csproj]
C:\Users\bbqch\proj\microbians\AeroCMS\Aero\src\Aero.Core\DataStructures\Trees\KdTree.cs(227,16): warning CS8603: Possible null reference return. [C:\Users\bbqch\proj\microbians\AeroCMS\Aero\src\Aero.Core\Aero.Core.csproj]
C:\Users\bbqch\proj\microbians\AeroCMS\Aero\src\Aero.Core\Secrets\ShamirsSecretManager.cs(40,22): warning CS0618: 'SecretSplitter<BigInteger>.MakeShares(BigInteger, BigInteger, int)' is obsolete: 'Use MakeShares with out parameter secret instead' [C:\Users\bbqch\proj\microbians\AeroCMS\Aero\src\Aero.Core\Aero.Core.csproj]
C:\Users\bbqch\proj\microbians\AeroCMS\Aero\src\Aero.Core\Secrets\ShamirsSecretManager.cs(42,41): warning CS0618: 'Share<BigInteger>.X' is obsolete: 'Use 'Index' property instead.' [C:\Users\bbqch\proj\microbians\AeroCMS\Aero\src\Aero.Core\Aero.Core.csproj]
C:\Users\bbqch\proj\microbians\AeroCMS\Aero\src\Aero.Core\Secrets\ShamirsSecretManager.cs(43,32): warning CS0618: 'SecretReconstructor<BigInteger, IExtendedGcdAlgorithm<BigInteger>, ExtendedGcdResult<BigInteger>>.Reconstruction(Share<BigInteger>[])' is obsolete: 'Use Reconstruction(Shares<TNumber> shares) instead' [C:\Users\bbqch\proj\microbians\AeroCMS\Aero\src\Aero.Core\Aero.Core.csproj]
C:\Users\bbqch\proj\microbians\AeroCMS\Aero\src\Aero.Core\Secrets\ShamirsSecretManager.cs(44,42): warning CS0618: 'Share<BigInteger>.X' is obsolete: 'Use 'Index' property instead.' [C:\Users\bbqch\proj\microbians\AeroCMS\Aero\src\Aero.Core\Aero.Core.csproj]
C:\Users\bbqch\proj\microbians\AeroCMS\Aero\src\Aero.Core\Secrets\ShamirsSecretManager.cs(45,32): warning CS0618: 'SecretReconstructor<BigInteger, IExtendedGcdAlgorithm<BigInteger>, ExtendedGcdResult<BigInteger>>.Reconstruction(Share<BigInteger>[])' is obsolete: 'Use Reconstruction(Shares<TNumber> shares) instead' [C:\Users\bbqch\proj\microbians\AeroCMS\Aero\src\Aero.Core\Aero.Core.csproj]
C:\Users\bbqch\proj\microbians\AeroCMS\Aero\src\Aero.Core\Secrets\ShamirsSecretManager.cs(64,9): warning CS0162: Unreachable code detected [C:\Users\bbqch\proj\microbians\AeroCMS\Aero\src\Aero.Core\Aero.Core.csproj]
C:\Users\bbqch\proj\microbians\AeroCMS\Aero\src\Aero.Core\DataStructures\Trees\KdTree.cs(232,34): warning CS8603: Possible null reference return. [C:\Users\bbqch\proj\microbians\AeroCMS\Aero\src\Aero.Core\Aero.Core.csproj]
C:\Users\bbqch\proj\microbians\AeroCMS\Aero\src\Aero.Core\DataStructures\Trees\KdTree.cs(40,19): warning CS8618: Non-nullable property 'Root' must contain a non-null value when exiting constructor. Consider adding the 'required' modifier or declaring the property as nullable. [C:\Users\bbqch\proj\microbians\AeroCMS\Aero\src\Aero.Core\Aero.Core.csproj]
C:\Users\bbqch\proj\microbians\AeroCMS\Aero\src\Aero.Core\Railway\ResultExtensions.cs(499,11): warning CS8509: The switch expression does not handle all possible values of its input type (it is not exhaustive). For example, the pattern '_' is not covered. [C:\Users\bbqch\proj\microbians\AeroCMS\Aero\src\Aero.Core\Aero.Core.csproj]
C:\Users\bbqch\proj\microbians\AeroCMS\Aero\src\Aero.Core\DataStructures\Graphs\SimpleGraph.cs(424,76): warning CS8604: Possible null reference argument for parameter 'parent' in 'bool SimpleGraph<T>.HasCycleUndirectedDfs(T vertex, T parent, HashSet<T> visited)'. [C:\Users\bbqch\proj\microbians\AeroCMS\Aero\src\Aero.Core\Aero.Core.csproj]
C:\Users\bbqch\proj\microbians\AeroCMS\Aero\src\Aero.Core\DataStructures\Trees\RedBlackTree.cs(74,37): warning CS8604: Possible null reference argument for parameter 'node' in 'RedBlackTreeNode<T> RedBlackTree<T>.Node(ITreeNode<T> node)'. [C:\Users\bbqch\proj\microbians\AeroCMS\Aero\src\Aero.Core\Aero.Core.csproj]
C:\Users\bbqch\proj\microbians\AeroCMS\Aero\src\Aero.Core\DataStructures\Trees\RedBlackTree.cs(82,24): warning CS8603: Possible null reference return. [C:\Users\bbqch\proj\microbians\AeroCMS\Aero\src\Aero.Core\Aero.Core.csproj]
C:\Users\bbqch\proj\microbians\AeroCMS\Aero\src\Aero.Core\DataStructures\Trees\RedBlackTree.cs(90,40): warning CS8604: Possible null reference argument for parameter 'node' in 'RedBlackTreeNode<T> RedBlackTree<T>.Node(ITreeNode<T> node)'. [C:\Users\bbqch\proj\microbians\AeroCMS\Aero\src\Aero.Core\Aero.Core.csproj]
C:\Users\bbqch\proj\microbians\AeroCMS\Aero\src\Aero.Core\DataStructures\Trees\RedBlackTree.cs(96,42): warning CS8604: Possible null reference argument for parameter 'node' in 'RedBlackTreeNode<T> RedBlackTree<T>.Node(ITreeNode<T> node)'. [C:\Users\bbqch\proj\microbians\AeroCMS\Aero\src\Aero.Core\Aero.Core.csproj]
C:\Users\bbqch\proj\microbians\AeroCMS\Aero\src\Aero.Core\DataStructures\Trees\LsmTree.cs(210,24): warning CS8603: Possible null reference return. [C:\Users\bbqch\proj\microbians\AeroCMS\Aero\src\Aero.Core\Aero.Core.csproj]
C:\Users\bbqch\proj\microbians\AeroCMS\Aero\src\Aero.Core\DataStructures\Trees\LsmTree.cs(219,28): warning CS8603: Possible null reference return. [C:\Users\bbqch\proj\microbians\AeroCMS\Aero\src\Aero.Core\Aero.Core.csproj]
C:\Users\bbqch\proj\microbians\AeroCMS\Aero\src\Aero.Core\DataStructures\Trees\LsmTree.cs(223,20): warning CS8603: Possible null reference return. [C:\Users\bbqch\proj\microbians\AeroCMS\Aero\src\Aero.Core\Aero.Core.csproj]
C:\Users\bbqch\proj\microbians\AeroCMS\Aero\src\Aero.Core\DataStructures\Trees\RedBlackTree.cs(106,20): warning CS8603: Possible null reference return. [C:\Users\bbqch\proj\microbians\AeroCMS\Aero\src\Aero.Core\Aero.Core.csproj]
C:\Users\bbqch\proj\microbians\AeroCMS\Aero\src\Aero.Core\DataStructures\Trees\LsmTree.cs(235,16): warning CS8603: Possible null reference return. [C:\Users\bbqch\proj\microbians\AeroCMS\Aero\src\Aero.Core\Aero.Core.csproj]
C:\Users\bbqch\proj\microbians\AeroCMS\Aero\src\Aero.Core\Railway\OptionExtensions.cs(84,16): warning CS8509: The switch expression does not handle all possible values of its input type (it is not exhaustive). For example, the pattern '_' is not covered. [C:\Users\bbqch\proj\microbians\AeroCMS\Aero\src\Aero.Core\Aero.Core.csproj]
C:\Users\bbqch\proj\microbians\AeroCMS\Aero\src\Aero.Core\Railway\OptionExtensions.cs(121,16): warning CS8509: The switch expression does not handle all possible values of its input type (it is not exhaustive). For example, the pattern '_' is not covered. [C:\Users\bbqch\proj\microbians\AeroCMS\Aero\src\Aero.Core\Aero.Core.csproj]
C:\Users\bbqch\proj\microbians\AeroCMS\Aero\src\Aero.Core\Railway\OptionExtensions.cs(154,16): warning CS8509: The switch expression does not handle all possible values of its input type (it is not exhaustive). For example, the pattern '_' is not covered. [C:\Users\bbqch\proj\microbians\AeroCMS\Aero\src\Aero.Core\Aero.Core.csproj]
C:\Users\bbqch\proj\microbians\AeroCMS\Aero\src\Aero.Core\DataStructures\Trees\LsmTree.cs(252,57): warning CS8604: Possible null reference argument for parameter 'value' in 'LsmEntry<TKey, TValue>.LsmEntry(TKey key, TValue value, bool isTombstone, long timestamp)'. [C:\Users\bbqch\proj\microbians\AeroCMS\Aero\src\Aero.Core\Aero.Core.csproj]
C:\Users\bbqch\proj\microbians\AeroCMS\Aero\src\Aero.Core\Railway\OptionExtensions.cs(184,16): warning CS8509: The switch expression does not handle all possible values of its input type (it is not exhaustive). For example, the pattern '_' is not covered. [C:\Users\bbqch\proj\microbians\AeroCMS\Aero\src\Aero.Core\Aero.Core.csproj]
C:\Users\bbqch\proj\microbians\AeroCMS\Aero\src\Aero.Core\Railway\OptionExtensions.cs(229,16): warning CS8509: The switch expression does not handle all possible values of its input type (it is not exhaustive). For example, the pattern '_' is not covered. [C:\Users\bbqch\proj\microbians\AeroCMS\Aero\src\Aero.Core\Aero.Core.csproj]
C:\Users\bbqch\proj\microbians\AeroCMS\Aero\src\Aero.Core\Railway\Result.cs(105,33): warning CS8602: Dereference of a possibly null reference. [C:\Users\bbqch\proj\microbians\AeroCMS\Aero\src\Aero.Core\Aero.Core.csproj]
C:\Users\bbqch\proj\microbians\AeroCMS\Aero\src\Aero.Core\DataStructures\Trees\RTree.cs(43,30): warning CS8625: Cannot convert null literal to non-nullable reference type. [C:\Users\bbqch\proj\microbians\AeroCMS\Aero\src\Aero.Core\Aero.Core.csproj]
C:\Users\bbqch\proj\microbians\AeroCMS\Aero\src\Aero.Core\DataStructures\Trees\RedBlackTree.cs(185,16): warning CS8603: Possible null reference return. [C:\Users\bbqch\proj\microbians\AeroCMS\Aero\src\Aero.Core\Aero.Core.csproj]
C:\Users\bbqch\proj\microbians\AeroCMS\Aero\src\Aero.Core\Railway\OptionExtensions.cs(267,16): warning CS8509: The switch expression does not handle all possible values of its input type (it is not exhaustive). For example, the pattern '_' is not covered. [C:\Users\bbqch\proj\microbians\AeroCMS\Aero\src\Aero.Core\Aero.Core.csproj]
C:\Users\bbqch\proj\microbians\AeroCMS\Aero\src\Aero.Core\DataStructures\Trees\Persistence\Readers\NodeReader.cs(132,41): warning CS9191: The 'ref' modifier for argument 2 corresponding to 'in' parameter is equivalent to 'in'. Consider using 'in' instead. [C:\Users\bbqch\proj\microbians\AeroCMS\Aero\src\Aero.Core\Aero.Core.csproj]
C:\Users\bbqch\proj\microbians\AeroCMS\Aero\src\Aero.Core\Railway\OptionExtensions.cs(308,16): warning CS8509: The switch expression does not handle all possible values of its input type (it is not exhaustive). For example, the pattern '_' is not covered. [C:\Users\bbqch\proj\microbians\AeroCMS\Aero\src\Aero.Core\Aero.Core.csproj]
C:\Users\bbqch\proj\microbians\AeroCMS\Aero\src\Aero.Core\DataStructures\Trees\Persistence\Readers\NodeReader.cs(142,41): warning CS9191: The 'ref' modifier for argument 2 corresponding to 'in' parameter is equivalent to 'in'. Consider using 'in' instead. [C:\Users\bbqch\proj\microbians\AeroCMS\Aero\src\Aero.Core\Aero.Core.csproj]
C:\Users\bbqch\proj\microbians\AeroCMS\Aero\src\Aero.Core\Railway\OptionExtensions.cs(341,16): warning CS8509: The switch expression does not handle all possible values of its input type (it is not exhaustive). For example, the pattern '_' is not covered. [C:\Users\bbqch\proj\microbians\AeroCMS\Aero\src\Aero.Core\Aero.Core.csproj]
C:\Users\bbqch\proj\microbians\AeroCMS\Aero\src\Aero.Core\DataStructures\Trees\RTree.cs(67,31): warning CS8600: Converting null literal or possible null value to non-nullable type. [C:\Users\bbqch\proj\microbians\AeroCMS\Aero\src\Aero.Core\Aero.Core.csproj]
C:\Users\bbqch\proj\microbians\AeroCMS\Aero\src\Aero.Core\DataStructures\Trees\RTree.cs(85,27): warning CS8604: Possible null reference argument for parameter 'node' in 'RTreeNode RTree.ChooseLeaf(RTreeNode node, Point point)'. [C:\Users\bbqch\proj\microbians\AeroCMS\Aero\src\Aero.Core\Aero.Core.csproj]
C:\Users\bbqch\proj\microbians\AeroCMS\Aero\src\Aero.Core\Railway\OptionExtensions.cs(357,16): warning CS8509: The switch expression does not handle all possible values of its input type (it is not exhaustive). For example, the pattern '_' is not covered. [C:\Users\bbqch\proj\microbians\AeroCMS\Aero\src\Aero.Core\Aero.Core.csproj]
C:\Users\bbqch\proj\microbians\AeroCMS\Aero\src\Aero.Core\DataStructures\Trees\RedBlackTree.cs(11,28): warning CS8618: Non-nullable property 'Root' must contain a non-null value when exiting constructor. Consider adding the 'required' modifier or declaring the property as nullable. [C:\Users\bbqch\proj\microbians\AeroCMS\Aero\src\Aero.Core\Aero.Core.csproj]
C:\Users\bbqch\proj\microbians\AeroCMS\Aero\src\Aero.Core\DataStructures\Trees\Persistence\Serialization\PrimitiveSerializer.cs(34,46): warning CS9191: The 'ref' modifier for argument 2 corresponding to 'in' parameter is equivalent to 'in'. Consider using 'in' instead. [C:\Users\bbqch\proj\microbians\AeroCMS\Aero\src\Aero.Core\Aero.Core.csproj]
C:\Users\bbqch\proj\microbians\AeroCMS\Aero\src\Aero.Core\DataStructures\Trees\RTreeNode.cs(13,12): warning CS8618: Non-nullable property 'Mbr' must contain a non-null value when exiting constructor. Consider adding the 'required' modifier or declaring the property as nullable. [C:\Users\bbqch\proj\microbians\AeroCMS\Aero\src\Aero.Core\Aero.Core.csproj]
C:\Users\bbqch\proj\microbians\AeroCMS\Aero\src\Aero.Core\DataStructures\Trees\RTreeNode.cs(17,18): warning CS8618: Non-nullable property 'Parent' must contain a non-null value when exiting constructor. Consider adding the 'required' modifier or declaring the property as nullable. [C:\Users\bbqch\proj\microbians\AeroCMS\Aero\src\Aero.Core\Aero.Core.csproj]
C:\Users\bbqch\proj\microbians\AeroCMS\Aero\src\Aero.Core\DataStructures\Trees\SkipList.cs(184,16): warning CS8603: Possible null reference return. [C:\Users\bbqch\proj\microbians\AeroCMS\Aero\src\Aero.Core\Aero.Core.csproj]
C:\Users\bbqch\proj\microbians\AeroCMS\Aero\src\Aero.Core\DataStructures\Trees\RTree.cs(190,41): warning CS8625: Cannot convert null literal to non-nullable reference type. [C:\Users\bbqch\proj\microbians\AeroCMS\Aero\src\Aero.Core\Aero.Core.csproj]
C:\Users\bbqch\proj\microbians\AeroCMS\Aero\src\Aero.Core\DataStructures\Trees\RTree.cs(195,37): warning CS8625: Cannot convert null literal to non-nullable reference type. [C:\Users\bbqch\proj\microbians\AeroCMS\Aero\src\Aero.Core\Aero.Core.csproj]
C:\Users\bbqch\proj\microbians\AeroCMS\Aero\src\Aero.Core\DataStructures\Trees\SkipList.cs(216,16): warning CS8603: Possible null reference return. [C:\Users\bbqch\proj\microbians\AeroCMS\Aero\src\Aero.Core\Aero.Core.csproj]
C:\Users\bbqch\proj\microbians\AeroCMS\Aero\src\Aero.Core\DataStructures\Trees\SegmentTreeNode.cs(23,24): warning CS8618: Non-nullable property 'Left' must contain a non-null value when exiting constructor. Consider adding the 'required' modifier or declaring the property as nullable. [C:\Users\bbqch\proj\microbians\AeroCMS\Aero\src\Aero.Core\Aero.Core.csproj]
C:\Users\bbqch\proj\microbians\AeroCMS\Aero\src\Aero.Core\DataStructures\Trees\SegmentTreeNode.cs(27,24): warning CS8618: Non-nullable property 'Right' must contain a non-null value when exiting constructor. Consider adding the 'required' modifier or declaring the property as nullable. [C:\Users\bbqch\proj\microbians\AeroCMS\Aero\src\Aero.Core\Aero.Core.csproj]
C:\Users\bbqch\proj\microbians\AeroCMS\Aero\src\Aero.Core\DataStructures\Trees\SegmentTree.cs(56,20): warning CS8603: Possible null reference return. [C:\Users\bbqch\proj\microbians\AeroCMS\Aero\src\Aero.Core\Aero.Core.csproj]
C:\Users\bbqch\proj\microbians\AeroCMS\Aero\src\Aero.Core\DataStructures\Trees\SkipList.cs(237,16): warning CS8603: Possible null reference return. [C:\Users\bbqch\proj\microbians\AeroCMS\Aero\src\Aero.Core\Aero.Core.csproj]
C:\Users\bbqch\proj\microbians\AeroCMS\Aero\src\Aero.Core\DataStructures\Trees\RTree.cs(203,20): warning CS8603: Possible null reference return. [C:\Users\bbqch\proj\microbians\AeroCMS\Aero\src\Aero.Core\Aero.Core.csproj]
C:\Users\bbqch\proj\microbians\AeroCMS\Aero\src\Aero.Core\DataStructures\Trees\RTree.cs(214,16): warning CS8603: Possible null reference return. [C:\Users\bbqch\proj\microbians\AeroCMS\Aero\src\Aero.Core\Aero.Core.csproj]
C:\Users\bbqch\proj\microbians\AeroCMS\Aero\src\Aero.Core\DataStructures\Trees\SegmentTree.cs(163,20): warning CS8603: Possible null reference return. [C:\Users\bbqch\proj\microbians\AeroCMS\Aero\src\Aero.Core\Aero.Core.csproj]
C:\Users\bbqch\proj\microbians\AeroCMS\Aero\src\Aero.Core\DataStructures\Trees\Persistence\Serialization\BstNodeSerializer.cs(69,103): warning CS9191: The 'ref' modifier for argument 2 corresponding to 'in' parameter is equivalent to 'in'. Consider using 'in' instead. [C:\Users\bbqch\proj\microbians\AeroCMS\Aero\src\Aero.Core\Aero.Core.csproj]
C:\Users\bbqch\proj\microbians\AeroCMS\Aero\src\Aero.Core\DataStructures\Trees\Persistence\Storage\MemoryStorageBackend.cs(70,14): warning CS0219: The variable 'isReused' is assigned but its value is never used [C:\Users\bbqch\proj\microbians\AeroCMS\Aero\src\Aero.Core\Aero.Core.csproj]
C:\Users\bbqch\proj\microbians\AeroCMS\Aero\src\Aero.Core\DataStructures\Trees\RTree.cs(224,31): warning CS8625: Cannot convert null literal to non-nullable reference type. [C:\Users\bbqch\proj\microbians\AeroCMS\Aero\src\Aero.Core\Aero.Core.csproj]
C:\Users\bbqch\proj\microbians\AeroCMS\Aero\src\Aero.Core\DataStructures\Trees\Persistence\Wal\WalFile.cs(195,68): warning CS9191: The 'ref' modifier for argument 2 corresponding to 'in' parameter is equivalent to 'in'. Consider using 'in' instead. [C:\Users\bbqch\proj\microbians\AeroCMS\Aero\src\Aero.Core\Aero.Core.csproj]
C:\Users\bbqch\proj\microbians\AeroCMS\Aero\src\Aero.Core\DataStructures\Trees\Persistence\Wal\WalFile.cs(377,72): warning CS9191: The 'ref' modifier for argument 2 corresponding to 'in' parameter is equivalent to 'in'. Consider using 'in' instead. [C:\Users\bbqch\proj\microbians\AeroCMS\Aero\src\Aero.Core\Aero.Core.csproj]
C:\Users\bbqch\proj\microbians\AeroCMS\Aero\src\Aero.Core\DataStructures\Graphs\Hypergraph.cs(8,16): warning CS1710: XML comment has a duplicate typeparam tag for 'TVertex' [C:\Users\bbqch\proj\microbians\AeroCMS\Aero\src\Aero.Core\Aero.Core.csproj]
C:\Users\bbqch\proj\microbians\AeroCMS\Aero\src\Aero.Core\DataStructures\Graphs\Hypergraph.cs(59,34): warning CS1712: Type parameter 'THyperedgeId' has no matching typeparam tag in the XML comment on 'Hypergraph<TVertex, THyperedgeId>' (but other type parameters do) [C:\Users\bbqch\proj\microbians\AeroCMS\Aero\src\Aero.Core\Aero.Core.csproj]
C:\Users\bbqch\proj\microbians\AeroCMS\Aero\src\Aero.Core\DataStructures\Graphs\TemporalGraph.cs(372,22): warning CS1572: XML comment has a param tag for 'step', but there is no parameter by that name [C:\Users\bbqch\proj\microbians\AeroCMS\Aero\src\Aero.Core\Aero.Core.csproj]
C:\Users\bbqch\proj\microbians\AeroCMS\Aero\src\Aero.Core\DataStructures\Graphs\TemporalGraph.cs(375,45): warning CS1573: Parameter 'steps' has no matching param tag in the XML comment for 'TemporalGraph<TVertex, TEdgeId, TTime>.GetEvolution(TTime, TTime, int)' (but other parameters do) [C:\Users\bbqch\proj\microbians\AeroCMS\Aero\src\Aero.Core\Aero.Core.csproj]
C:\Users\bbqch\proj\microbians\AeroCMS\Aero\src\Aero.Core\DataStructures\Trees\BinaryHeap.cs(8,5): warning CS1591: Missing XML comment for publicly visible type or member 'HeapType.MinHeap' [C:\Users\bbqch\proj\microbians\AeroCMS\Aero\src\Aero.Core\Aero.Core.csproj]
C:\Users\bbqch\proj\microbians\AeroCMS\Aero\src\Aero.Core\DataStructures\Trees\BinaryHeap.cs(9,5): warning CS1591: Missing XML comment for publicly visible type or member 'HeapType.MaxHeap' [C:\Users\bbqch\proj\microbians\AeroCMS\Aero\src\Aero.Core\Aero.Core.csproj]
C:\Users\bbqch\proj\microbians\AeroCMS\Aero\src\Aero.Core\DataStructures\Trees\DfsSearch.cs(8,5): warning CS1591: Missing XML comment for publicly visible type or member 'DfsTraversalOrder.Preorder' [C:\Users\bbqch\proj\microbians\AeroCMS\Aero\src\Aero.Core\Aero.Core.csproj]
C:\Users\bbqch\proj\microbians\AeroCMS\Aero\src\Aero.Core\DataStructures\Trees\DfsSearch.cs(9,5): warning CS1591: Missing XML comment for publicly visible type or member 'DfsTraversalOrder.Inorder' [C:\Users\bbqch\proj\microbians\AeroCMS\Aero\src\Aero.Core\Aero.Core.csproj]
C:\Users\bbqch\proj\microbians\AeroCMS\Aero\src\Aero.Core\DataStructures\Trees\DfsSearch.cs(10,5): warning CS1591: Missing XML comment for publicly visible type or member 'DfsTraversalOrder.Postorder' [C:\Users\bbqch\proj\microbians\AeroCMS\Aero\src\Aero.Core\Aero.Core.csproj]
C:\Users\bbqch\proj\microbians\AeroCMS\Aero\src\Aero.Core\DataStructures\Trees\Persistence\Concurrency\CommitTable.cs(59,5): warning CS1591: Missing XML comment for publicly visible type or member 'CommitState.InProgress' [C:\Users\bbqch\proj\microbians\AeroCMS\Aero\src\Aero.Core\Aero.Core.csproj]
C:\Users\bbqch\proj\microbians\AeroCMS\Aero\src\Aero.Core\DataStructures\Trees\Persistence\Concurrency\CommitTable.cs(60,5): warning CS1591: Missing XML comment for publicly visible type or member 'CommitState.Committed' [C:\Users\bbqch\proj\microbians\AeroCMS\Aero\src\Aero.Core\Aero.Core.csproj]
C:\Users\bbqch\proj\microbians\AeroCMS\Aero\src\Aero.Core\DataStructures\Trees\Persistence\Concurrency\CommitTable.cs(61,5): warning CS1591: Missing XML comment for publicly visible type or member 'CommitState.Aborted' [C:\Users\bbqch\proj\microbians\AeroCMS\Aero\src\Aero.Core\Aero.Core.csproj]
C:\Users\bbqch\proj\microbians\AeroCMS\Aero\src\Aero.Core\DataStructures\Trees\Persistence\Concurrency\IsolationLevel.cs(8,5): warning CS1591: Missing XML comment for publicly visible type or member 'IsolationLevel.ReadCommitted' [C:\Users\bbqch\proj\microbians\AeroCMS\Aero\src\Aero.Core\Aero.Core.csproj]
C:\Users\bbqch\proj\microbians\AeroCMS\Aero\src\Aero.Core\DataStructures\Trees\Persistence\Concurrency\IsolationLevel.cs(9,5): warning CS1591: Missing XML comment for publicly visible type or member 'IsolationLevel.SnapshotMVCC' [C:\Users\bbqch\proj\microbians\AeroCMS\Aero\src\Aero.Core\Aero.Core.csproj]
C:\Users\bbqch\proj\microbians\AeroCMS\Aero\src\Aero.Core\DataStructures\Trees\Persistence\Concurrency\IsolationLevel.cs(10,5): warning CS1591: Missing XML comment for publicly visible type or member 'IsolationLevel.OptimisticOCC' [C:\Users\bbqch\proj\microbians\AeroCMS\Aero\src\Aero.Core\Aero.Core.csproj]
C:\Users\bbqch\proj\microbians\AeroCMS\Aero\src\Aero.Core\DataStructures\Trees\Persistence\Concurrency\IsolationLevel.cs(11,5): warning CS1591: Missing XML comment for publicly visible type or member 'IsolationLevel.Serializable' [C:\Users\bbqch\proj\microbians\AeroCMS\Aero\src\Aero.Core\Aero.Core.csproj]
C:\Users\bbqch\proj\microbians\AeroCMS\Aero\src\Aero.Core\DataStructures\Trees\Persistence\Format\ShutdownState.cs(8,5): warning CS1591: Missing XML comment for publicly visible type or member 'ShutdownState.Clean' [C:\Users\bbqch\proj\microbians\AeroCMS\Aero\src\Aero.Core\Aero.Core.csproj]
C:\Users\bbqch\proj\microbians\AeroCMS\Aero\src\Aero.Core\DataStructures\Trees\Persistence\Format\ShutdownState.cs(9,5): warning CS1591: Missing XML comment for publicly visible type or member 'ShutdownState.Dirty' [C:\Users\bbqch\proj\microbians\AeroCMS\Aero\src\Aero.Core\Aero.Core.csproj]
C:\Users\bbqch\proj\microbians\AeroCMS\Aero\src\Aero.Core\DataStructures\Trees\Persistence\Format\TypeCode.cs(8,5): warning CS1591: Missing XML comment for publicly visible type or member 'TypeCode.Int32' [C:\Users\bbqch\proj\microbians\AeroCMS\Aero\src\Aero.Core\Aero.Core.csproj]
C:\Users\bbqch\proj\microbians\AeroCMS\Aero\src\Aero.Core\DataStructures\Trees\Persistence\Format\TypeCode.cs(9,5): warning CS1591: Missing XML comment for publicly visible type or member 'TypeCode.Int64' [C:\Users\bbqch\proj\microbians\AeroCMS\Aero\src\Aero.Core\Aero.Core.csproj]
C:\Users\bbqch\proj\microbians\AeroCMS\Aero\src\Aero.Core\DataStructures\Trees\Persistence\Format\TypeCode.cs(10,5): warning CS1591: Missing XML comment for publicly visible type or member 'TypeCode.Guid' [C:\Users\bbqch\proj\microbians\AeroCMS\Aero\src\Aero.Core\Aero.Core.csproj]
C:\Users\bbqch\proj\microbians\AeroCMS\Aero\src\Aero.Core\DataStructures\Trees\Persistence\Format\TypeCode.cs(11,5): warning CS1591: Missing XML comment for publicly visible type or member 'TypeCode.Single' [C:\Users\bbqch\proj\microbians\AeroCMS\Aero\src\Aero.Core\Aero.Core.csproj]
C:\Users\bbqch\proj\microbians\AeroCMS\Aero\src\Aero.Core\DataStructures\Trees\Persistence\Format\TypeCode.cs(12,5): warning CS1591: Missing XML comment for publicly visible type or member 'TypeCode.Double' [C:\Users\bbqch\proj\microbians\AeroCMS\Aero\src\Aero.Core\Aero.Core.csproj]
C:\Users\bbqch\proj\microbians\AeroCMS\Aero\src\Aero.Core\DataStructures\Trees\Persistence\Format\TypeCode.cs(13,5): warning CS1591: Missing XML comment for publicly visible type or member 'TypeCode.StringKey32' [C:\Users\bbqch\proj\microbians\AeroCMS\Aero\src\Aero.Core\Aero.Core.csproj]
C:\Users\bbqch\proj\microbians\AeroCMS\Aero\src\Aero.Core\DataStructures\Trees\Persistence\Format\TypeCode.cs(14,5): warning CS1591: Missing XML comment for publicly visible type or member 'TypeCode.StringKey64' [C:\Users\bbqch\proj\microbians\AeroCMS\Aero\src\Aero.Core\Aero.Core.csproj]
C:\Users\bbqch\proj\microbians\AeroCMS\Aero\src\Aero.Core\DataStructures\Trees\Persistence\Format\TypeCode.cs(15,5): warning CS1591: Missing XML comment for publicly visible type or member 'TypeCode.StringKey128' [C:\Users\bbqch\proj\microbians\AeroCMS\Aero\src\Aero.Core\Aero.Core.csproj]
C:\Users\bbqch\proj\microbians\AeroCMS\Aero\src\Aero.Core\DataStructures\Trees\Persistence\Format\TypeCode.cs(16,5): warning CS1591: Missing XML comment for publicly visible type or member 'TypeCode.StringKey256' [C:\Users\bbqch\proj\microbians\AeroCMS\Aero\src\Aero.Core\Aero.Core.csproj]
C:\Users\bbqch\proj\microbians\AeroCMS\Aero\src\Aero.Core\DataStructures\Trees\Persistence\Indexes\IndexType.cs(8,5): warning CS1591: Missing XML comment for publicly visible type or member 'IndexType.Primary' [C:\Users\bbqch\proj\microbians\AeroCMS\Aero\src\Aero.Core\Aero.Core.csproj]
C:\Users\bbqch\proj\microbians\AeroCMS\Aero\src\Aero.Core\DataStructures\Trees\Persistence\Indexes\IndexType.cs(9,5): warning CS1591: Missing XML comment for publicly visible type or member 'IndexType.Secondary' [C:\Users\bbqch\proj\microbians\AeroCMS\Aero\src\Aero.Core\Aero.Core.csproj]
C:\Users\bbqch\proj\microbians\AeroCMS\Aero\src\Aero.Core\DataStructures\Trees\Persistence\Indexes\IndexType.cs(10,5): warning CS1591: Missing XML comment for publicly visible type or member 'IndexType.Unique' [C:\Users\bbqch\proj\microbians\AeroCMS\Aero\src\Aero.Core\Aero.Core.csproj]
C:\Users\bbqch\proj\microbians\AeroCMS\Aero\src\Aero.Core\DataStructures\Trees\Persistence\Indexes\IndexType.cs(11,5): warning CS1591: Missing XML comment for publicly visible type or member 'IndexType.Composite' [C:\Users\bbqch\proj\microbians\AeroCMS\Aero\src\Aero.Core\Aero.Core.csproj]
C:\Users\bbqch\proj\microbians\AeroCMS\Aero\src\Aero.Core\DataStructures\Trees\Persistence\Indexes\StringKeys.cs(11,27): warning CS1591: Missing XML comment for publicly visible type or member 'IStringKey<TSelf>.From(string)' [C:\Users\bbqch\proj\microbians\AeroCMS\Aero\src\Aero.Core\Aero.Core.csproj]
C:\Users\bbqch\proj\microbians\AeroCMS\Aero\src\Aero.Core\DataStructures\Trees\Persistence\Linq\DocumentQueryable.cs(15,54): warning CS1574: XML comment has cref attribute 'DocumentQueryable' that could not be resolved [C:\Users\bbqch\proj\microbians\AeroCMS\Aero\src\Aero.Core\Aero.Core.csproj]
C:\Users\bbqch\proj\microbians\AeroCMS\Aero\src\Aero.Core\DataStructures\Trees\Persistence\Wal\Lsn.cs(31,33): warning CS1591: Missing XML comment for publicly visible type or member 'Lsn.operator <(Lsn, Lsn)' [C:\Users\bbqch\proj\microbians\AeroCMS\Aero\src\Aero.Core\Aero.Core.csproj]
C:\Users\bbqch\proj\microbians\AeroCMS\Aero\src\Aero.Core\DataStructures\Trees\Persistence\Wal\Lsn.cs(32,33): warning CS1591: Missing XML comment for publicly visible type or member 'Lsn.operator >(Lsn, Lsn)' [C:\Users\bbqch\proj\microbians\AeroCMS\Aero\src\Aero.Core\Aero.Core.csproj]
C:\Users\bbqch\proj\microbians\AeroCMS\Aero\src\Aero.Core\DataStructures\Trees\Persistence\Wal\Lsn.cs(33,33): warning CS1591: Missing XML comment for publicly visible type or member 'Lsn.operator <=(Lsn, Lsn)' [C:\Users\bbqch\proj\microbians\AeroCMS\Aero\src\Aero.Core\Aero.Core.csproj]
C:\Users\bbqch\proj\microbians\AeroCMS\Aero\src\Aero.Core\DataStructures\Trees\Persistence\Wal\Lsn.cs(34,33): warning CS1591: Missing XML comment for publicly visible type or member 'Lsn.operator >=(Lsn, Lsn)' [C:\Users\bbqch\proj\microbians\AeroCMS\Aero\src\Aero.Core\Aero.Core.csproj]
C:\Users\bbqch\proj\microbians\AeroCMS\Aero\src\Aero.Core\DataStructures\Trees\Persistence\Wal\WalEntryType.cs(8,5): warning CS1591: Missing XML comment for publicly visible type or member 'WalEntryType.Begin' [C:\Users\bbqch\proj\microbians\AeroCMS\Aero\src\Aero.Core\Aero.Core.csproj]
C:\Users\bbqch\proj\microbians\AeroCMS\Aero\src\Aero.Core\DataStructures\Trees\Persistence\Wal\WalEntryType.cs(9,5): warning CS1591: Missing XML comment for publicly visible type or member 'WalEntryType.Write' [C:\Users\bbqch\proj\microbians\AeroCMS\Aero\src\Aero.Core\Aero.Core.csproj]
C:\Users\bbqch\proj\microbians\AeroCMS\Aero\src\Aero.Core\DataStructures\Trees\Persistence\Wal\WalEntryType.cs(10,5): warning CS1591: Missing XML comment for publicly visible type or member 'WalEntryType.Allocate' [C:\Users\bbqch\proj\microbians\AeroCMS\Aero\src\Aero.Core\Aero.Core.csproj]
C:\Users\bbqch\proj\microbians\AeroCMS\Aero\src\Aero.Core\DataStructures\Trees\Persistence\Wal\WalEntryType.cs(11,5): warning CS1591: Missing XML comment for publicly visible type or member 'WalEntryType.Free' [C:\Users\bbqch\proj\microbians\AeroCMS\Aero\src\Aero.Core\Aero.Core.csproj]
C:\Users\bbqch\proj\microbians\AeroCMS\Aero\src\Aero.Core\DataStructures\Trees\Persistence\Wal\WalEntryType.cs(12,5): warning CS1591: Missing XML comment for publicly visible type or member 'WalEntryType.Commit' [C:\Users\bbqch\proj\microbians\AeroCMS\Aero\src\Aero.Core\Aero.Core.csproj]
C:\Users\bbqch\proj\microbians\AeroCMS\Aero\src\Aero.Core\DataStructures\Trees\Persistence\Wal\WalEntryType.cs(13,5): warning CS1591: Missing XML comment for publicly visible type or member 'WalEntryType.Abort' [C:\Users\bbqch\proj\microbians\AeroCMS\Aero\src\Aero.Core\Aero.Core.csproj]
C:\Users\bbqch\proj\microbians\AeroCMS\Aero\src\Aero.Core\DataStructures\Trees\Persistence\Wal\WalEntryType.cs(14,5): warning CS1591: Missing XML comment for publicly visible type or member 'WalEntryType.Checkpoint' [C:\Users\bbqch\proj\microbians\AeroCMS\Aero\src\Aero.Core\Aero.Core.csproj]
C:\Users\bbqch\proj\microbians\AeroCMS\Aero\src\Aero.Core\DataStructures\Trees\Persistence\Wal\WalEntryType.cs(15,5): warning CS1591: Missing XML comment for publicly visible type or member 'WalEntryType.Clr' [C:\Users\bbqch\proj\microbians\AeroCMS\Aero\src\Aero.Core\Aero.Core.csproj]
C:\Users\bbqch\proj\microbians\AeroCMS\Aero\src\Aero.Core\DataStructures\Trees\RedBlackTreeNode.cs(8,5): warning CS1591: Missing XML comment for publicly visible type or member 'NodeColor.Red' [C:\Users\bbqch\proj\microbians\AeroCMS\Aero\src\Aero.Core\Aero.Core.csproj]
C:\Users\bbqch\proj\microbians\AeroCMS\Aero\src\Aero.Core\DataStructures\Trees\RedBlackTreeNode.cs(9,5): warning CS1591: Missing XML comment for publicly visible type or member 'NodeColor.Black' [C:\Users\bbqch\proj\microbians\AeroCMS\Aero\src\Aero.Core\Aero.Core.csproj]
C:\Users\bbqch\proj\microbians\AeroCMS\Aero\src\Aero.Core\Encryption\Aes256Encryptor.cs(35,18): warning CS1572: XML comment has a param tag for 'key', but there is no parameter by that name [C:\Users\bbqch\proj\microbians\AeroCMS\Aero\src\Aero.Core\Aero.Core.csproj]
C:\Users\bbqch\proj\microbians\AeroCMS\Aero\src\Aero.Core\Encryption\Aes256Encryptor.cs(36,18): warning CS1572: XML comment has a param tag for 'iv', but there is no parameter by that name [C:\Users\bbqch\proj\microbians\AeroCMS\Aero\src\Aero.Core\Aero.Core.csproj]
C:\Users\bbqch\proj\microbians\AeroCMS\Aero\src\Aero.Core\Encryption\Aes256Encryptor.cs(37,50): warning CS1573: Parameter 'settings' has no matching param tag in the XML comment for 'Aes256Encryptor.Aes256Encryptor(AesEncryptorOptions)' (but other parameters do) [C:\Users\bbqch\proj\microbians\AeroCMS\Aero\src\Aero.Core\Aero.Core.csproj]
C:\Users\bbqch\proj\microbians\AeroCMS\Aero\src\Aero.Core\ErrorCodes.cs(8,5): warning CS1591: Missing XML comment for publicly visible type or member 'ErrorCodes.InputNull' [C:\Users\bbqch\proj\microbians\AeroCMS\Aero\src\Aero.Core\Aero.Core.csproj]
C:\Users\bbqch\proj\microbians\AeroCMS\Aero\src\Aero.Core\ErrorCodes.cs(9,5): warning CS1591: Missing XML comment for publicly visible type or member 'ErrorCodes.InvalidEmail' [C:\Users\bbqch\proj\microbians\AeroCMS\Aero\src\Aero.Core\Aero.Core.csproj]
C:\Users\bbqch\proj\microbians\AeroCMS\Aero\src\Aero.Core\ErrorCodes.cs(10,5): warning CS1591: Missing XML comment for publicly visible type or member 'ErrorCodes.InvalidPassword' [C:\Users\bbqch\proj\microbians\AeroCMS\Aero\src\Aero.Core\Aero.Core.csproj]
C:\Users\bbqch\proj\microbians\AeroCMS\Aero\src\Aero.Core\ErrorCodes.cs(11,5): warning CS1591: Missing XML comment for publicly visible type or member 'ErrorCodes.InvalidToken' [C:\Users\bbqch\proj\microbians\AeroCMS\Aero\src\Aero.Core\Aero.Core.csproj]
C:\Users\bbqch\proj\microbians\AeroCMS\Aero\src\Aero.Core\ErrorCodes.cs(12,5): warning CS1591: Missing XML comment for publicly visible type or member 'ErrorCodes.InvalidCredentials' [C:\Users\bbqch\proj\microbians\AeroCMS\Aero\src\Aero.Core\Aero.Core.csproj]
C:\Users\bbqch\proj\microbians\AeroCMS\Aero\src\Aero.Core\ErrorCodes.cs(13,5): warning CS1591: Missing XML comment for publicly visible type or member 'ErrorCodes.UserNotFound' [C:\Users\bbqch\proj\microbians\AeroCMS\Aero\src\Aero.Core\Aero.Core.csproj]
C:\Users\bbqch\proj\microbians\AeroCMS\Aero\src\Aero.Core\ErrorCodes.cs(14,5): warning CS1591: Missing XML comment for publicly visible type or member 'ErrorCodes.UserAlreadyExists' [C:\Users\bbqch\proj\microbians\AeroCMS\Aero\src\Aero.Core\Aero.Core.csproj]
C:\Users\bbqch\proj\microbians\AeroCMS\Aero\src\Aero.Core\ErrorCodes.cs(15,5): warning CS1591: Missing XML comment for publicly visible type or member 'ErrorCodes.InvalidRole' [C:\Users\bbqch\proj\microbians\AeroCMS\Aero\src\Aero.Core\Aero.Core.csproj]
C:\Users\bbqch\proj\microbians\AeroCMS\Aero\src\Aero.Core\ErrorCodes.cs(16,5): warning CS1591: Missing XML comment for publicly visible type or member 'ErrorCodes.InvalidClaim' [C:\Users\bbqch\proj\microbians\AeroCMS\Aero\src\Aero.Core\Aero.Core.csproj]
C:\Users\bbqch\proj\microbians\AeroCMS\Aero\src\Aero.Core\ErrorCodes.cs(17,5): warning CS1591: Missing XML comment for publicly visible type or member 'ErrorCodes.InvalidIssuer' [C:\Users\bbqch\proj\microbians\AeroCMS\Aero\src\Aero.Core\Aero.Core.csproj]
C:\Users\bbqch\proj\microbians\AeroCMS\Aero\src\Aero.Core\ErrorCodes.cs(18,5): warning CS1591: Missing XML comment for publicly visible type or member 'ErrorCodes.InvalidAudience' [C:\Users\bbqch\proj\microbians\AeroCMS\Aero\src\Aero.Core\Aero.Core.csproj]
C:\Users\bbqch\proj\microbians\AeroCMS\Aero\src\Aero.Core\ErrorCodes.cs(19,5): warning CS1591: Missing XML comment for publicly visible type or member 'ErrorCodes.InvalidSecret' [C:\Users\bbqch\proj\microbians\AeroCMS\Aero\src\Aero.Core\Aero.Core.csproj]
C:\Users\bbqch\proj\microbians\AeroCMS\Aero\src\Aero.Core\ErrorCodes.cs(20,5): warning CS1591: Missing XML comment for publicly visible type or member 'ErrorCodes.InvalidExpiration' [C:\Users\bbqch\proj\microbians\AeroCMS\Aero\src\Aero.Core\Aero.Core.csproj]
C:\Users\bbqch\proj\microbians\AeroCMS\Aero\src\Aero.Core\ErrorCodes.cs(21,5): warning CS1591: Missing XML comment for publicly visible type or member 'ErrorCodes.InvalidAlgorithm' [C:\Users\bbqch\proj\microbians\AeroCMS\Aero\src\Aero.Core\Aero.Core.csproj]
C:\Users\bbqch\proj\microbians\AeroCMS\Aero\src\Aero.Core\ErrorCodes.cs(22,5): warning CS1591: Missing XML comment for publicly visible type or member 'ErrorCodes.InvalidTokenFormat' [C:\Users\bbqch\proj\microbians\AeroCMS\Aero\src\Aero.Core\Aero.Core.csproj]
C:\Users\bbqch\proj\microbians\AeroCMS\Aero\src\Aero.Core\ErrorCodes.cs(23,5): warning CS1591: Missing XML comment for publicly visible type or member 'ErrorCodes.InvalidTokenSignature' [C:\Users\bbqch\proj\microbians\AeroCMS\Aero\src\Aero.Core\Aero.Core.csproj]
C:\Users\bbqch\proj\microbians\AeroCMS\Aero\src\Aero.Core\ErrorCodes.cs(24,5): warning CS1591: Missing XML comment for publicly visible type or member 'ErrorCodes.InvalidTokenClaims' [C:\Users\bbqch\proj\microbians\AeroCMS\Aero\src\Aero.Core\Aero.Core.csproj]
C:\Users\bbqch\proj\microbians\AeroCMS\Aero\src\Aero.Core\ErrorCodes.cs(25,5): warning CS1591: Missing XML comment for publicly visible type or member 'ErrorCodes.InvalidTokenAudience' [C:\Users\bbqch\proj\microbians\AeroCMS\Aero\src\Aero.Core\Aero.Core.csproj]
C:\Users\bbqch\proj\microbians\AeroCMS\Aero\src\Aero.Core\ErrorCodes.cs(26,5): warning CS1591: Missing XML comment for publicly visible type or member 'ErrorCodes.InvalidTokenIssuer' [C:\Users\bbqch\proj\microbians\AeroCMS\Aero\src\Aero.Core\Aero.Core.csproj]
C:\Users\bbqch\proj\microbians\AeroCMS\Aero\src\Aero.Core\ErrorCodes.cs(27,5): warning CS1591: Missing XML comment for publicly visible type or member 'ErrorCodes.InvalidTokenExpiration' [C:\Users\bbqch\proj\microbians\AeroCMS\Aero\src\Aero.Core\Aero.Core.csproj]
C:\Users\bbqch\proj\microbians\AeroCMS\Aero\src\Aero.Core\ErrorCodes.cs(28,5): warning CS1591: Missing XML comment for publicly visible type or member 'ErrorCodes.InvalidTokenNotBefore' [C:\Users\bbqch\proj\microbians\AeroCMS\Aero\src\Aero.Core\Aero.Core.csproj]
C:\Users\bbqch\proj\microbians\AeroCMS\Aero\src\Aero.Core\ErrorCodes.cs(29,5): warning CS1591: Missing XML comment for publicly visible type or member 'ErrorCodes.InvalidTokenIssuedAt' [C:\Users\bbqch\proj\microbians\AeroCMS\Aero\src\Aero.Core\Aero.Core.csproj]
C:\Users\bbqch\proj\microbians\AeroCMS\Aero\src\Aero.Core\ErrorCodes.cs(30,5): warning CS1591: Missing XML comment for publicly visible type or member 'ErrorCodes.InvalidTokenSubject' [C:\Users\bbqch\proj\microbians\AeroCMS\Aero\src\Aero.Core\Aero.Core.csproj]
C:\Users\bbqch\proj\microbians\AeroCMS\Aero\src\Aero.Core\ErrorCodes.cs(31,5): warning CS1591: Missing XML comment for publicly visible type or member 'ErrorCodes.InvalidTokenId' [C:\Users\bbqch\proj\microbians\AeroCMS\Aero\src\Aero.Core\Aero.Core.csproj]
C:\Users\bbqch\proj\microbians\AeroCMS\Aero\src\Aero.Core\ErrorCodes.cs(32,5): warning CS1591: Missing XML comment for publicly visible type or member 'ErrorCodes.InvalidTokenType' [C:\Users\bbqch\proj\microbians\AeroCMS\Aero\src\Aero.Core\Aero.Core.csproj]
C:\Users\bbqch\proj\microbians\AeroCMS\Aero\src\Aero.Core\ErrorCodes.cs(33,5): warning CS1591: Missing XML comment for publicly visible type or member 'ErrorCodes.InvalidTokenAlgorithm' [C:\Users\bbqch\proj\microbians\AeroCMS\Aero\src\Aero.Core\Aero.Core.csproj]
C:\Users\bbqch\proj\microbians\AeroCMS\Aero\src\Aero.Core\ErrorCodes.cs(34,5): warning CS1591: Missing XML comment for publicly visible type or member 'ErrorCodes.InvalidTokenKey' [C:\Users\bbqch\proj\microbians\AeroCMS\Aero\src\Aero.Core\Aero.Core.csproj]
C:\Users\bbqch\proj\microbians\AeroCMS\Aero\src\Aero.Core\ErrorCodes.cs(35,5): warning CS1591: Missing XML comment for publicly visible type or member 'ErrorCodes.InvalidTokenLifetime' [C:\Users\bbqch\proj\microbians\AeroCMS\Aero\src\Aero.Core\Aero.Core.csproj]
C:\Users\bbqch\proj\microbians\AeroCMS\Aero\src\Aero.Core\ErrorCodes.cs(36,5): warning CS1591: Missing XML comment for publicly visible type or member 'ErrorCodes.InvalidTokenHeader' [C:\Users\bbqch\proj\microbians\AeroCMS\Aero\src\Aero.Core\Aero.Core.csproj]
C:\Users\bbqch\proj\microbians\AeroCMS\Aero\src\Aero.Core\ErrorCodes.cs(37,5): warning CS1591: Missing XML comment for publicly visible type or member 'ErrorCodes.InvalidTokenPayload' [C:\Users\bbqch\proj\microbians\AeroCMS\Aero\src\Aero.Core\Aero.Core.csproj]
C:\Users\bbqch\proj\microbians\AeroCMS\Aero\src\Aero.Core\ErrorCodes.cs(38,5): warning CS1591: Missing XML comment for publicly visible type or member 'ErrorCodes.InvalidTokenSignatureAlgorithm' [C:\Users\bbqch\proj\microbians\AeroCMS\Aero\src\Aero.Core\Aero.Core.csproj]
C:\Users\bbqch\proj\microbians\AeroCMS\Aero\src\Aero.Core\ErrorCodes.cs(39,5): warning CS1591: Missing XML comment for publicly visible type or member 'ErrorCodes.InvalidUsernameOrPassword' [C:\Users\bbqch\proj\microbians\AeroCMS\Aero\src\Aero.Core\Aero.Core.csproj]
C:\Users\bbqch\proj\microbians\AeroCMS\Aero\src\Aero.Core\Patterns\QueryInterfaces.cs(12,39): warning CS1711: XML comment has a typeparam tag for 'TResult', but there is no type parameter by that name [C:\Users\bbqch\proj\microbians\AeroCMS\Aero\src\Aero.Core\Aero.Core.csproj]
C:\Users\bbqch\proj\microbians\AeroCMS\Aero\src\Aero.Core\Patterns\QueryInterfaces.cs(22,29): warning CS1710: XML comment has a duplicate typeparam tag for 'TParam' [C:\Users\bbqch\proj\microbians\AeroCMS\Aero\src\Aero.Core\Aero.Core.csproj]
C:\Users\bbqch\proj\microbians\AeroCMS\Aero\src\Aero.Core\QueryableExtensions.cs(37,54): warning CS1574: XML comment has cref attribute 'PaginatedResult' that could not be resolved [C:\Users\bbqch\proj\microbians\AeroCMS\Aero\src\Aero.Core\Aero.Core.csproj]
C:\Users\bbqch\proj\microbians\AeroCMS\Aero\src\Aero.Core\QueryableExtensions.cs(41,54): warning CS1574: XML comment has cref attribute 'PaginatedResult' that could not be resolved [C:\Users\bbqch\proj\microbians\AeroCMS\Aero\src\Aero.Core\Aero.Core.csproj]
C:\Users\bbqch\proj\microbians\AeroCMS\Aero\src\Aero.Core\Railway\Prelude.cs(32,16): warning CS1574: XML comment has cref attribute 'Ok{TError, TValue}(TValue)' that could not be resolved [C:\Users\bbqch\proj\microbians\AeroCMS\Aero\src\Aero.Core\Aero.Core.csproj]
C:\Users\bbqch\proj\microbians\AeroCMS\Aero\src\Aero.Core\Railway\Prelude.cs(37,16): warning CS1574: XML comment has cref attribute 'Fail{TError, TValue}(TError)' that could not be resolved [C:\Users\bbqch\proj\microbians\AeroCMS\Aero\src\Aero.Core\Aero.Core.csproj]
C:\Users\bbqch\proj\microbians\AeroCMS\Aero\src\Aero.Core\SocialMediaType.cs(8,5): warning CS1591: Missing XML comment for publicly visible type or member 'SocialMediaType.Facebook' [C:\Users\bbqch\proj\microbians\AeroCMS\Aero\src\Aero.Core\Aero.Core.csproj]
C:\Users\bbqch\proj\microbians\AeroCMS\Aero\src\Aero.Core\SocialMediaType.cs(9,5): warning CS1591: Missing XML comment for publicly visible type or member 'SocialMediaType.Instagram' [C:\Users\bbqch\proj\microbians\AeroCMS\Aero\src\Aero.Core\Aero.Core.csproj]
C:\Users\bbqch\proj\microbians\AeroCMS\Aero\src\Aero.Core\SocialMediaType.cs(10,5): warning CS1591: Missing XML comment for publicly visible type or member 'SocialMediaType.Twitter' [C:\Users\bbqch\proj\microbians\AeroCMS\Aero\src\Aero.Core\Aero.Core.csproj]
C:\Users\bbqch\proj\microbians\AeroCMS\Aero\src\Aero.Core\SocialMediaType.cs(11,5): warning CS1591: Missing XML comment for publicly visible type or member 'SocialMediaType.Discord' [C:\Users\bbqch\proj\microbians\AeroCMS\Aero\src\Aero.Core\Aero.Core.csproj]
C:\Users\bbqch\proj\microbians\AeroCMS\Aero\src\Aero.Core\SocialMediaType.cs(12,5): warning CS1591: Missing XML comment for publicly visible type or member 'SocialMediaType.Telegram' [C:\Users\bbqch\proj\microbians\AeroCMS\Aero\src\Aero.Core\Aero.Core.csproj]
C:\Users\bbqch\proj\microbians\AeroCMS\Aero\src\Aero.Core\SocialMediaType.cs(13,5): warning CS1591: Missing XML comment for publicly visible type or member 'SocialMediaType.Github' [C:\Users\bbqch\proj\microbians\AeroCMS\Aero\src\Aero.Core\Aero.Core.csproj]
C:\Users\bbqch\proj\microbians\AeroCMS\Aero\src\Aero.Core\SocialMediaType.cs(14,5): warning CS1591: Missing XML comment for publicly visible type or member 'SocialMediaType.LinkedIn' [C:\Users\bbqch\proj\microbians\AeroCMS\Aero\src\Aero.Core\Aero.Core.csproj]
C:\Users\bbqch\proj\microbians\AeroCMS\Aero\src\Aero.Core\SocialMediaType.cs(15,5): warning CS1591: Missing XML comment for publicly visible type or member 'SocialMediaType.Website' [C:\Users\bbqch\proj\microbians\AeroCMS\Aero\src\Aero.Core\Aero.Core.csproj]
C:\Users\bbqch\proj\microbians\AeroCMS\Aero\src\Aero.Core\SocialMediaType.cs(16,5): warning CS1591: Missing XML comment for publicly visible type or member 'SocialMediaType.Unknown' [C:\Users\bbqch\proj\microbians\AeroCMS\Aero\src\Aero.Core\Aero.Core.csproj]
C:\Users\bbqch\proj\microbians\AeroCMS\Aero\src\Aero.Models\Entities\AeroUser.cs(47,15): warning CS0108: 'IAeroUser<TKey>.CreatedBy' hides inherited member 'IEntity<TKey>.CreatedBy'. Use the new keyword if hiding was intended. [C:\Users\bbqch\proj\microbians\AeroCMS\Aero\src\Aero.Models\Aero.Models.csproj]
C:\Users\bbqch\proj\microbians\AeroCMS\Aero\src\Aero.Models\ContactUsModel.cs(11,15): warning CS8618: Non-nullable property 'Email' must contain a non-null value when exiting constructor. Consider adding the 'required' modifier or declaring the property as nullable. [C:\Users\bbqch\proj\microbians\AeroCMS\Aero\src\Aero.Models\Aero.Models.csproj]
C:\Users\bbqch\proj\microbians\AeroCMS\Aero\src\Aero.Models\ContactUsModel.cs(15,15): warning CS8618: Non-nullable property 'Name' must contain a non-null value when exiting constructor. Consider adding the 'required' modifier or declaring the property as nullable. [C:\Users\bbqch\proj\microbians\AeroCMS\Aero\src\Aero.Models\Aero.Models.csproj]
C:\Users\bbqch\proj\microbians\AeroCMS\Aero\src\Aero.Models\ContactUsModel.cs(19,15): warning CS8618: Non-nullable property 'Message' must contain a non-null value when exiting constructor. Consider adding the 'required' modifier or declaring the property as nullable. [C:\Users\bbqch\proj\microbians\AeroCMS\Aero\src\Aero.Models\Aero.Models.csproj]
C:\Users\bbqch\proj\microbians\AeroCMS\Aero\src\Aero.Models\AuthRegistrationRequest.cs(13,15): warning CS8618: Non-nullable property 'Email' must contain a non-null value when exiting constructor. Consider adding the 'required' modifier or declaring the property as nullable. [C:\Users\bbqch\proj\microbians\AeroCMS\Aero\src\Aero.Models\Aero.Models.csproj]
C:\Users\bbqch\proj\microbians\AeroCMS\Aero\src\Aero.Models\BaseResponse.cs(29,19): warning CS8618: Non-nullable property 'Message' must contain a non-null value when exiting constructor. Consider adding the 'required' modifier or declaring the property as nullable. [C:\Users\bbqch\proj\microbians\AeroCMS\Aero\src\Aero.Models\Aero.Models.csproj]
C:\Users\bbqch\proj\microbians\AeroCMS\Aero\src\Aero.Models\BaseResponse.cs(35,14): warning CS8618: Non-nullable property 'Data' must contain a non-null value when exiting constructor. Consider adding the 'required' modifier or declaring the property as nullable. [C:\Users\bbqch\proj\microbians\AeroCMS\Aero\src\Aero.Models\Aero.Models.csproj]
C:\Users\bbqch\proj\microbians\AeroCMS\Aero\src\Aero.Models\ViewModels\ServiceRequestResult.cs(15,18): warning CS8618: Non-nullable property 'Result' must contain a non-null value when exiting constructor. Consider adding the 'required' modifier or declaring the property as nullable. [C:\Users\bbqch\proj\microbians\AeroCMS\Aero\src\Aero.Models\Aero.Models.csproj]
C:\Users\bbqch\proj\microbians\AeroCMS\Aero\src\Aero.Models\BaseErrorResponse.cs(19,19): warning CS8618: Non-nullable property 'Field' must contain a non-null value when exiting constructor. Consider adding the 'required' modifier or declaring the property as nullable. [C:\Users\bbqch\proj\microbians\AeroCMS\Aero\src\Aero.Models\Aero.Models.csproj]
C:\Users\bbqch\proj\microbians\AeroCMS\Aero\src\Aero.Models\BaseErrorResponse.cs(24,19): warning CS8618: Non-nullable property 'Message' must contain a non-null value when exiting constructor. Consider adding the 'required' modifier or declaring the property as nullable. [C:\Users\bbqch\proj\microbians\AeroCMS\Aero\src\Aero.Models\Aero.Models.csproj]
C:\Users\bbqch\proj\microbians\AeroCMS\Aero\src\Aero.Models\BaseErrorResponse.cs(30,19): warning CS8618: Non-nullable property 'Details' must contain a non-null value when exiting constructor. Consider adding the 'required' modifier or declaring the property as nullable. [C:\Users\bbqch\proj\microbians\AeroCMS\Aero\src\Aero.Models\Aero.Models.csproj]
C:\Users\bbqch\proj\microbians\AeroCMS\Aero\src\Aero.Models\Entities\UserPasskeys.cs(19,15): warning CS8618: Non-nullable property 'CredentialId' must contain a non-null value when exiting constructor. Consider adding the 'required' modifier or declaring the property as nullable. [C:\Users\bbqch\proj\microbians\AeroCMS\Aero\src\Aero.Models\Aero.Models.csproj]
C:\Users\bbqch\proj\microbians\AeroCMS\Aero\src\Aero.Models\Entities\UserPasskeys.cs(23,15): warning CS8618: Non-nullable property 'PublicKey' must contain a non-null value when exiting constructor. Consider adding the 'required' modifier or declaring the property as nullable. [C:\Users\bbqch\proj\microbians\AeroCMS\Aero\src\Aero.Models\Aero.Models.csproj]
C:\Users\bbqch\proj\microbians\AeroCMS\Aero\src\Aero.Models\RefreshTokenModel.cs(12,19): warning CS8618: Non-nullable property 'Id' must contain a non-null value when exiting constructor. Consider adding the 'required' modifier or declaring the property as nullable. [C:\Users\bbqch\proj\microbians\AeroCMS\Aero\src\Aero.Models\Aero.Models.csproj]
C:\Users\bbqch\proj\microbians\AeroCMS\Aero\src\Aero.Models\RefreshTokenModel.cs(18,19): warning CS8618: Non-nullable property 'RefreshToken' must contain a non-null value when exiting constructor. Consider adding the 'required' modifier or declaring the property as nullable. [C:\Users\bbqch\proj\microbians\AeroCMS\Aero\src\Aero.Models\Aero.Models.csproj]
C:\Users\bbqch\proj\microbians\AeroCMS\Aero\src\Aero.Models\Entities\AddressModel.cs(16,19): warning CS8618: Non-nullable property 'UserId' must contain a non-null value when exiting constructor. Consider adding the 'required' modifier or declaring the property as nullable. [C:\Users\bbqch\proj\microbians\AeroCMS\Aero\src\Aero.Models\Aero.Models.csproj]
C:\Users\bbqch\proj\microbians\AeroCMS\Aero\src\Aero.Models\Entities\AddressModel.cs(22,19): warning CS8618: Non-nullable property 'AddressLine1' must contain a non-null value when exiting constructor. Consider adding the 'required' modifier or declaring the property as nullable. [C:\Users\bbqch\proj\microbians\AeroCMS\Aero\src\Aero.Models\Aero.Models.csproj]
C:\Users\bbqch\proj\microbians\AeroCMS\Aero\src\Aero.Models\Entities\AddressModel.cs(28,19): warning CS8618: Non-nullable property 'AddressLine2' must contain a non-null value when exiting constructor. Consider adding the 'required' modifier or declaring the property as nullable. [C:\Users\bbqch\proj\microbians\AeroCMS\Aero\src\Aero.Models\Aero.Models.csproj]
C:\Users\bbqch\proj\microbians\AeroCMS\Aero\src\Aero.Models\Entities\AddressModel.cs(34,19): warning CS8618: Non-nullable property 'AddressLine3' must contain a non-null value when exiting constructor. Consider adding the 'required' modifier or declaring the property as nullable. [C:\Users\bbqch\proj\microbians\AeroCMS\Aero\src\Aero.Models\Aero.Models.csproj]
C:\Users\bbqch\proj\microbians\AeroCMS\Aero\src\Aero.Models\Entities\AddressModel.cs(40,19): warning CS8618: Non-nullable property 'City' must contain a non-null value when exiting constructor. Consider adding the 'required' modifier or declaring the property as nullable. [C:\Users\bbqch\proj\microbians\AeroCMS\Aero\src\Aero.Models\Aero.Models.csproj]
C:\Users\bbqch\proj\microbians\AeroCMS\Aero\src\Aero.Models\Entities\AddressModel.cs(45,19): warning CS8618: Non-nullable property 'State' must contain a non-null value when exiting constructor. Consider adding the 'required' modifier or declaring the property as nullable. [C:\Users\bbqch\proj\microbians\AeroCMS\Aero\src\Aero.Models\Aero.Models.csproj]
C:\Users\bbqch\proj\microbians\AeroCMS\Aero\src\Aero.Models\Entities\AddressModel.cs(49,15): warning CS8618: Non-nullable property 'StateCode' must contain a non-null value when exiting constructor. Consider adding the 'required' modifier or declaring the property as nullable. [C:\Users\bbqch\proj\microbians\AeroCMS\Aero\src\Aero.Models\Aero.Models.csproj]
C:\Users\bbqch\proj\microbians\AeroCMS\Aero\src\Aero.Models\Entities\AddressModel.cs(54,19): warning CS8618: Non-nullable property 'Country' must contain a non-null value when exiting constructor. Consider adding the 'required' modifier or declaring the property as nullable. [C:\Users\bbqch\proj\microbians\AeroCMS\Aero\src\Aero.Models\Aero.Models.csproj]
C:\Users\bbqch\proj\microbians\AeroCMS\Aero\src\Aero.Models\Entities\AddressModel.cs(59,19): warning CS8618: Non-nullable property 'CountryCode' must contain a non-null value when exiting constructor. Consider adding the 'required' modifier or declaring the property as nullable. [C:\Users\bbqch\proj\microbians\AeroCMS\Aero\src\Aero.Models\Aero.Models.csproj]
C:\Users\bbqch\proj\microbians\AeroCMS\Aero\src\Aero.Models\Entities\AddressModel.cs(64,19): warning CS8618: Non-nullable property 'PostalCode' must contain a non-null value when exiting constructor. Consider adding the 'required' modifier or declaring the property as nullable. [C:\Users\bbqch\proj\microbians\AeroCMS\Aero\src\Aero.Models\Aero.Models.csproj]
C:\Users\bbqch\proj\microbians\AeroCMS\Aero\src\Aero.Models\RefreshTokenRequest.cs(12,19): warning CS8618: Non-nullable property 'AccessToken' must contain a non-null value when exiting constructor. Consider adding the 'required' modifier or declaring the property as nullable. [C:\Users\bbqch\proj\microbians\AeroCMS\Aero\src\Aero.Models\Aero.Models.csproj]
C:\Users\bbqch\proj\microbians\AeroCMS\Aero\src\Aero.Models\RefreshTokenRequest.cs(18,19): warning CS8618: Non-nullable property 'RefreshToken' must contain a non-null value when exiting constructor. Consider adding the 'required' modifier or declaring the property as nullable. [C:\Users\bbqch\proj\microbians\AeroCMS\Aero\src\Aero.Models\Aero.Models.csproj]
C:\Users\bbqch\proj\microbians\AeroCMS\Aero\src\Aero.Models\Entities\CountryModel.cs(16,19): warning CS8618: Non-nullable property 'FIPS' must contain a non-null value when exiting constructor. Consider adding the 'required' modifier or declaring the property as nullable. [C:\Users\bbqch\proj\microbians\AeroCMS\Aero\src\Aero.Models\Aero.Models.csproj]
C:\Users\bbqch\proj\microbians\AeroCMS\Aero\src\Aero.Models\Entities\CountryModel.cs(22,19): warning CS8618: Non-nullable property 'ISO' must contain a non-null value when exiting constructor. Consider adding the 'required' modifier or declaring the property as nullable. [C:\Users\bbqch\proj\microbians\AeroCMS\Aero\src\Aero.Models\Aero.Models.csproj]
C:\Users\bbqch\proj\microbians\AeroCMS\Aero\src\Aero.Models\Entities\CountryModel.cs(28,19): warning CS8618: Non-nullable property 'TLD' must contain a non-null value when exiting constructor. Consider adding the 'required' modifier or declaring the property as nullable. [C:\Users\bbqch\proj\microbians\AeroCMS\Aero\src\Aero.Models\Aero.Models.csproj]
C:\Users\bbqch\proj\microbians\AeroCMS\Aero\src\Aero.Models\Entities\CountryModel.cs(34,19): warning CS8618: Non-nullable property 'Name' must contain a non-null value when exiting constructor. Consider adding the 'required' modifier or declaring the property as nullable. [C:\Users\bbqch\proj\microbians\AeroCMS\Aero\src\Aero.Models\Aero.Models.csproj]
C:\Users\bbqch\proj\microbians\AeroCMS\Aero\src\Aero.Models\Entities\CityModel.cs(21,19): warning CS8618: Non-nullable property 'FIPS' must contain a non-null value when exiting constructor. Consider adding the 'required' modifier or declaring the property as nullable. [C:\Users\bbqch\proj\microbians\AeroCMS\Aero\src\Aero.Models\Aero.Models.csproj]
C:\Users\bbqch\proj\microbians\AeroCMS\Aero\src\Aero.Models\Entities\CityModel.cs(27,19): warning CS8618: Non-nullable property 'ISO' must contain a non-null value when exiting constructor. Consider adding the 'required' modifier or declaring the property as nullable. [C:\Users\bbqch\proj\microbians\AeroCMS\Aero\src\Aero.Models\Aero.Models.csproj]
C:\Users\bbqch\proj\microbians\AeroCMS\Aero\src\Aero.Models\Entities\CityModel.cs(33,19): warning CS8618: Non-nullable property 'Name' must contain a non-null value when exiting constructor. Consider adding the 'required' modifier or declaring the property as nullable. [C:\Users\bbqch\proj\microbians\AeroCMS\Aero\src\Aero.Models\Aero.Models.csproj]
C:\Users\bbqch\proj\microbians\AeroCMS\Aero\src\Aero.Models\Entities\AeroUserProfile.cs(19,8): warning CS8618: Non-nullable property 'Username' must contain a non-null value when exiting constructor. Consider adding the 'required' modifier or declaring the property as nullable. [C:\Users\bbqch\proj\microbians\AeroCMS\Aero\src\Aero.Models\Aero.Models.csproj]
C:\Users\bbqch\proj\microbians\AeroCMS\Aero\src\Aero.Models\Entities\AeroUserProfile.cs(19,8): warning CS8618: Non-nullable property 'Headline' must contain a non-null value when exiting constructor. Consider adding the 'required' modifier or declaring the property as nullable. [C:\Users\bbqch\proj\microbians\AeroCMS\Aero\src\Aero.Models\Aero.Models.csproj]
C:\Users\bbqch\proj\microbians\AeroCMS\Aero\src\Aero.Models\Entities\AeroUserProfile.cs(19,8): warning CS8618: Non-nullable property 'Location' must contain a non-null value when exiting constructor. Consider adding the 'required' modifier or declaring the property as nullable. [C:\Users\bbqch\proj\microbians\AeroCMS\Aero\src\Aero.Models\Aero.Models.csproj]
C:\Users\bbqch\proj\microbians\AeroCMS\Aero\src\Aero.Models\Entities\ApiAccountModel.cs(20,19): warning CS8618: Non-nullable property 'Email' must contain a non-null value when exiting constructor. Consider adding the 'required' modifier or declaring the property as nullable. [C:\Users\bbqch\proj\microbians\AeroCMS\Aero\src\Aero.Models\Aero.Models.csproj]
C:\Users\bbqch\proj\microbians\AeroCMS\Aero\src\Aero.Models\Entities\ApiAccountModel.cs(29,19): warning CS8618: Non-nullable property 'RefreshToken' must contain a non-null value when exiting constructor. Consider adding the 'required' modifier or declaring the property as nullable. [C:\Users\bbqch\proj\microbians\AeroCMS\Aero\src\Aero.Models\Aero.Models.csproj]
C:\Users\bbqch\proj\microbians\AeroCMS\Aero\src\Aero.Models\UserSettingsModel.cs(13,15): warning CS8618: Non-nullable property 'UserId' must contain a non-null value when exiting constructor. Consider adding the 'required' modifier or declaring the property as nullable. [C:\Users\bbqch\proj\microbians\AeroCMS\Aero\src\Aero.Models\Aero.Models.csproj]
C:\Users\bbqch\proj\microbians\AeroCMS\Aero\src\Aero.Models\UserSettingsModel.cs(17,15): warning CS8618: Non-nullable property 'Stuff' must contain a non-null value when exiting constructor. Consider adding the 'required' modifier or declaring the property as nullable. [C:\Users\bbqch\proj\microbians\AeroCMS\Aero\src\Aero.Models\Aero.Models.csproj]
C:\Users\bbqch\proj\microbians\AeroCMS\Aero\src\Aero.Models\Entities\StateModel.cs(19,19): warning CS8618: Non-nullable property 'Name' must contain a non-null value when exiting constructor. Consider adding the 'required' modifier or declaring the property as nullable. [C:\Users\bbqch\proj\microbians\AeroCMS\Aero\src\Aero.Models\Aero.Models.csproj]
C:\Users\bbqch\proj\microbians\AeroCMS\Aero\src\Aero.Models\Entities\StateModel.cs(24,19): warning CS8618: Non-nullable property 'Abbr' must contain a non-null value when exiting constructor. Consider adding the 'required' modifier or declaring the property as nullable. [C:\Users\bbqch\proj\microbians\AeroCMS\Aero\src\Aero.Models\Aero.Models.csproj]
C:\Users\bbqch\proj\microbians\AeroCMS\Aero\src\Aero.Models\Entities\AeroUser.cs(162,11): warning CS8618: Non-nullable property 'FirstName' must contain a non-null value when exiting constructor. Consider adding the 'required' modifier or declaring the property as nullable. [C:\Users\bbqch\proj\microbians\AeroCMS\Aero\src\Aero.Models\Aero.Models.csproj]
C:\Users\bbqch\proj\microbians\AeroCMS\Aero\src\Aero.Models\Entities\AeroUser.cs(162,11): warning CS8618: Non-nullable property 'MiddleName' must contain a non-null value when exiting constructor. Consider adding the 'required' modifier or declaring the property as nullable. [C:\Users\bbqch\proj\microbians\AeroCMS\Aero\src\Aero.Models\Aero.Models.csproj]
C:\Users\bbqch\proj\microbians\AeroCMS\Aero\src\Aero.Models\Entities\AeroUser.cs(162,11): warning CS8618: Non-nullable property 'LastName' must contain a non-null value when exiting constructor. Consider adding the 'required' modifier or declaring the property as nullable. [C:\Users\bbqch\proj\microbians\AeroCMS\Aero\src\Aero.Models\Aero.Models.csproj]
C:\Users\bbqch\proj\microbians\AeroCMS\Aero\src\Aero.Models\Entities\AeroUser.cs(162,11): warning CS8618: Non-nullable property 'CreatedBy' must contain a non-null value when exiting constructor. Consider adding the 'required' modifier or declaring the property as nullable. [C:\Users\bbqch\proj\microbians\AeroCMS\Aero\src\Aero.Models\Aero.Models.csproj]
C:\Users\bbqch\proj\microbians\AeroCMS\Aero\src\Aero.Models\Entities\AeroUser.cs(162,11): warning CS8618: Non-nullable property 'ProfilePictureDataUrl' must contain a non-null value when exiting constructor. Consider adding the 'required' modifier or declaring the property as nullable. [C:\Users\bbqch\proj\microbians\AeroCMS\Aero\src\Aero.Models\Aero.Models.csproj]
C:\Users\bbqch\proj\microbians\AeroCMS\Aero\src\Aero.Models\Entities\AeroUser.cs(162,11): warning CS8618: Non-nullable property 'ModifiedBy' must contain a non-null value when exiting constructor. Consider adding the 'required' modifier or declaring the property as nullable. [C:\Users\bbqch\proj\microbians\AeroCMS\Aero\src\Aero.Models\Aero.Models.csproj]
C:\Users\bbqch\proj\microbians\AeroCMS\Aero\src\Aero.Models\Entities\AeroUser.cs(162,11): warning CS8618: Non-nullable property 'RefreshToken' must contain a non-null value when exiting constructor. Consider adding the 'required' modifier or declaring the property as nullable. [C:\Users\bbqch\proj\microbians\AeroCMS\Aero\src\Aero.Models\Aero.Models.csproj]
C:\Users\bbqch\proj\microbians\AeroCMS\Aero\src\Aero.Models\Entities\AeroUser.cs(162,11): warning CS8618: Non-nullable property 'UserHandle' must contain a non-null value when exiting constructor. Consider adding the 'required' modifier or declaring the property as nullable. [C:\Users\bbqch\proj\microbians\AeroCMS\Aero\src\Aero.Models\Aero.Models.csproj]
C:\Users\bbqch\proj\microbians\AeroCMS\Aero\src\Aero.Models\Entities\AeroUser.cs(162,11): warning CS8618: Non-nullable property 'UserProfileId' must contain a non-null value when exiting constructor. Consider adding the 'required' modifier or declaring the property as nullable. [C:\Users\bbqch\proj\microbians\AeroCMS\Aero\src\Aero.Models\Aero.Models.csproj]
C:\Users\bbqch\proj\microbians\AeroCMS\Aero\src\Aero.Models\UserProfileUpdateRequest.cs(18,19): warning CS8618: Non-nullable property 'Name' must contain a non-null value when exiting constructor. Consider adding the 'required' modifier or declaring the property as nullable. [C:\Users\bbqch\proj\microbians\AeroCMS\Aero\src\Aero.Models\Aero.Models.csproj]
C:\Users\bbqch\proj\microbians\AeroCMS\Aero\src\Aero.Models\UserProfileUpdateRequest.cs(24,19): warning CS8618: Non-nullable property 'Website' must contain a non-null value when exiting constructor. Consider adding the 'required' modifier or declaring the property as nullable. [C:\Users\bbqch\proj\microbians\AeroCMS\Aero\src\Aero.Models\Aero.Models.csproj]
C:\Users\bbqch\proj\microbians\AeroCMS\Aero\src\Aero.Models\UserProfileUpdateRequest.cs(42,19): warning CS8618: Non-nullable property 'Tagline' must contain a non-null value when exiting constructor. Consider adding the 'required' modifier or declaring the property as nullable. [C:\Users\bbqch\proj\microbians\AeroCMS\Aero\src\Aero.Models\Aero.Models.csproj]
C:\Users\bbqch\proj\microbians\AeroCMS\Aero\src\Aero.Models\UserProfileUpdateRequest.cs(48,19): warning CS8618: Non-nullable property 'Location' must contain a non-null value when exiting constructor. Consider adding the 'required' modifier or declaring the property as nullable. [C:\Users\bbqch\proj\microbians\AeroCMS\Aero\src\Aero.Models\Aero.Models.csproj]
C:\Users\bbqch\proj\microbians\AeroCMS\Aero\src\Aero.Models\UserProfileUpdateRequest.cs(54,19): warning CS8618: Non-nullable property 'Bio' must contain a non-null value when exiting constructor. Consider adding the 'required' modifier or declaring the property as nullable. [C:\Users\bbqch\proj\microbians\AeroCMS\Aero\src\Aero.Models\Aero.Models.csproj]
C:\Users\bbqch\proj\microbians\AeroCMS\Aero\src\Aero.Models\ViewModels\RegistrationRequestModel.cs(14,19): warning CS8618: Non-nullable property 'Username' must contain a non-null value when exiting constructor. Consider adding the 'required' modifier or declaring the property as nullable. [C:\Users\bbqch\proj\microbians\AeroCMS\Aero\src\Aero.Models\Aero.Models.csproj]
C:\Users\bbqch\proj\microbians\AeroCMS\Aero\src\Aero.Models\ViewModels\RegistrationRequestModel.cs(20,19): warning CS8618: Non-nullable property 'Email' must contain a non-null value when exiting constructor. Consider adding the 'required' modifier or declaring the property as nullable. [C:\Users\bbqch\proj\microbians\AeroCMS\Aero\src\Aero.Models\Aero.Models.csproj]
C:\Users\bbqch\proj\microbians\AeroCMS\Aero\src\Aero.Models\ViewModels\RegistrationRequestModel.cs(26,19): warning CS8618: Non-nullable property 'Firstname' must contain a non-null value when exiting constructor. Consider adding the 'required' modifier or declaring the property as nullable. [C:\Users\bbqch\proj\microbians\AeroCMS\Aero\src\Aero.Models\Aero.Models.csproj]
C:\Users\bbqch\proj\microbians\AeroCMS\Aero\src\Aero.Models\ViewModels\RegistrationRequestModel.cs(32,19): warning CS8618: Non-nullable property 'Lastname' must contain a non-null value when exiting constructor. Consider adding the 'required' modifier or declaring the property as nullable. [C:\Users\bbqch\proj\microbians\AeroCMS\Aero\src\Aero.Models\Aero.Models.csproj]
C:\Users\bbqch\proj\microbians\AeroCMS\Aero\src\Aero.Models\ViewModels\RegistrationRequestModel.cs(38,19): warning CS8618: Non-nullable property 'Password' must contain a non-null value when exiting constructor. Consider adding the 'required' modifier or declaring the property as nullable. [C:\Users\bbqch\proj\microbians\AeroCMS\Aero\src\Aero.Models\Aero.Models.csproj]
C:\Users\bbqch\proj\microbians\AeroCMS\Aero\src\Aero.Models\ViewModels\RegistrationRequestModel.cs(44,19): warning CS8618: Non-nullable property 'ConfirmedPassword' must contain a non-null value when exiting constructor. Consider adding the 'required' modifier or declaring the property as nullable. [C:\Users\bbqch\proj\microbians\AeroCMS\Aero\src\Aero.Models\Aero.Models.csproj]
C:\Users\bbqch\proj\microbians\AeroCMS\Aero\src\Aero.Models\ViewModels\RegistrationRequestModel.cs(58,19): warning CS8618: Non-nullable property 'MobileNumber' must contain a non-null value when exiting constructor. Consider adding the 'required' modifier or declaring the property as nullable. [C:\Users\bbqch\proj\microbians\AeroCMS\Aero\src\Aero.Models\Aero.Models.csproj]
C:\Users\bbqch\proj\microbians\AeroCMS\Aero\src\Aero.Models\ViewModels\RegistrationRequestModel.cs(64,19): warning CS8618: Non-nullable property 'PostalCode' must contain a non-null value when exiting constructor. Consider adding the 'required' modifier or declaring the property as nullable. [C:\Users\bbqch\proj\microbians\AeroCMS\Aero\src\Aero.Models\Aero.Models.csproj]
C:\Users\bbqch\proj\microbians\AeroCMS\Aero\src\Aero.Models\ViewModels\RegistrationRequestModel.cs(70,19): warning CS8618: Non-nullable property 'Country' must contain a non-null value when exiting constructor. Consider adding the 'required' modifier or declaring the property as nullable. [C:\Users\bbqch\proj\microbians\AeroCMS\Aero\src\Aero.Models\Aero.Models.csproj]
C:\Users\bbqch\proj\microbians\AeroCMS\Aero\src\Aero.Models\ViewModels\RegistrationRequestModel.cs(82,19): warning CS8618: Non-nullable property 'Address' must contain a non-null value when exiting constructor. Consider adding the 'required' modifier or declaring the property as nullable. [C:\Users\bbqch\proj\microbians\AeroCMS\Aero\src\Aero.Models\Aero.Models.csproj]
C:\Users\bbqch\proj\microbians\AeroCMS\Aero\src\Aero.Events\AeroEventHandlerBase.cs(13,74): warning CS9113: Parameter 'log' is unread. [C:\Users\bbqch\proj\microbians\AeroCMS\Aero\src\Aero.Events\Aero.Events.csproj]
C:\Users\bbqch\proj\microbians\AeroCMS\AeroDB\src\AeroDB.Sable\Events\LambdaUpcaster.cs(12,54): warning CS1574: XML comment has cref attribute 'LambdaUpcaster' that could not be resolved [C:\Users\bbqch\proj\microbians\AeroCMS\AeroDB\src\AeroDB.Sable\AeroDB.Sable.csproj]
C:\Users\bbqch\proj\microbians\AeroCMS\AeroDB\src\AeroDB.Sable\ISurrealDbQueryable.cs(298,54): warning CS1574: XML comment has cref attribute 'SurrealDbQueryable' that could not be resolved [C:\Users\bbqch\proj\microbians\AeroCMS\AeroDB\src\AeroDB.Sable\AeroDB.Sable.csproj]
C:\Users\bbqch\proj\microbians\AeroCMS\AeroDB\src\AeroDB.Sable\ISurrealDbQueryable.cs(308,54): warning CS1574: XML comment has cref attribute 'SurrealDbQueryable' that could not be resolved [C:\Users\bbqch\proj\microbians\AeroCMS\AeroDB\src\AeroDB.Sable\AeroDB.Sable.csproj]
C:\Users\bbqch\proj\microbians\AeroCMS\AeroDB\src\AeroDB.Sable\ISurrealDbQueryable.cs(663,54): warning CS1574: XML comment has cref attribute 'LinkedSurrealDbQueryableBase' that could not be resolved [C:\Users\bbqch\proj\microbians\AeroCMS\AeroDB\src\AeroDB.Sable\AeroDB.Sable.csproj]
C:\Users\bbqch\proj\microbians\AeroCMS\AeroDB\src\AeroDB.Sable\ISurrealDbQueryable.cs(814,54): warning CS1574: XML comment has cref attribute 'LinkedSurrealDbQueryable' that could not be resolved [C:\Users\bbqch\proj\microbians\AeroCMS\AeroDB\src\AeroDB.Sable\AeroDB.Sable.csproj]
C:\Users\bbqch\proj\microbians\AeroCMS\AeroDB\src\AeroDB.Sable\ISurrealDbQueryable.cs(852,54): warning CS1574: XML comment has cref attribute 'LinkedSurrealDbQueryable' that could not be resolved [C:\Users\bbqch\proj\microbians\AeroCMS\AeroDB\src\AeroDB.Sable\AeroDB.Sable.csproj]
C:\Users\bbqch\proj\microbians\AeroCMS\AeroDB\src\AeroDB.Sable\ISurrealDbQueryable.cs(891,54): warning CS1574: XML comment has cref attribute 'LinkedSurrealDbQueryable' that could not be resolved [C:\Users\bbqch\proj\microbians\AeroCMS\AeroDB\src\AeroDB.Sable\AeroDB.Sable.csproj]
C:\Users\bbqch\proj\microbians\AeroCMS\AeroDB\src\AeroDB.Sable\ISurrealDbQueryable.cs(912,54): warning CS1574: XML comment has cref attribute 'IncludableSurrealDbQueryable' that could not be resolved [C:\Users\bbqch\proj\microbians\AeroCMS\AeroDB\src\AeroDB.Sable\AeroDB.Sable.csproj]
C:\Users\bbqch\proj\microbians\AeroCMS\AeroDB\src\AeroDB.Sable\LiveQuery\SurrealLiveQueryBuilder.cs(25,54): warning CS1574: XML comment has cref attribute 'SurrealLiveQueryBuilder' that could not be resolved [C:\Users\bbqch\proj\microbians\AeroCMS\AeroDB\src\AeroDB.Sable\AeroDB.Sable.csproj]
C:\Users\bbqch\proj\microbians\AeroCMS\AeroDB\src\AeroDB.Sable\Patching\FilteredPatchExpression.cs(22,54): warning CS1574: XML comment has cref attribute 'FilteredPatchExpression' that could not be resolved [C:\Users\bbqch\proj\microbians\AeroCMS\AeroDB\src\AeroDB.Sable\AeroDB.Sable.csproj]
C:\Users\bbqch\proj\microbians\AeroCMS\AeroDB\src\AeroDB.Sable\Projections\InlineProjection.cs(39,54): warning CS1574: XML comment has cref attribute 'InlineProjection' that could not be resolved [C:\Users\bbqch\proj\microbians\AeroCMS\AeroDB\src\AeroDB.Sable\AeroDB.Sable.csproj]
C:\Users\bbqch\proj\microbians\AeroCMS\AeroDB\src\AeroDB.Sable\Projections\LegacyLiveQueryAdapter.cs(18,54): warning CS1574: XML comment has cref attribute 'LegacyLiveQueryAdapter' that could not be resolved [C:\Users\bbqch\proj\microbians\AeroCMS\AeroDB\src\AeroDB.Sable\AeroDB.Sable.csproj]
C:\Users\bbqch\proj\microbians\AeroCMS\AeroDB\src\AeroDB.Sable\Schema\DocumentPolicies.cs(49,58): warning CS1574: XML comment has cref attribute 'TypedLambdaPolicy' that could not be resolved [C:\Users\bbqch\proj\microbians\AeroCMS\AeroDB\src\AeroDB.Sable\AeroDB.Sable.csproj]
C:\Users\bbqch\proj\microbians\AeroCMS\AeroDB\src\AeroDB.Sable\SurrealAsyncQueryExtensions.cs(141,58): warning CS1574: XML comment has cref attribute 'DeletedBeforeQueryable' that could not be resolved [C:\Users\bbqch\proj\microbians\AeroCMS\AeroDB\src\AeroDB.Sable\AeroDB.Sable.csproj]
C:\Users\bbqch\proj\microbians\AeroCMS\Aero\src\Aero.Modular\IAeroModule.cs(80,22): warning CS1572: XML comment has a param tag for 'endpoints', but there is no parameter by that name [C:\Users\bbqch\proj\microbians\AeroCMS\Aero\src\Aero.Modular\Aero.Modular.csproj]
C:\Users\bbqch\proj\microbians\AeroCMS\Aero\src\Aero.Modular\IAeroModule.cs(80,44): warning CS1574: XML comment has cref attribute 'IEndpointRouteBuilder' that could not be resolved [C:\Users\bbqch\proj\microbians\AeroCMS\Aero\src\Aero.Modular\Aero.Modular.csproj]
C:\Users\bbqch\proj\microbians\AeroCMS\Aero\src\Aero.Modular\IAeroModule.cs(81,31): warning CS1573: Parameter 'sp' has no matching param tag in the XML comment for 'IAeroModule.Run(IServiceProvider)' (but other parameters do) [C:\Users\bbqch\proj\microbians\AeroCMS\Aero\src\Aero.Modular\Aero.Modular.csproj]
C:\Users\bbqch\proj\microbians\AeroCMS\Aero\src\Aero.Modular\IAeroModule.cs(85,22): warning CS1572: XML comment has a param tag for 'endpoints', but there is no parameter by that name [C:\Users\bbqch\proj\microbians\AeroCMS\Aero\src\Aero.Modular\Aero.Modular.csproj]
C:\Users\bbqch\proj\microbians\AeroCMS\Aero\src\Aero.Modular\IAeroModule.cs(85,44): warning CS1574: XML comment has cref attribute 'IEndpointRouteBuilder' that could not be resolved [C:\Users\bbqch\proj\microbians\AeroCMS\Aero\src\Aero.Modular\Aero.Modular.csproj]
C:\Users\bbqch\proj\microbians\AeroCMS\Aero\src\Aero.Modular\IAeroModule.cs(87,36): warning CS1573: Parameter 'sp' has no matching param tag in the XML comment for 'IAeroModule.RunAsync(IServiceProvider)' (but other parameters do) [C:\Users\bbqch\proj\microbians\AeroCMS\Aero\src\Aero.Modular\Aero.Modular.csproj]
C:\Users\bbqch\proj\microbians\AeroCMS\Aero\src\Aero.Modular\IModuleBuilder.cs(95,44): warning CS1574: XML comment has cref attribute 'IConfigureAeroDB' that could not be resolved [C:\Users\bbqch\proj\microbians\AeroCMS\Aero\src\Aero.Modular\Aero.Modular.csproj]
C:\Users\bbqch\proj\microbians\AeroCMS\Aero\src\Aero.Modular\ModuleAttribute.cs(6,16): warning CS1574: XML comment has cref attribute 'ModuleManifestGenerator' that could not be resolved [C:\Users\bbqch\proj\microbians\AeroCMS\Aero\src\Aero.Modular\Aero.Modular.csproj]
C:\Users\bbqch\proj\microbians\AeroCMS\Aero\src\Aero.Modular\ModuleManifestProviderAttribute.cs(4,67): warning CS1574: XML comment has cref attribute 'ModuleManifestGenerator' that could not be resolved [C:\Users\bbqch\proj\microbians\AeroCMS\Aero\src\Aero.Modular\Aero.Modular.csproj]
C:\Users\bbqch\proj\microbians\AeroCMS\Aero\src\Aero.Modular\ModuleManifestProviderAttribute.cs(6,25): warning CS1574: XML comment has cref attribute 'HostModuleCatalogGenerator' that could not be resolved [C:\Users\bbqch\proj\microbians\AeroCMS\Aero\src\Aero.Modular\Aero.Modular.csproj]
C:\Users\bbqch\proj\microbians\AeroCMS\Aero\src\Aero.Modular\WolverineHandlersRegistrationAttribute.cs(4,67): warning CS1574: XML comment has cref attribute 'WolverineHandlerGenerator' that could not be resolved [C:\Users\bbqch\proj\microbians\AeroCMS\Aero\src\Aero.Modular\Aero.Modular.csproj]
C:\Users\bbqch\proj\microbians\AeroCMS\Aero\src\Aero.Auth\Aero.Auth.csproj : warning NU1903: Package 'Newtonsoft.Json' 10.0.2 has a known high severity vulnerability, https://github.com/advisories/GHSA-5crp-9r3c-p9vr
C:\Users\bbqch\proj\microbians\AeroCMS\Aero\src\Aero.Models\Aero.Models.csproj : warning NU1903: Package 'Newtonsoft.Json' 10.0.2 has a known high severity vulnerability, https://github.com/advisories/GHSA-5crp-9r3c-p9vr
C:\Users\bbqch\proj\microbians\AeroCMS\Aero\src\Aero.Caching\Aero.Caching.csproj : warning NU1903: Package 'Newtonsoft.Json' 10.0.2 has a known high severity vulnerability, https://github.com/advisories/GHSA-5crp-9r3c-p9vr
C:\Users\bbqch\proj\microbians\AeroCMS\Aero\src\Aero.Marten\Aero.Marten.csproj : warning NU1903: Package 'Newtonsoft.Json' 10.0.2 has a known high severity vulnerability, https://github.com/advisories/GHSA-5crp-9r3c-p9vr
C:\Users\bbqch\proj\microbians\AeroCMS\Aero\src\Aero.Modular\Aero.Modular.csproj : warning NU1903: Package 'Newtonsoft.Json' 10.0.2 has a known high severity vulnerability, https://github.com/advisories/GHSA-5crp-9r3c-p9vr
C:\Users\bbqch\proj\microbians\AeroCMS\src\Aero.Cms.Contracts\Aero.Cms.Contracts.csproj : warning NU1903: Package 'Newtonsoft.Json' 10.0.2 has a known high severity vulnerability, https://github.com/advisories/GHSA-5crp-9r3c-p9vr
C:\Users\bbqch\proj\microbians\AeroCMS\src\Aero.Cms.Contracts\obj\Debug\net10.0\Aero.Cms.SourceGenerators\Aero.Cms.SourceGenerators.EmbeddedAttributesGenerator\LegacyReflectionDiscoveryAttribute.g.cs(20,18): warning CS8669: The annotation for nullable reference types should only be used in code within a '#nullable' annotations context. Auto-generated code requires an explicit '#nullable' directive in source. [C:\Users\bbqch\proj\microbians\AeroCMS\src\Aero.Cms.Contracts\Aero.Cms.Contracts.csproj]
C:\Users\bbqch\proj\microbians\AeroCMS\src\Aero.Cms.Contracts\Abstractions\IAdminStorage.cs(5,44): warning CS1574: XML comment has cref attribute 'ILocalStorageService' that could not be resolved [C:\Users\bbqch\proj\microbians\AeroCMS\src\Aero.Cms.Contracts\Aero.Cms.Contracts.csproj]
C:\Users\bbqch\proj\microbians\AeroCMS\Aero\src\Aero.Core\Aero.Core.csproj : warning NU1903: Package 'Newtonsoft.Json' 10.0.2 has a known high severity vulnerability, https://github.com/advisories/GHSA-5crp-9r3c-p9vr
C:\Users\bbqch\proj\microbians\AeroCMS\Aero\src\Aero.EfCore\Aero.EfCore.csproj : warning NU1903: Package 'Newtonsoft.Json' 10.0.2 has a known high severity vulnerability, https://github.com/advisories/GHSA-5crp-9r3c-p9vr
C:\Users\bbqch\proj\microbians\AeroCMS\Aero\src\Aero.Secrets\Models\SecretProviderType.cs(8,5): warning CS1591: Missing XML comment for publicly visible type or member 'SecretProviderType.Unknown' [C:\Users\bbqch\proj\microbians\AeroCMS\Aero\src\Aero.Secrets\Aero.Secrets.csproj]
C:\Users\bbqch\proj\microbians\AeroCMS\Aero\src\Aero.Secrets\Models\SecretProviderType.cs(9,5): warning CS1591: Missing XML comment for publicly visible type or member 'SecretProviderType.Local' [C:\Users\bbqch\proj\microbians\AeroCMS\Aero\src\Aero.Secrets\Aero.Secrets.csproj]
C:\Users\bbqch\proj\microbians\AeroCMS\Aero\src\Aero.Secrets\Models\SecretProviderType.cs(10,5): warning CS1591: Missing XML comment for publicly visible type or member 'SecretProviderType.Infisical' [C:\Users\bbqch\proj\microbians\AeroCMS\Aero\src\Aero.Secrets\Aero.Secrets.csproj]
C:\Users\bbqch\proj\microbians\AeroCMS\Aero\src\Aero.Validators\Extensions\NotEmptyGuid.cs(33,24): warning CS8618: Non-nullable property 'Name' must contain a non-null value when exiting constructor. Consider adding the 'required' modifier or declaring the property as nullable. [C:\Users\bbqch\proj\microbians\AeroCMS\Aero\src\Aero.Validators\Aero.Validators.csproj]
C:\Users\bbqch\proj\microbians\AeroCMS\Aero\src\Aero.Validators\Extensions\NotNullOrEmpty.cs(22,24): warning CS8618: Non-nullable property 'Name' must contain a non-null value when exiting constructor. Consider adding the 'required' modifier or declaring the property as nullable. [C:\Users\bbqch\proj\microbians\AeroCMS\Aero\src\Aero.Validators\Aero.Validators.csproj]
C:\Users\bbqch\proj\microbians\AeroCMS\Aero\src\Aero.Social\Providers\LinkedInPageProvider.cs(788,19): warning CS0108: 'LinkedInPageProvider.LinkedInTokenResponse' hides inherited member 'LinkedInProvider.LinkedInTokenResponse'. Use the new keyword if hiding was intended. [C:\Users\bbqch\proj\microbians\AeroCMS\Aero\src\Aero.Social\Aero.Social.csproj]
C:\Users\bbqch\proj\microbians\AeroCMS\Aero\src\Aero.Social\Providers\LinkedInPageProvider.cs(815,19): warning CS0108: 'LinkedInPageProvider.LinkedInUploadResponse' hides inherited member 'LinkedInProvider.LinkedInUploadResponse'. Use the new keyword if hiding was intended. [C:\Users\bbqch\proj\microbians\AeroCMS\Aero\src\Aero.Social\Aero.Social.csproj]
C:\Users\bbqch\proj\microbians\AeroCMS\Aero\src\Aero.Social\Providers\LinkedInPageProvider.cs(824,19): warning CS0108: 'LinkedInPageProvider.LinkedInUploadValue' hides inherited member 'LinkedInProvider.LinkedInUploadValue'. Use the new keyword if hiding was intended. [C:\Users\bbqch\proj\microbians\AeroCMS\Aero\src\Aero.Social\Aero.Social.csproj]
C:\Users\bbqch\proj\microbians\AeroCMS\Aero\src\Aero.Social\Providers\LinkedInPageProvider.cs(839,19): warning CS0108: 'LinkedInPageProvider.LinkedInCommentResponse' hides inherited member 'LinkedInProvider.LinkedInCommentResponse'. Use the new keyword if hiding was intended. [C:\Users\bbqch\proj\microbians\AeroCMS\Aero\src\Aero.Social\Aero.Social.csproj]
C:\Users\bbqch\proj\microbians\AeroCMS\Aero\src\Aero.Social\Providers\DiscordProvider.cs(24,54): warning CS9124: Parameter 'IConfiguration configuration' is captured into the state of the enclosing type and its value is also used to initialize a field, property, or event. [C:\Users\bbqch\proj\microbians\AeroCMS\Aero\src\Aero.Social\Aero.Social.csproj]
C:\Users\bbqch\proj\microbians\AeroCMS\Aero\src\Aero.Social\Providers\HashnodeProvider.cs(18,20): warning CS9113: Parameter 'configuration' is unread. [C:\Users\bbqch\proj\microbians\AeroCMS\Aero\src\Aero.Social\Aero.Social.csproj]
C:\Users\bbqch\proj\microbians\AeroCMS\Aero\src\Aero.Social\Providers\FarcasterProvider.cs(93,18): warning CS8601: Possible null reference assignment. [C:\Users\bbqch\proj\microbians\AeroCMS\Aero\src\Aero.Social\Aero.Social.csproj]
C:\Users\bbqch\proj\microbians\AeroCMS\Aero\src\Aero.Social\Providers\FacebookProvider.cs(202,22): warning CS8620: Argument of type 'Task<Result<FetchPageInformationResult?, AeroError>>' cannot be used for parameter 'task' of type 'Task<Result<FetchPageInformationResult, AeroError>>' in 'Task<Result<AuthTokenDetails?, AeroError>> FunctionalExtensions.MapAsync<FetchPageInformationResult, AeroError, AuthTokenDetails?>(Task<Result<FetchPageInformationResult, AeroError>> task, Func<FetchPageInformationResult, Task<AuthTokenDetails?>> map)' due to differences in the nullability of reference types. [C:\Users\bbqch\proj\microbians\AeroCMS\Aero\src\Aero.Social\Aero.Social.csproj]
C:\Users\bbqch\proj\microbians\AeroCMS\Aero\src\Aero.Social\Providers\ThreadsProvider.cs(233,66): warning CS8601: Possible null reference assignment. [C:\Users\bbqch\proj\microbians\AeroCMS\Aero\src\Aero.Social\Aero.Social.csproj]
C:\Users\bbqch\proj\microbians\AeroCMS\Aero\src\Aero.Social\Providers\PinterestProvider.cs(324,87): warning CS8601: Possible null reference assignment. [C:\Users\bbqch\proj\microbians\AeroCMS\Aero\src\Aero.Social\Aero.Social.csproj]
C:\Users\bbqch\proj\microbians\AeroCMS\Aero\src\Aero.Social\Providers\PinterestProvider.cs(327,87): warning CS8601: Possible null reference assignment. [C:\Users\bbqch\proj\microbians\AeroCMS\Aero\src\Aero.Social\Aero.Social.csproj]
C:\Users\bbqch\proj\microbians\AeroCMS\Aero\src\Aero.Social\Providers\PinterestProvider.cs(330,87): warning CS8601: Possible null reference assignment. [C:\Users\bbqch\proj\microbians\AeroCMS\Aero\src\Aero.Social\Aero.Social.csproj]
C:\Users\bbqch\proj\microbians\AeroCMS\Aero\src\Aero.Social\Providers\PinterestProvider.cs(333,87): warning CS8601: Possible null reference assignment. [C:\Users\bbqch\proj\microbians\AeroCMS\Aero\src\Aero.Social\Aero.Social.csproj]
C:\Users\bbqch\proj\microbians\AeroCMS\Aero\src\Aero.Social\Providers\PinterestProvider.cs(336,87): warning CS8601: Possible null reference assignment. [C:\Users\bbqch\proj\microbians\AeroCMS\Aero\src\Aero.Social\Aero.Social.csproj]
C:\Users\bbqch\proj\microbians\AeroCMS\Aero\src\Aero.Social\Providers\LinkedInPageProvider.cs(272,50): warning CS8603: Possible null reference return. [C:\Users\bbqch\proj\microbians\AeroCMS\Aero\src\Aero.Social\Aero.Social.csproj]
C:\Users\bbqch\proj\microbians\AeroCMS\Aero\src\Aero.Social\Providers\RedditProvider.cs(245,27): warning CS8600: Converting null literal or possible null value to non-nullable type. [C:\Users\bbqch\proj\microbians\AeroCMS\Aero\src\Aero.Social\Aero.Social.csproj]
C:\Users\bbqch\proj\microbians\AeroCMS\Aero\src\Aero.Social\Providers\RedditProvider.cs(260,30): warning CS8601: Possible null reference assignment. [C:\Users\bbqch\proj\microbians\AeroCMS\Aero\src\Aero.Social\Aero.Social.csproj]
C:\Users\bbqch\proj\microbians\AeroCMS\Aero\src\Aero.Social\Providers\LemmyProvider.cs(344,77): warning CS8603: Possible null reference return. [C:\Users\bbqch\proj\microbians\AeroCMS\Aero\src\Aero.Social\Aero.Social.csproj]
C:\Users\bbqch\proj\microbians\AeroCMS\Aero\src\Aero.Social\Providers\LemmyProvider.cs(348,16): warning CS8603: Possible null reference return. [C:\Users\bbqch\proj\microbians\AeroCMS\Aero\src\Aero.Social\Aero.Social.csproj]
C:\Users\bbqch\proj\microbians\AeroCMS\Aero\src\Aero.Social\Providers\DribbbleProvider.cs(132,59): warning CS8602: Dereference of a possibly null reference. [C:\Users\bbqch\proj\microbians\AeroCMS\Aero\src\Aero.Social\Aero.Social.csproj]
C:\Users\bbqch\proj\microbians\AeroCMS\Aero\src\Aero.Social\Providers\DribbbleProvider.cs(138,21): warning CS8602: Dereference of a possibly null reference. [C:\Users\bbqch\proj\microbians\AeroCMS\Aero\src\Aero.Social\Aero.Social.csproj]
C:\Users\bbqch\proj\microbians\AeroCMS\Aero\src\Aero.Social\Providers\BlueskyProvider.cs(540,26): warning CS0168: The variable 'ex' is declared but never used [C:\Users\bbqch\proj\microbians\AeroCMS\Aero\src\Aero.Social\Aero.Social.csproj]
C:\Users\bbqch\proj\microbians\AeroCMS\Aero\src\Aero.Caching\Decorators\CachingRepository.cs(60,50): warning CS8625: Cannot convert null literal to non-nullable reference type. [C:\Users\bbqch\proj\microbians\AeroCMS\Aero\src\Aero.Caching\Aero.Caching.csproj]
C:\Users\bbqch\proj\microbians\AeroCMS\Aero\src\Aero.Caching\Decorators\CachingRepository.cs(64,50): warning CS8625: Cannot convert null literal to non-nullable reference type. [C:\Users\bbqch\proj\microbians\AeroCMS\Aero\src\Aero.Caching\Aero.Caching.csproj]
C:\Users\bbqch\proj\microbians\AeroCMS\Aero\src\Aero.Caching\Decorators\CachingRepository.cs(68,50): warning CS8625: Cannot convert null literal to non-nullable reference type. [C:\Users\bbqch\proj\microbians\AeroCMS\Aero\src\Aero.Caching\Aero.Caching.csproj]
C:\Users\bbqch\proj\microbians\AeroCMS\Aero\src\Aero.Caching\Decorators\CachingRepository.cs(85,61): warning CS8625: Cannot convert null literal to non-nullable reference type. [C:\Users\bbqch\proj\microbians\AeroCMS\Aero\src\Aero.Caching\Aero.Caching.csproj]
C:\Users\bbqch\proj\microbians\AeroCMS\Aero\src\Aero.Caching\Decorators\CachingRepository.cs(89,61): warning CS8625: Cannot convert null literal to non-nullable reference type. [C:\Users\bbqch\proj\microbians\AeroCMS\Aero\src\Aero.Caching\Aero.Caching.csproj]
C:\Users\bbqch\proj\microbians\AeroCMS\Aero\src\Aero.Caching\Decorators\CachingRepository.cs(93,61): warning CS8625: Cannot convert null literal to non-nullable reference type. [C:\Users\bbqch\proj\microbians\AeroCMS\Aero\src\Aero.Caching\Aero.Caching.csproj]
C:\Users\bbqch\proj\microbians\AeroCMS\Aero\src\Aero.Caching\Extensions\FusionCacheExtensions.cs(110,29): warning CS8625: Cannot convert null literal to non-nullable reference type. [C:\Users\bbqch\proj\microbians\AeroCMS\Aero\src\Aero.Caching\Aero.Caching.csproj]
C:\Users\bbqch\proj\microbians\AeroCMS\Aero\src\Aero.Caching\Extensions\FusionCacheExtensions.cs(188,109): warning CS8625: Cannot convert null literal to non-nullable reference type. [C:\Users\bbqch\proj\microbians\AeroCMS\Aero\src\Aero.Caching\Aero.Caching.csproj]
C:\Users\bbqch\proj\microbians\AeroCMS\Aero\src\Aero.Caching\Extensions\FusionCacheExtensions.cs(195,29): warning CS8625: Cannot convert null literal to non-nullable reference type. [C:\Users\bbqch\proj\microbians\AeroCMS\Aero\src\Aero.Caching\Aero.Caching.csproj]
C:\Users\bbqch\proj\microbians\AeroCMS\Aero\src\Aero.Caching\Decorators\CachingRepository.cs(363,57): warning CS8625: Cannot convert null literal to non-nullable reference type. [C:\Users\bbqch\proj\microbians\AeroCMS\Aero\src\Aero.Caching\Aero.Caching.csproj]
C:\Users\bbqch\proj\microbians\AeroCMS\Aero\src\Aero.Caching\Decorators\CachingRepository.cs(369,57): warning CS8625: Cannot convert null literal to non-nullable reference type. [C:\Users\bbqch\proj\microbians\AeroCMS\Aero\src\Aero.Caching\Aero.Caching.csproj]
C:\Users\bbqch\proj\microbians\AeroCMS\Aero\src\Aero.Caching\Decorators\CachingRepository.cs(375,57): warning CS8625: Cannot convert null literal to non-nullable reference type. [C:\Users\bbqch\proj\microbians\AeroCMS\Aero\src\Aero.Caching\Aero.Caching.csproj]
C:\Users\bbqch\proj\microbians\AeroCMS\Aero\src\Aero.Caching\Decorators\CachingRepository.cs(428,74): warning CS8625: Cannot convert null literal to non-nullable reference type. [C:\Users\bbqch\proj\microbians\AeroCMS\Aero\src\Aero.Caching\Aero.Caching.csproj]
C:\Users\bbqch\proj\microbians\AeroCMS\Aero\src\Aero.Caching\Decorators\CachingRepository.cs(434,74): warning CS8625: Cannot convert null literal to non-nullable reference type. [C:\Users\bbqch\proj\microbians\AeroCMS\Aero\src\Aero.Caching\Aero.Caching.csproj]
C:\Users\bbqch\proj\microbians\AeroCMS\Aero\src\Aero.Caching\Decorators\CachingRepository.cs(441,74): warning CS8625: Cannot convert null literal to non-nullable reference type. [C:\Users\bbqch\proj\microbians\AeroCMS\Aero\src\Aero.Caching\Aero.Caching.csproj]
C:\Users\bbqch\proj\microbians\AeroCMS\Aero\src\Aero.Caching\CacheServiceBase.cs(11,66): warning CS9113: Parameter 'log' is unread. [C:\Users\bbqch\proj\microbians\AeroCMS\Aero\src\Aero.Caching\Aero.Caching.csproj]
C:\Users\bbqch\proj\microbians\AeroCMS\Aero\src\Aero.Caching\FusionCacheClient.cs(17,24): warning CS9107: Parameter 'ILogger<CacheServiceBase> log' is captured into the state of the enclosing type and its value is also passed to the base constructor. The value might be captured by the base class as well. [C:\Users\bbqch\proj\microbians\AeroCMS\Aero\src\Aero.Caching\Aero.Caching.csproj]
C:\Users\bbqch\proj\microbians\AeroCMS\Aero\src\Aero.Caching\CacheEntry.cs(11,15): warning CS8618: Non-nullable property 'Key' must contain a non-null value when exiting constructor. Consider adding the 'required' modifier or declaring the property as nullable. [C:\Users\bbqch\proj\microbians\AeroCMS\Aero\src\Aero.Caching\Aero.Caching.csproj]
C:\Users\bbqch\proj\microbians\AeroCMS\Aero\src\Aero.Caching\CacheEntry.cs(15,10): warning CS8618: Non-nullable property 'Value' must contain a non-null value when exiting constructor. Consider adding the 'required' modifier or declaring the property as nullable. [C:\Users\bbqch\proj\microbians\AeroCMS\Aero\src\Aero.Caching\Aero.Caching.csproj]
C:\Users\bbqch\proj\microbians\AeroCMS\Aero\src\Aero.Caching\Decorators\CachingRepository.cs(19,15): warning CS8618: Non-nullable property 'Key' must contain a non-null value when exiting constructor. Consider adding the 'required' modifier or declaring the property as nullable. [C:\Users\bbqch\proj\microbians\AeroCMS\Aero\src\Aero.Caching\Aero.Caching.csproj]
C:\Users\bbqch\proj\microbians\AeroCMS\Aero\src\Aero.Caching\Decorators\CachingRepository.cs(23,10): warning CS8618: Non-nullable property 'Value' must contain a non-null value when exiting constructor. Consider adding the 'required' modifier or declaring the property as nullable. [C:\Users\bbqch\proj\microbians\AeroCMS\Aero\src\Aero.Caching\Aero.Caching.csproj]
C:\Users\bbqch\proj\microbians\AeroCMS\Aero\src\Aero.Caching\Extensions\FusionCacheExtensions.cs(103,16): warning CS8603: Possible null reference return. [C:\Users\bbqch\proj\microbians\AeroCMS\Aero\src\Aero.Caching\Aero.Caching.csproj]
C:\Users\bbqch\proj\microbians\AeroCMS\Aero\src\Aero.Caching\Decorators\CachingRepository.cs(201,59): warning CS8603: Possible null reference return. [C:\Users\bbqch\proj\microbians\AeroCMS\Aero\src\Aero.Caching\Aero.Caching.csproj]
C:\Users\bbqch\proj\microbians\AeroCMS\Aero\src\Aero.Caching\Decorators\CachingRepository.cs(219,9): warning CS0162: Unreachable code detected [C:\Users\bbqch\proj\microbians\AeroCMS\Aero\src\Aero.Caching\Aero.Caching.csproj]
C:\Users\bbqch\proj\microbians\AeroCMS\Aero\src\Aero.Caching\Extensions\FusionCacheExtensions.cs(148,13): warning CS8603: Possible null reference return. [C:\Users\bbqch\proj\microbians\AeroCMS\Aero\src\Aero.Caching\Aero.Caching.csproj]
C:\Users\bbqch\proj\microbians\AeroCMS\Aero\src\Aero.Caching\FusionCacheClient.cs(119,16): warning CS8629: Nullable value type may be null. [C:\Users\bbqch\proj\microbians\AeroCMS\Aero\src\Aero.Caching\Aero.Caching.csproj]
C:\Users\bbqch\proj\microbians\AeroCMS\Aero\src\Aero.Caching\Extensions\FusionCacheExtensions.cs(160,13): warning CS8603: Possible null reference return. [C:\Users\bbqch\proj\microbians\AeroCMS\Aero\src\Aero.Caching\Aero.Caching.csproj]
C:\Users\bbqch\proj\microbians\AeroCMS\Aero\src\Aero.Caching\Extensions\FusionCacheExtensions.cs(181,17): warning CS8601: Possible null reference assignment. [C:\Users\bbqch\proj\microbians\AeroCMS\Aero\src\Aero.Caching\Aero.Caching.csproj]
C:\Users\bbqch\proj\microbians\AeroCMS\Aero\src\Aero.Caching\Decorators\CachingRepository.cs(289,30): warning CS8604: Possible null reference argument for parameter 'key' in 'Task ICacheService.SetAsync<T>(string key, T value, TimeSpan? absoluteExpiration = null)'. [C:\Users\bbqch\proj\microbians\AeroCMS\Aero\src\Aero.Caching\Aero.Caching.csproj]
C:\Users\bbqch\proj\microbians\AeroCMS\Aero\src\Aero.Caching\Decorators\CachingRepository.cs(301,30): warning CS8604: Possible null reference argument for parameter 'key' in 'Task ICacheService.SetAsync<T>(string key, T value, TimeSpan? absoluteExpiration = null)'. [C:\Users\bbqch\proj\microbians\AeroCMS\Aero\src\Aero.Caching\Aero.Caching.csproj]
C:\Users\bbqch\proj\microbians\AeroCMS\Aero\src\Aero.Caching\Decorators\CachingRepository.cs(316,30): warning CS8604: Possible null reference argument for parameter 'key' in 'Task ICacheService.SetAsync<T>(string key, T value, TimeSpan? absoluteExpiration = null)'. [C:\Users\bbqch\proj\microbians\AeroCMS\Aero\src\Aero.Caching\Aero.Caching.csproj]
C:\Users\bbqch\proj\microbians\AeroCMS\Aero\src\Aero.Caching\Decorators\CachingRepository.cs(335,33): warning CS8604: Possible null reference argument for parameter 'key' in 'Task ICacheService.DeleteAsync(string key)'. [C:\Users\bbqch\proj\microbians\AeroCMS\Aero\src\Aero.Caching\Aero.Caching.csproj]
C:\Users\bbqch\proj\microbians\AeroCMS\Aero\src\Aero.Caching\Decorators\CachingRepository.cs(392,16): warning CS8603: Possible null reference return. [C:\Users\bbqch\proj\microbians\AeroCMS\Aero\src\Aero.Caching\Aero.Caching.csproj]
C:\Users\bbqch\proj\microbians\AeroCMS\Aero\src\Aero.Caching\Decorators\CachingRepository.cs(407,16): warning CS8603: Possible null reference return. [C:\Users\bbqch\proj\microbians\AeroCMS\Aero\src\Aero.Caching\Aero.Caching.csproj]
C:\Users\bbqch\proj\microbians\AeroCMS\Aero\src\Aero.Caching\Decorators\CachingRepository.cs(422,16): warning CS8603: Possible null reference return. [C:\Users\bbqch\proj\microbians\AeroCMS\Aero\src\Aero.Caching\Aero.Caching.csproj]
C:\Users\bbqch\proj\microbians\AeroCMS\Aero\src\Aero.Caching\Decorators\CachingRepository.cs(429,58): warning CS8601: Possible null reference assignment. [C:\Users\bbqch\proj\microbians\AeroCMS\Aero\src\Aero.Caching\Aero.Caching.csproj]
C:\Users\bbqch\proj\microbians\AeroCMS\Aero\src\Aero.Caching\Decorators\CachingRepository.cs(435,58): warning CS8601: Possible null reference assignment. [C:\Users\bbqch\proj\microbians\AeroCMS\Aero\src\Aero.Caching\Aero.Caching.csproj]
C:\Users\bbqch\proj\microbians\AeroCMS\Aero\src\Aero.Caching\Decorators\CachingRepository.cs(442,58): warning CS8601: Possible null reference assignment. [C:\Users\bbqch\proj\microbians\AeroCMS\Aero\src\Aero.Caching\Aero.Caching.csproj]
C:\Users\bbqch\proj\microbians\AeroCMS\Aero\src\Aero.Caching\CacheOptions.cs(23,5): warning CS1591: Missing XML comment for publicly visible type or member 'ExpirationType.Sliding' [C:\Users\bbqch\proj\microbians\AeroCMS\Aero\src\Aero.Caching\Aero.Caching.csproj]
C:\Users\bbqch\proj\microbians\AeroCMS\Aero\src\Aero.Caching\CacheOptions.cs(24,5): warning CS1591: Missing XML comment for publicly visible type or member 'ExpirationType.Absolute' [C:\Users\bbqch\proj\microbians\AeroCMS\Aero\src\Aero.Caching\Aero.Caching.csproj]
C:\Users\bbqch\proj\microbians\AeroCMS\Aero\src\Aero.Auth\Jwt\IJwtFactory.cs(11,15): warning CS8618: Non-nullable property 'AccessToken' must contain a non-null value when exiting constructor. Consider adding the 'required' modifier or declaring the property as nullable. [C:\Users\bbqch\proj\microbians\AeroCMS\Aero\src\Aero.Auth\Aero.Auth.csproj]
C:\Users\bbqch\proj\microbians\AeroCMS\Aero\src\Aero.Auth\Jwt\IJwtFactory.cs(15,15): warning CS8618: Non-nullable property 'RefreshToken' must contain a non-null value when exiting constructor. Consider adding the 'required' modifier or declaring the property as nullable. [C:\Users\bbqch\proj\microbians\AeroCMS\Aero\src\Aero.Auth\Aero.Auth.csproj]
C:\Users\bbqch\proj\microbians\AeroCMS\Aero\src\Aero.Auth\Jwt\JwtEncryptedFactory.cs(22,30): warning CS8604: Possible null reference argument for parameter 'str' in 'byte[] StringExtensions.FromBase64ToBytes(string str)'. [C:\Users\bbqch\proj\microbians\AeroCMS\Aero\src\Aero.Auth\Aero.Auth.csproj]
C:\Users\bbqch\proj\microbians\AeroCMS\Aero\src\Aero.Auth\Jwt\JwtFactory.cs(19,9): warning CS9179: Primary constructor parameter 'ILogger<JwtFactory> log' is shadowed by a member from base. [C:\Users\bbqch\proj\microbians\AeroCMS\Aero\src\Aero.Auth\Aero.Auth.csproj]
C:\Users\bbqch\proj\microbians\AeroCMS\Aero\src\Aero.Auth\Jwt\JwtFactory.cs(20,9): warning CS9179: Primary constructor parameter 'ILogger<JwtFactory> log' is shadowed by a member from base. [C:\Users\bbqch\proj\microbians\AeroCMS\Aero\src\Aero.Auth\Aero.Auth.csproj]
C:\Users\bbqch\proj\microbians\AeroCMS\Aero\src\Aero.Auth\Jwt\JwtFactory.cs(42,9): warning CS9179: Primary constructor parameter 'ILogger<JwtFactory> log' is shadowed by a member from base. [C:\Users\bbqch\proj\microbians\AeroCMS\Aero\src\Aero.Auth\Aero.Auth.csproj]
C:\Users\bbqch\proj\microbians\AeroCMS\Aero\src\Aero.Auth\Jwt\JwtFactory.cs(24,42): warning CS8604: Possible null reference argument for parameter 's' in 'byte[] Encoding.GetBytes(string s)'. [C:\Users\bbqch\proj\microbians\AeroCMS\Aero\src\Aero.Auth\Aero.Auth.csproj]
C:\Users\bbqch\proj\microbians\AeroCMS\Aero\src\Aero.Auth\Jwt\JwtEncryptedFactory.cs(34,70): warning CS8604: Possible null reference argument for parameter 's' in 'byte[] Encoding.GetBytes(string s)'. [C:\Users\bbqch\proj\microbians\AeroCMS\Aero\src\Aero.Auth\Aero.Auth.csproj]
C:\Users\bbqch\proj\microbians\AeroCMS\Aero\src\Aero.Auth\Jwt\JwtEncryptedFactory.cs(77,70): warning CS8604: Possible null reference argument for parameter 's' in 'byte[] Encoding.GetBytes(string s)'. [C:\Users\bbqch\proj\microbians\AeroCMS\Aero\src\Aero.Auth\Aero.Auth.csproj]
C:\Users\bbqch\proj\microbians\AeroCMS\Aero\src\Aero.Auth\Jwt\JwtEncryptedFactory.cs(78,47): warning CS8604: Possible null reference argument for parameter 'str' in 'byte[] StringExtensions.FromBase64ToBytes(string str)'. [C:\Users\bbqch\proj\microbians\AeroCMS\Aero\src\Aero.Auth\Aero.Auth.csproj]
C:\Users\bbqch\proj\microbians\AeroCMS\Aero\src\Aero.Auth\Jwt\JwtFactory.cs(58,77): warning CS8604: Possible null reference argument for parameter 's' in 'byte[] Encoding.GetBytes(string s)'. [C:\Users\bbqch\proj\microbians\AeroCMS\Aero\src\Aero.Auth\Aero.Auth.csproj]
C:\Users\bbqch\proj\microbians\AeroCMS\Aero\src\Aero.Auth\Jwt\JwtEncryptedFactory.cs(111,70): warning CS8604: Possible null reference argument for parameter 's' in 'byte[] Encoding.GetBytes(string s)'. [C:\Users\bbqch\proj\microbians\AeroCMS\Aero\src\Aero.Auth\Aero.Auth.csproj]
C:\Users\bbqch\proj\microbians\AeroCMS\Aero\src\Aero.Auth\Jwt\JwtEncryptedFactory.cs(112,47): warning CS8604: Possible null reference argument for parameter 'str' in 'byte[] StringExtensions.FromBase64ToBytes(string str)'. [C:\Users\bbqch\proj\microbians\AeroCMS\Aero\src\Aero.Auth\Aero.Auth.csproj]
C:\Users\bbqch\proj\microbians\AeroCMS\Aero\src\Aero.Auth\Jwt\JwtFactory.cs(90,80): warning CS8604: Possible null reference argument for parameter 's' in 'byte[] Encoding.GetBytes(string s)'. [C:\Users\bbqch\proj\microbians\AeroCMS\Aero\src\Aero.Auth\Aero.Auth.csproj]
C:\Users\bbqch\proj\microbians\AeroCMS\Aero\src\Aero.Auth\Services\RefreshTokenService.cs(120,26): warning CS8629: Nullable value type may be null. [C:\Users\bbqch\proj\microbians\AeroCMS\Aero\src\Aero.Auth\Aero.Auth.csproj]
C:\Users\bbqch\proj\microbians\AeroCMS\Aero\src\Aero.Auth\Services\DefaultApiKeyGenerator.cs(19,21): warning CS1574: XML comment has cref attribute 'ApiKeyGenerationOptions' that could not be resolved [C:\Users\bbqch\proj\microbians\AeroCMS\Aero\src\Aero.Auth\Aero.Auth.csproj]
C:\Users\bbqch\proj\microbians\AeroCMS\Aero\src\Aero.Auth\Services\IApiKeyGenerator.cs(10,5): warning CS1591: Missing XML comment for publicly visible type or member 'ApiKeyEnvironment.Test' [C:\Users\bbqch\proj\microbians\AeroCMS\Aero\src\Aero.Auth\Aero.Auth.csproj]
C:\Users\bbqch\proj\microbians\AeroCMS\Aero\src\Aero.Auth\Services\IApiKeyGenerator.cs(11,5): warning CS1591: Missing XML comment for publicly visible type or member 'ApiKeyEnvironment.Live' [C:\Users\bbqch\proj\microbians\AeroCMS\Aero\src\Aero.Auth\Aero.Auth.csproj]
C:\Users\bbqch\proj\microbians\AeroCMS\Aero\src\Aero.Auth\Services\IJwtTokenService.cs(26,30): warning CS1573: Parameter 'roles' has no matching param tag in the XML comment for 'IJwtTokenService.GenerateAccessTokenAsync(long, string, IEnumerable<string>?, IEnumerable<Claim>?, CancellationToken)' (but other parameters do) [C:\Users\bbqch\proj\microbians\AeroCMS\Aero\src\Aero.Auth\Aero.Auth.csproj]
C:\Users\bbqch\proj\microbians\AeroCMS\Aero\src\Aero.Auth\Services\IJwtTokenService.cs(27,29): warning CS1573: Parameter 'extraClaims' has no matching param tag in the XML comment for 'IJwtTokenService.GenerateAccessTokenAsync(long, string, IEnumerable<string>?, IEnumerable<Claim>?, CancellationToken)' (but other parameters do) [C:\Users\bbqch\proj\microbians\AeroCMS\Aero\src\Aero.Auth\Aero.Auth.csproj]
C:\Users\bbqch\proj\microbians\AeroCMS\Aero\src\Aero.Auth\Services\JwtTokenService.cs(48,30): warning CS1573: Parameter 'roles' has no matching param tag in the XML comment for 'JwtTokenService.GenerateAccessTokenAsync(long, string, IEnumerable<string>?, IEnumerable<Claim>?, CancellationToken)' (but other parameters do) [C:\Users\bbqch\proj\microbians\AeroCMS\Aero\src\Aero.Auth\Aero.Auth.csproj]
C:\Users\bbqch\proj\microbians\AeroCMS\Aero\src\Aero.Auth\Services\JwtTokenService.cs(49,29): warning CS1573: Parameter 'extraClaims' has no matching param tag in the XML comment for 'JwtTokenService.GenerateAccessTokenAsync(long, string, IEnumerable<string>?, IEnumerable<Claim>?, CancellationToken)' (but other parameters do) [C:\Users\bbqch\proj\microbians\AeroCMS\Aero\src\Aero.Auth\Aero.Auth.csproj]
C:\Users\bbqch\proj\microbians\AeroCMS\AeroDB\src\AeroDB.AspNetIdentity\Extensions.cs(3,7): warning CS0105: The using directive for 'AeroDB.AspNetIdentity' appeared previously in this namespace [C:\Users\bbqch\proj\microbians\AeroCMS\AeroDB\src\AeroDB.AspNetIdentity\AeroDB.AspNetIdentity.csproj]
C:\Users\bbqch\proj\microbians\AeroCMS\AeroDB\src\AeroDB.AspNetIdentity\AeroDBRoleStore.cs(37,54): warning CS1574: XML comment has cref attribute 'AeroDBRoleStore' that could not be resolved [C:\Users\bbqch\proj\microbians\AeroCMS\AeroDB\src\AeroDB.AspNetIdentity\AeroDB.AspNetIdentity.csproj]
C:\Users\bbqch\proj\microbians\AeroCMS\AeroDB\src\AeroDB.AspNetIdentity\AeroDBRoleStore.cs(242,54): warning CS1574: XML comment has cref attribute 'AeroDBRoleStore' that could not be resolved [C:\Users\bbqch\proj\microbians\AeroCMS\AeroDB\src\AeroDB.AspNetIdentity\AeroDB.AspNetIdentity.csproj]
C:\Users\bbqch\proj\microbians\AeroCMS\AeroDB\src\AeroDB.AspNetIdentity\AeroDBUserStore.cs(213,54): warning CS1574: XML comment has cref attribute 'AeroDBUserStore' that could not be resolved [C:\Users\bbqch\proj\microbians\AeroCMS\AeroDB\src\AeroDB.AspNetIdentity\AeroDB.AspNetIdentity.csproj]
C:\Users\bbqch\proj\microbians\AeroCMS\AeroDB\src\AeroDB.AspNetIdentity\AeroDBUserStore.cs(1421,54): warning CS1574: XML comment has cref attribute 'AeroDBUserStore' that could not be resolved [C:\Users\bbqch\proj\microbians\AeroCMS\AeroDB\src\AeroDB.AspNetIdentity\AeroDB.AspNetIdentity.csproj]
C:\Users\bbqch\proj\microbians\AeroCMS\AeroDB\src\AeroDB.WolverineFx\AeroDBIntegration.cs(3,7): warning CS0105: The using directive for 'AeroDB.WolverineFx.Codegen' appeared previously in this namespace [C:\Users\bbqch\proj\microbians\AeroCMS\AeroDB\src\AeroDB.WolverineFx\AeroDB.WolverineFx.csproj]
C:\Users\bbqch\proj\microbians\AeroCMS\AeroDB\src\AeroDB.WolverineFx\AeroDBPersistenceFrameProvider.cs(3,7): warning CS0105: The using directive for 'AeroDB.WolverineFx.Codegen' appeared previously in this namespace [C:\Users\bbqch\proj\microbians\AeroCMS\AeroDB\src\AeroDB.WolverineFx\AeroDB.WolverineFx.csproj]
C:\Users\bbqch\proj\microbians\AeroCMS\AeroDB\src\AeroDB.WolverineFx\AeroDBSagaStorage.cs(16,54): warning CS1574: XML comment has cref attribute 'AeroDBSagaStorage' that could not be resolved [C:\Users\bbqch\proj\microbians\AeroCMS\AeroDB\src\AeroDB.WolverineFx\AeroDB.WolverineFx.csproj]
C:\Users\bbqch\proj\microbians\AeroCMS\AeroDB\src\AeroDB.WolverineFx\IAeroDBOp.cs(49,54): warning CS1574: XML comment has cref attribute 'StoreOp' that could not be resolved [C:\Users\bbqch\proj\microbians\AeroCMS\AeroDB\src\AeroDB.WolverineFx\AeroDB.WolverineFx.csproj]
C:\Users\bbqch\proj\microbians\AeroCMS\AeroDB\src\AeroDB.WolverineFx\IAeroDBOp.cs(66,54): warning CS1574: XML comment has cref attribute 'DeleteOp' that could not be resolved [C:\Users\bbqch\proj\microbians\AeroCMS\AeroDB\src\AeroDB.WolverineFx\AeroDB.WolverineFx.csproj]
C:\Users\bbqch\proj\microbians\AeroCMS\AeroDB\src\AeroDB.WolverineFx\IAeroDBOp.cs(83,54): warning CS1574: XML comment has cref attribute 'InsertOp' that could not be resolved [C:\Users\bbqch\proj\microbians\AeroCMS\AeroDB\src\AeroDB.WolverineFx\AeroDB.WolverineFx.csproj]
C:\Users\bbqch\proj\microbians\AeroCMS\Aero\src\Aero.Marten\MartenOptionalRepository.cs(64,48): warning CS1570: XML comment has badly formed XML -- 'Whitespace is not allowed at this location.' [C:\Users\bbqch\proj\microbians\AeroCMS\Aero\src\Aero.Marten\Aero.Marten.csproj]
C:\Users\bbqch\proj\microbians\AeroCMS\Aero\src\Aero.Marten\MartenOptionalRepository.cs(226,79): warning CS9113: Parameter 'session' is unread. [C:\Users\bbqch\proj\microbians\AeroCMS\Aero\src\Aero.Marten\Aero.Marten.csproj]
C:\Users\bbqch\proj\microbians\AeroCMS\Aero\src\Aero.Marten\MartenOptionalRepository.cs(75,46): warning CS9107: Parameter 'IDocumentSession session' is captured into the state of the enclosing type and its value is also passed to the base constructor. The value might be captured by the base class as well. [C:\Users\bbqch\proj\microbians\AeroCMS\Aero\src\Aero.Marten\Aero.Marten.csproj]
C:\Users\bbqch\proj\microbians\AeroCMS\Aero\src\Aero.Marten\Conventions.cs(90,40): warning CS8604: Possible null reference argument for parameter 'suffix' in 'string Conventions.UserIdWithSuffix<TUser>(string suffix, IDocumentStore db)'. [C:\Users\bbqch\proj\microbians\AeroCMS\Aero\src\Aero.Marten\Aero.Marten.csproj]
C:\Users\bbqch\proj\microbians\AeroCMS\Aero\src\Aero.Marten\AuthInitializationExtensions.cs(50,29): warning SYSLIB0023: 'RNGCryptoServiceProvider' is obsolete: 'RNGCryptoServiceProvider is obsolete. To generate a random number, use one of the RandomNumberGenerator static methods instead.' (https://aka.ms/dotnet-warnings/SYSLIB0023) [C:\Users\bbqch\proj\microbians\AeroCMS\Aero\src\Aero.Marten\Aero.Marten.csproj]
C:\Users\bbqch\proj\microbians\AeroCMS\Aero\src\Aero.Marten\GenericMartenRepository.cs(102,9): warning CS9179: Primary constructor parameter 'ILogger<GenericMartenRepository<T, TKey>> log' is shadowed by a member from base. [C:\Users\bbqch\proj\microbians\AeroCMS\Aero\src\Aero.Marten\Aero.Marten.csproj]
C:\Users\bbqch\proj\microbians\AeroCMS\Aero\src\Aero.Marten\DynamicMartinRepository.cs(64,16): warning CS8603: Possible null reference return. [C:\Users\bbqch\proj\microbians\AeroCMS\Aero\src\Aero.Marten\Aero.Marten.csproj]
C:\Users\bbqch\proj\microbians\AeroCMS\Aero\src\Aero.Marten\Identity\RoleStore.cs(109,59): warning CS8604: Possible null reference argument for parameter 'type' in 'Claim.Claim(string type, string value)'. [C:\Users\bbqch\proj\microbians\AeroCMS\Aero\src\Aero.Marten\Aero.Marten.csproj]
C:\Users\bbqch\proj\microbians\AeroCMS\Aero\src\Aero.Marten\Identity\RoleStore.cs(109,72): warning CS8604: Possible null reference argument for parameter 'value' in 'Claim.Claim(string type, string value)'. [C:\Users\bbqch\proj\microbians\AeroCMS\Aero\src\Aero.Marten\Aero.Marten.csproj]
C:\Users\bbqch\proj\microbians\AeroCMS\Aero\src\Aero.Marten\GenericMartenRepository.cs(113,9): warning CS9179: Primary constructor parameter 'ILogger<GenericMartenRepository<T, TKey>> log' is shadowed by a member from base. [C:\Users\bbqch\proj\microbians\AeroCMS\Aero\src\Aero.Marten\Aero.Marten.csproj]
C:\Users\bbqch\proj\microbians\AeroCMS\Aero\src\Aero.Marten\GenericMartenRepository.cs(125,9): warning CS9179: Primary constructor parameter 'ILogger<GenericMartenRepository<T, TKey>> log' is shadowed by a member from base. [C:\Users\bbqch\proj\microbians\AeroCMS\Aero\src\Aero.Marten\Aero.Marten.csproj]
C:\Users\bbqch\proj\microbians\AeroCMS\Aero\src\Aero.Marten\GenericMartenRepository.cs(135,9): warning CS9179: Primary constructor parameter 'ILogger<GenericMartenRepository<T, TKey>> log' is shadowed by a member from base. [C:\Users\bbqch\proj\microbians\AeroCMS\Aero\src\Aero.Marten\Aero.Marten.csproj]
C:\Users\bbqch\proj\microbians\AeroCMS\Aero\src\Aero.Marten\GenericMartenRepository.cs(146,9): warning CS9179: Primary constructor parameter 'ILogger<GenericMartenRepository<T, TKey>> log' is shadowed by a member from base. [C:\Users\bbqch\proj\microbians\AeroCMS\Aero\src\Aero.Marten\Aero.Marten.csproj]
C:\Users\bbqch\proj\microbians\AeroCMS\Aero\src\Aero.Marten\Identity\UserStore.cs(140,227): warning CS8601: Possible null reference assignment. [C:\Users\bbqch\proj\microbians\AeroCMS\Aero\src\Aero.Marten\Aero.Marten.csproj]
C:\Users\bbqch\proj\microbians\AeroCMS\Aero\src\Aero.Marten\GenericMartenRepository.cs(157,9): warning CS9179: Primary constructor parameter 'ILogger<GenericMartenRepository<T, TKey>> log' is shadowed by a member from base. [C:\Users\bbqch\proj\microbians\AeroCMS\Aero\src\Aero.Marten\Aero.Marten.csproj]
C:\Users\bbqch\proj\microbians\AeroCMS\Aero\src\Aero.Marten\Identity\UserStore.cs(158,158): warning CS8604: Possible null reference argument for parameter 'type' in 'Claim.Claim(string type, string value)'. [C:\Users\bbqch\proj\microbians\AeroCMS\Aero\src\Aero.Marten\Aero.Marten.csproj]
C:\Users\bbqch\proj\microbians\AeroCMS\Aero\src\Aero.Marten\Identity\UserStore.cs(158,171): warning CS8604: Possible null reference argument for parameter 'value' in 'Claim.Claim(string type, string value)'. [C:\Users\bbqch\proj\microbians\AeroCMS\Aero\src\Aero.Marten\Aero.Marten.csproj]
C:\Users\bbqch\proj\microbians\AeroCMS\Aero\src\Aero.Marten\Identity\UserStore.cs(188,125): warning CS8620: Argument of type 'List<string?>' cannot be used for parameter 'result' of type 'IList<string>' in 'Task<IList<string>> Task.FromResult<IList<string>>(IList<string> result)' due to differences in the nullability of reference types. [C:\Users\bbqch\proj\microbians\AeroCMS\Aero\src\Aero.Marten\Aero.Marten.csproj]
C:\Users\bbqch\proj\microbians\AeroCMS\Aero\src\Aero.Marten\Identity\UserStore.cs(280,258): warning CS8601: Possible null reference assignment. [C:\Users\bbqch\proj\microbians\AeroCMS\Aero\src\Aero.Marten\Aero.Marten.csproj]
C:\Users\bbqch\proj\microbians\AeroCMS\Aero\src\Aero.Marten\Identity\UserStore.cs(280,358): warning CS8601: Possible null reference assignment. [C:\Users\bbqch\proj\microbians\AeroCMS\Aero\src\Aero.Marten\Aero.Marten.csproj]
C:\Users\bbqch\proj\microbians\AeroCMS\Aero\src\Aero.Core.Ai\TornadoAiChatClientFactory.cs(82,71): warning CS8604: Possible null reference argument for parameter 'apiKey' in 'TornadoApi.TornadoApi(Uri serverUri, string apiKey, LLmProviders provider = LLmProviders.Custom)'. [C:\Users\bbqch\proj\microbians\AeroCMS\Aero\src\Aero.Core.Ai\Aero.Core.Ai.csproj]
C:\Users\bbqch\proj\microbians\AeroCMS\Aero\src\Aero.Core.Ai\AiProvider.cs(8,5): warning CS1591: Missing XML comment for publicly visible type or member 'AiProvider.Anthropic' [C:\Users\bbqch\proj\microbians\AeroCMS\Aero\src\Aero.Core.Ai\Aero.Core.Ai.csproj]
C:\Users\bbqch\proj\microbians\AeroCMS\Aero\src\Aero.Core.Ai\AiProvider.cs(9,5): warning CS1591: Missing XML comment for publicly visible type or member 'AiProvider.DeepSeek' [C:\Users\bbqch\proj\microbians\AeroCMS\Aero\src\Aero.Core.Ai\Aero.Core.Ai.csproj]
C:\Users\bbqch\proj\microbians\AeroCMS\Aero\src\Aero.Core.Ai\AiProvider.cs(10,5): warning CS1591: Missing XML comment for publicly visible type or member 'AiProvider.Fireworks' [C:\Users\bbqch\proj\microbians\AeroCMS\Aero\src\Aero.Core.Ai\Aero.Core.Ai.csproj]
C:\Users\bbqch\proj\microbians\AeroCMS\Aero\src\Aero.Core.Ai\AiProvider.cs(11,5): warning CS1591: Missing XML comment for publicly visible type or member 'AiProvider.Gemini' [C:\Users\bbqch\proj\microbians\AeroCMS\Aero\src\Aero.Core.Ai\Aero.Core.Ai.csproj]
C:\Users\bbqch\proj\microbians\AeroCMS\Aero\src\Aero.Core.Ai\AiProvider.cs(12,5): warning CS1591: Missing XML comment for publicly visible type or member 'AiProvider.Groq' [C:\Users\bbqch\proj\microbians\AeroCMS\Aero\src\Aero.Core.Ai\Aero.Core.Ai.csproj]
C:\Users\bbqch\proj\microbians\AeroCMS\Aero\src\Aero.Core.Ai\AiProvider.cs(13,5): warning CS1591: Missing XML comment for publicly visible type or member 'AiProvider.OpenAI' [C:\Users\bbqch\proj\microbians\AeroCMS\Aero\src\Aero.Core.Ai\Aero.Core.Ai.csproj]
C:\Users\bbqch\proj\microbians\AeroCMS\Aero\src\Aero.Core.Ai\AiProvider.cs(14,5): warning CS1591: Missing XML comment for publicly visible type or member 'AiProvider.OpenCode' [C:\Users\bbqch\proj\microbians\AeroCMS\Aero\src\Aero.Core.Ai\Aero.Core.Ai.csproj]
C:\Users\bbqch\proj\microbians\AeroCMS\Aero\src\Aero.Core.Ai\AiProvider.cs(15,5): warning CS1591: Missing XML comment for publicly visible type or member 'AiProvider.OpenRouter' [C:\Users\bbqch\proj\microbians\AeroCMS\Aero\src\Aero.Core.Ai\Aero.Core.Ai.csproj]
C:\Users\bbqch\proj\microbians\AeroCMS\Aero\src\Aero.Core.Ai\AiProvider.cs(16,5): warning CS1591: Missing XML comment for publicly visible type or member 'AiProvider.Local' [C:\Users\bbqch\proj\microbians\AeroCMS\Aero\src\Aero.Core.Ai\Aero.Core.Ai.csproj]
C:\Users\bbqch\proj\microbians\AeroCMS\Aero\src\Aero.Core.Ai\AiProviderKind.cs(8,5): warning CS1591: Missing XML comment for publicly visible type or member 'AiProviderKind.OpenAi' [C:\Users\bbqch\proj\microbians\AeroCMS\Aero\src\Aero.Core.Ai\Aero.Core.Ai.csproj]
C:\Users\bbqch\proj\microbians\AeroCMS\Aero\src\Aero.Core.Ai\AiProviderKind.cs(9,5): warning CS1591: Missing XML comment for publicly visible type or member 'AiProviderKind.Anthropic' [C:\Users\bbqch\proj\microbians\AeroCMS\Aero\src\Aero.Core.Ai\Aero.Core.Ai.csproj]
C:\Users\bbqch\proj\microbians\AeroCMS\Aero\src\Aero.Core.Ai\AiProviderKind.cs(10,5): warning CS1591: Missing XML comment for publicly visible type or member 'AiProviderKind.Google' [C:\Users\bbqch\proj\microbians\AeroCMS\Aero\src\Aero.Core.Ai\Aero.Core.Ai.csproj]
C:\Users\bbqch\proj\microbians\AeroCMS\Aero\src\Aero.Core.Ai\AiProviderKind.cs(11,5): warning CS1591: Missing XML comment for publicly visible type or member 'AiProviderKind.Groq' [C:\Users\bbqch\proj\microbians\AeroCMS\Aero\src\Aero.Core.Ai\Aero.Core.Ai.csproj]
C:\Users\bbqch\proj\microbians\AeroCMS\Aero\src\Aero.Core.Ai\AiProviderKind.cs(12,5): warning CS1591: Missing XML comment for publicly visible type or member 'AiProviderKind.DeepSeek' [C:\Users\bbqch\proj\microbians\AeroCMS\Aero\src\Aero.Core.Ai\Aero.Core.Ai.csproj]
C:\Users\bbqch\proj\microbians\AeroCMS\Aero\src\Aero.Core.Ai\AiProviderKind.cs(13,5): warning CS1591: Missing XML comment for publicly visible type or member 'AiProviderKind.MiniMax' [C:\Users\bbqch\proj\microbians\AeroCMS\Aero\src\Aero.Core.Ai\Aero.Core.Ai.csproj]
C:\Users\bbqch\proj\microbians\AeroCMS\Aero\src\Aero.Core.Ai\AiProviderKind.cs(14,5): warning CS1591: Missing XML comment for publicly visible type or member 'AiProviderKind.Mistral' [C:\Users\bbqch\proj\microbians\AeroCMS\Aero\src\Aero.Core.Ai\Aero.Core.Ai.csproj]
C:\Users\bbqch\proj\microbians\AeroCMS\Aero\src\Aero.Core.Ai\AiProviderKind.cs(15,5): warning CS1591: Missing XML comment for publicly visible type or member 'AiProviderKind.XAi' [C:\Users\bbqch\proj\microbians\AeroCMS\Aero\src\Aero.Core.Ai\Aero.Core.Ai.csproj]
C:\Users\bbqch\proj\microbians\AeroCMS\Aero\src\Aero.Core.Ai\AiProviderKind.cs(16,5): warning CS1591: Missing XML comment for publicly visible type or member 'AiProviderKind.Zai' [C:\Users\bbqch\proj\microbians\AeroCMS\Aero\src\Aero.Core.Ai\Aero.Core.Ai.csproj]
C:\Users\bbqch\proj\microbians\AeroCMS\Aero\src\Aero.Core.Ai\AiProviderKind.cs(17,5): warning CS1591: Missing XML comment for publicly visible type or member 'AiProviderKind.Perplexity' [C:\Users\bbqch\proj\microbians\AeroCMS\Aero\src\Aero.Core.Ai\Aero.Core.Ai.csproj]
C:\Users\bbqch\proj\microbians\AeroCMS\Aero\src\Aero.Core.Ai\AiProviderKind.cs(18,5): warning CS1591: Missing XML comment for publicly visible type or member 'AiProviderKind.Alibaba' [C:\Users\bbqch\proj\microbians\AeroCMS\Aero\src\Aero.Core.Ai\Aero.Core.Ai.csproj]
C:\Users\bbqch\proj\microbians\AeroCMS\Aero\src\Aero.Core.Ai\AiProviderKind.cs(19,5): warning CS1591: Missing XML comment for publicly visible type or member 'AiProviderKind.OpenRouter' [C:\Users\bbqch\proj\microbians\AeroCMS\Aero\src\Aero.Core.Ai\Aero.Core.Ai.csproj]
C:\Users\bbqch\proj\microbians\AeroCMS\Aero\src\Aero.Core.Ai\AiProviderKind.cs(20,5): warning CS1591: Missing XML comment for publicly visible type or member 'AiProviderKind.LmStudio' [C:\Users\bbqch\proj\microbians\AeroCMS\Aero\src\Aero.Core.Ai\Aero.Core.Ai.csproj]
C:\Users\bbqch\proj\microbians\AeroCMS\Aero\src\Aero.Core.Ai\AiProviderKind.cs(21,5): warning CS1591: Missing XML comment for publicly visible type or member 'AiProviderKind.OpenCode' [C:\Users\bbqch\proj\microbians\AeroCMS\Aero\src\Aero.Core.Ai\Aero.Core.Ai.csproj]
C:\Users\bbqch\proj\microbians\AeroCMS\Aero\src\Aero.Core.Ai\AiProviderKind.cs(22,5): warning CS1591: Missing XML comment for publicly visible type or member 'AiProviderKind.Future' [C:\Users\bbqch\proj\microbians\AeroCMS\Aero\src\Aero.Core.Ai\Aero.Core.Ai.csproj]
C:\Users\bbqch\proj\microbians\AeroCMS\Aero\src\Aero.EfCore\GenericEntityFrameworkRepository.cs(241,9): warning CS9179: Primary constructor parameter 'ILogger<GenericEntityFrameworkRepository<T, TKey, TContext>> log' is shadowed by a member from base. [C:\Users\bbqch\proj\microbians\AeroCMS\Aero\src\Aero.EfCore\Aero.EfCore.csproj]
C:\Users\bbqch\proj\microbians\AeroCMS\Aero\src\Aero.EfCore\GenericEntityFrameworkRepository.cs(243,9): warning CS9179: Primary constructor parameter 'ILogger<GenericEntityFrameworkRepository<T, TKey, TContext>> log' is shadowed by a member from base. [C:\Users\bbqch\proj\microbians\AeroCMS\Aero\src\Aero.EfCore\Aero.EfCore.csproj]
C:\Users\bbqch\proj\microbians\AeroCMS\Aero\src\Aero.EfCore\AuthInitializationExtensions.cs(49,29): warning SYSLIB0023: 'RNGCryptoServiceProvider' is obsolete: 'RNGCryptoServiceProvider is obsolete. To generate a random number, use one of the RandomNumberGenerator static methods instead.' (https://aka.ms/dotnet-warnings/SYSLIB0023) [C:\Users\bbqch\proj\microbians\AeroCMS\Aero\src\Aero.EfCore\Aero.EfCore.csproj]
C:\Users\bbqch\proj\microbians\AeroCMS\Aero\src\Aero.EfCore\GenericEntityFrameworkRepository.cs(252,9): warning CS9179: Primary constructor parameter 'ILogger<GenericEntityFrameworkRepository<T, TKey, TContext>> log' is shadowed by a member from base. [C:\Users\bbqch\proj\microbians\AeroCMS\Aero\src\Aero.EfCore\Aero.EfCore.csproj]
C:\Users\bbqch\proj\microbians\AeroCMS\Aero\src\Aero.EfCore\GenericEntityFrameworkRepository.cs(254,9): warning CS9179: Primary constructor parameter 'ILogger<GenericEntityFrameworkRepository<T, TKey, TContext>> log' is shadowed by a member from base. [C:\Users\bbqch\proj\microbians\AeroCMS\Aero\src\Aero.EfCore\Aero.EfCore.csproj]
C:\Users\bbqch\proj\microbians\AeroCMS\Aero\src\Aero.EfCore\ApiAuthRepository.cs(106,18): warning CS9179: Primary constructor parameter 'AeroDbContext context' is shadowed by a member from base. [C:\Users\bbqch\proj\microbians\AeroCMS\Aero\src\Aero.EfCore\Aero.EfCore.csproj]
C:\Users\bbqch\proj\microbians\AeroCMS\Aero\src\Aero.EfCore\GenericEntityFrameworkRepository.cs(263,9): warning CS9179: Primary constructor parameter 'ILogger<GenericEntityFrameworkRepository<T, TKey, TContext>> log' is shadowed by a member from base. [C:\Users\bbqch\proj\microbians\AeroCMS\Aero\src\Aero.EfCore\Aero.EfCore.csproj]
C:\Users\bbqch\proj\microbians\AeroCMS\Aero\src\Aero.EfCore\GenericEntityFrameworkRepository.cs(266,9): warning CS9179: Primary constructor parameter 'ILogger<GenericEntityFrameworkRepository<T, TKey, TContext>> log' is shadowed by a member from base. [C:\Users\bbqch\proj\microbians\AeroCMS\Aero\src\Aero.EfCore\Aero.EfCore.csproj]
C:\Users\bbqch\proj\microbians\AeroCMS\Aero\src\Aero.EfCore\GenericEntityFrameworkRepository.cs(287,9): warning CS9179: Primary constructor parameter 'ILogger<GenericEntityFrameworkRepository<T, TKey, TContext>> log' is shadowed by a member from base. [C:\Users\bbqch\proj\microbians\AeroCMS\Aero\src\Aero.EfCore\Aero.EfCore.csproj]
C:\Users\bbqch\proj\microbians\AeroCMS\Aero\src\Aero.EfCore\GenericEntityFrameworkRepository.cs(289,9): warning CS9179: Primary constructor parameter 'ILogger<GenericEntityFrameworkRepository<T, TKey, TContext>> log' is shadowed by a member from base. [C:\Users\bbqch\proj\microbians\AeroCMS\Aero\src\Aero.EfCore\Aero.EfCore.csproj]
C:\Users\bbqch\proj\microbians\AeroCMS\Aero\src\Aero.EfCore\GenericEntityFrameworkRepository.cs(297,9): warning CS9179: Primary constructor parameter 'ILogger<GenericEntityFrameworkRepository<T, TKey, TContext>> log' is shadowed by a member from base. [C:\Users\bbqch\proj\microbians\AeroCMS\Aero\src\Aero.EfCore\Aero.EfCore.csproj]
C:\Users\bbqch\proj\microbians\AeroCMS\Aero\src\Aero.EfCore\GenericEntityFrameworkRepository.cs(307,9): warning CS9179: Primary constructor parameter 'ILogger<GenericEntityFrameworkRepository<T, TKey, TContext>> log' is shadowed by a member from base. [C:\Users\bbqch\proj\microbians\AeroCMS\Aero\src\Aero.EfCore\Aero.EfCore.csproj]
C:\Users\bbqch\proj\microbians\AeroCMS\Aero\src\Aero.EfCore\GenericEntityFrameworkRepository.cs(50,54): warning CS1574: XML comment has cref attribute 'GenericEntityFrameworkRepository' that could not be resolved [C:\Users\bbqch\proj\microbians\AeroCMS\Aero\src\Aero.EfCore\Aero.EfCore.csproj]
C:\Users\bbqch\proj\microbians\AeroCMS\Aero\src\Aero.Services\Images\StaticPhotosClient.cs(4,1): warning CS1570: XML comment has badly formed XML -- 'Expected an end tag for element 'summary'.' [C:\Users\bbqch\proj\microbians\AeroCMS\Aero\src\Aero.Services\Aero.Services.csproj]
C:\Users\bbqch\proj\microbians\AeroCMS\Aero\src\Aero.Services\Mail\MailtrapSender.cs(30,149): warning CS8625: Cannot convert null literal to non-nullable reference type. [C:\Users\bbqch\proj\microbians\AeroCMS\Aero\src\Aero.Services\Aero.Services.csproj]
C:\Users\bbqch\proj\microbians\AeroCMS\Aero\src\Aero.Services\Features\RepositoryFeaturesStore.cs(20,29): warning CS8618: Non-nullable field 'appName' must contain a non-null value when exiting constructor. Consider adding the 'required' modifier or declaring the field as nullable. [C:\Users\bbqch\proj\microbians\AeroCMS\Aero\src\Aero.Services\Aero.Services.csproj]
C:\Users\bbqch\proj\microbians\AeroCMS\Aero\src\Aero.Services\Features\Features.cs(13,15): warning CS8618: Non-nullable property 'Application' must contain a non-null value when exiting constructor. Consider adding the 'required' modifier or declaring the property as nullable. [C:\Users\bbqch\proj\microbians\AeroCMS\Aero\src\Aero.Services\Aero.Services.csproj]
C:\Users\bbqch\proj\microbians\AeroCMS\Aero\src\Aero.Services\Features\Features.cs(17,15): warning CS8618: Non-nullable property 'Version' must contain a non-null value when exiting constructor. Consider adding the 'required' modifier or declaring the property as nullable. [C:\Users\bbqch\proj\microbians\AeroCMS\Aero\src\Aero.Services\Aero.Services.csproj]
C:\Users\bbqch\proj\microbians\AeroCMS\Aero\src\Aero.Services\Features\Features.cs(21,15): warning CS8618: Non-nullable property 'Feature' must contain a non-null value when exiting constructor. Consider adding the 'required' modifier or declaring the property as nullable. [C:\Users\bbqch\proj\microbians\AeroCMS\Aero\src\Aero.Services\Aero.Services.csproj]
C:\Users\bbqch\proj\microbians\AeroCMS\Aero\src\Aero.Services\Features\Features.cs(25,15): warning CS8618: Non-nullable property 'Description' must contain a non-null value when exiting constructor. Consider adding the 'required' modifier or declaring the property as nullable. [C:\Users\bbqch\proj\microbians\AeroCMS\Aero\src\Aero.Services\Aero.Services.csproj]
C:\Users\bbqch\proj\microbians\AeroCMS\Aero\src\Aero.Services\Features\Features.cs(33,15): warning CS8618: Non-nullable property 'Value' must contain a non-null value when exiting constructor. Consider adding the 'required' modifier or declaring the property as nullable. [C:\Users\bbqch\proj\microbians\AeroCMS\Aero\src\Aero.Services\Aero.Services.csproj]
C:\Users\bbqch\proj\microbians\AeroCMS\Aero\src\Aero.Services\Geo\ZipApiService.cs(173,43): warning CS8618: Non-nullable property 'Data' must contain a non-null value when exiting constructor. Consider adding the 'required' modifier or declaring the property as nullable. [C:\Users\bbqch\proj\microbians\AeroCMS\Aero\src\Aero.Services\Aero.Services.csproj]
C:\Users\bbqch\proj\microbians\AeroCMS\Aero\src\Aero.Services\Models\UserLoginRequest.cs(12,19): warning CS8618: Non-nullable property 'Username' must contain a non-null value when exiting constructor. Consider adding the 'required' modifier or declaring the property as nullable. [C:\Users\bbqch\proj\microbians\AeroCMS\Aero\src\Aero.Services\Aero.Services.csproj]
C:\Users\bbqch\proj\microbians\AeroCMS\Aero\src\Aero.Services\Models\UserLoginRequest.cs(17,19): warning CS8618: Non-nullable property 'Password' must contain a non-null value when exiting constructor. Consider adding the 'required' modifier or declaring the property as nullable. [C:\Users\bbqch\proj\microbians\AeroCMS\Aero\src\Aero.Services\Aero.Services.csproj]
C:\Users\bbqch\proj\microbians\AeroCMS\Aero\src\Aero.Services\Geo\ZipApiService.cs(184,42): warning CS8618: Non-nullable property 'City' must contain a non-null value when exiting constructor. Consider adding the 'required' modifier or declaring the property as nullable. [C:\Users\bbqch\proj\microbians\AeroCMS\Aero\src\Aero.Services\Aero.Services.csproj]
C:\Users\bbqch\proj\microbians\AeroCMS\Aero\src\Aero.Services\Geo\ZipApiService.cs(189,43): warning CS8618: Non-nullable property 'State' must contain a non-null value when exiting constructor. Consider adding the 'required' modifier or declaring the property as nullable. [C:\Users\bbqch\proj\microbians\AeroCMS\Aero\src\Aero.Services\Aero.Services.csproj]
C:\Users\bbqch\proj\microbians\AeroCMS\Aero\src\Aero.Services\Geo\ZipApiService.cs(194,52): warning CS8618: Non-nullable property 'StateFullName' must contain a non-null value when exiting constructor. Consider adding the 'required' modifier or declaring the property as nullable. [C:\Users\bbqch\proj\microbians\AeroCMS\Aero\src\Aero.Services\Aero.Services.csproj]
C:\Users\bbqch\proj\microbians\AeroCMS\Aero\src\Aero.Services\UserProfileService.cs(59,102): warning CS9113: Parameter 'log' is unread. [C:\Users\bbqch\proj\microbians\AeroCMS\Aero\src\Aero.Services\Aero.Services.csproj]
C:\Users\bbqch\proj\microbians\AeroCMS\Aero\src\Aero.Services\JwtTokenBuilder.cs(77,39): warning CS8625: Cannot convert null literal to non-nullable reference type. [C:\Users\bbqch\proj\microbians\AeroCMS\Aero\src\Aero.Services\Aero.Services.csproj]
C:\Users\bbqch\proj\microbians\AeroCMS\Aero\src\Aero.Services\Features\RepositoryFeaturesStore.cs(29,9): warning CS9179: Primary constructor parameter 'ILogger<RepositoryFeaturesStore> log' is shadowed by a member from base. [C:\Users\bbqch\proj\microbians\AeroCMS\Aero\src\Aero.Services\Aero.Services.csproj]
C:\Users\bbqch\proj\microbians\AeroCMS\Aero\src\Aero.Services\Models\UserViewModel.cs(23,19): warning CS8618: Non-nullable property 'FirstName' must contain a non-null value when exiting constructor. Consider adding the 'required' modifier or declaring the property as nullable. [C:\Users\bbqch\proj\microbians\AeroCMS\Aero\src\Aero.Services\Aero.Services.csproj]
C:\Users\bbqch\proj\microbians\AeroCMS\Aero\src\Aero.Services\Models\UserViewModel.cs(29,19): warning CS8618: Non-nullable property 'LastName' must contain a non-null value when exiting constructor. Consider adding the 'required' modifier or declaring the property as nullable. [C:\Users\bbqch\proj\microbians\AeroCMS\Aero\src\Aero.Services\Aero.Services.csproj]
C:\Users\bbqch\proj\microbians\AeroCMS\Aero\src\Aero.Services\Models\UserViewModel.cs(35,19): warning CS8618: Non-nullable property 'Username' must contain a non-null value when exiting constructor. Consider adding the 'required' modifier or declaring the property as nullable. [C:\Users\bbqch\proj\microbians\AeroCMS\Aero\src\Aero.Services\Aero.Services.csproj]
C:\Users\bbqch\proj\microbians\AeroCMS\Aero\src\Aero.Services\Models\UserViewModel.cs(41,19): warning CS8618: Non-nullable property 'Email' must contain a non-null value when exiting constructor. Consider adding the 'required' modifier or declaring the property as nullable. [C:\Users\bbqch\proj\microbians\AeroCMS\Aero\src\Aero.Services\Aero.Services.csproj]
C:\Users\bbqch\proj\microbians\AeroCMS\Aero\src\Aero.Services\Models\UserViewModel.cs(50,19): warning CS8618: Non-nullable property 'Token' must contain a non-null value when exiting constructor. Consider adding the 'required' modifier or declaring the property as nullable. [C:\Users\bbqch\proj\microbians\AeroCMS\Aero\src\Aero.Services\Aero.Services.csproj]
C:\Users\bbqch\proj\microbians\AeroCMS\Aero\src\Aero.Services\Models\UserViewModel.cs(56,19): warning CS8618: Non-nullable property 'RefreshToken' must contain a non-null value when exiting constructor. Consider adding the 'required' modifier or declaring the property as nullable. [C:\Users\bbqch\proj\microbians\AeroCMS\Aero\src\Aero.Services\Aero.Services.csproj]
C:\Users\bbqch\proj\microbians\AeroCMS\Aero\src\Aero.Services\Models\UserViewModel.cs(73,13): warning CS8618: Non-nullable property 'Id' must contain a non-null value when exiting constructor. Consider adding the 'required' modifier or declaring the property as nullable. [C:\Users\bbqch\proj\microbians\AeroCMS\Aero\src\Aero.Services\Aero.Services.csproj]
C:\Users\bbqch\proj\microbians\AeroCMS\Aero\src\Aero.Services\Models\UserViewModel.cs(85,15): warning CS8618: Non-nullable property 'CreatedBy' must contain a non-null value when exiting constructor. Consider adding the 'required' modifier or declaring the property as nullable. [C:\Users\bbqch\proj\microbians\AeroCMS\Aero\src\Aero.Services\Aero.Services.csproj]
C:\Users\bbqch\proj\microbians\AeroCMS\Aero\src\Aero.Services\Models\UserViewModel.cs(89,15): warning CS8618: Non-nullable property 'ModifiedBy' must contain a non-null value when exiting constructor. Consider adding the 'required' modifier or declaring the property as nullable. [C:\Users\bbqch\proj\microbians\AeroCMS\Aero\src\Aero.Services\Aero.Services.csproj]
C:\Users\bbqch\proj\microbians\AeroCMS\Aero\src\Aero.Services\AeroJwtValidationService.cs(40,34): warning CS8604: Possible null reference argument for parameter 'value' in 'Claim.Claim(string type, string value)'. [C:\Users\bbqch\proj\microbians\AeroCMS\Aero\src\Aero.Services\Aero.Services.csproj]
C:\Users\bbqch\proj\microbians\AeroCMS\Aero\src\Aero.Services\AeroJwtValidationService.cs(42,35): warning CS8604: Possible null reference argument for parameter 'value' in 'Claim.Claim(string type, string value)'. [C:\Users\bbqch\proj\microbians\AeroCMS\Aero\src\Aero.Services\Aero.Services.csproj]
C:\Users\bbqch\proj\microbians\AeroCMS\Aero\src\Aero.Services\Geo\ZipApiService.cs(83,13): warning CS8602: Dereference of a possibly null reference. [C:\Users\bbqch\proj\microbians\AeroCMS\Aero\src\Aero.Services\Aero.Services.csproj]
C:\Users\bbqch\proj\microbians\AeroCMS\Aero\src\Aero.Services\Features\RepositoryFeaturesStore.cs(63,9): warning CS9179: Primary constructor parameter 'ILogger<RepositoryFeaturesStore> log' is shadowed by a member from base. [C:\Users\bbqch\proj\microbians\AeroCMS\Aero\src\Aero.Services\Aero.Services.csproj]
C:\Users\bbqch\proj\microbians\AeroCMS\Aero\src\Aero.Services\MartenUserProfileService.cs(36,20): warning CS8603: Possible null reference return. [C:\Users\bbqch\proj\microbians\AeroCMS\Aero\src\Aero.Services\Aero.Services.csproj]
C:\Users\bbqch\proj\microbians\AeroCMS\Aero\src\Aero.Services\Features\RepositoryFeaturesStore.cs(89,9): warning CS9179: Primary constructor parameter 'ILogger<RepositoryFeaturesStore> log' is shadowed by a member from base. [C:\Users\bbqch\proj\microbians\AeroCMS\Aero\src\Aero.Services\Aero.Services.csproj]
C:\Users\bbqch\proj\microbians\AeroCMS\Aero\src\Aero.Services\AeroJwtValidationService.cs(96,27): warning CS8601: Possible null reference assignment. [C:\Users\bbqch\proj\microbians\AeroCMS\Aero\src\Aero.Services\Aero.Services.csproj]
C:\Users\bbqch\proj\microbians\AeroCMS\Aero\src\Aero.Services\Features\RepositoryFeaturesStore.cs(112,9): warning CS9179: Primary constructor parameter 'ILogger<RepositoryFeaturesStore> log' is shadowed by a member from base. [C:\Users\bbqch\proj\microbians\AeroCMS\Aero\src\Aero.Services\Aero.Services.csproj]
C:\Users\bbqch\proj\microbians\AeroCMS\Aero\src\Aero.Services\AeroJwtValidationService.cs(110,45): warning CS8604: Possible null reference argument for parameter 's' in 'byte[] Encoding.GetBytes(string s)'. [C:\Users\bbqch\proj\microbians\AeroCMS\Aero\src\Aero.Services\Aero.Services.csproj]
C:\Users\bbqch\proj\microbians\AeroCMS\Aero\src\Aero.Services\Geo\ZipApiService.cs(103,13): warning CS8602: Dereference of a possibly null reference. [C:\Users\bbqch\proj\microbians\AeroCMS\Aero\src\Aero.Services\Aero.Services.csproj]
C:\Users\bbqch\proj\microbians\AeroCMS\Aero\src\Aero.Services\Geo\ZipApiService.cs(119,13): warning CS8602: Dereference of a possibly null reference. [C:\Users\bbqch\proj\microbians\AeroCMS\Aero\src\Aero.Services\Aero.Services.csproj]
C:\Users\bbqch\proj\microbians\AeroCMS\Aero\src\Aero.Services\Geo\ZipApiService.cs(137,13): warning CS8602: Dereference of a possibly null reference. [C:\Users\bbqch\proj\microbians\AeroCMS\Aero\src\Aero.Services\Aero.Services.csproj]
C:\Users\bbqch\proj\microbians\AeroCMS\Aero\src\Aero.Services\Geo\ZipApiService.cs(153,13): warning CS8602: Dereference of a possibly null reference. [C:\Users\bbqch\proj\microbians\AeroCMS\Aero\src\Aero.Services\Aero.Services.csproj]
C:\Users\bbqch\proj\microbians\AeroCMS\Aero\src\Aero.Services\Features\RepositoryFeaturesStore.cs(20,29): warning CS0169: The field 'RepositoryFeaturesStore.appName' is never used [C:\Users\bbqch\proj\microbians\AeroCMS\Aero\src\Aero.Services\Aero.Services.csproj]
C:\Users\bbqch\proj\microbians\AeroCMS\Aero\src\Aero.EfCore\AuthInitializationExtensions.cs(49,29): warning SYSLIB0023: 'RNGCryptoServiceProvider' is obsolete: 'RNGCryptoServiceProvider is obsolete. To generate a random number, use one of the RandomNumberGenerator static methods instead.' (https://aka.ms/dotnet-warnings/SYSLIB0023) [C:\Users\bbqch\proj\microbians\AeroCMS\Aero\src\Aero.EfCore\Aero.EfCore.csproj]
C:\Users\bbqch\proj\microbians\AeroCMS\Aero\src\Aero.EfCore\GenericEntityFrameworkRepository.cs(241,9): warning CS9179: Primary constructor parameter 'ILogger<GenericEntityFrameworkRepository<T, TKey, TContext>> log' is shadowed by a member from base. [C:\Users\bbqch\proj\microbians\AeroCMS\Aero\src\Aero.EfCore\Aero.EfCore.csproj]
C:\Users\bbqch\proj\microbians\AeroCMS\Aero\src\Aero.EfCore\GenericEntityFrameworkRepository.cs(243,9): warning CS9179: Primary constructor parameter 'ILogger<GenericEntityFrameworkRepository<T, TKey, TContext>> log' is shadowed by a member from base. [C:\Users\bbqch\proj\microbians\AeroCMS\Aero\src\Aero.EfCore\Aero.EfCore.csproj]
C:\Users\bbqch\proj\microbians\AeroCMS\Aero\src\Aero.EfCore\GenericEntityFrameworkRepository.cs(252,9): warning CS9179: Primary constructor parameter 'ILogger<GenericEntityFrameworkRepository<T, TKey, TContext>> log' is shadowed by a member from base. [C:\Users\bbqch\proj\microbians\AeroCMS\Aero\src\Aero.EfCore\Aero.EfCore.csproj]
C:\Users\bbqch\proj\microbians\AeroCMS\Aero\src\Aero.EfCore\GenericEntityFrameworkRepository.cs(254,9): warning CS9179: Primary constructor parameter 'ILogger<GenericEntityFrameworkRepository<T, TKey, TContext>> log' is shadowed by a member from base. [C:\Users\bbqch\proj\microbians\AeroCMS\Aero\src\Aero.EfCore\Aero.EfCore.csproj]
C:\Users\bbqch\proj\microbians\AeroCMS\Aero\src\Aero.EfCore\GenericEntityFrameworkRepository.cs(263,9): warning CS9179: Primary constructor parameter 'ILogger<GenericEntityFrameworkRepository<T, TKey, TContext>> log' is shadowed by a member from base. [C:\Users\bbqch\proj\microbians\AeroCMS\Aero\src\Aero.EfCore\Aero.EfCore.csproj]
C:\Users\bbqch\proj\microbians\AeroCMS\Aero\src\Aero.EfCore\GenericEntityFrameworkRepository.cs(266,9): warning CS9179: Primary constructor parameter 'ILogger<GenericEntityFrameworkRepository<T, TKey, TContext>> log' is shadowed by a member from base. [C:\Users\bbqch\proj\microbians\AeroCMS\Aero\src\Aero.EfCore\Aero.EfCore.csproj]
C:\Users\bbqch\proj\microbians\AeroCMS\Aero\src\Aero.EfCore\ApiAuthRepository.cs(106,18): warning CS9179: Primary constructor parameter 'AeroDbContext context' is shadowed by a member from base. [C:\Users\bbqch\proj\microbians\AeroCMS\Aero\src\Aero.EfCore\Aero.EfCore.csproj]
C:\Users\bbqch\proj\microbians\AeroCMS\Aero\src\Aero.EfCore\GenericEntityFrameworkRepository.cs(287,9): warning CS9179: Primary constructor parameter 'ILogger<GenericEntityFrameworkRepository<T, TKey, TContext>> log' is shadowed by a member from base. [C:\Users\bbqch\proj\microbians\AeroCMS\Aero\src\Aero.EfCore\Aero.EfCore.csproj]
C:\Users\bbqch\proj\microbians\AeroCMS\Aero\src\Aero.EfCore\GenericEntityFrameworkRepository.cs(289,9): warning CS9179: Primary constructor parameter 'ILogger<GenericEntityFrameworkRepository<T, TKey, TContext>> log' is shadowed by a member from base. [C:\Users\bbqch\proj\microbians\AeroCMS\Aero\src\Aero.EfCore\Aero.EfCore.csproj]
C:\Users\bbqch\proj\microbians\AeroCMS\Aero\src\Aero.EfCore\GenericEntityFrameworkRepository.cs(297,9): warning CS9179: Primary constructor parameter 'ILogger<GenericEntityFrameworkRepository<T, TKey, TContext>> log' is shadowed by a member from base. [C:\Users\bbqch\proj\microbians\AeroCMS\Aero\src\Aero.EfCore\Aero.EfCore.csproj]
C:\Users\bbqch\proj\microbians\AeroCMS\Aero\src\Aero.EfCore\GenericEntityFrameworkRepository.cs(307,9): warning CS9179: Primary constructor parameter 'ILogger<GenericEntityFrameworkRepository<T, TKey, TContext>> log' is shadowed by a member from base. [C:\Users\bbqch\proj\microbians\AeroCMS\Aero\src\Aero.EfCore\Aero.EfCore.csproj]
C:\Users\bbqch\proj\microbians\AeroCMS\Aero\src\Aero.EfCore\GenericEntityFrameworkRepository.cs(50,54): warning CS1574: XML comment has cref attribute 'GenericEntityFrameworkRepository' that could not be resolved [C:\Users\bbqch\proj\microbians\AeroCMS\Aero\src\Aero.EfCore\Aero.EfCore.csproj]
C:\Users\bbqch\proj\microbians\AeroCMS\Aero\src\Aero.Core.Ai\TornadoAiChatClientFactory.cs(82,71): warning CS8604: Possible null reference argument for parameter 'apiKey' in 'TornadoApi.TornadoApi(Uri serverUri, string apiKey, LLmProviders provider = LLmProviders.Custom)'. [C:\Users\bbqch\proj\microbians\AeroCMS\Aero\src\Aero.Core.Ai\Aero.Core.Ai.csproj]
C:\Users\bbqch\proj\microbians\AeroCMS\Aero\src\Aero.Core.Ai\AiProvider.cs(8,5): warning CS1591: Missing XML comment for publicly visible type or member 'AiProvider.Anthropic' [C:\Users\bbqch\proj\microbians\AeroCMS\Aero\src\Aero.Core.Ai\Aero.Core.Ai.csproj]
C:\Users\bbqch\proj\microbians\AeroCMS\Aero\src\Aero.Core.Ai\AiProvider.cs(9,5): warning CS1591: Missing XML comment for publicly visible type or member 'AiProvider.DeepSeek' [C:\Users\bbqch\proj\microbians\AeroCMS\Aero\src\Aero.Core.Ai\Aero.Core.Ai.csproj]
C:\Users\bbqch\proj\microbians\AeroCMS\Aero\src\Aero.Core.Ai\AiProvider.cs(10,5): warning CS1591: Missing XML comment for publicly visible type or member 'AiProvider.Fireworks' [C:\Users\bbqch\proj\microbians\AeroCMS\Aero\src\Aero.Core.Ai\Aero.Core.Ai.csproj]
C:\Users\bbqch\proj\microbians\AeroCMS\Aero\src\Aero.Core.Ai\AiProvider.cs(11,5): warning CS1591: Missing XML comment for publicly visible type or member 'AiProvider.Gemini' [C:\Users\bbqch\proj\microbians\AeroCMS\Aero\src\Aero.Core.Ai\Aero.Core.Ai.csproj]
C:\Users\bbqch\proj\microbians\AeroCMS\Aero\src\Aero.Core.Ai\AiProvider.cs(12,5): warning CS1591: Missing XML comment for publicly visible type or member 'AiProvider.Groq' [C:\Users\bbqch\proj\microbians\AeroCMS\Aero\src\Aero.Core.Ai\Aero.Core.Ai.csproj]
C:\Users\bbqch\proj\microbians\AeroCMS\Aero\src\Aero.Core.Ai\AiProvider.cs(13,5): warning CS1591: Missing XML comment for publicly visible type or member 'AiProvider.OpenAI' [C:\Users\bbqch\proj\microbians\AeroCMS\Aero\src\Aero.Core.Ai\Aero.Core.Ai.csproj]
C:\Users\bbqch\proj\microbians\AeroCMS\Aero\src\Aero.Core.Ai\AiProvider.cs(14,5): warning CS1591: Missing XML comment for publicly visible type or member 'AiProvider.OpenCode' [C:\Users\bbqch\proj\microbians\AeroCMS\Aero\src\Aero.Core.Ai\Aero.Core.Ai.csproj]
C:\Users\bbqch\proj\microbians\AeroCMS\Aero\src\Aero.Core.Ai\AiProvider.cs(15,5): warning CS1591: Missing XML comment for publicly visible type or member 'AiProvider.OpenRouter' [C:\Users\bbqch\proj\microbians\AeroCMS\Aero\src\Aero.Core.Ai\Aero.Core.Ai.csproj]
C:\Users\bbqch\proj\microbians\AeroCMS\Aero\src\Aero.Core.Ai\AiProvider.cs(16,5): warning CS1591: Missing XML comment for publicly visible type or member 'AiProvider.Local' [C:\Users\bbqch\proj\microbians\AeroCMS\Aero\src\Aero.Core.Ai\Aero.Core.Ai.csproj]
C:\Users\bbqch\proj\microbians\AeroCMS\Aero\src\Aero.Core.Ai\AiProviderKind.cs(8,5): warning CS1591: Missing XML comment for publicly visible type or member 'AiProviderKind.OpenAi' [C:\Users\bbqch\proj\microbians\AeroCMS\Aero\src\Aero.Core.Ai\Aero.Core.Ai.csproj]
C:\Users\bbqch\proj\microbians\AeroCMS\Aero\src\Aero.Core.Ai\AiProviderKind.cs(9,5): warning CS1591: Missing XML comment for publicly visible type or member 'AiProviderKind.Anthropic' [C:\Users\bbqch\proj\microbians\AeroCMS\Aero\src\Aero.Core.Ai\Aero.Core.Ai.csproj]
C:\Users\bbqch\proj\microbians\AeroCMS\Aero\src\Aero.Core.Ai\AiProviderKind.cs(10,5): warning CS1591: Missing XML comment for publicly visible type or member 'AiProviderKind.Google' [C:\Users\bbqch\proj\microbians\AeroCMS\Aero\src\Aero.Core.Ai\Aero.Core.Ai.csproj]
C:\Users\bbqch\proj\microbians\AeroCMS\Aero\src\Aero.Core.Ai\AiProviderKind.cs(11,5): warning CS1591: Missing XML comment for publicly visible type or member 'AiProviderKind.Groq' [C:\Users\bbqch\proj\microbians\AeroCMS\Aero\src\Aero.Core.Ai\Aero.Core.Ai.csproj]
C:\Users\bbqch\proj\microbians\AeroCMS\Aero\src\Aero.Core.Ai\AiProviderKind.cs(12,5): warning CS1591: Missing XML comment for publicly visible type or member 'AiProviderKind.DeepSeek' [C:\Users\bbqch\proj\microbians\AeroCMS\Aero\src\Aero.Core.Ai\Aero.Core.Ai.csproj]
C:\Users\bbqch\proj\microbians\AeroCMS\Aero\src\Aero.Core.Ai\AiProviderKind.cs(13,5): warning CS1591: Missing XML comment for publicly visible type or member 'AiProviderKind.MiniMax' [C:\Users\bbqch\proj\microbians\AeroCMS\Aero\src\Aero.Core.Ai\Aero.Core.Ai.csproj]
C:\Users\bbqch\proj\microbians\AeroCMS\Aero\src\Aero.Core.Ai\AiProviderKind.cs(14,5): warning CS1591: Missing XML comment for publicly visible type or member 'AiProviderKind.Mistral' [C:\Users\bbqch\proj\microbians\AeroCMS\Aero\src\Aero.Core.Ai\Aero.Core.Ai.csproj]
C:\Users\bbqch\proj\microbians\AeroCMS\Aero\src\Aero.Core.Ai\AiProviderKind.cs(15,5): warning CS1591: Missing XML comment for publicly visible type or member 'AiProviderKind.XAi' [C:\Users\bbqch\proj\microbians\AeroCMS\Aero\src\Aero.Core.Ai\Aero.Core.Ai.csproj]
C:\Users\bbqch\proj\microbians\AeroCMS\Aero\src\Aero.Core.Ai\AiProviderKind.cs(16,5): warning CS1591: Missing XML comment for publicly visible type or member 'AiProviderKind.Zai' [C:\Users\bbqch\proj\microbians\AeroCMS\Aero\src\Aero.Core.Ai\Aero.Core.Ai.csproj]
C:\Users\bbqch\proj\microbians\AeroCMS\Aero\src\Aero.Core.Ai\AiProviderKind.cs(17,5): warning CS1591: Missing XML comment for publicly visible type or member 'AiProviderKind.Perplexity' [C:\Users\bbqch\proj\microbians\AeroCMS\Aero\src\Aero.Core.Ai\Aero.Core.Ai.csproj]
C:\Users\bbqch\proj\microbians\AeroCMS\Aero\src\Aero.Core.Ai\AiProviderKind.cs(18,5): warning CS1591: Missing XML comment for publicly visible type or member 'AiProviderKind.Alibaba' [C:\Users\bbqch\proj\microbians\AeroCMS\Aero\src\Aero.Core.Ai\Aero.Core.Ai.csproj]
C:\Users\bbqch\proj\microbians\AeroCMS\Aero\src\Aero.Core.Ai\AiProviderKind.cs(19,5): warning CS1591: Missing XML comment for publicly visible type or member 'AiProviderKind.OpenRouter' [C:\Users\bbqch\proj\microbians\AeroCMS\Aero\src\Aero.Core.Ai\Aero.Core.Ai.csproj]
C:\Users\bbqch\proj\microbians\AeroCMS\Aero\src\Aero.Core.Ai\AiProviderKind.cs(20,5): warning CS1591: Missing XML comment for publicly visible type or member 'AiProviderKind.LmStudio' [C:\Users\bbqch\proj\microbians\AeroCMS\Aero\src\Aero.Core.Ai\Aero.Core.Ai.csproj]
C:\Users\bbqch\proj\microbians\AeroCMS\Aero\src\Aero.Core.Ai\AiProviderKind.cs(21,5): warning CS1591: Missing XML comment for publicly visible type or member 'AiProviderKind.OpenCode' [C:\Users\bbqch\proj\microbians\AeroCMS\Aero\src\Aero.Core.Ai\Aero.Core.Ai.csproj]
C:\Users\bbqch\proj\microbians\AeroCMS\Aero\src\Aero.Core.Ai\AiProviderKind.cs(22,5): warning CS1591: Missing XML comment for publicly visible type or member 'AiProviderKind.Future' [C:\Users\bbqch\proj\microbians\AeroCMS\Aero\src\Aero.Core.Ai\Aero.Core.Ai.csproj]
C:\Users\bbqch\proj\microbians\AeroCMS\src\Aero.AppServer\obj\Debug\net10.0\Aero.Cms.SourceGenerators\Aero.Cms.SourceGenerators.EmbeddedAttributesGenerator\LegacyReflectionDiscoveryAttribute.g.cs(20,18): warning CS8669: The annotation for nullable reference types should only be used in code within a '#nullable' annotations context. Auto-generated code requires an explicit '#nullable' directive in source. [C:\Users\bbqch\proj\microbians\AeroCMS\src\Aero.AppServer\Aero.AppServer.csproj]
C:\Users\bbqch\proj\microbians\AeroCMS\Aero\src\Aero.Web\Controllers\AuthController.cs(14,15): warning CS1570: XML comment has badly formed XML -- 'Whitespace is not allowed at this location.' [C:\Users\bbqch\proj\microbians\AeroCMS\Aero\src\Aero.Web\Aero.Web.csproj]
C:\Users\bbqch\proj\microbians\AeroCMS\Aero\src\Aero.Web\ApiResponse.cs(56,14): warning CS8618: Non-nullable property 'Data' must contain a non-null value when exiting constructor. Consider adding the 'required' modifier or declaring the property as nullable. [C:\Users\bbqch\proj\microbians\AeroCMS\Aero\src\Aero.Web\Aero.Web.csproj]
C:\Users\bbqch\proj\microbians\AeroCMS\Aero\src\Aero.Web\Commands\SaveRefreshTokenCommand.cs(57,15): warning CS8618: Non-nullable property 'Username' must contain a non-null value when exiting constructor. Consider adding the 'required' modifier or declaring the property as nullable. [C:\Users\bbqch\proj\microbians\AeroCMS\Aero\src\Aero.Web\Aero.Web.csproj]
C:\Users\bbqch\proj\microbians\AeroCMS\Aero\src\Aero.Web\Commands\SaveRefreshTokenCommand.cs(61,15): warning CS8618: Non-nullable property 'Password' must contain a non-null value when exiting constructor. Consider adding the 'required' modifier or declaring the property as nullable. [C:\Users\bbqch\proj\microbians\AeroCMS\Aero\src\Aero.Web\Aero.Web.csproj]
C:\Users\bbqch\proj\microbians\AeroCMS\Aero\src\Aero.Web\Commands\SaveRefreshTokenCommand.cs(65,15): warning CS8618: Non-nullable property 'Token' must contain a non-null value when exiting constructor. Consider adding the 'required' modifier or declaring the property as nullable. [C:\Users\bbqch\proj\microbians\AeroCMS\Aero\src\Aero.Web\Aero.Web.csproj]
C:\Users\bbqch\proj\microbians\AeroCMS\Aero\src\Aero.Web\ErrorViewModel.cs(11,15): warning CS8618: Non-nullable property 'RequestId' must contain a non-null value when exiting constructor. Consider adding the 'required' modifier or declaring the property as nullable. [C:\Users\bbqch\proj\microbians\AeroCMS\Aero\src\Aero.Web\Aero.Web.csproj]
C:\Users\bbqch\proj\microbians\AeroCMS\Aero\src\Aero.Web\Commands\DeleteRefreshTokenCommand.cs(19,15): warning CS8618: Non-nullable property 'Username' must contain a non-null value when exiting constructor. Consider adding the 'required' modifier or declaring the property as nullable. [C:\Users\bbqch\proj\microbians\AeroCMS\Aero\src\Aero.Web\Aero.Web.csproj]
C:\Users\bbqch\proj\microbians\AeroCMS\Aero\src\Aero.Web\Commands\DeleteRefreshTokenCommand.cs(23,15): warning CS8618: Non-nullable property 'Password' must contain a non-null value when exiting constructor. Consider adding the 'required' modifier or declaring the property as nullable. [C:\Users\bbqch\proj\microbians\AeroCMS\Aero\src\Aero.Web\Aero.Web.csproj]
C:\Users\bbqch\proj\microbians\AeroCMS\Aero\src\Aero.Web\Commands\DeleteRefreshTokenCommand.cs(27,15): warning CS8618: Non-nullable property 'RefreshToken' must contain a non-null value when exiting constructor. Consider adding the 'required' modifier or declaring the property as nullable. [C:\Users\bbqch\proj\microbians\AeroCMS\Aero\src\Aero.Web\Aero.Web.csproj]
C:\Users\bbqch\proj\microbians\AeroCMS\Aero\src\Aero.Web\Extensions\WebResponseExtensions.cs(24,28): warning CS8601: Possible null reference assignment. [C:\Users\bbqch\proj\microbians\AeroCMS\Aero\src\Aero.Web\Aero.Web.csproj]
C:\Users\bbqch\proj\microbians\AeroCMS\Aero\src\Aero.Web\Extensions\ClaimsPrincipalExtensions.cs(14,12): warning CS8603: Possible null reference return. [C:\Users\bbqch\proj\microbians\AeroCMS\Aero\src\Aero.Web\Aero.Web.csproj]
C:\Users\bbqch\proj\microbians\AeroCMS\Aero\src\Aero.Web\Extensions\ClaimsPrincipalExtensions.cs(20,12): warning CS8603: Possible null reference return. [C:\Users\bbqch\proj\microbians\AeroCMS\Aero\src\Aero.Web\Aero.Web.csproj]
C:\Users\bbqch\proj\microbians\AeroCMS\Aero\src\Aero.Web\Extensions\WebResponseExtensions.cs(40,28): warning CS8601: Possible null reference assignment. [C:\Users\bbqch\proj\microbians\AeroCMS\Aero\src\Aero.Web\Aero.Web.csproj]
C:\Users\bbqch\proj\microbians\AeroCMS\Aero\src\Aero.Web\Extensions\ClaimsPrincipalExtensions.cs(26,12): warning CS8603: Possible null reference return. [C:\Users\bbqch\proj\microbians\AeroCMS\Aero\src\Aero.Web\Aero.Web.csproj]
C:\Users\bbqch\proj\microbians\AeroCMS\Aero\src\Aero.Web\Filters\ValidateModelAttribute.cs(10,51): warning CS8618: Non-nullable field 'log' must contain a non-null value when exiting constructor. Consider adding the 'required' modifier or declaring the field as nullable. [C:\Users\bbqch\proj\microbians\AeroCMS\Aero\src\Aero.Web\Aero.Web.csproj]
C:\Users\bbqch\proj\microbians\AeroCMS\Aero\src\Aero.Web\Models\ApiClaimsModel.cs(18,15): warning CS8618: Non-nullable property 'ClaimKey' must contain a non-null value when exiting constructor. Consider adding the 'required' modifier or declaring the property as nullable. [C:\Users\bbqch\proj\microbians\AeroCMS\Aero\src\Aero.Web\Aero.Web.csproj]
C:\Users\bbqch\proj\microbians\AeroCMS\Aero\src\Aero.Web\Models\ApiClaimsModel.cs(22,15): warning CS8618: Non-nullable property 'ClaimValue' must contain a non-null value when exiting constructor. Consider adding the 'required' modifier or declaring the property as nullable. [C:\Users\bbqch\proj\microbians\AeroCMS\Aero\src\Aero.Web\Aero.Web.csproj]
C:\Users\bbqch\proj\microbians\AeroCMS\Aero\src\Aero.Web\Extensions\WebResponseExtensions.cs(56,28): warning CS8601: Possible null reference assignment. [C:\Users\bbqch\proj\microbians\AeroCMS\Aero\src\Aero.Web\Aero.Web.csproj]
C:\Users\bbqch\proj\microbians\AeroCMS\Aero\src\Aero.Web\Infrastructure\CacheService.cs(45,14): warning CS8602: Dereference of a possibly null reference. [C:\Users\bbqch\proj\microbians\AeroCMS\Aero\src\Aero.Web\Aero.Web.csproj]
C:\Users\bbqch\proj\microbians\AeroCMS\Aero\src\Aero.Web\Extensions\SessionExtensions.cs(22,16): warning CS8603: Possible null reference return. [C:\Users\bbqch\proj\microbians\AeroCMS\Aero\src\Aero.Web\Aero.Web.csproj]
C:\Users\bbqch\proj\microbians\AeroCMS\Aero\src\Aero.Web\Middleware\CloudflareMiddleware.cs(97,28): warning CS8604: Possible null reference argument for parameter 'ipadress' in 'bool CloudFlareConnectingIpMiddleware.IsCloudFlareIp(IPAddress ipadress)'. [C:\Users\bbqch\proj\microbians\AeroCMS\Aero\src\Aero.Web\Aero.Web.csproj]
C:\Users\bbqch\proj\microbians\AeroCMS\Aero\src\Aero.Web\Extensions\ClaimsPrincipalExtensions.cs(47,20): warning CS8600: Converting null literal or possible null value to non-nullable type. [C:\Users\bbqch\proj\microbians\AeroCMS\Aero\src\Aero.Web\Aero.Web.csproj]
C:\Users\bbqch\proj\microbians\AeroCMS\Aero\src\Aero.Web\Extensions\ClaimsPrincipalExtensions.cs(47,20): warning CS8603: Possible null reference return. [C:\Users\bbqch\proj\microbians\AeroCMS\Aero\src\Aero.Web\Aero.Web.csproj]
C:\Users\bbqch\proj\microbians\AeroCMS\Aero\src\Aero.Web\Extensions\ClaimsPrincipalExtensions.cs(70,16): warning CS8603: Possible null reference return. [C:\Users\bbqch\proj\microbians\AeroCMS\Aero\src\Aero.Web\Aero.Web.csproj]
C:\Users\bbqch\proj\microbians\AeroCMS\Aero\src\Aero.Web\Extensions\ClaimsPrincipalExtensions.cs(80,16): warning CS8603: Possible null reference return. [C:\Users\bbqch\proj\microbians\AeroCMS\Aero\src\Aero.Web\Aero.Web.csproj]
C:\Users\bbqch\proj\microbians\AeroCMS\Aero\src\Aero.Web\Infrastructure\CacheService.cs(60,17): warning CS8602: Dereference of a possibly null reference. [C:\Users\bbqch\proj\microbians\AeroCMS\Aero\src\Aero.Web\Aero.Web.csproj]
C:\Users\bbqch\proj\microbians\AeroCMS\Aero\src\Aero.Web\Middleware\RequestCultureMiddleware.cs(18,43): warning CS8604: Possible null reference argument for parameter 'name' in 'CultureInfo.CultureInfo(string name)'. [C:\Users\bbqch\proj\microbians\AeroCMS\Aero\src\Aero.Web\Aero.Web.csproj]
C:\Users\bbqch\proj\microbians\AeroCMS\Aero\src\Aero.Web\Extensions\ScalarExtensions.cs(19,17): warning CS0618: 'ScalarOptionsExtensions.WithPreferredScheme<TOptions>(TOptions, string)' is obsolete: 'This method is obsolete and will be removed in a future release. Use AddPreferredSecuritySchemes instead.' [C:\Users\bbqch\proj\microbians\AeroCMS\Aero\src\Aero.Web\Aero.Web.csproj]
C:\Users\bbqch\proj\microbians\AeroCMS\Aero\src\Aero.Web\Extensions\ScalarExtensions.cs(21,55): warning CS0618: 'HttpBearerOptions' is obsolete: 'This class is obsolete and will be removed in a future release. Use AddHttpBasicAuthentication with ScalarHttpSecurityScheme instead.' [C:\Users\bbqch\proj\microbians\AeroCMS\Aero\src\Aero.Web\Aero.Web.csproj]
C:\Users\bbqch\proj\microbians\AeroCMS\Aero\src\Aero.Web\Extensions\ScalarExtensions.cs(19,17): warning CS0618: 'ScalarOptionsExtensions.WithHttpBearerAuthentication(ScalarOptions, HttpBearerOptions)' is obsolete: 'This method is obsolete and will be removed in a future release. Use AddHttpAuthentication instead.' [C:\Users\bbqch\proj\microbians\AeroCMS\Aero\src\Aero.Web\Aero.Web.csproj]
C:\Users\bbqch\proj\microbians\AeroCMS\Aero\src\Aero.Web\Extensions\ScalarExtensions.cs(19,17): warning CS0618: 'ScalarOptionsExtensions.WithDownloadButton<TOptions>(TOptions, bool)' is obsolete: 'This method is obsolete and will be removed in a future release. Use 'WithDocumentDownloadType' instead.' [C:\Users\bbqch\proj\microbians\AeroCMS\Aero\src\Aero.Web\Aero.Web.csproj]
C:\Users\bbqch\proj\microbians\AeroCMS\Aero\src\Aero.Web\Extensions\ScalarExtensions.cs(19,17): warning CS0618: 'ScalarOptionsExtensions.WithClientButton<TOptions>(TOptions, bool)' is obsolete: 'This method is obsolete and will be removed in a future release. Please use HideClientButton() instead. Note: WithClientButton(true) is the default behavior and can be removed entirely.' [C:\Users\bbqch\proj\microbians\AeroCMS\Aero\src\Aero.Web\Aero.Web.csproj]
C:\Users\bbqch\proj\microbians\AeroCMS\Aero\src\Aero.Web\AppSettingsMiddleware.cs(33,48): warning CS8601: Possible null reference assignment. [C:\Users\bbqch\proj\microbians\AeroCMS\Aero\src\Aero.Web\Aero.Web.csproj]
C:\Users\bbqch\proj\microbians\AeroCMS\Aero\src\Aero.Web\Extensions\SerilogOpenTelemExtensions.cs(65,36): warning CS8604: Possible null reference argument for parameter 'teamId' in 'LoggerConfiguration HoneycombSinkExtensions.HoneycombSink(LoggerSinkConfiguration loggerConfiguration, string teamId, string apiKey, PeriodicBatchingSinkOptions? batchingOptions = null, Func<HttpClient>? httpClientFactory = null, string honeycombUrl = "https://api.honeycomb.io/")'. [C:\Users\bbqch\proj\microbians\AeroCMS\Aero\src\Aero.Web\Aero.Web.csproj]
C:\Users\bbqch\proj\microbians\AeroCMS\Aero\src\Aero.Web\Extensions\SerilogOpenTelemExtensions.cs(65,49): warning CS8604: Possible null reference argument for parameter 'apiKey' in 'LoggerConfiguration HoneycombSinkExtensions.HoneycombSink(LoggerSinkConfiguration loggerConfiguration, string teamId, string apiKey, PeriodicBatchingSinkOptions? batchingOptions = null, Func<HttpClient>? httpClientFactory = null, string honeycombUrl = "https://api.honeycomb.io/")'. [C:\Users\bbqch\proj\microbians\AeroCMS\Aero\src\Aero.Web\Aero.Web.csproj]
C:\Users\bbqch\proj\microbians\AeroCMS\Aero\src\Aero.Web\Extensions\HttpContextExtensions.cs(69,35): warning CS8601: Possible null reference assignment. [C:\Users\bbqch\proj\microbians\AeroCMS\Aero\src\Aero.Web\Aero.Web.csproj]
C:\Users\bbqch\proj\microbians\AeroCMS\Aero\src\Aero.Web\Controllers\AuthController.cs(638,9): warning CS0162: Unreachable code detected [C:\Users\bbqch\proj\microbians\AeroCMS\Aero\src\Aero.Web\Aero.Web.csproj]
C:\Users\bbqch\proj\microbians\AeroCMS\Aero\src\Aero.Web\Email\SmtpEmalSender.cs(43,54): warning CS1574: XML comment has cref attribute 'EmailSender' that could not be resolved [C:\Users\bbqch\proj\microbians\AeroCMS\Aero\src\Aero.Web\Aero.Web.csproj]
C:\Users\bbqch\proj\microbians\AeroCMS\Aero\src\Aero.Web\Extensions\AeroErrorMappingExtensions.cs(18,26): warning CS1711: XML comment has a typeparam tag for 'TError', but there is no type parameter by that name [C:\Users\bbqch\proj\microbians\AeroCMS\Aero\src\Aero.Web\Aero.Web.csproj]
C:\Users\bbqch\proj\microbians\AeroCMS\Aero\src\Aero.Web\Extensions\SocialLoginExtensions.cs(60,87): warning CS1573: Parameter 'services' has no matching param tag in the XML comment for 'SocialLoginExtensions.AddAeroAuthentication(IServiceCollection, IHostEnvironment, IConfiguration)' (but other parameters do) [C:\Users\bbqch\proj\microbians\AeroCMS\Aero\src\Aero.Web\Aero.Web.csproj]
C:\Users\bbqch\proj\microbians\AeroCMS\Aero\src\Aero.Web\Middleware\XssExtensions.cs(44,13): warning ASP0019: Use IHeaderDictionary.Append or the indexer to append or set headers. IDictionary.Add will throw an ArgumentException when attempting to add a duplicate key. (https://aka.ms/aspnet/analyzers) [C:\Users\bbqch\proj\microbians\AeroCMS\Aero\src\Aero.Web\Aero.Web.csproj]
C:\Users\bbqch\proj\microbians\AeroCMS\Aero\src\Aero.Web\Middleware\XssExtensions.cs(47,17): warning ASP0019: Use IHeaderDictionary.Append or the indexer to append or set headers. IDictionary.Add will throw an ArgumentException when attempting to add a duplicate key. (https://aka.ms/aspnet/analyzers) [C:\Users\bbqch\proj\microbians\AeroCMS\Aero\src\Aero.Web\Aero.Web.csproj]
C:\Users\bbqch\proj\microbians\AeroCMS\Aero\src\Aero.Web\Middleware\XssExtensions.cs(57,17): warning ASP0019: Use IHeaderDictionary.Append or the indexer to append or set headers. IDictionary.Add will throw an ArgumentException when attempting to add a duplicate key. (https://aka.ms/aspnet/analyzers) [C:\Users\bbqch\proj\microbians\AeroCMS\Aero\src\Aero.Web\Aero.Web.csproj]
C:\Users\bbqch\proj\microbians\AeroCMS\src\Aero.Cms.Abstractions\Blocks\Neo\NeoPageNodeKind.cs(8,2): warning SYSLIB1034: The member 'Aero.Cms.Abstractions.Blocks.Neo.NeoPageNodeKind' has been annotated with 'JsonStringEnumConverter' which is not supported in native AOT. Consider using the generic 'JsonStringEnumConverter<TEnum>' instead. (https://learn.microsoft.com/dotnet/fundamentals/syslib-diagnostics/syslib1034) [C:\Users\bbqch\proj\microbians\AeroCMS\src\Aero.Cms.Abstractions\Aero.Cms.Abstractions.csproj]
C:\Users\bbqch\proj\microbians\AeroCMS\src\Aero.Cms.Abstractions\Blocks\Neo\Styles\ContentDirection.cs(8,2): warning SYSLIB1034: The member 'Aero.Cms.Abstractions.Blocks.Neo.Styles.ContentDirection' has been annotated with 'JsonStringEnumConverter' which is not supported in native AOT. Consider using the generic 'JsonStringEnumConverter<TEnum>' instead. (https://learn.microsoft.com/dotnet/fundamentals/syslib-diagnostics/syslib1034) [C:\Users\bbqch\proj\microbians\AeroCMS\src\Aero.Cms.Abstractions\Aero.Cms.Abstractions.csproj]
C:\Users\bbqch\proj\microbians\AeroCMS\src\Aero.Cms.Abstractions\Blocks\Neo\Styles\CssLength.cs(35,2): warning SYSLIB1034: The member 'Aero.Cms.Abstractions.Blocks.Neo.Styles.CssLengthUnit' has been annotated with 'JsonStringEnumConverter' which is not supported in native AOT. Consider using the generic 'JsonStringEnumConverter<TEnum>' instead. (https://learn.microsoft.com/dotnet/fundamentals/syslib-diagnostics/syslib1034) [C:\Users\bbqch\proj\microbians\AeroCMS\src\Aero.Cms.Abstractions\Aero.Cms.Abstractions.csproj]
C:\Users\bbqch\proj\microbians\AeroCMS\src\Aero.Cms.Abstractions\obj\Debug\net10.0\Aero.Cms.SourceGenerators\Aero.Cms.SourceGenerators.EmbeddedAttributesGenerator\LegacyReflectionDiscoveryAttribute.g.cs(20,18): warning CS8669: The annotation for nullable reference types should only be used in code within a '#nullable' annotations context. Auto-generated code requires an explicit '#nullable' directive in source. [C:\Users\bbqch\proj\microbians\AeroCMS\src\Aero.Cms.Abstractions\Aero.Cms.Abstractions.csproj]
C:\Users\bbqch\proj\microbians\AeroCMS\src\Aero.Cms.Abstractions\Models\PageViewModel.cs(67,17): warning CS0108: 'PageViewModel.SiteId' hides inherited member 'AeroEntityViewModel.SiteId'. Use the new keyword if hiding was intended. [C:\Users\bbqch\proj\microbians\AeroCMS\src\Aero.Cms.Abstractions\Aero.Cms.Abstractions.csproj]
C:\Users\bbqch\proj\microbians\AeroCMS\src\Aero.Cms.Abstractions\Http\Clients\ContentTypesClient.cs(70,38): warning CS0114: 'ContentTypesHttpClient.DeleteAsync(string, CancellationToken)' hides inherited member 'HttpClientBase.DeleteAsync(string, CancellationToken)'. To make the current member override that implementation, add the override keyword. Otherwise add the new keyword. [C:\Users\bbqch\proj\microbians\AeroCMS\src\Aero.Cms.Abstractions\Aero.Cms.Abstractions.csproj]
C:\Users\bbqch\proj\microbians\AeroCMS\src\Aero.Cms.Abstractions\Http\Clients\FootersClient.cs(187,50): warning CS8625: Cannot convert null literal to non-nullable reference type. [C:\Users\bbqch\proj\microbians\AeroCMS\src\Aero.Cms.Abstractions\Aero.Cms.Abstractions.csproj]
C:\Users\bbqch\proj\microbians\AeroCMS\src\Aero.Cms.Abstractions\Http\Clients\ThemesClient.cs(98,42): warning CS0114: 'ThemesHttpClient.DeleteAsync(string, CancellationToken)' hides inherited member 'HttpClientBase.DeleteAsync(string, CancellationToken)'. To make the current member override that implementation, add the override keyword. Otherwise add the new keyword. [C:\Users\bbqch\proj\microbians\AeroCMS\src\Aero.Cms.Abstractions\Aero.Cms.Abstractions.csproj]
C:\Users\bbqch\proj\microbians\AeroCMS\src\Aero.Cms.Abstractions\Http\Clients\SettingsClient.cs(92,42): warning CS0114: 'SettingsHttpClient.DeleteAsync(string, CancellationToken)' hides inherited member 'HttpClientBase.DeleteAsync(string, CancellationToken)'. To make the current member override that implementation, add the override keyword. Otherwise add the new keyword. [C:\Users\bbqch\proj\microbians\AeroCMS\src\Aero.Cms.Abstractions\Aero.Cms.Abstractions.csproj]
C:\Users\bbqch\proj\microbians\AeroCMS\src\Aero.Cms.Abstractions\Blocks\Aero\BasicHeroBlockMapper.cs(31,17): warning CS8601: Possible null reference assignment. [C:\Users\bbqch\proj\microbians\AeroCMS\src\Aero.Cms.Abstractions\Aero.Cms.Abstractions.csproj]
C:\Users\bbqch\proj\microbians\AeroCMS\src\Aero.Cms.Abstractions\Blocks\Aero\BasicHeroBlockMapper.cs(32,20): warning CS8601: Possible null reference assignment. [C:\Users\bbqch\proj\microbians\AeroCMS\src\Aero.Cms.Abstractions\Aero.Cms.Abstractions.csproj]
C:\Users\bbqch\proj\microbians\AeroCMS\src\Aero.Cms.Abstractions\Blocks\Aero\ImageBlockMapper.cs(30,46): warning CS8625: Cannot convert null literal to non-nullable reference type. [C:\Users\bbqch\proj\microbians\AeroCMS\src\Aero.Cms.Abstractions\Aero.Cms.Abstractions.csproj]
C:\Users\bbqch\proj\microbians\AeroCMS\src\Aero.Cms.Abstractions\Blocks\Aero\VideoBlockMapper.cs(31,39): warning CS8625: Cannot convert null literal to non-nullable reference type. [C:\Users\bbqch\proj\microbians\AeroCMS\src\Aero.Cms.Abstractions\Aero.Cms.Abstractions.csproj]
C:\Users\bbqch\proj\microbians\AeroCMS\src\Aero.Cms.Abstractions\Blocks\Aero\VideoBlockMapper.cs(32,41): warning CS8625: Cannot convert null literal to non-nullable reference type. [C:\Users\bbqch\proj\microbians\AeroCMS\src\Aero.Cms.Abstractions\Aero.Cms.Abstractions.csproj]
C:\Users\bbqch\proj\microbians\AeroCMS\src\Aero.Cms.Abstractions\Http\Clients\PagesClient.cs(347,16): warning CS8634: The type 'Aero.Cms.Abstractions.Http.Clients.PageDraftSummary?' cannot be used as type parameter 'T' in the generic type or method 'HttpClientBase.GetAsync<T>(string, CancellationToken)'. Nullability of type argument 'Aero.Cms.Abstractions.Http.Clients.PageDraftSummary?' doesn't match 'class' constraint. [C:\Users\bbqch\proj\microbians\AeroCMS\src\Aero.Cms.Abstractions\Aero.Cms.Abstractions.csproj]
C:\Users\bbqch\proj\microbians\AeroCMS\src\Aero.Cms.Abstractions\Blocks\Editor\ContainerDefinitionBase.cs(13,37): warning CS1574: XML comment has cref attribute 'ICompositionCapabilities' that could not be resolved [C:\Users\bbqch\proj\microbians\AeroCMS\src\Aero.Cms.Abstractions\Aero.Cms.Abstractions.csproj]
C:\Users\bbqch\proj\microbians\AeroCMS\src\Aero.Cms.Abstractions\Blocks\Editor\ContainerDefinitionBase.cs(14,24): warning CS1574: XML comment has cref attribute 'ICompositionPolicy' that could not be resolved [C:\Users\bbqch\proj\microbians\AeroCMS\src\Aero.Cms.Abstractions\Aero.Cms.Abstractions.csproj]
C:\Users\bbqch\proj\microbians\AeroCMS\src\Aero.Cms.Abstractions\Blocks\Embed\IEmbedUrlResolver.cs(5,60): warning CS1574: XML comment has cref attribute 'EmbedResolverPipeline' that could not be resolved [C:\Users\bbqch\proj\microbians\AeroCMS\src\Aero.Cms.Abstractions\Aero.Cms.Abstractions.csproj]
C:\Users\bbqch\proj\microbians\AeroCMS\src\Aero.Cms.Abstractions\Requests\CreatePageRequest.cs(25,5): warning CS1587: XML comment is not placed on a valid language element [C:\Users\bbqch\proj\microbians\AeroCMS\src\Aero.Cms.Abstractions\Aero.Cms.Abstractions.csproj]
C:\Users\bbqch\proj\microbians\AeroCMS\src\Aero.Cms.Abstractions\Requests\CreatePageRequest.cs(27,5): warning CS1587: XML comment is not placed on a valid language element [C:\Users\bbqch\proj\microbians\AeroCMS\src\Aero.Cms.Abstractions\Aero.Cms.Abstractions.csproj]
C:\Users\bbqch\proj\microbians\AeroCMS\src\Aero.Cms.Abstractions\Requests\CreatePageRequest.cs(50,5): warning CS1587: XML comment is not placed on a valid language element [C:\Users\bbqch\proj\microbians\AeroCMS\src\Aero.Cms.Abstractions\Aero.Cms.Abstractions.csproj]
C:\Users\bbqch\proj\microbians\AeroCMS\src\Aero.Cms.Abstractions\Requests\CreatePageRequest.cs(52,5): warning CS1587: XML comment is not placed on a valid language element [C:\Users\bbqch\proj\microbians\AeroCMS\src\Aero.Cms.Abstractions\Aero.Cms.Abstractions.csproj]
C:\Users\bbqch\proj\microbians\AeroCMS\src\Aero.Cms.Abstractions\Blocks\Neo\NeoPageNodeKind.cs(8,2): warning SYSLIB1034: The member 'Aero.Cms.Abstractions.Blocks.Neo.NeoPageNodeKind' has been annotated with 'JsonStringEnumConverter' which is not supported in native AOT. Consider using the generic 'JsonStringEnumConverter<TEnum>' instead. (https://learn.microsoft.com/dotnet/fundamentals/syslib-diagnostics/syslib1034) [C:\Users\bbqch\proj\microbians\AeroCMS\src\Aero.Cms.Abstractions\Aero.Cms.Abstractions.csproj]
C:\Users\bbqch\proj\microbians\AeroCMS\src\Aero.Cms.Abstractions\Blocks\Neo\Styles\ContentDirection.cs(8,2): warning SYSLIB1034: The member 'Aero.Cms.Abstractions.Blocks.Neo.Styles.ContentDirection' has been annotated with 'JsonStringEnumConverter' which is not supported in native AOT. Consider using the generic 'JsonStringEnumConverter<TEnum>' instead. (https://learn.microsoft.com/dotnet/fundamentals/syslib-diagnostics/syslib1034) [C:\Users\bbqch\proj\microbians\AeroCMS\src\Aero.Cms.Abstractions\Aero.Cms.Abstractions.csproj]
C:\Users\bbqch\proj\microbians\AeroCMS\src\Aero.Cms.Abstractions\Blocks\Neo\Styles\CssLength.cs(35,2): warning SYSLIB1034: The member 'Aero.Cms.Abstractions.Blocks.Neo.Styles.CssLengthUnit' has been annotated with 'JsonStringEnumConverter' which is not supported in native AOT. Consider using the generic 'JsonStringEnumConverter<TEnum>' instead. (https://learn.microsoft.com/dotnet/fundamentals/syslib-diagnostics/syslib1034) [C:\Users\bbqch\proj\microbians\AeroCMS\src\Aero.Cms.Abstractions\Aero.Cms.Abstractions.csproj]
C:\Users\bbqch\proj\microbians\AeroCMS\src\Aero.Cms.Abstractions\obj\Debug\net10.0\Aero.Cms.SourceGenerators\Aero.Cms.SourceGenerators.EmbeddedAttributesGenerator\LegacyReflectionDiscoveryAttribute.g.cs(20,18): warning CS8669: The annotation for nullable reference types should only be used in code within a '#nullable' annotations context. Auto-generated code requires an explicit '#nullable' directive in source. [C:\Users\bbqch\proj\microbians\AeroCMS\src\Aero.Cms.Abstractions\Aero.Cms.Abstractions.csproj]
C:\Users\bbqch\proj\microbians\AeroCMS\src\Aero.Cms.Abstractions\Http\Clients\ContentTypesClient.cs(70,38): warning CS0114: 'ContentTypesHttpClient.DeleteAsync(string, CancellationToken)' hides inherited member 'HttpClientBase.DeleteAsync(string, CancellationToken)'. To make the current member override that implementation, add the override keyword. Otherwise add the new keyword. [C:\Users\bbqch\proj\microbians\AeroCMS\src\Aero.Cms.Abstractions\Aero.Cms.Abstractions.csproj]
C:\Users\bbqch\proj\microbians\AeroCMS\src\Aero.Cms.Abstractions\Models\PageViewModel.cs(67,17): warning CS0108: 'PageViewModel.SiteId' hides inherited member 'AeroEntityViewModel.SiteId'. Use the new keyword if hiding was intended. [C:\Users\bbqch\proj\microbians\AeroCMS\src\Aero.Cms.Abstractions\Aero.Cms.Abstractions.csproj]
C:\Users\bbqch\proj\microbians\AeroCMS\src\Aero.Cms.Abstractions\Http\Clients\FootersClient.cs(187,50): warning CS8625: Cannot convert null literal to non-nullable reference type. [C:\Users\bbqch\proj\microbians\AeroCMS\src\Aero.Cms.Abstractions\Aero.Cms.Abstractions.csproj]
C:\Users\bbqch\proj\microbians\AeroCMS\src\Aero.Cms.Abstractions\Http\Clients\ThemesClient.cs(98,42): warning CS0114: 'ThemesHttpClient.DeleteAsync(string, CancellationToken)' hides inherited member 'HttpClientBase.DeleteAsync(string, CancellationToken)'. To make the current member override that implementation, add the override keyword. Otherwise add the new keyword. [C:\Users\bbqch\proj\microbians\AeroCMS\src\Aero.Cms.Abstractions\Aero.Cms.Abstractions.csproj]
C:\Users\bbqch\proj\microbians\AeroCMS\src\Aero.Cms.Abstractions\Http\Clients\SettingsClient.cs(92,42): warning CS0114: 'SettingsHttpClient.DeleteAsync(string, CancellationToken)' hides inherited member 'HttpClientBase.DeleteAsync(string, CancellationToken)'. To make the current member override that implementation, add the override keyword. Otherwise add the new keyword. [C:\Users\bbqch\proj\microbians\AeroCMS\src\Aero.Cms.Abstractions\Aero.Cms.Abstractions.csproj]
C:\Users\bbqch\proj\microbians\AeroCMS\src\Aero.Cms.Abstractions\Blocks\Aero\BasicHeroBlockMapper.cs(31,17): warning CS8601: Possible null reference assignment. [C:\Users\bbqch\proj\microbians\AeroCMS\src\Aero.Cms.Abstractions\Aero.Cms.Abstractions.csproj]
C:\Users\bbqch\proj\microbians\AeroCMS\src\Aero.Cms.Abstractions\Blocks\Aero\BasicHeroBlockMapper.cs(32,20): warning CS8601: Possible null reference assignment. [C:\Users\bbqch\proj\microbians\AeroCMS\src\Aero.Cms.Abstractions\Aero.Cms.Abstractions.csproj]
C:\Users\bbqch\proj\microbians\AeroCMS\src\Aero.Cms.Abstractions\Blocks\Aero\ImageBlockMapper.cs(30,46): warning CS8625: Cannot convert null literal to non-nullable reference type. [C:\Users\bbqch\proj\microbians\AeroCMS\src\Aero.Cms.Abstractions\Aero.Cms.Abstractions.csproj]
C:\Users\bbqch\proj\microbians\AeroCMS\src\Aero.Cms.Abstractions\Blocks\Aero\VideoBlockMapper.cs(31,39): warning CS8625: Cannot convert null literal to non-nullable reference type. [C:\Users\bbqch\proj\microbians\AeroCMS\src\Aero.Cms.Abstractions\Aero.Cms.Abstractions.csproj]
C:\Users\bbqch\proj\microbians\AeroCMS\src\Aero.Cms.Abstractions\Blocks\Aero\VideoBlockMapper.cs(32,41): warning CS8625: Cannot convert null literal to non-nullable reference type. [C:\Users\bbqch\proj\microbians\AeroCMS\src\Aero.Cms.Abstractions\Aero.Cms.Abstractions.csproj]
C:\Users\bbqch\proj\microbians\AeroCMS\src\Aero.Cms.Abstractions\Http\Clients\PagesClient.cs(347,16): warning CS8634: The type 'Aero.Cms.Abstractions.Http.Clients.PageDraftSummary?' cannot be used as type parameter 'T' in the generic type or method 'HttpClientBase.GetAsync<T>(string, CancellationToken)'. Nullability of type argument 'Aero.Cms.Abstractions.Http.Clients.PageDraftSummary?' doesn't match 'class' constraint. [C:\Users\bbqch\proj\microbians\AeroCMS\src\Aero.Cms.Abstractions\Aero.Cms.Abstractions.csproj]
C:\Users\bbqch\proj\microbians\AeroCMS\src\Aero.Cms.Abstractions\Blocks\Editor\ContainerDefinitionBase.cs(13,37): warning CS1574: XML comment has cref attribute 'ICompositionCapabilities' that could not be resolved [C:\Users\bbqch\proj\microbians\AeroCMS\src\Aero.Cms.Abstractions\Aero.Cms.Abstractions.csproj]
C:\Users\bbqch\proj\microbians\AeroCMS\src\Aero.Cms.Abstractions\Blocks\Editor\ContainerDefinitionBase.cs(14,24): warning CS1574: XML comment has cref attribute 'ICompositionPolicy' that could not be resolved [C:\Users\bbqch\proj\microbians\AeroCMS\src\Aero.Cms.Abstractions\Aero.Cms.Abstractions.csproj]
C:\Users\bbqch\proj\microbians\AeroCMS\src\Aero.Cms.Abstractions\Blocks\Embed\IEmbedUrlResolver.cs(5,60): warning CS1574: XML comment has cref attribute 'EmbedResolverPipeline' that could not be resolved [C:\Users\bbqch\proj\microbians\AeroCMS\src\Aero.Cms.Abstractions\Aero.Cms.Abstractions.csproj]
C:\Users\bbqch\proj\microbians\AeroCMS\src\Aero.Cms.Abstractions\Requests\CreatePageRequest.cs(25,5): warning CS1587: XML comment is not placed on a valid language element [C:\Users\bbqch\proj\microbians\AeroCMS\src\Aero.Cms.Abstractions\Aero.Cms.Abstractions.csproj]
C:\Users\bbqch\proj\microbians\AeroCMS\src\Aero.Cms.Abstractions\Requests\CreatePageRequest.cs(27,5): warning CS1587: XML comment is not placed on a valid language element [C:\Users\bbqch\proj\microbians\AeroCMS\src\Aero.Cms.Abstractions\Aero.Cms.Abstractions.csproj]
C:\Users\bbqch\proj\microbians\AeroCMS\src\Aero.Cms.Abstractions\Requests\CreatePageRequest.cs(50,5): warning CS1587: XML comment is not placed on a valid language element [C:\Users\bbqch\proj\microbians\AeroCMS\src\Aero.Cms.Abstractions\Aero.Cms.Abstractions.csproj]
C:\Users\bbqch\proj\microbians\AeroCMS\src\Aero.Cms.Abstractions\Requests\CreatePageRequest.cs(52,5): warning CS1587: XML comment is not placed on a valid language element [C:\Users\bbqch\proj\microbians\AeroCMS\src\Aero.Cms.Abstractions\Aero.Cms.Abstractions.csproj]
C:\Users\bbqch\proj\microbians\AeroCMS\src\Aero.Cms.Core.Entities\obj\Debug\net10.0\Aero.Cms.SourceGenerators\Aero.Cms.SourceGenerators.EmbeddedAttributesGenerator\LegacyReflectionDiscoveryAttribute.g.cs(20,18): warning CS8669: The annotation for nullable reference types should only be used in code within a '#nullable' annotations context. Auto-generated code requires an explicit '#nullable' directive in source. [C:\Users\bbqch\proj\microbians\AeroCMS\src\Aero.Cms.Core.Entities\Aero.Cms.Core.Entities.csproj]
C:\Users\bbqch\proj\microbians\AeroCMS\src\Aero.Cms.Core.Entities\PageDocument.cs(106,20): warning CS1574: XML comment has cref attribute 'Id' that could not be resolved [C:\Users\bbqch\proj\microbians\AeroCMS\src\Aero.Cms.Core.Entities\Aero.Cms.Core.Entities.csproj]
C:\Users\bbqch\proj\microbians\AeroCMS\src\Aero.Cms.Core\Data\AeroCmsDB.cs(55,48): warning CS1570: XML comment has badly formed XML -- 'End tag 'returns' does not match the start tag 'T'.' [C:\Users\bbqch\proj\microbians\AeroCMS\src\Aero.Cms.Core\Aero.Cms.Core.csproj]
C:\Users\bbqch\proj\microbians\AeroCMS\src\Aero.Cms.Core\Data\AeroCmsDB.cs(56,1): warning CS1570: XML comment has badly formed XML -- 'Expected an end tag for element 'T'.' [C:\Users\bbqch\proj\microbians\AeroCMS\src\Aero.Cms.Core\Aero.Cms.Core.csproj]
C:\Users\bbqch\proj\microbians\AeroCMS\src\Aero.Cms.Core\Data\AeroCmsDB.cs(56,1): warning CS1570: XML comment has badly formed XML -- 'Expected an end tag for element 'returns'.' [C:\Users\bbqch\proj\microbians\AeroCMS\src\Aero.Cms.Core\Aero.Cms.Core.csproj]
C:\Users\bbqch\proj\microbians\AeroCMS\src\Aero.Cms.Core\Data\AeroCmsDB.cs(89,49): warning CS1570: XML comment has badly formed XML -- 'End tag 'remarks' does not match the start tag 'T'.' [C:\Users\bbqch\proj\microbians\AeroCMS\src\Aero.Cms.Core\Aero.Cms.Core.csproj]
C:\Users\bbqch\proj\microbians\AeroCMS\src\Aero.Cms.Core\Data\AeroCmsDB.cs(91,82): warning CS1570: XML comment has badly formed XML -- 'End tag 'returns' does not match the start tag 'T'.' [C:\Users\bbqch\proj\microbians\AeroCMS\src\Aero.Cms.Core\Aero.Cms.Core.csproj]
C:\Users\bbqch\proj\microbians\AeroCMS\src\Aero.Cms.Core\Data\AeroCmsDB.cs(92,1): warning CS1570: XML comment has badly formed XML -- 'Expected an end tag for element 'returns'.' [C:\Users\bbqch\proj\microbians\AeroCMS\src\Aero.Cms.Core\Aero.Cms.Core.csproj]
C:\Users\bbqch\proj\microbians\AeroCMS\src\Aero.Cms.Core\Data\AeroCmsDB.cs(92,1): warning CS1570: XML comment has badly formed XML -- 'Expected an end tag for element 'remarks'.' [C:\Users\bbqch\proj\microbians\AeroCMS\src\Aero.Cms.Core\Aero.Cms.Core.csproj]
C:\Users\bbqch\proj\microbians\AeroCMS\src\Aero.Cms.Core\obj\Debug\net10.0\Aero.Cms.SourceGenerators\Aero.Cms.SourceGenerators.EmbeddedAttributesGenerator\LegacyReflectionDiscoveryAttribute.g.cs(20,18): warning CS8669: The annotation for nullable reference types should only be used in code within a '#nullable' annotations context. Auto-generated code requires an explicit '#nullable' directive in source. [C:\Users\bbqch\proj\microbians\AeroCMS\src\Aero.Cms.Core\Aero.Cms.Core.csproj]
C:\Users\bbqch\proj\microbians\AeroCMS\src\Aero.Cms.Core\Data\AeroCmsDB.cs(96,66): warning CS9113: Parameter 'log' is unread. [C:\Users\bbqch\proj\microbians\AeroCMS\src\Aero.Cms.Core\Aero.Cms.Core.csproj]
C:\Users\bbqch\proj\microbians\AeroCMS\src\Aero.Cms.Data\obj\Debug\net10.0\Aero.Cms.SourceGenerators\Aero.Cms.SourceGenerators.EmbeddedAttributesGenerator\LegacyReflectionDiscoveryAttribute.g.cs(20,18): warning CS8669: The annotation for nullable reference types should only be used in code within a '#nullable' annotations context. Auto-generated code requires an explicit '#nullable' directive in source. [C:\Users\bbqch\proj\microbians\AeroCMS\src\Aero.Cms.Data\Aero.Cms.Data.csproj]
C:\Users\bbqch\proj\microbians\AeroCMS\src\Aero.Cms.Data\Repositories\SiteRepository.cs(73,86): warning CS9113: Parameter 'log' is unread. [C:\Users\bbqch\proj\microbians\AeroCMS\src\Aero.Cms.Data\Aero.Cms.Data.csproj]
C:\Users\bbqch\proj\microbians\AeroCMS\src\Aero.Cms.Data\Repositories\UserProfileRepository.cs(62,9): warning CS8603: Possible null reference return. [C:\Users\bbqch\proj\microbians\AeroCMS\src\Aero.Cms.Data\Aero.Cms.Data.csproj]
C:\Users\bbqch\proj\microbians\AeroCMS\src\Aero.Cms.Generated.Json\obj\Debug\net10.0\Aero.Cms.SourceGenerators\Aero.Cms.SourceGenerators.EmbeddedAttributesGenerator\LegacyReflectionDiscoveryAttribute.g.cs(20,18): warning CS8669: The annotation for nullable reference types should only be used in code within a '#nullable' annotations context. Auto-generated code requires an explicit '#nullable' directive in source. [C:\Users\bbqch\proj\microbians\AeroCMS\src\Aero.Cms.Generated.Json\Aero.Cms.Generated.Json.csproj]
C:\Users\bbqch\proj\microbians\AeroCMS\src\Aero.Cms.Db.Polecat\obj\Debug\net10.0\Aero.Cms.SourceGenerators\Aero.Cms.SourceGenerators.EmbeddedAttributesGenerator\LegacyReflectionDiscoveryAttribute.g.cs(20,18): warning CS8669: The annotation for nullable reference types should only be used in code within a '#nullable' annotations context. Auto-generated code requires an explicit '#nullable' directive in source. [C:\Users\bbqch\proj\microbians\AeroCMS\src\Aero.Cms.Db.Polecat\Aero.Cms.Db.Polecat.csproj]
C:\Users\bbqch\proj\microbians\AeroCMS\src\Aero.Cms.Modules.Modules\obj\Debug\net10.0\Aero.Cms.SourceGenerators\Aero.Cms.SourceGenerators.EmbeddedAttributesGenerator\LegacyReflectionDiscoveryAttribute.g.cs(20,18): warning CS8669: The annotation for nullable reference types should only be used in code within a '#nullable' annotations context. Auto-generated code requires an explicit '#nullable' directive in source. [C:\Users\bbqch\proj\microbians\AeroCMS\src\Aero.Cms.Modules.Modules\Aero.Cms.Modules.Modules.csproj]
C:\Users\bbqch\proj\microbians\AeroCMS\src\Aero.Cms.Modules.Modules\ModulesModule.cs(71,13): warning CS8767: Nullability of reference types in type of parameter 'services' of 'void ModulesModule.Configure(IServiceProvider services, StoreOptions opts)' doesn't match implicitly implemented member 'void IConfigureAeroDB.Configure(IServiceProvider? services, StoreOptions options)' (possibly because of nullability attributes). [C:\Users\bbqch\proj\microbians\AeroCMS\src\Aero.Cms.Modules.Modules\Aero.Cms.Modules.Modules.csproj]
C:\Users\bbqch\proj\microbians\AeroCMS\src\Aero.Cms.Db.Marten\obj\Debug\net10.0\Aero.Cms.SourceGenerators\Aero.Cms.SourceGenerators.EmbeddedAttributesGenerator\LegacyReflectionDiscoveryAttribute.g.cs(20,18): warning CS8669: The annotation for nullable reference types should only be used in code within a '#nullable' annotations context. Auto-generated code requires an explicit '#nullable' directive in source. [C:\Users\bbqch\proj\microbians\AeroCMS\src\Aero.Cms.Db.Marten\Aero.Cms.Db.Marten.csproj]
C:\Users\bbqch\proj\microbians\AeroCMS\src\Aero.Cms.Services\obj\Debug\net10.0\Aero.Cms.SourceGenerators\Aero.Cms.SourceGenerators.EmbeddedAttributesGenerator\LegacyReflectionDiscoveryAttribute.g.cs(20,18): warning CS8669: The annotation for nullable reference types should only be used in code within a '#nullable' annotations context. Auto-generated code requires an explicit '#nullable' directive in source. [C:\Users\bbqch\proj\microbians\AeroCMS\src\Aero.Cms.Services\Aero.Cms.Services.csproj]
C:\Users\bbqch\proj\microbians\AeroCMS\src\Aero.Cms.Shared\obj\Debug\net10.0\Aero.Cms.SourceGenerators\Aero.Cms.SourceGenerators.EmbeddedAttributesGenerator\LegacyReflectionDiscoveryAttribute.g.cs(20,18): warning CS8669: The annotation for nullable reference types should only be used in code within a '#nullable' annotations context. Auto-generated code requires an explicit '#nullable' directive in source. [C:\Users\bbqch\proj\microbians\AeroCMS\src\Aero.Cms.Shared\Aero.Cms.Shared.csproj]
C:\Users\bbqch\proj\microbians\AeroCMS\src\Aero.Cms.Shared\Pages\Manager\PageEditor\AeroUi\AeroHeroPreview.razor(2,8): warning CS0105: The using directive for 'Aero.Cms.Abstractions.Blocks' appeared previously in this namespace [C:\Users\bbqch\proj\microbians\AeroCMS\src\Aero.Cms.Shared\Aero.Cms.Shared.csproj]
C:\Users\bbqch\proj\microbians\AeroCMS\src\Aero.Cms.Shared\obj\Debug\net10.0\Aero.Cms.SourceGenerators\Aero.Cms.SourceGenerators.BlockRendererGenerator\GeneratedNeoEditorCatalog.g.cs(14,7): warning CS1570: XML comment has badly formed XML -- 'End tag 'summary' does not match the start tag 'TBlock'.' [C:\Users\bbqch\proj\microbians\AeroCMS\src\Aero.Cms.Shared\Aero.Cms.Shared.csproj]
C:\Users\bbqch\proj\microbians\AeroCMS\src\Aero.Cms.Shared\obj\Debug\net10.0\Aero.Cms.SourceGenerators\Aero.Cms.SourceGenerators.BlockRendererGenerator\GeneratedNeoEditorCatalog.g.cs(15,1): warning CS1570: XML comment has badly formed XML -- 'Expected an end tag for element 'summary'.' [C:\Users\bbqch\proj\microbians\AeroCMS\src\Aero.Cms.Shared\Aero.Cms.Shared.csproj]
C:\Users\bbqch\proj\microbians\AeroCMS\src\Aero.Cms.Shared\Pages\Manager\ContentTypes\ContentTypeList.razor.cs(84,21): warning CS8602: Dereference of a possibly null reference. [C:\Users\bbqch\proj\microbians\AeroCMS\src\Aero.Cms.Shared\Aero.Cms.Shared.csproj]
C:\Users\bbqch\proj\microbians\AeroCMS\src\Aero.Cms.Shared\Pages\Manager\ContentTypes\ContentItemsList.razor.cs(98,21): warning CS8602: Dereference of a possibly null reference. [C:\Users\bbqch\proj\microbians\AeroCMS\src\Aero.Cms.Shared\Aero.Cms.Shared.csproj]
C:\Users\bbqch\proj\microbians\AeroCMS\src\Aero.Cms.Shared\Pages\Manager\Aliases.razor.cs(125,19): warning CS8602: Dereference of a possibly null reference. [C:\Users\bbqch\proj\microbians\AeroCMS\src\Aero.Cms.Shared\Aero.Cms.Shared.csproj]
C:\Users\bbqch\proj\microbians\AeroCMS\src\Aero.Cms.Shared\Pages\Manager\Aliases.razor.cs(145,19): warning CS8602: Dereference of a possibly null reference. [C:\Users\bbqch\proj\microbians\AeroCMS\src\Aero.Cms.Shared\Aero.Cms.Shared.csproj]
C:\Users\bbqch\proj\microbians\AeroCMS\src\Aero.Cms.Shared\Pages\Manager\Docs.razor.cs(165,19): warning CS8602: Dereference of a possibly null reference. [C:\Users\bbqch\proj\microbians\AeroCMS\src\Aero.Cms.Shared\Aero.Cms.Shared.csproj]
C:\Users\bbqch\proj\microbians\AeroCMS\src\Aero.Cms.Shared\Layout\MediaSelectorModal.razor(170,9): warning CS4014: Because this call is not awaited, execution of the current method continues before the call is completed. Consider applying the 'await' operator to the result of the call. [C:\Users\bbqch\proj\microbians\AeroCMS\src\Aero.Cms.Shared\Aero.Cms.Shared.csproj]
C:\Users\bbqch\proj\microbians\AeroCMS\src\Aero.Cms.Shared\Layout\MediaSelectorModal.razor(191,9): warning CS4014: Because this call is not awaited, execution of the current method continues before the call is completed. Consider applying the 'await' operator to the result of the call. [C:\Users\bbqch\proj\microbians\AeroCMS\src\Aero.Cms.Shared\Aero.Cms.Shared.csproj]
C:\Users\bbqch\proj\microbians\AeroCMS\src\Aero.Cms.Shared\Pages\Manager\Users\Users.razor.cs(110,49): warning CS8602: Dereference of a possibly null reference. [C:\Users\bbqch\proj\microbians\AeroCMS\src\Aero.Cms.Shared\Aero.Cms.Shared.csproj]
C:\Users\bbqch\proj\microbians\AeroCMS\src\Aero.Cms.Shared\Layout\MediaSelectorModal.razor(230,9): warning CS4014: Because this call is not awaited, execution of the current method continues before the call is completed. Consider applying the 'await' operator to the result of the call. [C:\Users\bbqch\proj\microbians\AeroCMS\src\Aero.Cms.Shared\Aero.Cms.Shared.csproj]
C:\Users\bbqch\proj\microbians\AeroCMS\src\Aero.Cms.Shared\Layout\MediaSelectorModal.razor(272,9): warning CS4014: Because this call is not awaited, execution of the current method continues before the call is completed. Consider applying the 'await' operator to the result of the call. [C:\Users\bbqch\proj\microbians\AeroCMS\src\Aero.Cms.Shared\Aero.Cms.Shared.csproj]
C:\Users\bbqch\proj\microbians\AeroCMS\src\Aero.Cms.Shared\Pages\Manager\DocsEditor\DocsEditor.razor.cs(203,32): warning CS8714: The type 'long?' cannot be used as type parameter 'TKey' in the generic type or method 'Enumerable.ToDictionary<TSource, TKey, TElement>(IEnumerable<TSource>, Func<TSource, TKey>, Func<TSource, TElement>)'. Nullability of type argument 'long?' doesn't match 'notnull' constraint. [C:\Users\bbqch\proj\microbians\AeroCMS\src\Aero.Cms.Shared\Aero.Cms.Shared.csproj]
C:\Users\bbqch\proj\microbians\AeroCMS\src\Aero.Cms.Shared\Pages\Manager\PostDetailPopup.razor(49,86): warning CS8604: Possible null reference argument for parameter 'arguments' in 'LocalizedString IStringLocalizer.this[string name, params object[] arguments]'. [C:\Users\bbqch\proj\microbians\AeroCMS\src\Aero.Cms.Shared\Aero.Cms.Shared.csproj]
C:\Users\bbqch\proj\microbians\AeroCMS\src\Aero.Cms.Shared\Pages\Manager\ImportDialog.razor(102,47): warning CS8602: Dereference of a possibly null reference. [C:\Users\bbqch\proj\microbians\AeroCMS\src\Aero.Cms.Shared\Aero.Cms.Shared.csproj]
C:\Users\bbqch\proj\microbians\AeroCMS\src\Aero.Cms.Shared\Components\PageTreeGrid.razor(281,27): warning CS8602: Dereference of a possibly null reference. [C:\Users\bbqch\proj\microbians\AeroCMS\src\Aero.Cms.Shared\Aero.Cms.Shared.csproj]
C:\Users\bbqch\proj\microbians\AeroCMS\src\Aero.Cms.Shared\Components\PageTreeGrid.razor(469,17): warning CS8620: Argument of type 'Dictionary<string, object>' cannot be used for parameter 'parameters' of type 'Dictionary<string, object?>' in 'Task<dynamic?> DialogService.OpenAsync<CascadeDeleteDialog>(string title, Dictionary<string, object?>? parameters = null, DialogOptions? options = null)' due to differences in the nullability of reference types. [C:\Users\bbqch\proj\microbians\AeroCMS\src\Aero.Cms.Shared\Aero.Cms.Shared.csproj]
C:\Users\bbqch\proj\microbians\AeroCMS\src\Aero.Cms.Shared\Pages\Manager\Media.razor(337,13): warning CS8620: Argument of type 'Dictionary<string, object>' cannot be used for parameter 'parameters' of type 'Dictionary<string, object?>' in 'Task<dynamic?> DialogService.OpenAsync<MediaDetailDialog>(string title, Dictionary<string, object?>? parameters = null, DialogOptions? options = null)' due to differences in the nullability of reference types. [C:\Users\bbqch\proj\microbians\AeroCMS\src\Aero.Cms.Shared\Aero.Cms.Shared.csproj]
C:\Users\bbqch\proj\microbians\AeroCMS\src\Aero.Cms.Shared\Pages\Manager\Media.razor(344,60): warning CS8604: Possible null reference argument for parameter 'value' in 'void Dictionary<string, object>.Add(string key, object value)'. [C:\Users\bbqch\proj\microbians\AeroCMS\src\Aero.Cms.Shared\Aero.Cms.Shared.csproj]
C:\Users\bbqch\proj\microbians\AeroCMS\src\Aero.Cms.Shared\Pages\Manager\Media.razor(344,13): warning CS8620: Argument of type 'Dictionary<string, object>' cannot be used for parameter 'parameters' of type 'Dictionary<string, object?>' in 'Task<dynamic?> DialogService.OpenAsync<CreateFolderDialog>(string title, Dictionary<string, object?>? parameters = null, DialogOptions? options = null)' due to differences in the nullability of reference types. [C:\Users\bbqch\proj\microbians\AeroCMS\src\Aero.Cms.Shared\Aero.Cms.Shared.csproj]
C:\Users\bbqch\proj\microbians\AeroCMS\src\Aero.Cms.Shared\Pages\Manager\Media.razor(354,60): warning CS8604: Possible null reference argument for parameter 'value' in 'void Dictionary<string, object>.Add(string key, object value)'. [C:\Users\bbqch\proj\microbians\AeroCMS\src\Aero.Cms.Shared\Aero.Cms.Shared.csproj]
C:\Users\bbqch\proj\microbians\AeroCMS\src\Aero.Cms.Shared\Pages\Manager\Media.razor(354,13): warning CS8620: Argument of type 'Dictionary<string, object>' cannot be used for parameter 'parameters' of type 'Dictionary<string, object?>' in 'Task<dynamic?> DialogService.OpenAsync<UploadDialog>(string title, Dictionary<string, object?>? parameters = null, DialogOptions? options = null)' due to differences in the nullability of reference types. [C:\Users\bbqch\proj\microbians\AeroCMS\src\Aero.Cms.Shared\Aero.Cms.Shared.csproj]
C:\Users\bbqch\proj\microbians\AeroCMS\src\Aero.Cms.Shared\Pages\Manager\DocsEditor\DocsEditor.razor.cs(1092,20): warning CS8602: Dereference of a possibly null reference. [C:\Users\bbqch\proj\microbians\AeroCMS\src\Aero.Cms.Shared\Aero.Cms.Shared.csproj]
C:\Users\bbqch\proj\microbians\AeroCMS\src\Aero.Cms.Shared\Pages\Manager\Posts.razor(430,13): warning CS8620: Argument of type 'Dictionary<string, object>' cannot be used for parameter 'parameters' of type 'Dictionary<string, object?>' in 'Task<dynamic?> DialogService.OpenAsync<ContentAddTranslationDialog>(string title, Dictionary<string, object?>? parameters = null, DialogOptions? options = null)' due to differences in the nullability of reference types. [C:\Users\bbqch\proj\microbians\AeroCMS\src\Aero.Cms.Shared\Aero.Cms.Shared.csproj]
C:\Users\bbqch\proj\microbians\AeroCMS\src\Aero.Cms.Shared\Pages\Manager\Posts.razor(468,13): warning CS8620: Argument of type 'Dictionary<string, object>' cannot be used for parameter 'parameters' of type 'Dictionary<string, object?>' in 'Task<dynamic?> DialogService.OpenAsync<BulkTranslationDialog>(string title, Dictionary<string, object?>? parameters = null, DialogOptions? options = null)' due to differences in the nullability of reference types. [C:\Users\bbqch\proj\microbians\AeroCMS\src\Aero.Cms.Shared\Aero.Cms.Shared.csproj]
C:\Users\bbqch\proj\microbians\AeroCMS\src\Aero.Cms.Shared\Pages\Manager\NavMenuEditor.razor(322,44): warning CS8604: Possible null reference argument for parameter 'localizedString' in 'LocalizedString.implicit operator string?(LocalizedString localizedString)'. [C:\Users\bbqch\proj\microbians\AeroCMS\src\Aero.Cms.Shared\Aero.Cms.Shared.csproj]
C:\Users\bbqch\proj\microbians\AeroCMS\src\Aero.Cms.Shared\Pages\Manager\FooterEditor.razor(321,44): warning CS8604: Possible null reference argument for parameter 'localizedString' in 'LocalizedString.implicit operator string?(LocalizedString localizedString)'. [C:\Users\bbqch\proj\microbians\AeroCMS\src\Aero.Cms.Shared\Aero.Cms.Shared.csproj]
C:\Users\bbqch\proj\microbians\AeroCMS\src\Aero.Cms.Shared\Pages\Manager\PostEditor\PostEditor.razor(107,39): warning CS4014: Because this call is not awaited, execution of the current method continues before the call is completed. Consider applying the 'await' operator to the result of the call. [C:\Users\bbqch\proj\microbians\AeroCMS\src\Aero.Cms.Shared\Aero.Cms.Shared.csproj]
C:\Users\bbqch\proj\microbians\AeroCMS\src\Aero.Cms.Shared\Pages\Manager\PageEditor\PageEditor.razor(458,44): warning CS8604: Possible null reference argument for parameter 'localizedString' in 'LocalizedString.implicit operator string?(LocalizedString localizedString)'. [C:\Users\bbqch\proj\microbians\AeroCMS\src\Aero.Cms.Shared\Aero.Cms.Shared.csproj]
C:\Users\bbqch\proj\microbians\AeroCMS\src\Aero.Cms.Shared\Pages\Manager\PageEditor\PageEditor.razor(497,44): warning CS8604: Possible null reference argument for parameter 'localizedString' in 'LocalizedString.implicit operator string?(LocalizedString localizedString)'. [C:\Users\bbqch\proj\microbians\AeroCMS\src\Aero.Cms.Shared\Aero.Cms.Shared.csproj]
C:\Users\bbqch\proj\microbians\AeroCMS\src\Aero.Cms.Shared\Pages\Manager\PageEditor\PageEditor.razor(525,44): warning CS8604: Possible null reference argument for parameter 'localizedString' in 'LocalizedString.implicit operator string?(LocalizedString localizedString)'. [C:\Users\bbqch\proj\microbians\AeroCMS\src\Aero.Cms.Shared\Aero.Cms.Shared.csproj]
C:\Users\bbqch\proj\microbians\AeroCMS\src\Aero.Cms.Shared\Pages\Manager\PageEditor\PageEditor.razor(551,44): warning CS8604: Possible null reference argument for parameter 'localizedString' in 'LocalizedString.implicit operator string?(LocalizedString localizedString)'. [C:\Users\bbqch\proj\microbians\AeroCMS\src\Aero.Cms.Shared\Aero.Cms.Shared.csproj]
C:\Users\bbqch\proj\microbians\AeroCMS\src\Aero.Cms.Shared\Pages\Manager\PageEditor\PageEditor.razor(578,44): warning CS8604: Possible null reference argument for parameter 'localizedString' in 'LocalizedString.implicit operator string?(LocalizedString localizedString)'. [C:\Users\bbqch\proj\microbians\AeroCMS\src\Aero.Cms.Shared\Aero.Cms.Shared.csproj]
C:\Users\bbqch\proj\microbians\AeroCMS\src\Aero.Cms.Shared\Pages\Manager\PageEditor\PageEditor.razor(606,44): warning CS8604: Possible null reference argument for parameter 'localizedString' in 'LocalizedString.implicit operator string?(LocalizedString localizedString)'. [C:\Users\bbqch\proj\microbians\AeroCMS\src\Aero.Cms.Shared\Aero.Cms.Shared.csproj]
C:\Users\bbqch\proj\microbians\AeroCMS\src\Aero.Cms.Shared\Pages\Manager\PageEditor\PageEditor.razor(635,44): warning CS8604: Possible null reference argument for parameter 'localizedString' in 'LocalizedString.implicit operator string?(LocalizedString localizedString)'. [C:\Users\bbqch\proj\microbians\AeroCMS\src\Aero.Cms.Shared\Aero.Cms.Shared.csproj]
C:\Users\bbqch\proj\microbians\AeroCMS\src\Aero.Cms.Shared\Components\PageTreeGrid.razor(233,21): warning CS0649: Field 'PageTreeGrid._search' is never assigned to, and will always have its default value null [C:\Users\bbqch\proj\microbians\AeroCMS\src\Aero.Cms.Shared\Aero.Cms.Shared.csproj]
C:\Users\bbqch\proj\microbians\AeroCMS\src\Aero.Cms.Shared\Pages\Manager\NavMenuEditor.razor.cs(45,18): warning CS0649: Field 'NavMenuEditor._overwriteExistingTranslations' is never assigned to, and will always have its default value false [C:\Users\bbqch\proj\microbians\AeroCMS\src\Aero.Cms.Shared\Aero.Cms.Shared.csproj]
C:\Users\bbqch\proj\microbians\AeroCMS\src\Aero.Cms.Shared\Pages\Manager\FooterEditor.razor.cs(45,18): warning CS0649: Field 'FooterEditor._overwriteExistingTranslations' is never assigned to, and will always have its default value false [C:\Users\bbqch\proj\microbians\AeroCMS\src\Aero.Cms.Shared\Aero.Cms.Shared.csproj]
C:\Users\bbqch\proj\microbians\AeroCMS\src\Aero.Cms.Shared\Pages\Manager\NavMenuEditor.razor.cs(42,18): warning CS0414: The field 'NavMenuEditor._isLoadingTranslations' is assigned but its value is never used [C:\Users\bbqch\proj\microbians\AeroCMS\src\Aero.Cms.Shared\Aero.Cms.Shared.csproj]
C:\Users\bbqch\proj\microbians\AeroCMS\src\Aero.Cms.Shared\Pages\Manager\PageEditor\PageEditor.razor.cs(488,37): warning CS0414: The field 'PageEditor._blockClipboard' is assigned but its value is never used [C:\Users\bbqch\proj\microbians\AeroCMS\src\Aero.Cms.Shared\Aero.Cms.Shared.csproj]
C:\Users\bbqch\proj\microbians\AeroCMS\src\Aero.Cms.Shared\Pages\Manager\FooterEditor.razor.cs(42,18): warning CS0414: The field 'FooterEditor._isLoadingTranslations' is assigned but its value is never used [C:\Users\bbqch\proj\microbians\AeroCMS\src\Aero.Cms.Shared\Aero.Cms.Shared.csproj]
C:\Users\bbqch\proj\microbians\AeroCMS\src\Aero.Cms.Shared\Blocks\Rendering\ComponentCmsBlockRenderAdapter.cs(16,54): warning CS1574: XML comment has cref attribute 'ComponentCmsBlockRenderAdapter' that could not be resolved [C:\Users\bbqch\proj\microbians\AeroCMS\src\Aero.Cms.Shared\Aero.Cms.Shared.csproj]
C:\Users\bbqch\proj\microbians\AeroCMS\src\Aero.Cms.Shared\Services\AdminStateContainer.cs(46,31): warning CS1574: XML comment has cref attribute 'LoadFromStorageAsync(ILocalStorageService)' that could not be resolved [C:\Users\bbqch\proj\microbians\AeroCMS\src\Aero.Cms.Shared\Aero.Cms.Shared.csproj]
C:\Users\bbqch\proj\microbians\AeroCMS\src\Aero.Cms.Shared\Pages\Manager\NavMenuEditor.razor.cs(1153,33): warning ASP0006: 'sequence++' should not be used as a sequence number. Instead, use an integer literal representing source code order. (https://aka.ms/aspnet/analyzers) [C:\Users\bbqch\proj\microbians\AeroCMS\src\Aero.Cms.Shared\Aero.Cms.Shared.csproj]
C:\Users\bbqch\proj\microbians\AeroCMS\src\Aero.Cms.Shared\Pages\Manager\NavMenuEditor.razor.cs(1156,38): warning ASP0006: 'sequence++' should not be used as a sequence number. Instead, use an integer literal representing source code order. (https://aka.ms/aspnet/analyzers) [C:\Users\bbqch\proj\microbians\AeroCMS\src\Aero.Cms.Shared\Aero.Cms.Shared.csproj]
C:\Users\bbqch\proj\microbians\AeroCMS\src\Aero.Cms.Shared\Pages\Manager\NavMenuEditor.razor.cs(1165,34): warning ASP0006: 'sequence++' should not be used as a sequence number. Instead, use an integer literal representing source code order. (https://aka.ms/aspnet/analyzers) [C:\Users\bbqch\proj\microbians\AeroCMS\src\Aero.Cms.Shared\Aero.Cms.Shared.csproj]
C:\Users\bbqch\proj\microbians\AeroCMS\src\Aero.Cms.Shared\Pages\Manager\NavMenuEditor.razor.cs(1166,34): warning ASP0006: 'sequence++' should not be used as a sequence number. Instead, use an integer literal representing source code order. (https://aka.ms/aspnet/analyzers) [C:\Users\bbqch\proj\microbians\AeroCMS\src\Aero.Cms.Shared\Aero.Cms.Shared.csproj]
C:\Users\bbqch\proj\microbians\AeroCMS\src\Aero.Cms.Shared\Pages\Manager\NavMenuEditor.razor.cs(1167,34): warning ASP0006: 'sequence++' should not be used as a sequence number. Instead, use an integer literal representing source code order. (https://aka.ms/aspnet/analyzers) [C:\Users\bbqch\proj\microbians\AeroCMS\src\Aero.Cms.Shared\Aero.Cms.Shared.csproj]
C:\Users\bbqch\proj\microbians\AeroCMS\src\Aero.Cms.Shared\Pages\Manager\NavMenuEditor.razor.cs(1168,34): warning ASP0006: 'sequence++' should not be used as a sequence number. Instead, use an integer literal representing source code order. (https://aka.ms/aspnet/analyzers) [C:\Users\bbqch\proj\microbians\AeroCMS\src\Aero.Cms.Shared\Aero.Cms.Shared.csproj]
C:\Users\bbqch\proj\microbians\AeroCMS\src\Aero.Cms.Shared\Pages\Manager\NavMenuEditor.razor.cs(1175,34): warning ASP0006: 'sequence++' should not be used as a sequence number. Instead, use an integer literal representing source code order. (https://aka.ms/aspnet/analyzers) [C:\Users\bbqch\proj\microbians\AeroCMS\src\Aero.Cms.Shared\Aero.Cms.Shared.csproj]
C:\Users\bbqch\proj\microbians\AeroCMS\src\Aero.Cms.Shared\Pages\Manager\NavMenuEditor.razor.cs(1176,34): warning ASP0006: 'sequence++' should not be used as a sequence number. Instead, use an integer literal representing source code order. (https://aka.ms/aspnet/analyzers) [C:\Users\bbqch\proj\microbians\AeroCMS\src\Aero.Cms.Shared\Aero.Cms.Shared.csproj]
C:\Users\bbqch\proj\microbians\AeroCMS\src\Aero.Cms.Shared\Pages\Manager\NavMenuEditor.razor.cs(1177,34): warning ASP0006: 'sequence++' should not be used as a sequence number. Instead, use an integer literal representing source code order. (https://aka.ms/aspnet/analyzers) [C:\Users\bbqch\proj\microbians\AeroCMS\src\Aero.Cms.Shared\Aero.Cms.Shared.csproj]
C:\Users\bbqch\proj\microbians\AeroCMS\src\Aero.Cms.Shared\Pages\Manager\NavMenuEditor.razor.cs(1178,34): warning ASP0006: 'sequence++' should not be used as a sequence number. Instead, use an integer literal representing source code order. (https://aka.ms/aspnet/analyzers) [C:\Users\bbqch\proj\microbians\AeroCMS\src\Aero.Cms.Shared\Aero.Cms.Shared.csproj]
C:\Users\bbqch\proj\microbians\AeroCMS\src\Aero.Cms.Shared\Pages\Manager\NavMenuEditor.razor.cs(1179,34): warning ASP0006: 'sequence++' should not be used as a sequence number. Instead, use an integer literal representing source code order. (https://aka.ms/aspnet/analyzers) [C:\Users\bbqch\proj\microbians\AeroCMS\src\Aero.Cms.Shared\Aero.Cms.Shared.csproj]
C:\Users\bbqch\proj\microbians\AeroCMS\src\Aero.Cms.Shared\Pages\Manager\NavMenuEditor.razor.cs(1186,34): warning ASP0006: 'sequence++' should not be used as a sequence number. Instead, use an integer literal representing source code order. (https://aka.ms/aspnet/analyzers) [C:\Users\bbqch\proj\microbians\AeroCMS\src\Aero.Cms.Shared\Aero.Cms.Shared.csproj]
C:\Users\bbqch\proj\microbians\AeroCMS\src\Aero.Cms.Shared\Pages\Manager\NavMenuEditor.razor.cs(1187,34): warning ASP0006: 'sequence++' should not be used as a sequence number. Instead, use an integer literal representing source code order. (https://aka.ms/aspnet/analyzers) [C:\Users\bbqch\proj\microbians\AeroCMS\src\Aero.Cms.Shared\Aero.Cms.Shared.csproj]
C:\Users\bbqch\proj\microbians\AeroCMS\src\Aero.Cms.Shared\Pages\Manager\NavMenuEditor.razor.cs(1188,34): warning ASP0006: 'sequence++' should not be used as a sequence number. Instead, use an integer literal representing source code order. (https://aka.ms/aspnet/analyzers) [C:\Users\bbqch\proj\microbians\AeroCMS\src\Aero.Cms.Shared\Aero.Cms.Shared.csproj]
C:\Users\bbqch\proj\microbians\AeroCMS\src\Aero.Cms.Shared\Pages\Manager\NavMenuEditor.razor.cs(1192,38): warning ASP0006: 'sequence++' should not be used as a sequence number. Instead, use an integer literal representing source code order. (https://aka.ms/aspnet/analyzers) [C:\Users\bbqch\proj\microbians\AeroCMS\src\Aero.Cms.Shared\Aero.Cms.Shared.csproj]
C:\Users\bbqch\proj\microbians\AeroCMS\src\Aero.Cms.Shared\Pages\Manager\NavMenuEditor.razor.cs(1193,36): warning ASP0006: 'sequence++' should not be used as a sequence number. Instead, use an integer literal representing source code order. (https://aka.ms/aspnet/analyzers) [C:\Users\bbqch\proj\microbians\AeroCMS\src\Aero.Cms.Shared\Aero.Cms.Shared.csproj]
C:\Users\bbqch\proj\microbians\AeroCMS\src\Aero.Cms.Shared\Pages\Manager\NavMenuEditor.razor.cs(1234,38): warning ASP0006: 'sequence++' should not be used as a sequence number. Instead, use an integer literal representing source code order. (https://aka.ms/aspnet/analyzers) [C:\Users\bbqch\proj\microbians\AeroCMS\src\Aero.Cms.Shared\Aero.Cms.Shared.csproj]
C:\Users\bbqch\proj\microbians\AeroCMS\src\Aero.Cms.Shared\Pages\Manager\NavMenuEditor.razor.cs(1236,38): warning ASP0006: 'sequence++' should not be used as a sequence number. Instead, use an integer literal representing source code order. (https://aka.ms/aspnet/analyzers) [C:\Users\bbqch\proj\microbians\AeroCMS\src\Aero.Cms.Shared\Aero.Cms.Shared.csproj]
C:\Users\bbqch\proj\microbians\AeroCMS\src\Aero.Cms.Shared\Pages\Manager\NavMenuEditor.razor.cs(1237,38): warning ASP0006: 'sequence++' should not be used as a sequence number. Instead, use an integer literal representing source code order. (https://aka.ms/aspnet/analyzers) [C:\Users\bbqch\proj\microbians\AeroCMS\src\Aero.Cms.Shared\Aero.Cms.Shared.csproj]
C:\Users\bbqch\proj\microbians\AeroCMS\src\Aero.Cms.Shared\Pages\Manager\NavMenuEditor.razor.cs(1238,38): warning ASP0006: 'sequence++' should not be used as a sequence number. Instead, use an integer literal representing source code order. (https://aka.ms/aspnet/analyzers) [C:\Users\bbqch\proj\microbians\AeroCMS\src\Aero.Cms.Shared\Aero.Cms.Shared.csproj]
C:\Users\bbqch\proj\microbians\AeroCMS\src\Aero.Cms.Shared\Pages\Manager\NavMenuEditor.razor.cs(1240,36): warning ASP0006: 'sequence++' should not be used as a sequence number. Instead, use an integer literal representing source code order. (https://aka.ms/aspnet/analyzers) [C:\Users\bbqch\proj\microbians\AeroCMS\src\Aero.Cms.Shared\Aero.Cms.Shared.csproj]
C:\Users\bbqch\proj\microbians\AeroCMS\src\Aero.Cms.Shared\Pages\Manager\FooterEditor.razor.cs(1250,33): warning ASP0006: 'sequence++' should not be used as a sequence number. Instead, use an integer literal representing source code order. (https://aka.ms/aspnet/analyzers) [C:\Users\bbqch\proj\microbians\AeroCMS\src\Aero.Cms.Shared\Aero.Cms.Shared.csproj]
C:\Users\bbqch\proj\microbians\AeroCMS\src\Aero.Cms.Shared\Pages\Manager\FooterEditor.razor.cs(1253,38): warning ASP0006: 'sequence++' should not be used as a sequence number. Instead, use an integer literal representing source code order. (https://aka.ms/aspnet/analyzers) [C:\Users\bbqch\proj\microbians\AeroCMS\src\Aero.Cms.Shared\Aero.Cms.Shared.csproj]
C:\Users\bbqch\proj\microbians\AeroCMS\src\Aero.Cms.Shared\Pages\Manager\FooterEditor.razor.cs(1262,34): warning ASP0006: 'sequence++' should not be used as a sequence number. Instead, use an integer literal representing source code order. (https://aka.ms/aspnet/analyzers) [C:\Users\bbqch\proj\microbians\AeroCMS\src\Aero.Cms.Shared\Aero.Cms.Shared.csproj]
C:\Users\bbqch\proj\microbians\AeroCMS\src\Aero.Cms.Shared\Pages\Manager\FooterEditor.razor.cs(1263,34): warning ASP0006: 'sequence++' should not be used as a sequence number. Instead, use an integer literal representing source code order. (https://aka.ms/aspnet/analyzers) [C:\Users\bbqch\proj\microbians\AeroCMS\src\Aero.Cms.Shared\Aero.Cms.Shared.csproj]
C:\Users\bbqch\proj\microbians\AeroCMS\src\Aero.Cms.Shared\Pages\Manager\FooterEditor.razor.cs(1264,34): warning ASP0006: 'sequence++' should not be used as a sequence number. Instead, use an integer literal representing source code order. (https://aka.ms/aspnet/analyzers) [C:\Users\bbqch\proj\microbians\AeroCMS\src\Aero.Cms.Shared\Aero.Cms.Shared.csproj]
C:\Users\bbqch\proj\microbians\AeroCMS\src\Aero.Cms.Shared\Pages\Manager\FooterEditor.razor.cs(1265,34): warning ASP0006: 'sequence++' should not be used as a sequence number. Instead, use an integer literal representing source code order. (https://aka.ms/aspnet/analyzers) [C:\Users\bbqch\proj\microbians\AeroCMS\src\Aero.Cms.Shared\Aero.Cms.Shared.csproj]
C:\Users\bbqch\proj\microbians\AeroCMS\src\Aero.Cms.Shared\Pages\Manager\FooterEditor.razor.cs(1272,34): warning ASP0006: 'sequence++' should not be used as a sequence number. Instead, use an integer literal representing source code order. (https://aka.ms/aspnet/analyzers) [C:\Users\bbqch\proj\microbians\AeroCMS\src\Aero.Cms.Shared\Aero.Cms.Shared.csproj]
C:\Users\bbqch\proj\microbians\AeroCMS\src\Aero.Cms.Shared\Pages\Manager\FooterEditor.razor.cs(1273,34): warning ASP0006: 'sequence++' should not be used as a sequence number. Instead, use an integer literal representing source code order. (https://aka.ms/aspnet/analyzers) [C:\Users\bbqch\proj\microbians\AeroCMS\src\Aero.Cms.Shared\Aero.Cms.Shared.csproj]
C:\Users\bbqch\proj\microbians\AeroCMS\src\Aero.Cms.Shared\Pages\Manager\FooterEditor.razor.cs(1274,34): warning ASP0006: 'sequence++' should not be used as a sequence number. Instead, use an integer literal representing source code order. (https://aka.ms/aspnet/analyzers) [C:\Users\bbqch\proj\microbians\AeroCMS\src\Aero.Cms.Shared\Aero.Cms.Shared.csproj]
C:\Users\bbqch\proj\microbians\AeroCMS\src\Aero.Cms.Shared\Pages\Manager\FooterEditor.razor.cs(1275,34): warning ASP0006: 'sequence++' should not be used as a sequence number. Instead, use an integer literal representing source code order. (https://aka.ms/aspnet/analyzers) [C:\Users\bbqch\proj\microbians\AeroCMS\src\Aero.Cms.Shared\Aero.Cms.Shared.csproj]
C:\Users\bbqch\proj\microbians\AeroCMS\src\Aero.Cms.Shared\Pages\Manager\FooterEditor.razor.cs(1276,34): warning ASP0006: 'sequence++' should not be used as a sequence number. Instead, use an integer literal representing source code order. (https://aka.ms/aspnet/analyzers) [C:\Users\bbqch\proj\microbians\AeroCMS\src\Aero.Cms.Shared\Aero.Cms.Shared.csproj]
C:\Users\bbqch\proj\microbians\AeroCMS\src\Aero.Cms.Shared\Pages\Manager\FooterEditor.razor.cs(1297,38): warning ASP0006: 'sequence++' should not be used as a sequence number. Instead, use an integer literal representing source code order. (https://aka.ms/aspnet/analyzers) [C:\Users\bbqch\proj\microbians\AeroCMS\src\Aero.Cms.Shared\Aero.Cms.Shared.csproj]
C:\Users\bbqch\proj\microbians\AeroCMS\src\Aero.Cms.Shared\Pages\Manager\FooterEditor.razor.cs(1298,38): warning ASP0006: 'sequence++' should not be used as a sequence number. Instead, use an integer literal representing source code order. (https://aka.ms/aspnet/analyzers) [C:\Users\bbqch\proj\microbians\AeroCMS\src\Aero.Cms.Shared\Aero.Cms.Shared.csproj]
C:\Users\bbqch\proj\microbians\AeroCMS\src\Aero.Cms.Shared\Pages\Manager\FooterEditor.razor.cs(1299,36): warning ASP0006: 'sequence++' should not be used as a sequence number. Instead, use an integer literal representing source code order. (https://aka.ms/aspnet/analyzers) [C:\Users\bbqch\proj\microbians\AeroCMS\src\Aero.Cms.Shared\Aero.Cms.Shared.csproj]
C:\Users\bbqch\proj\microbians\AeroCMS\src\Aero.Cms.Shared\Pages\Manager\FooterEditor.razor.cs(1325,38): warning ASP0006: 'sequence++' should not be used as a sequence number. Instead, use an integer literal representing source code order. (https://aka.ms/aspnet/analyzers) [C:\Users\bbqch\proj\microbians\AeroCMS\src\Aero.Cms.Shared\Aero.Cms.Shared.csproj]
C:\Users\bbqch\proj\microbians\AeroCMS\src\Aero.Cms.Shared\Pages\Manager\FooterEditor.razor.cs(1326,38): warning ASP0006: 'sequence++' should not be used as a sequence number. Instead, use an integer literal representing source code order. (https://aka.ms/aspnet/analyzers) [C:\Users\bbqch\proj\microbians\AeroCMS\src\Aero.Cms.Shared\Aero.Cms.Shared.csproj]
C:\Users\bbqch\proj\microbians\AeroCMS\src\Aero.Cms.Shared\Pages\Manager\FooterEditor.razor.cs(1327,36): warning ASP0006: 'sequence++' should not be used as a sequence number. Instead, use an integer literal representing source code order. (https://aka.ms/aspnet/analyzers) [C:\Users\bbqch\proj\microbians\AeroCMS\src\Aero.Cms.Shared\Aero.Cms.Shared.csproj]
C:\Program Files\dotnet\sdk\10.0.301\Microsoft.Common.CurrentVersion.targets(2453,5): warning MSB3277: Found conflicts between different versions of "Microsoft.AspNetCore.Http.Abstractions" that could not be resolved. [C:\Users\bbqch\proj\microbians\AeroCMS\src\Aero.Cms.Ui.Neo\Aero.Cms.Ui.Neo.csproj]
C:\Program Files\dotnet\sdk\10.0.301\Microsoft.Common.CurrentVersion.targets(2453,5): warning MSB3277: There was a conflict between "Microsoft.AspNetCore.Http.Abstractions, Version=2.3.11.0, Culture=neutral, PublicKeyToken=adb9793829ddae60" and "Microsoft.AspNetCore.Http.Abstractions, Version=10.0.0.0, Culture=neutral, PublicKeyToken=adb9793829ddae60". [C:\Users\bbqch\proj\microbians\AeroCMS\src\Aero.Cms.Ui.Neo\Aero.Cms.Ui.Neo.csproj]
C:\Program Files\dotnet\sdk\10.0.301\Microsoft.Common.CurrentVersion.targets(2453,5): warning MSB3277:     "Microsoft.AspNetCore.Http.Abstractions, Version=2.3.11.0, Culture=neutral, PublicKeyToken=adb9793829ddae60" was chosen because it was primary and "Microsoft.AspNetCore.Http.Abstractions, Version=10.0.0.0, Culture=neutral, PublicKeyToken=adb9793829ddae60" was not. [C:\Users\bbqch\proj\microbians\AeroCMS\src\Aero.Cms.Ui.Neo\Aero.Cms.Ui.Neo.csproj]
C:\Program Files\dotnet\sdk\10.0.301\Microsoft.Common.CurrentVersion.targets(2453,5): warning MSB3277:     References which depend on "Microsoft.AspNetCore.Http.Abstractions, Version=2.3.11.0, Culture=neutral, PublicKeyToken=adb9793829ddae60" [D:\nuget-cache\microsoft.aspnetcore.http.abstractions\2.3.11\lib\netstandard2.0\Microsoft.AspNetCore.Http.Abstractions.dll]. [C:\Users\bbqch\proj\microbians\AeroCMS\src\Aero.Cms.Ui.Neo\Aero.Cms.Ui.Neo.csproj]
C:\Program Files\dotnet\sdk\10.0.301\Microsoft.Common.CurrentVersion.targets(2453,5): warning MSB3277:         D:\nuget-cache\microsoft.aspnetcore.http.abstractions\2.3.11\lib\netstandard2.0\Microsoft.AspNetCore.Http.Abstractions.dll [C:\Users\bbqch\proj\microbians\AeroCMS\src\Aero.Cms.Ui.Neo\Aero.Cms.Ui.Neo.csproj]
C:\Program Files\dotnet\sdk\10.0.301\Microsoft.Common.CurrentVersion.targets(2453,5): warning MSB3277:           Project file item includes which caused reference "D:\nuget-cache\microsoft.aspnetcore.http.abstractions\2.3.11\lib\netstandard2.0\Microsoft.AspNetCore.Http.Abstractions.dll". [C:\Users\bbqch\proj\microbians\AeroCMS\src\Aero.Cms.Ui.Neo\Aero.Cms.Ui.Neo.csproj]
C:\Program Files\dotnet\sdk\10.0.301\Microsoft.Common.CurrentVersion.targets(2453,5): warning MSB3277:             D:\nuget-cache\microsoft.aspnetcore.http.abstractions\2.3.11\lib\netstandard2.0\Microsoft.AspNetCore.Http.Abstractions.dll [C:\Users\bbqch\proj\microbians\AeroCMS\src\Aero.Cms.Ui.Neo\Aero.Cms.Ui.Neo.csproj]
C:\Program Files\dotnet\sdk\10.0.301\Microsoft.Common.CurrentVersion.targets(2453,5): warning MSB3277:     References which depend on or have been unified to "Microsoft.AspNetCore.Http.Abstractions, Version=10.0.0.0, Culture=neutral, PublicKeyToken=adb9793829ddae60" []. [C:\Users\bbqch\proj\microbians\AeroCMS\src\Aero.Cms.Ui.Neo\Aero.Cms.Ui.Neo.csproj]
C:\Program Files\dotnet\sdk\10.0.301\Microsoft.Common.CurrentVersion.targets(2453,5): warning MSB3277:         C:\Users\bbqch\proj\microbians\AeroCMS\src\Aero.Cms.Shared\bin\Debug\net10.0\Aero.Cms.Shared.dll [C:\Users\bbqch\proj\microbians\AeroCMS\src\Aero.Cms.Ui.Neo\Aero.Cms.Ui.Neo.csproj]
C:\Program Files\dotnet\sdk\10.0.301\Microsoft.Common.CurrentVersion.targets(2453,5): warning MSB3277:           Project file item includes which caused reference "C:\Users\bbqch\proj\microbians\AeroCMS\src\Aero.Cms.Shared\bin\Debug\net10.0\Aero.Cms.Shared.dll". [C:\Users\bbqch\proj\microbians\AeroCMS\src\Aero.Cms.Ui.Neo\Aero.Cms.Ui.Neo.csproj]
C:\Program Files\dotnet\sdk\10.0.301\Microsoft.Common.CurrentVersion.targets(2453,5): warning MSB3277:             C:\Users\bbqch\proj\microbians\AeroCMS\src\Aero.Cms.Shared\bin\Debug\net10.0\Aero.Cms.Shared.dll [C:\Users\bbqch\proj\microbians\AeroCMS\src\Aero.Cms.Ui.Neo\Aero.Cms.Ui.Neo.csproj]
C:\Program Files\dotnet\sdk\10.0.301\Microsoft.Common.CurrentVersion.targets(2453,5): warning MSB3277:         C:\Users\bbqch\proj\microbians\AeroCMS\Aero\src\Aero.Auth\bin\Debug\net10.0\Aero.Auth.dll [C:\Users\bbqch\proj\microbians\AeroCMS\src\Aero.Cms.Ui.Neo\Aero.Cms.Ui.Neo.csproj]
C:\Program Files\dotnet\sdk\10.0.301\Microsoft.Common.CurrentVersion.targets(2453,5): warning MSB3277:           Project file item includes which caused reference "C:\Users\bbqch\proj\microbians\AeroCMS\Aero\src\Aero.Auth\bin\Debug\net10.0\Aero.Auth.dll". [C:\Users\bbqch\proj\microbians\AeroCMS\src\Aero.Cms.Ui.Neo\Aero.Cms.Ui.Neo.csproj]
C:\Program Files\dotnet\sdk\10.0.301\Microsoft.Common.CurrentVersion.targets(2453,5): warning MSB3277:             C:\Users\bbqch\proj\microbians\AeroCMS\Aero\src\Aero.Auth\bin\Debug\net10.0\Aero.Auth.dll [C:\Users\bbqch\proj\microbians\AeroCMS\src\Aero.Cms.Ui.Neo\Aero.Cms.Ui.Neo.csproj]
C:\Program Files\dotnet\sdk\10.0.301\Microsoft.Common.CurrentVersion.targets(2453,5): warning MSB3277:             C:\Users\bbqch\proj\microbians\AeroCMS\Aero\src\Aero.Marten\bin\Debug\net10.0\Aero.Marten.dll [C:\Users\bbqch\proj\microbians\AeroCMS\src\Aero.Cms.Ui.Neo\Aero.Cms.Ui.Neo.csproj]
C:\Program Files\dotnet\sdk\10.0.301\Microsoft.Common.CurrentVersion.targets(2453,5): warning MSB3277:         C:\Users\bbqch\proj\microbians\AeroCMS\src\Aero.Cms.Shared\bin\Debug\net10.0\AeroDB.Sable.dll [C:\Users\bbqch\proj\microbians\AeroCMS\src\Aero.Cms.Ui.Neo\Aero.Cms.Ui.Neo.csproj]
C:\Program Files\dotnet\sdk\10.0.301\Microsoft.Common.CurrentVersion.targets(2453,5): warning MSB3277:           Project file item includes which caused reference "C:\Users\bbqch\proj\microbians\AeroCMS\src\Aero.Cms.Shared\bin\Debug\net10.0\AeroDB.Sable.dll". [C:\Users\bbqch\proj\microbians\AeroCMS\src\Aero.Cms.Ui.Neo\Aero.Cms.Ui.Neo.csproj]
C:\Program Files\dotnet\sdk\10.0.301\Microsoft.Common.CurrentVersion.targets(2453,5): warning MSB3277:             C:\Users\bbqch\proj\microbians\AeroCMS\src\Aero.Cms.Shared\bin\Debug\net10.0\Aero.Cms.Shared.dll [C:\Users\bbqch\proj\microbians\AeroCMS\src\Aero.Cms.Ui.Neo\Aero.Cms.Ui.Neo.csproj]
C:\Program Files\dotnet\sdk\10.0.301\Microsoft.Common.CurrentVersion.targets(2453,5): warning MSB3277: Found conflicts between different versions of "Microsoft.AspNetCore.Http.Abstractions" that could not be resolved. [C:\Users\bbqch\proj\microbians\AeroCMS\src\Aero.Cms.Ui.Hyper\Aero.Cms.Ui.Hyper.csproj]
C:\Program Files\dotnet\sdk\10.0.301\Microsoft.Common.CurrentVersion.targets(2453,5): warning MSB3277: There was a conflict between "Microsoft.AspNetCore.Http.Abstractions, Version=2.3.11.0, Culture=neutral, PublicKeyToken=adb9793829ddae60" and "Microsoft.AspNetCore.Http.Abstractions, Version=10.0.0.0, Culture=neutral, PublicKeyToken=adb9793829ddae60". [C:\Users\bbqch\proj\microbians\AeroCMS\src\Aero.Cms.Ui.Hyper\Aero.Cms.Ui.Hyper.csproj]
C:\Program Files\dotnet\sdk\10.0.301\Microsoft.Common.CurrentVersion.targets(2453,5): warning MSB3277:     "Microsoft.AspNetCore.Http.Abstractions, Version=2.3.11.0, Culture=neutral, PublicKeyToken=adb9793829ddae60" was chosen because it was primary and "Microsoft.AspNetCore.Http.Abstractions, Version=10.0.0.0, Culture=neutral, PublicKeyToken=adb9793829ddae60" was not. [C:\Users\bbqch\proj\microbians\AeroCMS\src\Aero.Cms.Ui.Hyper\Aero.Cms.Ui.Hyper.csproj]
C:\Program Files\dotnet\sdk\10.0.301\Microsoft.Common.CurrentVersion.targets(2453,5): warning MSB3277:     References which depend on "Microsoft.AspNetCore.Http.Abstractions, Version=2.3.11.0, Culture=neutral, PublicKeyToken=adb9793829ddae60" [D:\nuget-cache\microsoft.aspnetcore.http.abstractions\2.3.11\lib\netstandard2.0\Microsoft.AspNetCore.Http.Abstractions.dll]. [C:\Users\bbqch\proj\microbians\AeroCMS\src\Aero.Cms.Ui.Hyper\Aero.Cms.Ui.Hyper.csproj]
C:\Program Files\dotnet\sdk\10.0.301\Microsoft.Common.CurrentVersion.targets(2453,5): warning MSB3277:         D:\nuget-cache\microsoft.aspnetcore.http.abstractions\2.3.11\lib\netstandard2.0\Microsoft.AspNetCore.Http.Abstractions.dll [C:\Users\bbqch\proj\microbians\AeroCMS\src\Aero.Cms.Ui.Hyper\Aero.Cms.Ui.Hyper.csproj]
C:\Program Files\dotnet\sdk\10.0.301\Microsoft.Common.CurrentVersion.targets(2453,5): warning MSB3277:           Project file item includes which caused reference "D:\nuget-cache\microsoft.aspnetcore.http.abstractions\2.3.11\lib\netstandard2.0\Microsoft.AspNetCore.Http.Abstractions.dll". [C:\Users\bbqch\proj\microbians\AeroCMS\src\Aero.Cms.Ui.Hyper\Aero.Cms.Ui.Hyper.csproj]
C:\Program Files\dotnet\sdk\10.0.301\Microsoft.Common.CurrentVersion.targets(2453,5): warning MSB3277:             D:\nuget-cache\microsoft.aspnetcore.http.abstractions\2.3.11\lib\netstandard2.0\Microsoft.AspNetCore.Http.Abstractions.dll [C:\Users\bbqch\proj\microbians\AeroCMS\src\Aero.Cms.Ui.Hyper\Aero.Cms.Ui.Hyper.csproj]
C:\Program Files\dotnet\sdk\10.0.301\Microsoft.Common.CurrentVersion.targets(2453,5): warning MSB3277:     References which depend on or have been unified to "Microsoft.AspNetCore.Http.Abstractions, Version=10.0.0.0, Culture=neutral, PublicKeyToken=adb9793829ddae60" []. [C:\Users\bbqch\proj\microbians\AeroCMS\src\Aero.Cms.Ui.Hyper\Aero.Cms.Ui.Hyper.csproj]
C:\Program Files\dotnet\sdk\10.0.301\Microsoft.Common.CurrentVersion.targets(2453,5): warning MSB3277:         C:\Users\bbqch\proj\microbians\AeroCMS\src\Aero.Cms.Shared\bin\Debug\net10.0\Aero.Cms.Shared.dll [C:\Users\bbqch\proj\microbians\AeroCMS\src\Aero.Cms.Ui.Hyper\Aero.Cms.Ui.Hyper.csproj]
C:\Program Files\dotnet\sdk\10.0.301\Microsoft.Common.CurrentVersion.targets(2453,5): warning MSB3277:           Project file item includes which caused reference "C:\Users\bbqch\proj\microbians\AeroCMS\src\Aero.Cms.Shared\bin\Debug\net10.0\Aero.Cms.Shared.dll". [C:\Users\bbqch\proj\microbians\AeroCMS\src\Aero.Cms.Ui.Hyper\Aero.Cms.Ui.Hyper.csproj]
C:\Program Files\dotnet\sdk\10.0.301\Microsoft.Common.CurrentVersion.targets(2453,5): warning MSB3277:             C:\Users\bbqch\proj\microbians\AeroCMS\src\Aero.Cms.Shared\bin\Debug\net10.0\Aero.Cms.Shared.dll [C:\Users\bbqch\proj\microbians\AeroCMS\src\Aero.Cms.Ui.Hyper\Aero.Cms.Ui.Hyper.csproj]
C:\Program Files\dotnet\sdk\10.0.301\Microsoft.Common.CurrentVersion.targets(2453,5): warning MSB3277:         C:\Users\bbqch\proj\microbians\AeroCMS\Aero\src\Aero.Auth\bin\Debug\net10.0\Aero.Auth.dll [C:\Users\bbqch\proj\microbians\AeroCMS\src\Aero.Cms.Ui.Hyper\Aero.Cms.Ui.Hyper.csproj]
C:\Program Files\dotnet\sdk\10.0.301\Microsoft.Common.CurrentVersion.targets(2453,5): warning MSB3277:           Project file item includes which caused reference "C:\Users\bbqch\proj\microbians\AeroCMS\Aero\src\Aero.Auth\bin\Debug\net10.0\Aero.Auth.dll". [C:\Users\bbqch\proj\microbians\AeroCMS\src\Aero.Cms.Ui.Hyper\Aero.Cms.Ui.Hyper.csproj]
C:\Program Files\dotnet\sdk\10.0.301\Microsoft.Common.CurrentVersion.targets(2453,5): warning MSB3277:             C:\Users\bbqch\proj\microbians\AeroCMS\Aero\src\Aero.Auth\bin\Debug\net10.0\Aero.Auth.dll [C:\Users\bbqch\proj\microbians\AeroCMS\src\Aero.Cms.Ui.Hyper\Aero.Cms.Ui.Hyper.csproj]
C:\Program Files\dotnet\sdk\10.0.301\Microsoft.Common.CurrentVersion.targets(2453,5): warning MSB3277:             C:\Users\bbqch\proj\microbians\AeroCMS\Aero\src\Aero.Marten\bin\Debug\net10.0\Aero.Marten.dll [C:\Users\bbqch\proj\microbians\AeroCMS\src\Aero.Cms.Ui.Hyper\Aero.Cms.Ui.Hyper.csproj]
C:\Program Files\dotnet\sdk\10.0.301\Microsoft.Common.CurrentVersion.targets(2453,5): warning MSB3277:         C:\Users\bbqch\proj\microbians\AeroCMS\src\Aero.Cms.Shared\bin\Debug\net10.0\AeroDB.Sable.dll [C:\Users\bbqch\proj\microbians\AeroCMS\src\Aero.Cms.Ui.Hyper\Aero.Cms.Ui.Hyper.csproj]
C:\Program Files\dotnet\sdk\10.0.301\Microsoft.Common.CurrentVersion.targets(2453,5): warning MSB3277:           Project file item includes which caused reference "C:\Users\bbqch\proj\microbians\AeroCMS\src\Aero.Cms.Shared\bin\Debug\net10.0\AeroDB.Sable.dll". [C:\Users\bbqch\proj\microbians\AeroCMS\src\Aero.Cms.Ui.Hyper\Aero.Cms.Ui.Hyper.csproj]
C:\Program Files\dotnet\sdk\10.0.301\Microsoft.Common.CurrentVersion.targets(2453,5): warning MSB3277:             C:\Users\bbqch\proj\microbians\AeroCMS\src\Aero.Cms.Shared\bin\Debug\net10.0\Aero.Cms.Shared.dll [C:\Users\bbqch\proj\microbians\AeroCMS\src\Aero.Cms.Ui.Hyper\Aero.Cms.Ui.Hyper.csproj]
C:\Program Files\dotnet\sdk\10.0.301\Microsoft.Common.CurrentVersion.targets(2453,5): warning MSB3277: Found conflicts between different versions of "Dahomey.Cbor" that could not be resolved. [C:\Users\bbqch\proj\microbians\AeroCMS\src\Aero.Cms\Aero.Cms.csproj::TargetFramework=net10.0]
C:\Program Files\dotnet\sdk\10.0.301\Microsoft.Common.CurrentVersion.targets(2453,5): warning MSB3277: There was a conflict between "Dahomey.Cbor, Version=1.26.1.0, Culture=neutral, PublicKeyToken=4b44a4ea904ba37e" and "Dahomey.Cbor, Version=1.26.3.0, Culture=neutral, PublicKeyToken=4b44a4ea904ba37e". [C:\Users\bbqch\proj\microbians\AeroCMS\src\Aero.Cms\Aero.Cms.csproj::TargetFramework=net10.0]
C:\Program Files\dotnet\sdk\10.0.301\Microsoft.Common.CurrentVersion.targets(2453,5): warning MSB3277:     "Dahomey.Cbor, Version=1.26.1.0, Culture=neutral, PublicKeyToken=4b44a4ea904ba37e" was chosen because it was primary and "Dahomey.Cbor, Version=1.26.3.0, Culture=neutral, PublicKeyToken=4b44a4ea904ba37e" was not. [C:\Users\bbqch\proj\microbians\AeroCMS\src\Aero.Cms\Aero.Cms.csproj::TargetFramework=net10.0]
C:\Program Files\dotnet\sdk\10.0.301\Microsoft.Common.CurrentVersion.targets(2453,5): warning MSB3277:     References which depend on "Dahomey.Cbor, Version=1.26.1.0, Culture=neutral, PublicKeyToken=4b44a4ea904ba37e" [D:\nuget-cache\dahomey.cbor\1.26.1\lib\net10.0\Dahomey.Cbor.dll]. [C:\Users\bbqch\proj\microbians\AeroCMS\src\Aero.Cms\Aero.Cms.csproj::TargetFramework=net10.0]
C:\Program Files\dotnet\sdk\10.0.301\Microsoft.Common.CurrentVersion.targets(2453,5): warning MSB3277:         D:\nuget-cache\dahomey.cbor\1.26.1\lib\net10.0\Dahomey.Cbor.dll [C:\Users\bbqch\proj\microbians\AeroCMS\src\Aero.Cms\Aero.Cms.csproj::TargetFramework=net10.0]
C:\Program Files\dotnet\sdk\10.0.301\Microsoft.Common.CurrentVersion.targets(2453,5): warning MSB3277:           Project file item includes which caused reference "D:\nuget-cache\dahomey.cbor\1.26.1\lib\net10.0\Dahomey.Cbor.dll". [C:\Users\bbqch\proj\microbians\AeroCMS\src\Aero.Cms\Aero.Cms.csproj::TargetFramework=net10.0]
C:\Program Files\dotnet\sdk\10.0.301\Microsoft.Common.CurrentVersion.targets(2453,5): warning MSB3277:             D:\nuget-cache\dahomey.cbor\1.26.1\lib\net10.0\Dahomey.Cbor.dll [C:\Users\bbqch\proj\microbians\AeroCMS\src\Aero.Cms\Aero.Cms.csproj::TargetFramework=net10.0]
C:\Program Files\dotnet\sdk\10.0.301\Microsoft.Common.CurrentVersion.targets(2453,5): warning MSB3277:     References which depend on or have been unified to "Dahomey.Cbor, Version=1.26.3.0, Culture=neutral, PublicKeyToken=4b44a4ea904ba37e" []. [C:\Users\bbqch\proj\microbians\AeroCMS\src\Aero.Cms\Aero.Cms.csproj::TargetFramework=net10.0]
C:\Program Files\dotnet\sdk\10.0.301\Microsoft.Common.CurrentVersion.targets(2453,5): warning MSB3277:         C:\Users\bbqch\proj\microbians\AeroCMS\src\Aero.Cms.Shared\bin\Debug\net10.0\AeroDB.Sable.dll [C:\Users\bbqch\proj\microbians\AeroCMS\src\Aero.Cms\Aero.Cms.csproj::TargetFramework=net10.0]
C:\Program Files\dotnet\sdk\10.0.301\Microsoft.Common.CurrentVersion.targets(2453,5): warning MSB3277:           Project file item includes which caused reference "C:\Users\bbqch\proj\microbians\AeroCMS\src\Aero.Cms.Shared\bin\Debug\net10.0\AeroDB.Sable.dll". [C:\Users\bbqch\proj\microbians\AeroCMS\src\Aero.Cms\Aero.Cms.csproj::TargetFramework=net10.0]
C:\Program Files\dotnet\sdk\10.0.301\Microsoft.Common.CurrentVersion.targets(2453,5): warning MSB3277:             C:\Users\bbqch\proj\microbians\AeroCMS\src\Aero.Cms.Shared\bin\Debug\net10.0\Aero.Cms.Shared.dll [C:\Users\bbqch\proj\microbians\AeroCMS\src\Aero.Cms\Aero.Cms.csproj::TargetFramework=net10.0]
C:\Program Files\dotnet\sdk\10.0.301\Microsoft.Common.CurrentVersion.targets(2453,5): warning MSB3277: Found conflicts between different versions of "Dahomey.Cbor" that could not be resolved. [C:\Users\bbqch\proj\microbians\AeroCMS\src\Aero.Cms\Aero.Cms.csproj::TargetFramework=net10.0-windows10.0.19041.0]
C:\Program Files\dotnet\sdk\10.0.301\Microsoft.Common.CurrentVersion.targets(2453,5): warning MSB3277: There was a conflict between "Dahomey.Cbor, Version=1.26.1.0, Culture=neutral, PublicKeyToken=4b44a4ea904ba37e" and "Dahomey.Cbor, Version=1.26.3.0, Culture=neutral, PublicKeyToken=4b44a4ea904ba37e". [C:\Users\bbqch\proj\microbians\AeroCMS\src\Aero.Cms\Aero.Cms.csproj::TargetFramework=net10.0-windows10.0.19041.0]
C:\Program Files\dotnet\sdk\10.0.301\Microsoft.Common.CurrentVersion.targets(2453,5): warning MSB3277:     "Dahomey.Cbor, Version=1.26.1.0, Culture=neutral, PublicKeyToken=4b44a4ea904ba37e" was chosen because it was primary and "Dahomey.Cbor, Version=1.26.3.0, Culture=neutral, PublicKeyToken=4b44a4ea904ba37e" was not. [C:\Users\bbqch\proj\microbians\AeroCMS\src\Aero.Cms\Aero.Cms.csproj::TargetFramework=net10.0-windows10.0.19041.0]
C:\Program Files\dotnet\sdk\10.0.301\Microsoft.Common.CurrentVersion.targets(2453,5): warning MSB3277:     References which depend on "Dahomey.Cbor, Version=1.26.1.0, Culture=neutral, PublicKeyToken=4b44a4ea904ba37e" [D:\nuget-cache\dahomey.cbor\1.26.1\lib\net10.0\Dahomey.Cbor.dll]. [C:\Users\bbqch\proj\microbians\AeroCMS\src\Aero.Cms\Aero.Cms.csproj::TargetFramework=net10.0-windows10.0.19041.0]
C:\Program Files\dotnet\sdk\10.0.301\Microsoft.Common.CurrentVersion.targets(2453,5): warning MSB3277:         D:\nuget-cache\dahomey.cbor\1.26.1\lib\net10.0\Dahomey.Cbor.dll [C:\Users\bbqch\proj\microbians\AeroCMS\src\Aero.Cms\Aero.Cms.csproj::TargetFramework=net10.0-windows10.0.19041.0]
C:\Program Files\dotnet\sdk\10.0.301\Microsoft.Common.CurrentVersion.targets(2453,5): warning MSB3277:           Project file item includes which caused reference "D:\nuget-cache\dahomey.cbor\1.26.1\lib\net10.0\Dahomey.Cbor.dll". [C:\Users\bbqch\proj\microbians\AeroCMS\src\Aero.Cms\Aero.Cms.csproj::TargetFramework=net10.0-windows10.0.19041.0]
C:\Program Files\dotnet\sdk\10.0.301\Microsoft.Common.CurrentVersion.targets(2453,5): warning MSB3277:             D:\nuget-cache\dahomey.cbor\1.26.1\lib\net10.0\Dahomey.Cbor.dll [C:\Users\bbqch\proj\microbians\AeroCMS\src\Aero.Cms\Aero.Cms.csproj::TargetFramework=net10.0-windows10.0.19041.0]
C:\Program Files\dotnet\sdk\10.0.301\Microsoft.Common.CurrentVersion.targets(2453,5): warning MSB3277:     References which depend on or have been unified to "Dahomey.Cbor, Version=1.26.3.0, Culture=neutral, PublicKeyToken=4b44a4ea904ba37e" []. [C:\Users\bbqch\proj\microbians\AeroCMS\src\Aero.Cms\Aero.Cms.csproj::TargetFramework=net10.0-windows10.0.19041.0]
C:\Program Files\dotnet\sdk\10.0.301\Microsoft.Common.CurrentVersion.targets(2453,5): warning MSB3277:         D:\nuget-cache\surrealdb.net\0.10.2\lib\net10.0\SurrealDb.Net.dll [C:\Users\bbqch\proj\microbians\AeroCMS\src\Aero.Cms\Aero.Cms.csproj::TargetFramework=net10.0-windows10.0.19041.0]
C:\Program Files\dotnet\sdk\10.0.301\Microsoft.Common.CurrentVersion.targets(2453,5): warning MSB3277:           Project file item includes which caused reference "D:\nuget-cache\surrealdb.net\0.10.2\lib\net10.0\SurrealDb.Net.dll". [C:\Users\bbqch\proj\microbians\AeroCMS\src\Aero.Cms\Aero.Cms.csproj::TargetFramework=net10.0-windows10.0.19041.0]
C:\Program Files\dotnet\sdk\10.0.301\Microsoft.Common.CurrentVersion.targets(2453,5): warning MSB3277:             D:\nuget-cache\surrealdb.net\0.10.2\lib\net10.0\SurrealDb.Net.dll [C:\Users\bbqch\proj\microbians\AeroCMS\src\Aero.Cms\Aero.Cms.csproj::TargetFramework=net10.0-windows10.0.19041.0]
C:\Program Files\dotnet\sdk\10.0.301\Microsoft.Common.CurrentVersion.targets(2453,5): warning MSB3277:             C:\Users\bbqch\proj\microbians\AeroCMS\src\Aero.Cms.Shared\bin\Debug\net10.0\Aero.Cms.Shared.dll [C:\Users\bbqch\proj\microbians\AeroCMS\src\Aero.Cms\Aero.Cms.csproj::TargetFramework=net10.0-windows10.0.19041.0]
C:\Program Files\dotnet\sdk\10.0.301\Microsoft.Common.CurrentVersion.targets(2453,5): warning MSB3277:         C:\Users\bbqch\proj\microbians\AeroCMS\src\Aero.Cms.Shared\bin\Debug\net10.0\AeroDB.Sable.dll [C:\Users\bbqch\proj\microbians\AeroCMS\src\Aero.Cms\Aero.Cms.csproj::TargetFramework=net10.0-windows10.0.19041.0]
C:\Program Files\dotnet\sdk\10.0.301\Microsoft.Common.CurrentVersion.targets(2453,5): warning MSB3277:           Project file item includes which caused reference "C:\Users\bbqch\proj\microbians\AeroCMS\src\Aero.Cms.Shared\bin\Debug\net10.0\AeroDB.Sable.dll". [C:\Users\bbqch\proj\microbians\AeroCMS\src\Aero.Cms\Aero.Cms.csproj::TargetFramework=net10.0-windows10.0.19041.0]
C:\Program Files\dotnet\sdk\10.0.301\Microsoft.Common.CurrentVersion.targets(2453,5): warning MSB3277:             C:\Users\bbqch\proj\microbians\AeroCMS\src\Aero.Cms.Shared\bin\Debug\net10.0\Aero.Cms.Shared.dll [C:\Users\bbqch\proj\microbians\AeroCMS\src\Aero.Cms\Aero.Cms.csproj::TargetFramework=net10.0-windows10.0.19041.0]
C:\Users\bbqch\proj\microbians\AeroCMS\src\Aero.Cms.Web.Core\obj\Debug\net10.0\Aero.Cms.SourceGenerators\Aero.Cms.SourceGenerators.EmbeddedAttributesGenerator\LegacyReflectionDiscoveryAttribute.g.cs(20,18): warning CS8669: The annotation for nullable reference types should only be used in code within a '#nullable' annotations context. Auto-generated code requires an explicit '#nullable' directive in source. [C:\Users\bbqch\proj\microbians\AeroCMS\src\Aero.Cms.Web.Core\Aero.Cms.Web.Core.csproj]
C:\Users\bbqch\proj\microbians\AeroCMS\src\Aero.Cms.Ui.Neo\obj\Debug\net10.0\Aero.Cms.SourceGenerators\Aero.Cms.SourceGenerators.EmbeddedAttributesGenerator\LegacyReflectionDiscoveryAttribute.g.cs(20,18): warning CS8669: The annotation for nullable reference types should only be used in code within a '#nullable' annotations context. Auto-generated code requires an explicit '#nullable' directive in source. [C:\Users\bbqch\proj\microbians\AeroCMS\src\Aero.Cms.Ui.Neo\Aero.Cms.Ui.Neo.csproj]
C:\Program Files\dotnet\sdk\10.0.301\Sdks\Microsoft.NET.Sdk.Razor\targets\Sdk.Razor.CurrentVersion.targets(840,5): warning RAZORSDK1004: One or more Razor view or page files were found, but the project is not configured to add Razor support for MVC. The MSBuild property 'AddRazorSupportForMvc' must be set to correctly compile Razor files that target MVC. For more information, see https://go.microsoft.com/fwlink/?linkid=868374. [C:\Users\bbqch\proj\microbians\AeroCMS\src\Aero.Cms.Modules.Static\Aero.Cms.Modules.Static.csproj]
C:\Program Files\dotnet\sdk\10.0.301\Sdks\Microsoft.NET.Sdk.Razor\targets\Sdk.Razor.CurrentVersion.targets(840,5): warning RAZORSDK1004: One or more Razor view or page files were found, but the project is not configured to add Razor support for MVC. The MSBuild property 'AddRazorSupportForMvc' must be set to correctly compile Razor files that target MVC. For more information, see https://go.microsoft.com/fwlink/?linkid=868374. [C:\Users\bbqch\proj\microbians\AeroCMS\src\Aero.Cms.Modules.Search\Aero.Cms.Modules.Search.csproj]
C:\Program Files\dotnet\sdk\10.0.301\Sdks\Microsoft.NET.Sdk.Razor\targets\Sdk.Razor.CurrentVersion.targets(840,5): warning RAZORSDK1004: One or more Razor view or page files were found, but the project is not configured to add Razor support for MVC. The MSBuild property 'AddRazorSupportForMvc' must be set to correctly compile Razor files that target MVC. For more information, see https://go.microsoft.com/fwlink/?linkid=868374. [C:\Users\bbqch\proj\microbians\AeroCMS\src\Aero.Cms.Modules.Mail\Aero.Cms.Modules.Mail.csproj]
C:\Program Files\dotnet\sdk\10.0.301\Sdks\Microsoft.NET.Sdk.Razor\targets\Sdk.Razor.CurrentVersion.targets(840,5): warning RAZORSDK1004: One or more Razor view or page files were found, but the project is not configured to add Razor support for MVC. The MSBuild property 'AddRazorSupportForMvc' must be set to correctly compile Razor files that target MVC. For more information, see https://go.microsoft.com/fwlink/?linkid=868374. [C:\Users\bbqch\proj\microbians\AeroCMS\src\Aero.Cms.Modules.Settings\Aero.Cms.Modules.Settings.csproj]
C:\Users\bbqch\proj\microbians\AeroCMS\src\Aero.Cms.Modules.OpenTelemetry\obj\Debug\net10.0\Aero.Cms.SourceGenerators\Aero.Cms.SourceGenerators.EmbeddedAttributesGenerator\LegacyReflectionDiscoveryAttribute.g.cs(20,18): warning CS8669: The annotation for nullable reference types should only be used in code within a '#nullable' annotations context. Auto-generated code requires an explicit '#nullable' directive in source. [C:\Users\bbqch\proj\microbians\AeroCMS\src\Aero.Cms.Modules.OpenTelemetry\Aero.Cms.Modules.OpenTelemetry.csproj]
C:\Users\bbqch\proj\microbians\AeroCMS\src\Aero.Cms.Modules.Scalar\obj\Debug\net10.0\Aero.Cms.SourceGenerators\Aero.Cms.SourceGenerators.EmbeddedAttributesGenerator\LegacyReflectionDiscoveryAttribute.g.cs(20,18): warning CS8669: The annotation for nullable reference types should only be used in code within a '#nullable' annotations context. Auto-generated code requires an explicit '#nullable' directive in source. [C:\Users\bbqch\proj\microbians\AeroCMS\src\Aero.Cms.Modules.Scalar\Aero.Cms.Modules.Scalar.csproj]
C:\Users\bbqch\proj\microbians\AeroCMS\src\Aero.Cms.Modules.Security\SecurityModule.cs(88,13): warning CS8767: Nullability of reference types in type of parameter 'services' of 'void SecurityModule.Configure(IServiceProvider services, StoreOptions opts)' doesn't match implicitly implemented member 'void IConfigureAeroDB.Configure(IServiceProvider? services, StoreOptions options)' (possibly because of nullability attributes). [C:\Users\bbqch\proj\microbians\AeroCMS\src\Aero.Cms.Modules.Security\Aero.Cms.Modules.Security.csproj]
C:\Users\bbqch\proj\microbians\AeroCMS\src\Aero.Cms.Modules.Security\obj\Debug\net10.0\Aero.Cms.SourceGenerators\Aero.Cms.SourceGenerators.EmbeddedAttributesGenerator\LegacyReflectionDiscoveryAttribute.g.cs(20,18): warning CS8669: The annotation for nullable reference types should only be used in code within a '#nullable' annotations context. Auto-generated code requires an explicit '#nullable' directive in source. [C:\Users\bbqch\proj\microbians\AeroCMS\src\Aero.Cms.Modules.Security\Aero.Cms.Modules.Security.csproj]
C:\Users\bbqch\proj\microbians\AeroCMS\src\Aero.Cms.Modules.Security\ApiKeyService.cs(18,20): warning CS9113: Parameter 'apiKeyFactory' is unread. [C:\Users\bbqch\proj\microbians\AeroCMS\src\Aero.Cms.Modules.Security\Aero.Cms.Modules.Security.csproj]
C:\Users\bbqch\proj\microbians\AeroCMS\src\Aero.Cms.Modules.Chat\obj\Debug\net10.0\Aero.Cms.SourceGenerators\Aero.Cms.SourceGenerators.EmbeddedAttributesGenerator\LegacyReflectionDiscoveryAttribute.g.cs(20,18): warning CS8669: The annotation for nullable reference types should only be used in code within a '#nullable' annotations context. Auto-generated code requires an explicit '#nullable' directive in source. [C:\Users\bbqch\proj\microbians\AeroCMS\src\Aero.Cms.Modules.Chat\Aero.Cms.Modules.Chat.csproj]
C:\Users\bbqch\proj\microbians\AeroCMS\src\Aero.Cms.Modules.Crm\obj\Debug\net10.0\Aero.Cms.SourceGenerators\Aero.Cms.SourceGenerators.EmbeddedAttributesGenerator\LegacyReflectionDiscoveryAttribute.g.cs(20,18): warning CS8669: The annotation for nullable reference types should only be used in code within a '#nullable' annotations context. Auto-generated code requires an explicit '#nullable' directive in source. [C:\Users\bbqch\proj\microbians\AeroCMS\src\Aero.Cms.Modules.Crm\Aero.Cms.Modules.Crm.csproj]
C:\Users\bbqch\proj\microbians\AeroCMS\src\Aero.Cms.Modules.Manager\obj\Debug\net10.0\Aero.Cms.SourceGenerators\Aero.Cms.SourceGenerators.EmbeddedAttributesGenerator\LegacyReflectionDiscoveryAttribute.g.cs(20,18): warning CS8669: The annotation for nullable reference types should only be used in code within a '#nullable' annotations context. Auto-generated code requires an explicit '#nullable' directive in source. [C:\Users\bbqch\proj\microbians\AeroCMS\src\Aero.Cms.Modules.Manager\Aero.Cms.Modules.Manager.csproj]
C:\Users\bbqch\proj\microbians\AeroCMS\src\Aero.Cms.Modules.Mcp\obj\Debug\net10.0\Aero.Cms.SourceGenerators\Aero.Cms.SourceGenerators.EmbeddedAttributesGenerator\LegacyReflectionDiscoveryAttribute.g.cs(20,18): warning CS8669: The annotation for nullable reference types should only be used in code within a '#nullable' annotations context. Auto-generated code requires an explicit '#nullable' directive in source. [C:\Users\bbqch\proj\microbians\AeroCMS\src\Aero.Cms.Modules.Mcp\Aero.Cms.Modules.Mcp.csproj]
C:\Users\bbqch\proj\microbians\AeroCMS\src\Aero.Cms.Modules.Blog.Importer\obj\Debug\net10.0\Aero.Cms.SourceGenerators\Aero.Cms.SourceGenerators.EmbeddedAttributesGenerator\LegacyReflectionDiscoveryAttribute.g.cs(20,18): warning CS8669: The annotation for nullable reference types should only be used in code within a '#nullable' annotations context. Auto-generated code requires an explicit '#nullable' directive in source. [C:\Users\bbqch\proj\microbians\AeroCMS\src\Aero.Cms.Modules.Blog.Importer\Aero.Cms.Modules.Blog.Importer.csproj]
C:\Users\bbqch\proj\microbians\AeroCMS\src\Aero.Cms.Modules.Members\obj\Debug\net10.0\Aero.Cms.SourceGenerators\Aero.Cms.SourceGenerators.EmbeddedAttributesGenerator\LegacyReflectionDiscoveryAttribute.g.cs(20,18): warning CS8669: The annotation for nullable reference types should only be used in code within a '#nullable' annotations context. Auto-generated code requires an explicit '#nullable' directive in source. [C:\Users\bbqch\proj\microbians\AeroCMS\src\Aero.Cms.Modules.Members\Aero.Cms.Modules.Members.csproj]
C:\Users\bbqch\proj\microbians\AeroCMS\src\Aero.Cms.Modules.Jobs\obj\Debug\net10.0\Aero.Cms.SourceGenerators\Aero.Cms.SourceGenerators.EmbeddedAttributesGenerator\LegacyReflectionDiscoveryAttribute.g.cs(20,18): warning CS8669: The annotation for nullable reference types should only be used in code within a '#nullable' annotations context. Auto-generated code requires an explicit '#nullable' directive in source. [C:\Users\bbqch\proj\microbians\AeroCMS\src\Aero.Cms.Modules.Jobs\Aero.Cms.Modules.Jobs.csproj]
C:\Users\bbqch\proj\microbians\AeroCMS\src\Aero.Cms.Modules.Members\MembersModule.cs(14,24): warning CS8618: Non-nullable property 'Name' must contain a non-null value when exiting constructor. Consider adding the 'required' modifier or declaring the property as nullable. [C:\Users\bbqch\proj\microbians\AeroCMS\src\Aero.Cms.Modules.Members\Aero.Cms.Modules.Members.csproj]
C:\Users\bbqch\proj\microbians\AeroCMS\src\Aero.Cms.Modules.Members\MembersModule.cs(18,24): warning CS8618: Non-nullable property 'Version' must contain a non-null value when exiting constructor. Consider adding the 'required' modifier or declaring the property as nullable. [C:\Users\bbqch\proj\microbians\AeroCMS\src\Aero.Cms.Modules.Members\Aero.Cms.Modules.Members.csproj]
C:\Users\bbqch\proj\microbians\AeroCMS\src\Aero.Cms.Modules.Members\MembersModule.cs(22,24): warning CS8618: Non-nullable property 'Author' must contain a non-null value when exiting constructor. Consider adding the 'required' modifier or declaring the property as nullable. [C:\Users\bbqch\proj\microbians\AeroCMS\src\Aero.Cms.Modules.Members\Aero.Cms.Modules.Members.csproj]
C:\Users\bbqch\proj\microbians\AeroCMS\src\Aero.Cms.Modules.Members\MembersModule.cs(26,39): warning CS8618: Non-nullable property 'Dependencies' must contain a non-null value when exiting constructor. Consider adding the 'required' modifier or declaring the property as nullable. [C:\Users\bbqch\proj\microbians\AeroCMS\src\Aero.Cms.Modules.Members\Aero.Cms.Modules.Members.csproj]
C:\Users\bbqch\proj\microbians\AeroCMS\src\Aero.Cms.Modules.Members\MembersModule.cs(30,39): warning CS8618: Non-nullable property 'Category' must contain a non-null value when exiting constructor. Consider adding the 'required' modifier or declaring the property as nullable. [C:\Users\bbqch\proj\microbians\AeroCMS\src\Aero.Cms.Modules.Members\Aero.Cms.Modules.Members.csproj]
C:\Users\bbqch\proj\microbians\AeroCMS\src\Aero.Cms.Modules.Members\MembersModule.cs(34,39): warning CS8618: Non-nullable property 'Tags' must contain a non-null value when exiting constructor. Consider adding the 'required' modifier or declaring the property as nullable. [C:\Users\bbqch\proj\microbians\AeroCMS\src\Aero.Cms.Modules.Members\Aero.Cms.Modules.Members.csproj]
C:\Users\bbqch\proj\microbians\AeroCMS\src\Aero.Cms.Modules.RequestLog\obj\Debug\net10.0\Aero.Cms.SourceGenerators\Aero.Cms.SourceGenerators.EmbeddedAttributesGenerator\LegacyReflectionDiscoveryAttribute.g.cs(20,18): warning CS8669: The annotation for nullable reference types should only be used in code within a '#nullable' annotations context. Auto-generated code requires an explicit '#nullable' directive in source. [C:\Users\bbqch\proj\microbians\AeroCMS\src\Aero.Cms.Modules.RequestLog\Aero.Cms.Modules.RequestLog.csproj]
C:\Users\bbqch\proj\microbians\AeroCMS\src\Aero.Cms.Modules.Secrets\obj\Debug\net10.0\Aero.Cms.SourceGenerators\Aero.Cms.SourceGenerators.EmbeddedAttributesGenerator\LegacyReflectionDiscoveryAttribute.g.cs(20,18): warning CS8669: The annotation for nullable reference types should only be used in code within a '#nullable' annotations context. Auto-generated code requires an explicit '#nullable' directive in source. [C:\Users\bbqch\proj\microbians\AeroCMS\src\Aero.Cms.Modules.Secrets\Aero.Cms.Modules.Secrets.csproj]
C:\Users\bbqch\proj\microbians\AeroCMS\src\Aero.Cms.Modules.Tenant\TenantModule.cs(53,13): warning CS8767: Nullability of reference types in type of parameter 'services' of 'void TenantModule.Configure(IServiceProvider services, StoreOptions opts)' doesn't match implicitly implemented member 'void IConfigureAeroDB.Configure(IServiceProvider? services, StoreOptions options)' (possibly because of nullability attributes). [C:\Users\bbqch\proj\microbians\AeroCMS\src\Aero.Cms.Modules.Tenant\Aero.Cms.Modules.Tenant.csproj]
C:\Users\bbqch\proj\microbians\AeroCMS\src\Aero.Cms.Modules.Tenant\obj\Debug\net10.0\Aero.Cms.SourceGenerators\Aero.Cms.SourceGenerators.EmbeddedAttributesGenerator\LegacyReflectionDiscoveryAttribute.g.cs(20,18): warning CS8669: The annotation for nullable reference types should only be used in code within a '#nullable' annotations context. Auto-generated code requires an explicit '#nullable' directive in source. [C:\Users\bbqch\proj\microbians\AeroCMS\src\Aero.Cms.Modules.Tenant\Aero.Cms.Modules.Tenant.csproj]
C:\Users\bbqch\proj\microbians\AeroCMS\src\Aero.Cms.Modules.Tenant\TenantRepository.cs(41,83): warning CS9113: Parameter 'log' is unread. [C:\Users\bbqch\proj\microbians\AeroCMS\src\Aero.Cms.Modules.Tenant\Aero.Cms.Modules.Tenant.csproj]
C:\Users\bbqch\proj\microbians\AeroCMS\src\Aero.Cms.Modules.Export\obj\Debug\net10.0\Aero.Cms.SourceGenerators\Aero.Cms.SourceGenerators.EmbeddedAttributesGenerator\LegacyReflectionDiscoveryAttribute.g.cs(20,18): warning CS8669: The annotation for nullable reference types should only be used in code within a '#nullable' annotations context. Auto-generated code requires an explicit '#nullable' directive in source. [C:\Users\bbqch\proj\microbians\AeroCMS\src\Aero.Cms.Modules.Export\Aero.Cms.Modules.Export.csproj]
C:\Users\bbqch\proj\microbians\AeroCMS\src\Aero.Cms.Modules.Forum\obj\Debug\net10.0\Aero.Cms.SourceGenerators\Aero.Cms.SourceGenerators.EmbeddedAttributesGenerator\LegacyReflectionDiscoveryAttribute.g.cs(20,18): warning CS8669: The annotation for nullable reference types should only be used in code within a '#nullable' annotations context. Auto-generated code requires an explicit '#nullable' directive in source. [C:\Users\bbqch\proj\microbians\AeroCMS\src\Aero.Cms.Modules.Forum\Aero.Cms.Modules.Forum.csproj]
C:\Users\bbqch\proj\microbians\AeroCMS\src\Aero.Cms.Modules.Static\obj\Debug\net10.0\Aero.Cms.SourceGenerators\Aero.Cms.SourceGenerators.EmbeddedAttributesGenerator\LegacyReflectionDiscoveryAttribute.g.cs(20,18): warning CS8669: The annotation for nullable reference types should only be used in code within a '#nullable' annotations context. Auto-generated code requires an explicit '#nullable' directive in source. [C:\Users\bbqch\proj\microbians\AeroCMS\src\Aero.Cms.Modules.Static\Aero.Cms.Modules.Static.csproj]
C:\Users\bbqch\proj\microbians\AeroCMS\src\Aero.Cms.Modules.MagicLink\obj\Debug\net10.0\Aero.Cms.SourceGenerators\Aero.Cms.SourceGenerators.EmbeddedAttributesGenerator\LegacyReflectionDiscoveryAttribute.g.cs(20,18): warning CS8669: The annotation for nullable reference types should only be used in code within a '#nullable' annotations context. Auto-generated code requires an explicit '#nullable' directive in source. [C:\Users\bbqch\proj\microbians\AeroCMS\src\Aero.Cms.Modules.MagicLink\Aero.Cms.Modules.MagicLink.csproj]
C:\Users\bbqch\proj\microbians\AeroCMS\src\Aero.Cms.Modules.Search\obj\Debug\net10.0\Aero.Cms.SourceGenerators\Aero.Cms.SourceGenerators.EmbeddedAttributesGenerator\LegacyReflectionDiscoveryAttribute.g.cs(20,18): warning CS8669: The annotation for nullable reference types should only be used in code within a '#nullable' annotations context. Auto-generated code requires an explicit '#nullable' directive in source. [C:\Users\bbqch\proj\microbians\AeroCMS\src\Aero.Cms.Modules.Search\Aero.Cms.Modules.Search.csproj]
C:\Program Files\dotnet\sdk\10.0.301\Sdks\Microsoft.NET.Sdk.Razor\targets\Sdk.Razor.CurrentVersion.targets(840,5): warning RAZORSDK1004: One or more Razor view or page files were found, but the project is not configured to add Razor support for MVC. The MSBuild property 'AddRazorSupportForMvc' must be set to correctly compile Razor files that target MVC. For more information, see https://go.microsoft.com/fwlink/?linkid=868374. [C:\Users\bbqch\proj\microbians\AeroCMS\src\Aero.Cms.Modules.Tcp\Aero.Cms.Modules.Tcp.csproj]
C:\Users\bbqch\proj\microbians\AeroCMS\src\Aero.Cms.Modules.Logging\obj\Debug\net10.0\Aero.Cms.SourceGenerators\Aero.Cms.SourceGenerators.EmbeddedAttributesGenerator\LegacyReflectionDiscoveryAttribute.g.cs(20,18): warning CS8669: The annotation for nullable reference types should only be used in code within a '#nullable' annotations context. Auto-generated code requires an explicit '#nullable' directive in source. [C:\Users\bbqch\proj\microbians\AeroCMS\src\Aero.Cms.Modules.Logging\Aero.Cms.Modules.Logging.csproj]
C:\Users\bbqch\proj\microbians\AeroCMS\src\Aero.Cms.Modules.AiAssistant\obj\Debug\net10.0\Aero.Cms.SourceGenerators\Aero.Cms.SourceGenerators.EmbeddedAttributesGenerator\LegacyReflectionDiscoveryAttribute.g.cs(20,18): warning CS8669: The annotation for nullable reference types should only be used in code within a '#nullable' annotations context. Auto-generated code requires an explicit '#nullable' directive in source. [C:\Users\bbqch\proj\microbians\AeroCMS\src\Aero.Cms.Modules.AiAssistant\Aero.Cms.Modules.AiAssistant.csproj]
C:\Users\bbqch\proj\microbians\AeroCMS\src\Aero.Cms.Modules.Localization\obj\Debug\net10.0\Aero.Cms.SourceGenerators\Aero.Cms.SourceGenerators.EmbeddedAttributesGenerator\LegacyReflectionDiscoveryAttribute.g.cs(20,18): warning CS8669: The annotation for nullable reference types should only be used in code within a '#nullable' annotations context. Auto-generated code requires an explicit '#nullable' directive in source. [C:\Users\bbqch\proj\microbians\AeroCMS\src\Aero.Cms.Modules.Localization\Aero.Cms.Modules.Localization.csproj]
C:\Users\bbqch\proj\microbians\AeroCMS\src\Aero.Cms.Modules.Mail\obj\Debug\net10.0\Aero.Cms.SourceGenerators\Aero.Cms.SourceGenerators.EmbeddedAttributesGenerator\LegacyReflectionDiscoveryAttribute.g.cs(20,18): warning CS8669: The annotation for nullable reference types should only be used in code within a '#nullable' annotations context. Auto-generated code requires an explicit '#nullable' directive in source. [C:\Users\bbqch\proj\microbians\AeroCMS\src\Aero.Cms.Modules.Mail\Aero.Cms.Modules.Mail.csproj]
C:\Users\bbqch\proj\microbians\AeroCMS\src\Aero.Cms.Modules.Mailer\obj\Debug\net10.0\Aero.Cms.SourceGenerators\Aero.Cms.SourceGenerators.EmbeddedAttributesGenerator\LegacyReflectionDiscoveryAttribute.g.cs(20,18): warning CS8669: The annotation for nullable reference types should only be used in code within a '#nullable' annotations context. Auto-generated code requires an explicit '#nullable' directive in source. [C:\Users\bbqch\proj\microbians\AeroCMS\src\Aero.Cms.Modules.Mailer\Aero.Cms.Modules.Mailer.csproj]
C:\Users\bbqch\proj\microbians\AeroCMS\src\Aero.Cms.Modules.Commerce.Client\obj\Debug\net10.0\Aero.Cms.SourceGenerators\Aero.Cms.SourceGenerators.EmbeddedAttributesGenerator\LegacyReflectionDiscoveryAttribute.g.cs(20,18): warning CS8669: The annotation for nullable reference types should only be used in code within a '#nullable' annotations context. Auto-generated code requires an explicit '#nullable' directive in source. [C:\Users\bbqch\proj\microbians\AeroCMS\src\Aero.Cms.Modules.Commerce.Client\Aero.Cms.Modules.Commerce.Client.csproj]
C:\Users\bbqch\proj\microbians\AeroCMS\src\Aero.Cms.Modules.Commerce.Client\Pages\Admin\ProductList.razor(51,40): warning CS0649: Field 'ProductList.products' is never assigned to, and will always have its default value null [C:\Users\bbqch\proj\microbians\AeroCMS\src\Aero.Cms.Modules.Commerce.Client\Aero.Cms.Modules.Commerce.Client.csproj]
C:\Users\bbqch\proj\microbians\AeroCMS\src\Aero.Cms.Modules.Grpc\obj\Debug\net10.0\Aero.Cms.SourceGenerators\Aero.Cms.SourceGenerators.EmbeddedAttributesGenerator\LegacyReflectionDiscoveryAttribute.g.cs(20,18): warning CS8669: The annotation for nullable reference types should only be used in code within a '#nullable' annotations context. Auto-generated code requires an explicit '#nullable' directive in source. [C:\Users\bbqch\proj\microbians\AeroCMS\src\Aero.Cms.Modules.Grpc\Aero.Cms.Modules.Grpc.csproj]
C:\Users\bbqch\proj\microbians\AeroCMS\src\Aero.Cms.Modules.Audit\obj\Debug\net10.0\Aero.Cms.SourceGenerators\Aero.Cms.SourceGenerators.EmbeddedAttributesGenerator\LegacyReflectionDiscoveryAttribute.g.cs(20,18): warning CS8669: The annotation for nullable reference types should only be used in code within a '#nullable' annotations context. Auto-generated code requires an explicit '#nullable' directive in source. [C:\Users\bbqch\proj\microbians\AeroCMS\src\Aero.Cms.Modules.Audit\Aero.Cms.Modules.Audit.csproj]
C:\Users\bbqch\proj\microbians\AeroCMS\src\Aero.Cms.Modules.Audit\Areas\Api\v1\AuditApi.cs(9,57): warning CS1574: XML comment has cref attribute 'PagesApi' that could not be resolved [C:\Users\bbqch\proj\microbians\AeroCMS\src\Aero.Cms.Modules.Audit\Aero.Cms.Modules.Audit.csproj]
C:\Users\bbqch\proj\microbians\AeroCMS\src\Aero.Cms.Modules.Content\obj\Debug\net10.0\Aero.Cms.SourceGenerators\Aero.Cms.SourceGenerators.EmbeddedAttributesGenerator\LegacyReflectionDiscoveryAttribute.g.cs(20,18): warning CS8669: The annotation for nullable reference types should only be used in code within a '#nullable' annotations context. Auto-generated code requires an explicit '#nullable' directive in source. [C:\Users\bbqch\proj\microbians\AeroCMS\src\Aero.Cms.Modules.Content\Aero.Cms.Modules.Content.csproj]
C:\Users\bbqch\proj\microbians\AeroCMS\src\Aero.Cms.Modules.Content\AeroContentModule.cs(123,13): warning CS8767: Nullability of reference types in type of parameter 'services' of 'void ContentModule.Configure(IServiceProvider services, StoreOptions opts)' doesn't match implicitly implemented member 'void IConfigureAeroDB.Configure(IServiceProvider? services, StoreOptions options)' (possibly because of nullability attributes). [C:\Users\bbqch\proj\microbians\AeroCMS\src\Aero.Cms.Modules.Content\Aero.Cms.Modules.Content.csproj]
C:\Users\bbqch\proj\microbians\AeroCMS\src\Aero.Cms.Modules.Docs\DocsAeroDbConfiguration.cs(22,13): warning CS8767: Nullability of reference types in type of parameter 'services' of 'void DocsAeroDbConfiguration.Configure(IServiceProvider services, StoreOptions options)' doesn't match implicitly implemented member 'void IConfigureAeroDB.Configure(IServiceProvider? services, StoreOptions options)' (possibly because of nullability attributes). [C:\Users\bbqch\proj\microbians\AeroCMS\src\Aero.Cms.Modules.Docs\Aero.Cms.Modules.Docs.csproj]
C:\Users\bbqch\proj\microbians\AeroCMS\src\Aero.Cms.Modules.Docs\obj\Debug\net10.0\Aero.Cms.SourceGenerators\Aero.Cms.SourceGenerators.EmbeddedAttributesGenerator\LegacyReflectionDiscoveryAttribute.g.cs(20,18): warning CS8669: The annotation for nullable reference types should only be used in code within a '#nullable' annotations context. Auto-generated code requires an explicit '#nullable' directive in source. [C:\Users\bbqch\proj\microbians\AeroCMS\src\Aero.Cms.Modules.Docs\Aero.Cms.Modules.Docs.csproj]
C:\Users\bbqch\proj\microbians\AeroCMS\src\Aero.Cms.Modules.Docs\DocsModule.cs(82,13): warning CS8767: Nullability of reference types in type of parameter 'services' of 'void DocsModule.Configure(IServiceProvider services, StoreOptions opts)' doesn't match implicitly implemented member 'void IConfigureAeroDB.Configure(IServiceProvider? services, StoreOptions options)' (possibly because of nullability attributes). [C:\Users\bbqch\proj\microbians\AeroCMS\src\Aero.Cms.Modules.Docs\Aero.Cms.Modules.Docs.csproj]
C:\Users\bbqch\proj\microbians\AeroCMS\src\Aero.Cms.Modules.Docs\DocsService.cs(17,51): warning CS1574: XML comment has cref attribute 'AeroPageContentService' that could not be resolved [C:\Users\bbqch\proj\microbians\AeroCMS\src\Aero.Cms.Modules.Docs\Aero.Cms.Modules.Docs.csproj]
C:\Users\bbqch\proj\microbians\AeroCMS\src\Aero.Cms.Modules.Docs\Grains\AeroDocsGrain.cs(19,24): warning CS1574: XML comment has cref attribute 'AeroPageGrain' that could not be resolved [C:\Users\bbqch\proj\microbians\AeroCMS\src\Aero.Cms.Modules.Docs\Aero.Cms.Modules.Docs.csproj]
C:\Users\bbqch\proj\microbians\AeroCMS\src\Aero.Cms.Modules.Docs\Grains\AeroDocsGrain.cs(86,36): warning CS1574: XML comment has cref attribute 'AeroPageGrain' that could not be resolved [C:\Users\bbqch\proj\microbians\AeroCMS\src\Aero.Cms.Modules.Docs\Aero.Cms.Modules.Docs.csproj]
C:\Users\bbqch\proj\microbians\AeroCMS\src\Aero.Cms.Modules.Settings\obj\Debug\net10.0\Aero.Cms.SourceGenerators\Aero.Cms.SourceGenerators.EmbeddedAttributesGenerator\LegacyReflectionDiscoveryAttribute.g.cs(20,18): warning CS8669: The annotation for nullable reference types should only be used in code within a '#nullable' annotations context. Auto-generated code requires an explicit '#nullable' directive in source. [C:\Users\bbqch\proj\microbians\AeroCMS\src\Aero.Cms.Modules.Settings\Aero.Cms.Modules.Settings.csproj]
C:\Users\bbqch\proj\microbians\AeroCMS\src\Aero.Cms.Modules.Navigation\obj\Debug\net10.0\Aero.Cms.SourceGenerators\Aero.Cms.SourceGenerators.EmbeddedAttributesGenerator\LegacyReflectionDiscoveryAttribute.g.cs(20,18): warning CS8669: The annotation for nullable reference types should only be used in code within a '#nullable' annotations context. Auto-generated code requires an explicit '#nullable' directive in source. [C:\Users\bbqch\proj\microbians\AeroCMS\src\Aero.Cms.Modules.Navigation\Aero.Cms.Modules.Navigation.csproj]
C:\Users\bbqch\proj\microbians\AeroCMS\src\Aero.Cms.Modules.Navigation\NavigationModule.cs(87,13): warning CS8767: Nullability of reference types in type of parameter 'services' of 'void NavigationModule.Configure(IServiceProvider services, StoreOptions opts)' doesn't match implicitly implemented member 'void IConfigureAeroDB.Configure(IServiceProvider? services, StoreOptions options)' (possibly because of nullability attributes). [C:\Users\bbqch\proj\microbians\AeroCMS\src\Aero.Cms.Modules.Navigation\Aero.Cms.Modules.Navigation.csproj]
C:\Users\bbqch\proj\microbians\AeroCMS\src\Aero.Cms.Modules.Navigation\Services\NavMenuService.cs(265,13): warning CS4014: Because this call is not awaited, execution of the current method continues before the call is completed. Consider applying the 'await' operator to the result of the call. [C:\Users\bbqch\proj\microbians\AeroCMS\src\Aero.Cms.Modules.Navigation\Aero.Cms.Modules.Navigation.csproj]
C:\Users\bbqch\proj\microbians\AeroCMS\src\Aero.Cms.Modules.Navigation\Services\NavMenuService.cs(414,17): warning CS4014: Because this call is not awaited, execution of the current method continues before the call is completed. Consider applying the 'await' operator to the result of the call. [C:\Users\bbqch\proj\microbians\AeroCMS\src\Aero.Cms.Modules.Navigation\Aero.Cms.Modules.Navigation.csproj]
C:\Users\bbqch\proj\microbians\AeroCMS\src\Aero.Cms.Modules.Navigation\Services\NavMenuService.cs(416,17): warning CS4014: Because this call is not awaited, execution of the current method continues before the call is completed. Consider applying the 'await' operator to the result of the call. [C:\Users\bbqch\proj\microbians\AeroCMS\src\Aero.Cms.Modules.Navigation\Aero.Cms.Modules.Navigation.csproj]
C:\Users\bbqch\proj\microbians\AeroCMS\src\Aero.Cms.Modules.Navigation\Services\NavMenuService.cs(588,13): warning CS4014: Because this call is not awaited, execution of the current method continues before the call is completed. Consider applying the 'await' operator to the result of the call. [C:\Users\bbqch\proj\microbians\AeroCMS\src\Aero.Cms.Modules.Navigation\Aero.Cms.Modules.Navigation.csproj]
C:\Users\bbqch\proj\microbians\AeroCMS\src\Aero.Cms.Modules.Users\obj\Debug\net10.0\Aero.Cms.SourceGenerators\Aero.Cms.SourceGenerators.EmbeddedAttributesGenerator\LegacyReflectionDiscoveryAttribute.g.cs(20,18): warning CS8669: The annotation for nullable reference types should only be used in code within a '#nullable' annotations context. Auto-generated code requires an explicit '#nullable' directive in source. [C:\Users\bbqch\proj\microbians\AeroCMS\src\Aero.Cms.Modules.Users\Aero.Cms.Modules.Users.csproj]
C:\Users\bbqch\proj\microbians\AeroCMS\src\Aero.Cms.Modules.Ai\obj\Debug\net10.0\Aero.Cms.SourceGenerators\Aero.Cms.SourceGenerators.EmbeddedAttributesGenerator\LegacyReflectionDiscoveryAttribute.g.cs(20,18): warning CS8669: The annotation for nullable reference types should only be used in code within a '#nullable' annotations context. Auto-generated code requires an explicit '#nullable' directive in source. [C:\Users\bbqch\proj\microbians\AeroCMS\src\Aero.Cms.Modules.Ai\Aero.Cms.Modules.Ai.csproj]
C:\Users\bbqch\proj\microbians\AeroCMS\src\Aero.Cms.Ui.Hyper\obj\Debug\net10.0\Aero.Cms.SourceGenerators\Aero.Cms.SourceGenerators.EmbeddedAttributesGenerator\LegacyReflectionDiscoveryAttribute.g.cs(20,18): warning CS8669: The annotation for nullable reference types should only be used in code within a '#nullable' annotations context. Auto-generated code requires an explicit '#nullable' directive in source. [C:\Users\bbqch\proj\microbians\AeroCMS\src\Aero.Cms.Ui.Hyper\Aero.Cms.Ui.Hyper.csproj]
C:\Users\bbqch\proj\microbians\AeroCMS\src\Aero.Cms.Ui.Hyper\Blocks\Faqs\Faq3BlockRenderer.razor(16,21): warning CS0219: The variable 'first' is assigned but its value is never used [C:\Users\bbqch\proj\microbians\AeroCMS\src\Aero.Cms.Ui.Hyper\Aero.Cms.Ui.Hyper.csproj]
C:\Users\bbqch\proj\microbians\AeroCMS\src\Aero.Cms.Ui.Hyper\Blocks\Faqs\Faq2BlockRenderer.razor(17,25): warning CS0219: The variable 'first' is assigned but its value is never used [C:\Users\bbqch\proj\microbians\AeroCMS\src\Aero.Cms.Ui.Hyper\Aero.Cms.Ui.Hyper.csproj]
C:\Users\bbqch\proj\microbians\AeroCMS\src\Aero.Cms.Ui.Hyper\Blocks\Faqs\Faq1BlockRenderer.razor(16,21): warning CS0219: The variable 'first' is assigned but its value is never used [C:\Users\bbqch\proj\microbians\AeroCMS\src\Aero.Cms.Ui.Hyper\Aero.Cms.Ui.Hyper.csproj]
C:\Users\bbqch\proj\microbians\AeroCMS\src\Aero.Cms.Modules.Footer\obj\Debug\net10.0\Aero.Cms.SourceGenerators\Aero.Cms.SourceGenerators.EmbeddedAttributesGenerator\LegacyReflectionDiscoveryAttribute.g.cs(20,18): warning CS8669: The annotation for nullable reference types should only be used in code within a '#nullable' annotations context. Auto-generated code requires an explicit '#nullable' directive in source. [C:\Users\bbqch\proj\microbians\AeroCMS\src\Aero.Cms.Modules.Footer\Aero.Cms.Modules.Footer.csproj]
C:\Users\bbqch\proj\microbians\AeroCMS\src\Aero.Cms.Modules.Footer\FooterModule.cs(86,13): warning CS8767: Nullability of reference types in type of parameter 'services' of 'void FooterModule.Configure(IServiceProvider services, StoreOptions opts)' doesn't match implicitly implemented member 'void IConfigureAeroDB.Configure(IServiceProvider? services, StoreOptions options)' (possibly because of nullability attributes). [C:\Users\bbqch\proj\microbians\AeroCMS\src\Aero.Cms.Modules.Footer\Aero.Cms.Modules.Footer.csproj]
C:\Users\bbqch\proj\microbians\AeroCMS\src\Aero.Cms.Modules.Footer\Services\FooterService.cs(271,13): warning CS4014: Because this call is not awaited, execution of the current method continues before the call is completed. Consider applying the 'await' operator to the result of the call. [C:\Users\bbqch\proj\microbians\AeroCMS\src\Aero.Cms.Modules.Footer\Aero.Cms.Modules.Footer.csproj]
C:\Users\bbqch\proj\microbians\AeroCMS\src\Aero.Cms.Modules.Footer\Services\FooterService.cs(410,17): warning CS4014: Because this call is not awaited, execution of the current method continues before the call is completed. Consider applying the 'await' operator to the result of the call. [C:\Users\bbqch\proj\microbians\AeroCMS\src\Aero.Cms.Modules.Footer\Aero.Cms.Modules.Footer.csproj]
C:\Users\bbqch\proj\microbians\AeroCMS\src\Aero.Cms.Modules.Footer\Services\FooterService.cs(412,17): warning CS4014: Because this call is not awaited, execution of the current method continues before the call is completed. Consider applying the 'await' operator to the result of the call. [C:\Users\bbqch\proj\microbians\AeroCMS\src\Aero.Cms.Modules.Footer\Aero.Cms.Modules.Footer.csproj]
C:\Users\bbqch\proj\microbians\AeroCMS\src\Aero.Cms.Modules.Footer\Services\FooterService.cs(565,13): warning CS4014: Because this call is not awaited, execution of the current method continues before the call is completed. Consider applying the 'await' operator to the result of the call. [C:\Users\bbqch\proj\microbians\AeroCMS\src\Aero.Cms.Modules.Footer\Aero.Cms.Modules.Footer.csproj]
C:\Program Files\dotnet\sdk\10.0.301\Sdks\Microsoft.NET.Sdk.Razor\targets\Sdk.Razor.CurrentVersion.targets(840,5): warning RAZORSDK1004: One or more Razor view or page files were found, but the project is not configured to add Razor support for MVC. The MSBuild property 'AddRazorSupportForMvc' must be set to correctly compile Razor files that target MVC. For more information, see https://go.microsoft.com/fwlink/?linkid=868374. [C:\Users\bbqch\proj\microbians\AeroCMS\src\Aero.Cms.Modules.Theming\Aero.Cms.Modules.Theming.csproj]
C:\Users\bbqch\proj\microbians\AeroCMS\src\Aero.Cms.Modules.LettuceEncrypt\obj\Debug\net10.0\Aero.Cms.SourceGenerators\Aero.Cms.SourceGenerators.EmbeddedAttributesGenerator\LegacyReflectionDiscoveryAttribute.g.cs(20,18): warning CS8669: The annotation for nullable reference types should only be used in code within a '#nullable' annotations context. Auto-generated code requires an explicit '#nullable' directive in source. [C:\Users\bbqch\proj\microbians\AeroCMS\src\Aero.Cms.Modules.LettuceEncrypt\Aero.Cms.Modules.LettuceEncrypt.csproj]
C:\Users\bbqch\proj\microbians\AeroCMS\src\Aero.Cms.Modules.WebOptimizer\obj\Debug\net10.0\Aero.Cms.SourceGenerators\Aero.Cms.SourceGenerators.EmbeddedAttributesGenerator\LegacyReflectionDiscoveryAttribute.g.cs(20,18): warning CS8669: The annotation for nullable reference types should only be used in code within a '#nullable' annotations context. Auto-generated code requires an explicit '#nullable' directive in source. [C:\Users\bbqch\proj\microbians\AeroCMS\src\Aero.Cms.Modules.WebOptimizer\Aero.Cms.Modules.WebOptimizer.csproj]
C:\Users\bbqch\proj\microbians\AeroCMS\src\Aero.Cms.Modules.WebOptimizer\WebOptimizerModule.cs(43,22): warning CS8765: Nullability of type of parameter 'config' doesn't match overridden member (possibly because of nullability attributes). [C:\Users\bbqch\proj\microbians\AeroCMS\src\Aero.Cms.Modules.WebOptimizer\Aero.Cms.Modules.WebOptimizer.csproj]
C:\Users\bbqch\proj\microbians\AeroCMS\src\Aero.Cms.Modules.WebOptimizer\WebOptimizerModule.cs(43,22): warning CS8765: Nullability of type of parameter 'env' doesn't match overridden member (possibly because of nullability attributes). [C:\Users\bbqch\proj\microbians\AeroCMS\src\Aero.Cms.Modules.WebOptimizer\Aero.Cms.Modules.WebOptimizer.csproj]
C:\Users\bbqch\proj\microbians\AeroCMS\src\Aero.Cms.Modules.WebOptimizer\WebOptimizerModule.cs(43,91): warning CS8625: Cannot convert null literal to non-nullable reference type. [C:\Users\bbqch\proj\microbians\AeroCMS\src\Aero.Cms.Modules.WebOptimizer\Aero.Cms.Modules.WebOptimizer.csproj]
C:\Users\bbqch\proj\microbians\AeroCMS\src\Aero.Cms.Modules.WebOptimizer\WebOptimizerModule.cs(43,118): warning CS8625: Cannot convert null literal to non-nullable reference type. [C:\Users\bbqch\proj\microbians\AeroCMS\src\Aero.Cms.Modules.WebOptimizer\Aero.Cms.Modules.WebOptimizer.csproj]
C:\Users\bbqch\proj\microbians\AeroCMS\src\Aero.Cms.Modules.Jwt\obj\Debug\net10.0\Aero.Cms.SourceGenerators\Aero.Cms.SourceGenerators.EmbeddedAttributesGenerator\LegacyReflectionDiscoveryAttribute.g.cs(20,18): warning CS8669: The annotation for nullable reference types should only be used in code within a '#nullable' annotations context. Auto-generated code requires an explicit '#nullable' directive in source. [C:\Users\bbqch\proj\microbians\AeroCMS\src\Aero.Cms.Modules.Jwt\Aero.Cms.Modules.Jwt.csproj]
C:\Users\bbqch\proj\microbians\AeroCMS\src\Aero.Cms.Modules.Health\obj\Debug\net10.0\Aero.Cms.SourceGenerators\Aero.Cms.SourceGenerators.EmbeddedAttributesGenerator\LegacyReflectionDiscoveryAttribute.g.cs(20,18): warning CS8669: The annotation for nullable reference types should only be used in code within a '#nullable' annotations context. Auto-generated code requires an explicit '#nullable' directive in source. [C:\Users\bbqch\proj\microbians\AeroCMS\src\Aero.Cms.Modules.Health\Aero.Cms.Modules.Health.csproj]
C:\Users\bbqch\proj\microbians\AeroCMS\src\Aero.Cms.Modules.Sites\obj\Debug\net10.0\Aero.Cms.SourceGenerators\Aero.Cms.SourceGenerators.EmbeddedAttributesGenerator\LegacyReflectionDiscoveryAttribute.g.cs(20,18): warning CS8669: The annotation for nullable reference types should only be used in code within a '#nullable' annotations context. Auto-generated code requires an explicit '#nullable' directive in source. [C:\Users\bbqch\proj\microbians\AeroCMS\src\Aero.Cms.Modules.Sites\Aero.Cms.Modules.Sites.csproj]
C:\Users\bbqch\proj\microbians\AeroCMS\src\Aero.Cms.Modules.Sites\SitesModule.cs(115,13): warning CS8767: Nullability of reference types in type of parameter 'services' of 'void SitesModule.Configure(IServiceProvider services, StoreOptions opts)' doesn't match implicitly implemented member 'void IConfigureAeroDB.Configure(IServiceProvider? services, StoreOptions options)' (possibly because of nullability attributes). [C:\Users\bbqch\proj\microbians\AeroCMS\src\Aero.Cms.Modules.Sites\Aero.Cms.Modules.Sites.csproj]
C:\Users\bbqch\proj\microbians\AeroCMS\src\Aero.Cms.Modules.Sites\ISiteService.cs(192,16): warning CS8604: Possible null reference argument for parameter 'value' in 'Option<SitesModel>.implicit operator Option<SitesModel>(SitesModel value)'. [C:\Users\bbqch\proj\microbians\AeroCMS\src\Aero.Cms.Modules.Sites\Aero.Cms.Modules.Sites.csproj]
C:\Users\bbqch\proj\microbians\AeroCMS\src\Aero.Cms.Modules.Sites\SiteStartupFilter.cs(11,43): warning CS1574: XML comment has cref attribute 'Order' that could not be resolved [C:\Users\bbqch\proj\microbians\AeroCMS\src\Aero.Cms.Modules.Sites\Aero.Cms.Modules.Sites.csproj]
C:\Users\bbqch\proj\microbians\AeroCMS\src\Aero.Cms.Modules.Sites\SiteStartupFilter.cs(12,16): warning CS1574: XML comment has cref attribute 'ConfigureServices' that could not be resolved [C:\Users\bbqch\proj\microbians\AeroCMS\src\Aero.Cms.Modules.Sites\Aero.Cms.Modules.Sites.csproj]
C:\Users\bbqch\proj\microbians\AeroCMS\src\Aero.Cms.Modules.Sites\SiteStartupFilter.cs(12,67): warning CS1574: XML comment has cref attribute 'Insert' that could not be resolved [C:\Users\bbqch\proj\microbians\AeroCMS\src\Aero.Cms.Modules.Sites\Aero.Cms.Modules.Sites.csproj]
C:\Users\bbqch\proj\microbians\AeroCMS\src\Aero.Cms.Modules.Banner\obj\Debug\net10.0\Aero.Cms.SourceGenerators\Aero.Cms.SourceGenerators.EmbeddedAttributesGenerator\LegacyReflectionDiscoveryAttribute.g.cs(20,18): warning CS8669: The annotation for nullable reference types should only be used in code within a '#nullable' annotations context. Auto-generated code requires an explicit '#nullable' directive in source. [C:\Users\bbqch\proj\microbians\AeroCMS\src\Aero.Cms.Modules.Banner\Aero.Cms.Modules.Banner.csproj]
C:\Users\bbqch\proj\microbians\AeroCMS\src\Aero.Cms.Modules.Banner\BannerModule.cs(68,13): warning CS8767: Nullability of reference types in type of parameter 'services' of 'void BannerModule.Configure(IServiceProvider services, StoreOptions options)' doesn't match implicitly implemented member 'void IConfigureAeroDB.Configure(IServiceProvider? services, StoreOptions options)' (possibly because of nullability attributes). [C:\Users\bbqch\proj\microbians\AeroCMS\src\Aero.Cms.Modules.Banner\Aero.Cms.Modules.Banner.csproj]
C:\Users\bbqch\proj\microbians\AeroCMS\src\Aero.Cms.Modules.Banner\BannerModel.cs(21,15): warning CS8618: Non-nullable property 'Message' must contain a non-null value when exiting constructor. Consider adding the 'required' modifier or declaring the property as nullable. [C:\Users\bbqch\proj\microbians\AeroCMS\src\Aero.Cms.Modules.Banner\Aero.Cms.Modules.Banner.csproj]
C:\Users\bbqch\proj\microbians\AeroCMS\src\Aero.Cms.Modules.Tcp\obj\Debug\net10.0\Aero.Cms.SourceGenerators\Aero.Cms.SourceGenerators.EmbeddedAttributesGenerator\LegacyReflectionDiscoveryAttribute.g.cs(20,18): warning CS8669: The annotation for nullable reference types should only be used in code within a '#nullable' annotations context. Auto-generated code requires an explicit '#nullable' directive in source. [C:\Users\bbqch\proj\microbians\AeroCMS\src\Aero.Cms.Modules.Tcp\Aero.Cms.Modules.Tcp.csproj]
C:\Users\bbqch\proj\microbians\AeroCMS\src\Aero.Cms.Modules.Aliases\obj\Debug\net10.0\Aero.Cms.SourceGenerators\Aero.Cms.SourceGenerators.EmbeddedAttributesGenerator\LegacyReflectionDiscoveryAttribute.g.cs(20,18): warning CS8669: The annotation for nullable reference types should only be used in code within a '#nullable' annotations context. Auto-generated code requires an explicit '#nullable' directive in source. [C:\Users\bbqch\proj\microbians\AeroCMS\src\Aero.Cms.Modules.Aliases\Aero.Cms.Modules.Aliases.csproj]
C:\Users\bbqch\proj\microbians\AeroCMS\src\Aero.Cms.Modules.Aliases\AliasModule.cs(132,13): warning CS8767: Nullability of reference types in type of parameter 'services' of 'void AliasModule.Configure(IServiceProvider services, StoreOptions opts)' doesn't match implicitly implemented member 'void IConfigureAeroDB.Configure(IServiceProvider? services, StoreOptions options)' (possibly because of nullability attributes). [C:\Users\bbqch\proj\microbians\AeroCMS\src\Aero.Cms.Modules.Aliases\Aero.Cms.Modules.Aliases.csproj]
C:\Users\bbqch\proj\microbians\AeroCMS\src\Aero.Cms.Modules.Aliases\AliasRewriteRule.cs(16,16): warning CS1574: XML comment has cref attribute 'SiteResolutionMiddleware' that could not be resolved [C:\Users\bbqch\proj\microbians\AeroCMS\src\Aero.Cms.Modules.Aliases\Aero.Cms.Modules.Aliases.csproj]
C:\Users\bbqch\proj\microbians\AeroCMS\src\Aero.Cms.Modules.Aliases\AliasStartupFilter.cs(10,57): warning CS1574: XML comment has cref attribute 'SiteStartupFilter' that could not be resolved [C:\Users\bbqch\proj\microbians\AeroCMS\src\Aero.Cms.Modules.Aliases\Aero.Cms.Modules.Aliases.csproj]
C:\Users\bbqch\proj\microbians\AeroCMS\src\Aero.Cms.Modules.OutputCache\obj\Debug\net10.0\Aero.Cms.SourceGenerators\Aero.Cms.SourceGenerators.EmbeddedAttributesGenerator\LegacyReflectionDiscoveryAttribute.g.cs(20,18): warning CS8669: The annotation for nullable reference types should only be used in code within a '#nullable' annotations context. Auto-generated code requires an explicit '#nullable' directive in source. [C:\Users\bbqch\proj\microbians\AeroCMS\src\Aero.Cms.Modules.OutputCache\Aero.Cms.Modules.OutputCache.csproj]
C:\Users\bbqch\proj\microbians\AeroCMS\src\Aero.Cms.Modules.OutputCache\Caching\CmsOutputCachePolicy.cs(11,37): warning CS1574: XML comment has cref attribute 'OutputCachePolicy' that could not be resolved [C:\Users\bbqch\proj\microbians\AeroCMS\src\Aero.Cms.Modules.OutputCache\Aero.Cms.Modules.OutputCache.csproj]
C:\Users\bbqch\proj\microbians\AeroCMS\src\Aero.Cms.Modules.SimpleSecurity\obj\Debug\net10.0\Aero.Cms.SourceGenerators\Aero.Cms.SourceGenerators.EmbeddedAttributesGenerator\LegacyReflectionDiscoveryAttribute.g.cs(20,18): warning CS8669: The annotation for nullable reference types should only be used in code within a '#nullable' annotations context. Auto-generated code requires an explicit '#nullable' directive in source. [C:\Users\bbqch\proj\microbians\AeroCMS\src\Aero.Cms.Modules.SimpleSecurity\Aero.Cms.Modules.SimpleSecurity.csproj]
C:\Users\bbqch\proj\microbians\AeroCMS\src\Aero.Cms.Modules.WorkOS\obj\Debug\net10.0\Aero.Cms.SourceGenerators\Aero.Cms.SourceGenerators.EmbeddedAttributesGenerator\LegacyReflectionDiscoveryAttribute.g.cs(20,18): warning CS8669: The annotation for nullable reference types should only be used in code within a '#nullable' annotations context. Auto-generated code requires an explicit '#nullable' directive in source. [C:\Users\bbqch\proj\microbians\AeroCMS\src\Aero.Cms.Modules.WorkOS\Aero.Cms.Modules.WorkOS.csproj]
C:\Users\bbqch\proj\microbians\AeroCMS\src\Aero.Cms.Modules.Media\obj\Debug\net10.0\Aero.Cms.SourceGenerators\Aero.Cms.SourceGenerators.EmbeddedAttributesGenerator\LegacyReflectionDiscoveryAttribute.g.cs(20,18): warning CS8669: The annotation for nullable reference types should only be used in code within a '#nullable' annotations context. Auto-generated code requires an explicit '#nullable' directive in source. [C:\Users\bbqch\proj\microbians\AeroCMS\src\Aero.Cms.Modules.Media\Aero.Cms.Modules.Media.csproj]
C:\Users\bbqch\proj\microbians\AeroCMS\src\Aero.Cms.Modules.Media\MediaModule.cs(65,13): warning CS8767: Nullability of reference types in type of parameter 'services' of 'void MediaModule.Configure(IServiceProvider services, StoreOptions options)' doesn't match implicitly implemented member 'void IConfigureAeroDB.Configure(IServiceProvider? services, StoreOptions options)' (possibly because of nullability attributes). [C:\Users\bbqch\proj\microbians\AeroCMS\src\Aero.Cms.Modules.Media\Aero.Cms.Modules.Media.csproj]
C:\Users\bbqch\proj\microbians\AeroCMS\src\Aero.Cms.Modules.Media\Grains\AeroMediaGrain.cs(209,13): warning CS8602: Dereference of a possibly null reference. [C:\Users\bbqch\proj\microbians\AeroCMS\src\Aero.Cms.Modules.Media\Aero.Cms.Modules.Media.csproj]
C:\Users\bbqch\proj\microbians\AeroCMS\src\Aero.Cms.Modules.OneTimePasscode\obj\Debug\net10.0\Aero.Cms.SourceGenerators\Aero.Cms.SourceGenerators.EmbeddedAttributesGenerator\LegacyReflectionDiscoveryAttribute.g.cs(20,18): warning CS8669: The annotation for nullable reference types should only be used in code within a '#nullable' annotations context. Auto-generated code requires an explicit '#nullable' directive in source. [C:\Users\bbqch\proj\microbians\AeroCMS\src\Aero.Cms.Modules.OneTimePasscode\Aero.Cms.Modules.OneTimePasscode.csproj]
C:\Users\bbqch\proj\microbians\AeroCMS\src\Aero.Cms.Modules.Theming\obj\Debug\net10.0\Aero.Cms.SourceGenerators\Aero.Cms.SourceGenerators.EmbeddedAttributesGenerator\LegacyReflectionDiscoveryAttribute.g.cs(20,18): warning CS8669: The annotation for nullable reference types should only be used in code within a '#nullable' annotations context. Auto-generated code requires an explicit '#nullable' directive in source. [C:\Users\bbqch\proj\microbians\AeroCMS\src\Aero.Cms.Modules.Theming\Aero.Cms.Modules.Theming.csproj]
C:\Users\bbqch\proj\microbians\AeroCMS\src\Aero.Cms.Modules.Theming\ThemeService.cs(22,39): warning CS8618: Non-nullable field 'sp' must contain a non-null value when exiting constructor. Consider adding the 'required' modifier or declaring the field as nullable. [C:\Users\bbqch\proj\microbians\AeroCMS\src\Aero.Cms.Modules.Theming\Aero.Cms.Modules.Theming.csproj]
C:\Users\bbqch\proj\microbians\AeroCMS\src\Aero.Cms.Modules.Theming\ThemeService.cs(22,39): warning CS0649: Field 'ThemeService.sp' is never assigned to, and will always have its default value null [C:\Users\bbqch\proj\microbians\AeroCMS\src\Aero.Cms.Modules.Theming\Aero.Cms.Modules.Theming.csproj]
C:\Users\bbqch\proj\microbians\AeroCMS\src\Aero.Cms.Modules.MiniProfiler\obj\Debug\net10.0\Aero.Cms.SourceGenerators\Aero.Cms.SourceGenerators.EmbeddedAttributesGenerator\LegacyReflectionDiscoveryAttribute.g.cs(20,18): warning CS8669: The annotation for nullable reference types should only be used in code within a '#nullable' annotations context. Auto-generated code requires an explicit '#nullable' directive in source. [C:\Users\bbqch\proj\microbians\AeroCMS\src\Aero.Cms.Modules.MiniProfiler\Aero.Cms.Modules.MiniProfiler.csproj]
C:\Users\bbqch\proj\microbians\AeroCMS\src\Aero.Cms.Modules.MiniProfiler\MiniProfilerModule.cs(76,18): warning CS8602: Dereference of a possibly null reference. [C:\Users\bbqch\proj\microbians\AeroCMS\src\Aero.Cms.Modules.MiniProfiler\Aero.Cms.Modules.MiniProfiler.csproj]
C:\Users\bbqch\proj\microbians\AeroCMS\src\Aero.Cms.CookiePolicy\obj\Debug\net10.0\Aero.Cms.SourceGenerators\Aero.Cms.SourceGenerators.EmbeddedAttributesGenerator\LegacyReflectionDiscoveryAttribute.g.cs(20,18): warning CS8669: The annotation for nullable reference types should only be used in code within a '#nullable' annotations context. Auto-generated code requires an explicit '#nullable' directive in source. [C:\Users\bbqch\proj\microbians\AeroCMS\src\Aero.Cms.CookiePolicy\Aero.Cms.CookiePolicy.csproj]
C:\Users\bbqch\proj\microbians\AeroCMS\src\Aero.Cms.Modules.Identity\obj\Debug\net10.0\Aero.Cms.SourceGenerators\Aero.Cms.SourceGenerators.EmbeddedAttributesGenerator\LegacyReflectionDiscoveryAttribute.g.cs(20,18): warning CS8669: The annotation for nullable reference types should only be used in code within a '#nullable' annotations context. Auto-generated code requires an explicit '#nullable' directive in source. [C:\Users\bbqch\proj\microbians\AeroCMS\src\Aero.Cms.Modules.Identity\Aero.Cms.Modules.Identity.csproj]
C:\Users\bbqch\proj\microbians\AeroCMS\src\Aero.Cms.Modules.Analytics\obj\Debug\net10.0\Aero.Cms.SourceGenerators\Aero.Cms.SourceGenerators.EmbeddedAttributesGenerator\LegacyReflectionDiscoveryAttribute.g.cs(20,18): warning CS8669: The annotation for nullable reference types should only be used in code within a '#nullable' annotations context. Auto-generated code requires an explicit '#nullable' directive in source. [C:\Users\bbqch\proj\microbians\AeroCMS\src\Aero.Cms.Modules.Analytics\Aero.Cms.Modules.Analytics.csproj]
C:\Users\bbqch\proj\microbians\AeroCMS\src\Aero.Cms.Modules.RateLimiting\obj\Debug\net10.0\Aero.Cms.SourceGenerators\Aero.Cms.SourceGenerators.EmbeddedAttributesGenerator\LegacyReflectionDiscoveryAttribute.g.cs(20,18): warning CS8669: The annotation for nullable reference types should only be used in code within a '#nullable' annotations context. Auto-generated code requires an explicit '#nullable' directive in source. [C:\Users\bbqch\proj\microbians\AeroCMS\src\Aero.Cms.Modules.RateLimiting\Aero.Cms.Modules.RateLimiting.csproj]
C:\Users\bbqch\proj\microbians\AeroCMS\src\Aero.Cms.Modules.Cache\obj\Debug\net10.0\Aero.Cms.SourceGenerators\Aero.Cms.SourceGenerators.EmbeddedAttributesGenerator\LegacyReflectionDiscoveryAttribute.g.cs(20,18): warning CS8669: The annotation for nullable reference types should only be used in code within a '#nullable' annotations context. Auto-generated code requires an explicit '#nullable' directive in source. [C:\Users\bbqch\proj\microbians\AeroCMS\src\Aero.Cms.Modules.Cache\Aero.Cms.Modules.Cache.csproj]
C:\Users\bbqch\proj\microbians\AeroCMS\src\Aero.Cms.Modules.Pages\PageHierarchyMigration.cs(117,47): warning CS8714: The type 'long?' cannot be used as type parameter 'TKey' in the generic type or method 'Dictionary<TKey, TValue>'. Nullability of type argument 'long?' doesn't match 'notnull' constraint. [C:\Users\bbqch\proj\microbians\AeroCMS\src\Aero.Cms.Modules.Pages\Aero.Cms.Modules.Pages.csproj]
C:\Users\bbqch\proj\microbians\AeroCMS\src\Aero.Cms.Modules.Pages\obj\Debug\net10.0\Aero.Cms.SourceGenerators\Aero.Cms.SourceGenerators.EmbeddedAttributesGenerator\LegacyReflectionDiscoveryAttribute.g.cs(20,18): warning CS8669: The annotation for nullable reference types should only be used in code within a '#nullable' annotations context. Auto-generated code requires an explicit '#nullable' directive in source. [C:\Users\bbqch\proj\microbians\AeroCMS\src\Aero.Cms.Modules.Pages\Aero.Cms.Modules.Pages.csproj]
C:\Users\bbqch\proj\microbians\AeroCMS\src\Aero.Cms.Modules.Pages\PagesModule.cs(214,13): warning CS8767: Nullability of reference types in type of parameter 'services' of 'void PagesModule.Configure(IServiceProvider services, StoreOptions opts)' doesn't match implicitly implemented member 'void IConfigureAeroDB.Configure(IServiceProvider? services, StoreOptions options)' (possibly because of nullability attributes). [C:\Users\bbqch\proj\microbians\AeroCMS\src\Aero.Cms.Modules.Pages\Aero.Cms.Modules.Pages.csproj]
C:\Users\bbqch\proj\microbians\AeroCMS\src\Aero.Cms.Modules.Pages\PageEventArchiveJob.cs(43,13): warning CS4014: Because this call is not awaited, execution of the current method continues before the call is completed. Consider applying the 'await' operator to the result of the call. [C:\Users\bbqch\proj\microbians\AeroCMS\src\Aero.Cms.Modules.Pages\Aero.Cms.Modules.Pages.csproj]
C:\Users\bbqch\proj\microbians\AeroCMS\src\Aero.Cms.Modules.Pages\EventStreamBootstrapMigration.cs(80,13): warning CS4014: Because this call is not awaited, execution of the current method continues before the call is completed. Consider applying the 'await' operator to the result of the call. [C:\Users\bbqch\proj\microbians\AeroCMS\src\Aero.Cms.Modules.Pages\Aero.Cms.Modules.Pages.csproj]
C:\Users\bbqch\proj\microbians\AeroCMS\src\Aero.Cms.Modules.Pages\PagePublishingWorkflowService.cs(76,13): warning CS4014: Because this call is not awaited, execution of the current method continues before the call is completed. Consider applying the 'await' operator to the result of the call. [C:\Users\bbqch\proj\microbians\AeroCMS\src\Aero.Cms.Modules.Pages\Aero.Cms.Modules.Pages.csproj]
C:\Users\bbqch\proj\microbians\AeroCMS\src\Aero.Cms.Modules.Pages\Areas\Api\v1\PagesApi.cs(131,23): warning CS8604: Possible null reference argument for parameter 'Title' in 'PageSummary.PageSummary(long Id, string Title, string Slug, DateTime CreatedAt, DateTime? PublishedAt, string? Excerpt)'. [C:\Users\bbqch\proj\microbians\AeroCMS\src\Aero.Cms.Modules.Pages\Aero.Cms.Modules.Pages.csproj]
C:\Users\bbqch\proj\microbians\AeroCMS\src\Aero.Cms.Modules.Pages\Areas\Api\v1\PagesApi.cs(131,32): warning CS8604: Possible null reference argument for parameter 'Slug' in 'PageSummary.PageSummary(long Id, string Title, string Slug, DateTime CreatedAt, DateTime? PublishedAt, string? Excerpt)'. [C:\Users\bbqch\proj\microbians\AeroCMS\src\Aero.Cms.Modules.Pages\Aero.Cms.Modules.Pages.csproj]
C:\Users\bbqch\proj\microbians\AeroCMS\src\Aero.Cms.Modules.Pages\PagePublishingWorkflowService.cs(104,13): warning CS4014: Because this call is not awaited, execution of the current method continues before the call is completed. Consider applying the 'await' operator to the result of the call. [C:\Users\bbqch\proj\microbians\AeroCMS\src\Aero.Cms.Modules.Pages\Aero.Cms.Modules.Pages.csproj]
C:\Users\bbqch\proj\microbians\AeroCMS\src\Aero.Cms.Modules.Pages\PagePublishingWorkflowService.cs(132,13): warning CS4014: Because this call is not awaited, execution of the current method continues before the call is completed. Consider applying the 'await' operator to the result of the call. [C:\Users\bbqch\proj\microbians\AeroCMS\src\Aero.Cms.Modules.Pages\Aero.Cms.Modules.Pages.csproj]
C:\Users\bbqch\proj\microbians\AeroCMS\src\Aero.Cms.Modules.Pages\PageHierarchyMigration.cs(74,47): warning CS8714: The type 'long?' cannot be used as type parameter 'TKey' in the generic type or method 'Dictionary<TKey, TValue>'. Nullability of type argument 'long?' doesn't match 'notnull' constraint. [C:\Users\bbqch\proj\microbians\AeroCMS\src\Aero.Cms.Modules.Pages\Aero.Cms.Modules.Pages.csproj]
C:\Users\bbqch\proj\microbians\AeroCMS\src\Aero.Cms.Modules.Pages\PageTreeService.cs(240,13): warning CS4014: Because this call is not awaited, execution of the current method continues before the call is completed. Consider applying the 'await' operator to the result of the call. [C:\Users\bbqch\proj\microbians\AeroCMS\src\Aero.Cms.Modules.Pages\Aero.Cms.Modules.Pages.csproj]
C:\Users\bbqch\proj\microbians\AeroCMS\src\Aero.Cms.Modules.Pages\PagePublishingWorkflowService.cs(216,17): warning CS4014: Because this call is not awaited, execution of the current method continues before the call is completed. Consider applying the 'await' operator to the result of the call. [C:\Users\bbqch\proj\microbians\AeroCMS\src\Aero.Cms.Modules.Pages\Aero.Cms.Modules.Pages.csproj]
C:\Users\bbqch\proj\microbians\AeroCMS\src\Aero.Cms.Modules.Pages\PagePublishingWorkflowService.cs(223,17): warning CS4014: Because this call is not awaited, execution of the current method continues before the call is completed. Consider applying the 'await' operator to the result of the call. [C:\Users\bbqch\proj\microbians\AeroCMS\src\Aero.Cms.Modules.Pages\Aero.Cms.Modules.Pages.csproj]
C:\Users\bbqch\proj\microbians\AeroCMS\src\Aero.Cms.Modules.Pages\PagePublishingWorkflowService.cs(227,13): warning CS4014: Because this call is not awaited, execution of the current method continues before the call is completed. Consider applying the 'await' operator to the result of the call. [C:\Users\bbqch\proj\microbians\AeroCMS\src\Aero.Cms.Modules.Pages\Aero.Cms.Modules.Pages.csproj]
C:\Users\bbqch\proj\microbians\AeroCMS\src\Aero.Cms.Modules.Pages\NavigationService.cs(286,13): warning CS4014: Because this call is not awaited, execution of the current method continues before the call is completed. Consider applying the 'await' operator to the result of the call. [C:\Users\bbqch\proj\microbians\AeroCMS\src\Aero.Cms.Modules.Pages\Aero.Cms.Modules.Pages.csproj]
C:\Users\bbqch\proj\microbians\AeroCMS\src\Aero.Cms.Modules.Pages\PagePublishingWorkflowService.cs(270,13): warning CS4014: Because this call is not awaited, execution of the current method continues before the call is completed. Consider applying the 'await' operator to the result of the call. [C:\Users\bbqch\proj\microbians\AeroCMS\src\Aero.Cms.Modules.Pages\Aero.Cms.Modules.Pages.csproj]
C:\Users\bbqch\proj\microbians\AeroCMS\src\Aero.Cms.Modules.Pages\PageContentService.cs(446,13): warning CS4014: Because this call is not awaited, execution of the current method continues before the call is completed. Consider applying the 'await' operator to the result of the call. [C:\Users\bbqch\proj\microbians\AeroCMS\src\Aero.Cms.Modules.Pages\Aero.Cms.Modules.Pages.csproj]
C:\Users\bbqch\proj\microbians\AeroCMS\src\Aero.Cms.Modules.Pages\PageContentService.cs(451,17): warning CS4014: Because this call is not awaited, execution of the current method continues before the call is completed. Consider applying the 'await' operator to the result of the call. [C:\Users\bbqch\proj\microbians\AeroCMS\src\Aero.Cms.Modules.Pages\Aero.Cms.Modules.Pages.csproj]
C:\Users\bbqch\proj\microbians\AeroCMS\src\Aero.Cms.Modules.Pages\PageContentService.cs(455,17): warning CS4014: Because this call is not awaited, execution of the current method continues before the call is completed. Consider applying the 'await' operator to the result of the call. [C:\Users\bbqch\proj\microbians\AeroCMS\src\Aero.Cms.Modules.Pages\Aero.Cms.Modules.Pages.csproj]
C:\Users\bbqch\proj\microbians\AeroCMS\src\Aero.Cms.Modules.Pages\Grains\AeroPageGrain.cs(351,9): warning CS4014: Because this call is not awaited, execution of the current method continues before the call is completed. Consider applying the 'await' operator to the result of the call. [C:\Users\bbqch\proj\microbians\AeroCMS\src\Aero.Cms.Modules.Pages\Aero.Cms.Modules.Pages.csproj]
C:\Users\bbqch\proj\microbians\AeroCMS\src\Aero.Cms.Modules.Pages\PageContentService.cs(545,17): warning CS4014: Because this call is not awaited, execution of the current method continues before the call is completed. Consider applying the 'await' operator to the result of the call. [C:\Users\bbqch\proj\microbians\AeroCMS\src\Aero.Cms.Modules.Pages\Aero.Cms.Modules.Pages.csproj]
C:\Users\bbqch\proj\microbians\AeroCMS\src\Aero.Cms.Modules.Pages\PageContentService.cs(549,17): warning CS4014: Because this call is not awaited, execution of the current method continues before the call is completed. Consider applying the 'await' operator to the result of the call. [C:\Users\bbqch\proj\microbians\AeroCMS\src\Aero.Cms.Modules.Pages\Aero.Cms.Modules.Pages.csproj]
C:\Users\bbqch\proj\microbians\AeroCMS\src\Aero.Cms.Modules.Pages\PageContentService.cs(610,13): warning CS4014: Because this call is not awaited, execution of the current method continues before the call is completed. Consider applying the 'await' operator to the result of the call. [C:\Users\bbqch\proj\microbians\AeroCMS\src\Aero.Cms.Modules.Pages\Aero.Cms.Modules.Pages.csproj]
C:\Users\bbqch\proj\microbians\AeroCMS\src\Aero.Cms.Modules.Pages\PageContentService.cs(644,17): warning CS4014: Because this call is not awaited, execution of the current method continues before the call is completed. Consider applying the 'await' operator to the result of the call. [C:\Users\bbqch\proj\microbians\AeroCMS\src\Aero.Cms.Modules.Pages\Aero.Cms.Modules.Pages.csproj]
C:\Users\bbqch\proj\microbians\AeroCMS\src\Aero.Cms.Modules.Pages\PageContentService.cs(678,17): warning CS4014: Because this call is not awaited, execution of the current method continues before the call is completed. Consider applying the 'await' operator to the result of the call. [C:\Users\bbqch\proj\microbians\AeroCMS\src\Aero.Cms.Modules.Pages\Aero.Cms.Modules.Pages.csproj]
C:\Users\bbqch\proj\microbians\AeroCMS\src\Aero.Cms.Modules.Pages\PageContentService.cs(727,13): warning CS4014: Because this call is not awaited, execution of the current method continues before the call is completed. Consider applying the 'await' operator to the result of the call. [C:\Users\bbqch\proj\microbians\AeroCMS\src\Aero.Cms.Modules.Pages\Aero.Cms.Modules.Pages.csproj]
C:\Users\bbqch\proj\microbians\AeroCMS\src\Aero.Cms.Modules.Pages\PageContentService.cs(731,13): warning CS4014: Because this call is not awaited, execution of the current method continues before the call is completed. Consider applying the 'await' operator to the result of the call. [C:\Users\bbqch\proj\microbians\AeroCMS\src\Aero.Cms.Modules.Pages\Aero.Cms.Modules.Pages.csproj]
C:\Users\bbqch\proj\microbians\AeroCMS\src\Aero.Cms.Modules.Pages\PageContentService.cs(738,17): warning CS4014: Because this call is not awaited, execution of the current method continues before the call is completed. Consider applying the 'await' operator to the result of the call. [C:\Users\bbqch\proj\microbians\AeroCMS\src\Aero.Cms.Modules.Pages\Aero.Cms.Modules.Pages.csproj]
C:\Users\bbqch\proj\microbians\AeroCMS\src\Aero.Cms.Modules.Pages\PageContentService.cs(771,13): warning CS4014: Because this call is not awaited, execution of the current method continues before the call is completed. Consider applying the 'await' operator to the result of the call. [C:\Users\bbqch\proj\microbians\AeroCMS\src\Aero.Cms.Modules.Pages\Aero.Cms.Modules.Pages.csproj]
C:\Users\bbqch\proj\microbians\AeroCMS\src\Aero.Cms.Modules.Pages\PageContentService.cs(774,13): warning CS4014: Because this call is not awaited, execution of the current method continues before the call is completed. Consider applying the 'await' operator to the result of the call. [C:\Users\bbqch\proj\microbians\AeroCMS\src\Aero.Cms.Modules.Pages\Aero.Cms.Modules.Pages.csproj]
C:\Users\bbqch\proj\microbians\AeroCMS\src\Aero.Cms.Modules.Pages\PageContentService.cs(781,17): warning CS4014: Because this call is not awaited, execution of the current method continues before the call is completed. Consider applying the 'await' operator to the result of the call. [C:\Users\bbqch\proj\microbians\AeroCMS\src\Aero.Cms.Modules.Pages\Aero.Cms.Modules.Pages.csproj]
C:\Users\bbqch\proj\microbians\AeroCMS\src\Aero.Cms.Modules.Pages\PageContentService.cs(863,17): warning CS4014: Because this call is not awaited, execution of the current method continues before the call is completed. Consider applying the 'await' operator to the result of the call. [C:\Users\bbqch\proj\microbians\AeroCMS\src\Aero.Cms.Modules.Pages\Aero.Cms.Modules.Pages.csproj]
C:\Users\bbqch\proj\microbians\AeroCMS\src\Aero.Cms.Modules.Pages\PageContentService.cs(871,17): warning CS4014: Because this call is not awaited, execution of the current method continues before the call is completed. Consider applying the 'await' operator to the result of the call. [C:\Users\bbqch\proj\microbians\AeroCMS\src\Aero.Cms.Modules.Pages\Aero.Cms.Modules.Pages.csproj]
C:\Users\bbqch\proj\microbians\AeroCMS\src\Aero.Cms.Modules.Pages\PageContentService.cs(875,17): warning CS4014: Because this call is not awaited, execution of the current method continues before the call is completed. Consider applying the 'await' operator to the result of the call. [C:\Users\bbqch\proj\microbians\AeroCMS\src\Aero.Cms.Modules.Pages\Aero.Cms.Modules.Pages.csproj]
C:\Users\bbqch\proj\microbians\AeroCMS\src\Aero.Cms.Modules.Pages\IPagePreviewService.cs(18,22): warning CS1574: XML comment has cref attribute 'Result{T, TError}' that could not be resolved [C:\Users\bbqch\proj\microbians\AeroCMS\src\Aero.Cms.Modules.Pages\Aero.Cms.Modules.Pages.csproj]
C:\Users\bbqch\proj\microbians\AeroCMS\src\Aero.Cms.Modules.Commerce\obj\Debug\net10.0\Aero.Cms.SourceGenerators\Aero.Cms.SourceGenerators.EmbeddedAttributesGenerator\LegacyReflectionDiscoveryAttribute.g.cs(20,18): warning CS8669: The annotation for nullable reference types should only be used in code within a '#nullable' annotations context. Auto-generated code requires an explicit '#nullable' directive in source. [C:\Users\bbqch\proj\microbians\AeroCMS\src\Aero.Cms.Modules.Commerce\Aero.Cms.Modules.Commerce.csproj]
C:\Users\bbqch\proj\microbians\AeroCMS\src\Aero.Cms.Modules.Commerce\CommerceModule.cs(147,13): warning CS8767: Nullability of reference types in type of parameter 'services' of 'void CommerceModule.Configure(IServiceProvider services, StoreOptions opts)' doesn't match implicitly implemented member 'void IConfigureAeroDB.Configure(IServiceProvider? services, StoreOptions options)' (possibly because of nullability attributes). [C:\Users\bbqch\proj\microbians\AeroCMS\src\Aero.Cms.Modules.Commerce\Aero.Cms.Modules.Commerce.csproj]
C:\Users\bbqch\proj\microbians\AeroCMS\src\Aero.Cms.Modules.Commerce\Basket\Services\BasketService.cs(11,87): warning CS9113: Parameter 'log' is unread. [C:\Users\bbqch\proj\microbians\AeroCMS\src\Aero.Cms.Modules.Commerce\Aero.Cms.Modules.Commerce.csproj]
C:\Users\bbqch\proj\microbians\AeroCMS\src\Aero.Cms.Modules.Commerce\Catalog\Services\ProductService.cs(12,89): warning CS9113: Parameter 'log' is unread. [C:\Users\bbqch\proj\microbians\AeroCMS\src\Aero.Cms.Modules.Commerce\Aero.Cms.Modules.Commerce.csproj]
C:\Users\bbqch\proj\microbians\AeroCMS\src\Aero.Cms.Modules.Commerce\Data\CommerceSeedService.cs(73,44): warning CS8604: Possible null reference argument for parameter 'key' in 'bool Dictionary<string, IReadOnlyList<PexelsPhoto>>.TryGetValue(string key, out IReadOnlyList<PexelsPhoto> value)'. [C:\Users\bbqch\proj\microbians\AeroCMS\src\Aero.Cms.Modules.Commerce\Aero.Cms.Modules.Commerce.csproj]
C:\Users\bbqch\proj\microbians\AeroCMS\src\Aero.Cms.Modules.Commerce\Orders\Domain\OrderEntity.cs(5,45): warning CS1574: XML comment has cref attribute 'OrderStateMachine' that could not be resolved [C:\Users\bbqch\proj\microbians\AeroCMS\src\Aero.Cms.Modules.Commerce\Aero.Cms.Modules.Commerce.csproj]
C:\Users\bbqch\proj\microbians\AeroCMS\src\Aero.Cms.Modules.Posts\GlobalUsings.cs(26,14): warning CS0105: The using directive for 'AeroDB.Sable' appeared previously in this namespace [C:\Users\bbqch\proj\microbians\AeroCMS\src\Aero.Cms.Modules.Posts\Aero.Cms.Modules.Posts.csproj]
C:\Users\bbqch\proj\microbians\AeroCMS\src\Aero.Cms.Modules.Posts\obj\Debug\net10.0\Aero.Cms.SourceGenerators\Aero.Cms.SourceGenerators.EmbeddedAttributesGenerator\LegacyReflectionDiscoveryAttribute.g.cs(20,18): warning CS8669: The annotation for nullable reference types should only be used in code within a '#nullable' annotations context. Auto-generated code requires an explicit '#nullable' directive in source. [C:\Users\bbqch\proj\microbians\AeroCMS\src\Aero.Cms.Modules.Posts\Aero.Cms.Modules.Posts.csproj]
C:\Users\bbqch\proj\microbians\AeroCMS\src\Aero.Cms.Modules.Posts\PostsModule.cs(146,13): warning CS8767: Nullability of reference types in type of parameter 'services' of 'void PostsModule.Configure(IServiceProvider services, StoreOptions opts)' doesn't match implicitly implemented member 'void IConfigureAeroDB.Configure(IServiceProvider? services, StoreOptions options)' (possibly because of nullability attributes). [C:\Users\bbqch\proj\microbians\AeroCMS\src\Aero.Cms.Modules.Posts\Aero.Cms.Modules.Posts.csproj]
C:\Users\bbqch\proj\microbians\AeroCMS\src\Aero.Cms.Modules.Posts\PostContentService.cs(520,13): warning CS4014: Because this call is not awaited, execution of the current method continues before the call is completed. Consider applying the 'await' operator to the result of the call. [C:\Users\bbqch\proj\microbians\AeroCMS\src\Aero.Cms.Modules.Posts\Aero.Cms.Modules.Posts.csproj]
C:\Users\bbqch\proj\microbians\AeroCMS\src\Aero.Cms.Modules.Posts\PostContentService.cs(523,13): warning CS4014: Because this call is not awaited, execution of the current method continues before the call is completed. Consider applying the 'await' operator to the result of the call. [C:\Users\bbqch\proj\microbians\AeroCMS\src\Aero.Cms.Modules.Posts\Aero.Cms.Modules.Posts.csproj]
C:\Program Files\dotnet\sdk\10.0.301\Microsoft.Common.CurrentVersion.targets(2453,5): warning MSB3277: Found conflicts between different versions of "Microsoft.EntityFrameworkCore.Relational" that could not be resolved. [C:\Users\bbqch\proj\microbians\AeroCMS\src\Aero.Cms.Modules.Setup\Aero.Cms.Modules.Setup.csproj]
C:\Program Files\dotnet\sdk\10.0.301\Microsoft.Common.CurrentVersion.targets(2453,5): warning MSB3277: There was a conflict between "Microsoft.EntityFrameworkCore.Relational, Version=10.0.4.0, Culture=neutral, PublicKeyToken=adb9793829ddae60" and "Microsoft.EntityFrameworkCore.Relational, Version=10.0.9.0, Culture=neutral, PublicKeyToken=adb9793829ddae60". [C:\Users\bbqch\proj\microbians\AeroCMS\src\Aero.Cms.Modules.Setup\Aero.Cms.Modules.Setup.csproj]
C:\Program Files\dotnet\sdk\10.0.301\Microsoft.Common.CurrentVersion.targets(2453,5): warning MSB3277:     "Microsoft.EntityFrameworkCore.Relational, Version=10.0.4.0, Culture=neutral, PublicKeyToken=adb9793829ddae60" was chosen because it was primary and "Microsoft.EntityFrameworkCore.Relational, Version=10.0.9.0, Culture=neutral, PublicKeyToken=adb9793829ddae60" was not. [C:\Users\bbqch\proj\microbians\AeroCMS\src\Aero.Cms.Modules.Setup\Aero.Cms.Modules.Setup.csproj]
C:\Program Files\dotnet\sdk\10.0.301\Microsoft.Common.CurrentVersion.targets(2453,5): warning MSB3277:     References which depend on "Microsoft.EntityFrameworkCore.Relational, Version=10.0.4.0, Culture=neutral, PublicKeyToken=adb9793829ddae60" [D:\nuget-cache\microsoft.entityframeworkcore.relational\10.0.4\lib\net10.0\Microsoft.EntityFrameworkCore.Relational.dll]. [C:\Users\bbqch\proj\microbians\AeroCMS\src\Aero.Cms.Modules.Setup\Aero.Cms.Modules.Setup.csproj]
C:\Program Files\dotnet\sdk\10.0.301\Microsoft.Common.CurrentVersion.targets(2453,5): warning MSB3277:         D:\nuget-cache\microsoft.entityframeworkcore.relational\10.0.4\lib\net10.0\Microsoft.EntityFrameworkCore.Relational.dll [C:\Users\bbqch\proj\microbians\AeroCMS\src\Aero.Cms.Modules.Setup\Aero.Cms.Modules.Setup.csproj]
C:\Program Files\dotnet\sdk\10.0.301\Microsoft.Common.CurrentVersion.targets(2453,5): warning MSB3277:           Project file item includes which caused reference "D:\nuget-cache\microsoft.entityframeworkcore.relational\10.0.4\lib\net10.0\Microsoft.EntityFrameworkCore.Relational.dll". [C:\Users\bbqch\proj\microbians\AeroCMS\src\Aero.Cms.Modules.Setup\Aero.Cms.Modules.Setup.csproj]
C:\Program Files\dotnet\sdk\10.0.301\Microsoft.Common.CurrentVersion.targets(2453,5): warning MSB3277:             D:\nuget-cache\microsoft.entityframeworkcore.relational\10.0.4\lib\net10.0\Microsoft.EntityFrameworkCore.Relational.dll [C:\Users\bbqch\proj\microbians\AeroCMS\src\Aero.Cms.Modules.Setup\Aero.Cms.Modules.Setup.csproj]
C:\Program Files\dotnet\sdk\10.0.301\Microsoft.Common.CurrentVersion.targets(2453,5): warning MSB3277:     References which depend on or have been unified to "Microsoft.EntityFrameworkCore.Relational, Version=10.0.9.0, Culture=neutral, PublicKeyToken=adb9793829ddae60" []. [C:\Users\bbqch\proj\microbians\AeroCMS\src\Aero.Cms.Modules.Setup\Aero.Cms.Modules.Setup.csproj]
C:\Program Files\dotnet\sdk\10.0.301\Microsoft.Common.CurrentVersion.targets(2453,5): warning MSB3277:         C:\Users\bbqch\proj\microbians\AeroCMS\src\Aero.Cms.Web.Core\bin\Debug\net10.0\Aero.Cms.Web.Core.dll [C:\Users\bbqch\proj\microbians\AeroCMS\src\Aero.Cms.Modules.Setup\Aero.Cms.Modules.Setup.csproj]
C:\Program Files\dotnet\sdk\10.0.301\Microsoft.Common.CurrentVersion.targets(2453,5): warning MSB3277:           Project file item includes which caused reference "C:\Users\bbqch\proj\microbians\AeroCMS\src\Aero.Cms.Web.Core\bin\Debug\net10.0\Aero.Cms.Web.Core.dll". [C:\Users\bbqch\proj\microbians\AeroCMS\src\Aero.Cms.Modules.Setup\Aero.Cms.Modules.Setup.csproj]
C:\Program Files\dotnet\sdk\10.0.301\Microsoft.Common.CurrentVersion.targets(2453,5): warning MSB3277:             C:\Users\bbqch\proj\microbians\AeroCMS\src\Aero.Cms.Web.Core\bin\Debug\net10.0\Aero.Cms.Web.Core.dll [C:\Users\bbqch\proj\microbians\AeroCMS\src\Aero.Cms.Modules.Setup\Aero.Cms.Modules.Setup.csproj]
C:\Program Files\dotnet\sdk\10.0.301\Microsoft.Common.CurrentVersion.targets(2453,5): warning MSB3277:             C:\Users\bbqch\proj\microbians\AeroCMS\src\Aero.Cms.Modules.Identity\bin\Debug\net10.0\Aero.Cms.Modules.Identity.dll [C:\Users\bbqch\proj\microbians\AeroCMS\src\Aero.Cms.Modules.Setup\Aero.Cms.Modules.Setup.csproj]
C:\Program Files\dotnet\sdk\10.0.301\Microsoft.Common.CurrentVersion.targets(2453,5): warning MSB3277:             C:\Users\bbqch\proj\microbians\AeroCMS\src\Aero.Cms.Modules.Docs\bin\Debug\net10.0\Aero.Cms.Modules.Docs.dll [C:\Users\bbqch\proj\microbians\AeroCMS\src\Aero.Cms.Modules.Setup\Aero.Cms.Modules.Setup.csproj]
C:\Program Files\dotnet\sdk\10.0.301\Microsoft.Common.CurrentVersion.targets(2453,5): warning MSB3277:             C:\Users\bbqch\proj\microbians\AeroCMS\src\Aero.Cms.Modules.Aliases\bin\Debug\net10.0\Aero.Cms.Modules.Aliases.dll [C:\Users\bbqch\proj\microbians\AeroCMS\src\Aero.Cms.Modules.Setup\Aero.Cms.Modules.Setup.csproj]
C:\Program Files\dotnet\sdk\10.0.301\Microsoft.Common.CurrentVersion.targets(2453,5): warning MSB3277:             C:\Users\bbqch\proj\microbians\AeroCMS\src\Aero.Cms.Modules.Commerce\bin\Debug\net10.0\Aero.Cms.Modules.Commerce.dll [C:\Users\bbqch\proj\microbians\AeroCMS\src\Aero.Cms.Modules.Setup\Aero.Cms.Modules.Setup.csproj]
C:\Program Files\dotnet\sdk\10.0.301\Microsoft.Common.CurrentVersion.targets(2453,5): warning MSB3277:             C:\Users\bbqch\proj\microbians\AeroCMS\src\Aero.Cms.Modules.Posts\bin\Debug\net10.0\Aero.Cms.Modules.Posts.dll [C:\Users\bbqch\proj\microbians\AeroCMS\src\Aero.Cms.Modules.Setup\Aero.Cms.Modules.Setup.csproj]
C:\Program Files\dotnet\sdk\10.0.301\Microsoft.Common.CurrentVersion.targets(2453,5): warning MSB3277:             C:\Users\bbqch\proj\microbians\AeroCMS\src\Aero.Cms.Modules.Pages\bin\Debug\net10.0\Aero.Cms.Modules.Pages.dll [C:\Users\bbqch\proj\microbians\AeroCMS\src\Aero.Cms.Modules.Setup\Aero.Cms.Modules.Setup.csproj]
C:\Program Files\dotnet\sdk\10.0.301\Microsoft.Common.CurrentVersion.targets(2453,5): warning MSB3277:             C:\Users\bbqch\proj\microbians\AeroCMS\src\Aero.Cms.Modules.Media\bin\Debug\net10.0\Aero.Cms.Modules.Media.dll [C:\Users\bbqch\proj\microbians\AeroCMS\src\Aero.Cms.Modules.Setup\Aero.Cms.Modules.Setup.csproj]
C:\Program Files\dotnet\sdk\10.0.301\Microsoft.Common.CurrentVersion.targets(2453,5): warning MSB3277:             C:\Users\bbqch\proj\microbians\AeroCMS\src\Aero.Cms.Modules.Navigation\bin\Debug\net10.0\Aero.Cms.Modules.Navigation.dll [C:\Users\bbqch\proj\microbians\AeroCMS\src\Aero.Cms.Modules.Setup\Aero.Cms.Modules.Setup.csproj]
C:\Program Files\dotnet\sdk\10.0.301\Microsoft.Common.CurrentVersion.targets(2453,5): warning MSB3277:             C:\Users\bbqch\proj\microbians\AeroCMS\src\Aero.Cms.Modules.Footer\bin\Debug\net10.0\Aero.Cms.Modules.Footer.dll [C:\Users\bbqch\proj\microbians\AeroCMS\src\Aero.Cms.Modules.Setup\Aero.Cms.Modules.Setup.csproj]
C:\Program Files\dotnet\sdk\10.0.301\Microsoft.Common.CurrentVersion.targets(2453,5): warning MSB3277:             C:\Users\bbqch\proj\microbians\AeroCMS\src\Aero.Cms.Modules.Sites\bin\Debug\net10.0\Aero.Cms.Modules.Sites.dll [C:\Users\bbqch\proj\microbians\AeroCMS\src\Aero.Cms.Modules.Setup\Aero.Cms.Modules.Setup.csproj]
C:\Program Files\dotnet\sdk\10.0.301\Microsoft.Common.CurrentVersion.targets(2453,5): warning MSB3277:             C:\Users\bbqch\proj\microbians\AeroCMS\src\Aero.Cms.Modules.MiniProfiler\bin\Debug\net10.0\Aero.Cms.Modules.MiniProfiler.dll [C:\Users\bbqch\proj\microbians\AeroCMS\src\Aero.Cms.Modules.Setup\Aero.Cms.Modules.Setup.csproj]
C:\Program Files\dotnet\sdk\10.0.301\Microsoft.Common.CurrentVersion.targets(2453,5): warning MSB3277:         C:\Users\bbqch\proj\microbians\AeroCMS\src\Aero.Cms.Modules.Commerce\bin\Debug\net10.0\Aero.Cms.Modules.Commerce.dll [C:\Users\bbqch\proj\microbians\AeroCMS\src\Aero.Cms.Modules.Setup\Aero.Cms.Modules.Setup.csproj]
C:\Program Files\dotnet\sdk\10.0.301\Microsoft.Common.CurrentVersion.targets(2453,5): warning MSB3277:           Project file item includes which caused reference "C:\Users\bbqch\proj\microbians\AeroCMS\src\Aero.Cms.Modules.Commerce\bin\Debug\net10.0\Aero.Cms.Modules.Commerce.dll". [C:\Users\bbqch\proj\microbians\AeroCMS\src\Aero.Cms.Modules.Setup\Aero.Cms.Modules.Setup.csproj]
C:\Program Files\dotnet\sdk\10.0.301\Microsoft.Common.CurrentVersion.targets(2453,5): warning MSB3277:             C:\Users\bbqch\proj\microbians\AeroCMS\src\Aero.Cms.Modules.Commerce\bin\Debug\net10.0\Aero.Cms.Modules.Commerce.dll [C:\Users\bbqch\proj\microbians\AeroCMS\src\Aero.Cms.Modules.Setup\Aero.Cms.Modules.Setup.csproj]
C:\Program Files\dotnet\sdk\10.0.301\Microsoft.Common.CurrentVersion.targets(2453,5): warning MSB3277:         C:\Users\bbqch\proj\microbians\AeroCMS\Aero\src\Aero.EfCore\bin\Debug\net10.0\Aero.EfCore.dll [C:\Users\bbqch\proj\microbians\AeroCMS\src\Aero.Cms.Modules.Setup\Aero.Cms.Modules.Setup.csproj]
C:\Program Files\dotnet\sdk\10.0.301\Microsoft.Common.CurrentVersion.targets(2453,5): warning MSB3277:           Project file item includes which caused reference "C:\Users\bbqch\proj\microbians\AeroCMS\Aero\src\Aero.EfCore\bin\Debug\net10.0\Aero.EfCore.dll". [C:\Users\bbqch\proj\microbians\AeroCMS\src\Aero.Cms.Modules.Setup\Aero.Cms.Modules.Setup.csproj]
C:\Program Files\dotnet\sdk\10.0.301\Microsoft.Common.CurrentVersion.targets(2453,5): warning MSB3277:             C:\Users\bbqch\proj\microbians\AeroCMS\Aero\src\Aero.EfCore\bin\Debug\net10.0\Aero.EfCore.dll [C:\Users\bbqch\proj\microbians\AeroCMS\src\Aero.Cms.Modules.Setup\Aero.Cms.Modules.Setup.csproj]
C:\Program Files\dotnet\sdk\10.0.301\Microsoft.Common.CurrentVersion.targets(2453,5): warning MSB3277:             C:\Users\bbqch\proj\microbians\AeroCMS\src\Aero.Cms.Web.Core\bin\Debug\net10.0\Aero.Cms.Web.Core.dll [C:\Users\bbqch\proj\microbians\AeroCMS\src\Aero.Cms.Modules.Setup\Aero.Cms.Modules.Setup.csproj]
C:\Program Files\dotnet\sdk\10.0.301\Microsoft.Common.CurrentVersion.targets(2453,5): warning MSB3277:             C:\Users\bbqch\proj\microbians\AeroCMS\src\Aero.Cms.Modules.Identity\bin\Debug\net10.0\Aero.Cms.Modules.Identity.dll [C:\Users\bbqch\proj\microbians\AeroCMS\src\Aero.Cms.Modules.Setup\Aero.Cms.Modules.Setup.csproj]
C:\Program Files\dotnet\sdk\10.0.301\Microsoft.Common.CurrentVersion.targets(2453,5): warning MSB3277:             C:\Users\bbqch\proj\microbians\AeroCMS\src\Aero.Cms.Modules.Docs\bin\Debug\net10.0\Aero.Cms.Modules.Docs.dll [C:\Users\bbqch\proj\microbians\AeroCMS\src\Aero.Cms.Modules.Setup\Aero.Cms.Modules.Setup.csproj]
C:\Program Files\dotnet\sdk\10.0.301\Microsoft.Common.CurrentVersion.targets(2453,5): warning MSB3277:             C:\Users\bbqch\proj\microbians\AeroCMS\src\Aero.Cms.Modules.Aliases\bin\Debug\net10.0\Aero.Cms.Modules.Aliases.dll [C:\Users\bbqch\proj\microbians\AeroCMS\src\Aero.Cms.Modules.Setup\Aero.Cms.Modules.Setup.csproj]
C:\Program Files\dotnet\sdk\10.0.301\Microsoft.Common.CurrentVersion.targets(2453,5): warning MSB3277:             C:\Users\bbqch\proj\microbians\AeroCMS\src\Aero.Cms.Modules.Commerce\bin\Debug\net10.0\Aero.Cms.Modules.Commerce.dll [C:\Users\bbqch\proj\microbians\AeroCMS\src\Aero.Cms.Modules.Setup\Aero.Cms.Modules.Setup.csproj]
C:\Program Files\dotnet\sdk\10.0.301\Microsoft.Common.CurrentVersion.targets(2453,5): warning MSB3277:             C:\Users\bbqch\proj\microbians\AeroCMS\src\Aero.Cms.Modules.Posts\bin\Debug\net10.0\Aero.Cms.Modules.Posts.dll [C:\Users\bbqch\proj\microbians\AeroCMS\src\Aero.Cms.Modules.Setup\Aero.Cms.Modules.Setup.csproj]
C:\Program Files\dotnet\sdk\10.0.301\Microsoft.Common.CurrentVersion.targets(2453,5): warning MSB3277:             C:\Users\bbqch\proj\microbians\AeroCMS\src\Aero.Cms.Modules.Pages\bin\Debug\net10.0\Aero.Cms.Modules.Pages.dll [C:\Users\bbqch\proj\microbians\AeroCMS\src\Aero.Cms.Modules.Setup\Aero.Cms.Modules.Setup.csproj]
C:\Program Files\dotnet\sdk\10.0.301\Microsoft.Common.CurrentVersion.targets(2453,5): warning MSB3277:             C:\Users\bbqch\proj\microbians\AeroCMS\src\Aero.Cms.Modules.Media\bin\Debug\net10.0\Aero.Cms.Modules.Media.dll [C:\Users\bbqch\proj\microbians\AeroCMS\src\Aero.Cms.Modules.Setup\Aero.Cms.Modules.Setup.csproj]
C:\Program Files\dotnet\sdk\10.0.301\Microsoft.Common.CurrentVersion.targets(2453,5): warning MSB3277:             C:\Users\bbqch\proj\microbians\AeroCMS\src\Aero.Cms.Modules.Navigation\bin\Debug\net10.0\Aero.Cms.Modules.Navigation.dll [C:\Users\bbqch\proj\microbians\AeroCMS\src\Aero.Cms.Modules.Setup\Aero.Cms.Modules.Setup.csproj]
C:\Program Files\dotnet\sdk\10.0.301\Microsoft.Common.CurrentVersion.targets(2453,5): warning MSB3277:             C:\Users\bbqch\proj\microbians\AeroCMS\src\Aero.Cms.Modules.Footer\bin\Debug\net10.0\Aero.Cms.Modules.Footer.dll [C:\Users\bbqch\proj\microbians\AeroCMS\src\Aero.Cms.Modules.Setup\Aero.Cms.Modules.Setup.csproj]
C:\Program Files\dotnet\sdk\10.0.301\Microsoft.Common.CurrentVersion.targets(2453,5): warning MSB3277:             C:\Users\bbqch\proj\microbians\AeroCMS\src\Aero.Cms.Modules.Sites\bin\Debug\net10.0\Aero.Cms.Modules.Sites.dll [C:\Users\bbqch\proj\microbians\AeroCMS\src\Aero.Cms.Modules.Setup\Aero.Cms.Modules.Setup.csproj]
C:\Program Files\dotnet\sdk\10.0.301\Microsoft.Common.CurrentVersion.targets(2453,5): warning MSB3277:             C:\Users\bbqch\proj\microbians\AeroCMS\src\Aero.Cms.Modules.MiniProfiler\bin\Debug\net10.0\Aero.Cms.Modules.MiniProfiler.dll [C:\Users\bbqch\proj\microbians\AeroCMS\src\Aero.Cms.Modules.Setup\Aero.Cms.Modules.Setup.csproj]
C:\Users\bbqch\proj\microbians\AeroCMS\src\Aero.Cms.Modules.SiteMap\obj\Debug\net10.0\Aero.Cms.SourceGenerators\Aero.Cms.SourceGenerators.EmbeddedAttributesGenerator\LegacyReflectionDiscoveryAttribute.g.cs(20,18): warning CS8669: The annotation for nullable reference types should only be used in code within a '#nullable' annotations context. Auto-generated code requires an explicit '#nullable' directive in source. [C:\Users\bbqch\proj\microbians\AeroCMS\src\Aero.Cms.Modules.SiteMap\Aero.Cms.Modules.SiteMap.csproj]
C:\Users\bbqch\proj\microbians\AeroCMS\src\Aero.Cms.Modules.SiteMap\SiteMapModule.cs(69,13): warning CS8767: Nullability of reference types in type of parameter 'services' of 'void SiteMapModule.Configure(IServiceProvider services, StoreOptions options)' doesn't match implicitly implemented member 'void IConfigureAeroDB.Configure(IServiceProvider? services, StoreOptions options)' (possibly because of nullability attributes). [C:\Users\bbqch\proj\microbians\AeroCMS\src\Aero.Cms.Modules.SiteMap\Aero.Cms.Modules.SiteMap.csproj]
C:\Users\bbqch\proj\microbians\AeroCMS\src\Aero.Cms.Modules.Setup\obj\Debug\net10.0\Aero.Cms.SourceGenerators\Aero.Cms.SourceGenerators.EmbeddedAttributesGenerator\LegacyReflectionDiscoveryAttribute.g.cs(20,18): warning CS8669: The annotation for nullable reference types should only be used in code within a '#nullable' annotations context. Auto-generated code requires an explicit '#nullable' directive in source. [C:\Users\bbqch\proj\microbians\AeroCMS\src\Aero.Cms.Modules.Setup\Aero.Cms.Modules.Setup.csproj]
C:\Users\bbqch\proj\microbians\AeroCMS\src\Aero.Cms.Modules.Setup\SeedDataService.cs(461,21): warning CS4014: Because this call is not awaited, execution of the current method continues before the call is completed. Consider applying the 'await' operator to the result of the call. [C:\Users\bbqch\proj\microbians\AeroCMS\src\Aero.Cms.Modules.Setup\Aero.Cms.Modules.Setup.csproj]
C:\Users\bbqch\proj\microbians\AeroCMS\src\Aero.Cms.Modules.Setup\SeedDataService.cs(463,21): warning CS4014: Because this call is not awaited, execution of the current method continues before the call is completed. Consider applying the 'await' operator to the result of the call. [C:\Users\bbqch\proj\microbians\AeroCMS\src\Aero.Cms.Modules.Setup\Aero.Cms.Modules.Setup.csproj]
C:\Users\bbqch\proj\microbians\AeroCMS\src\Aero.Cms.Modules.Setup\SeedDataService.cs(481,9): warning CS4014: Because this call is not awaited, execution of the current method continues before the call is completed. Consider applying the 'await' operator to the result of the call. [C:\Users\bbqch\proj\microbians\AeroCMS\src\Aero.Cms.Modules.Setup\Aero.Cms.Modules.Setup.csproj]
C:\Users\bbqch\proj\microbians\AeroCMS\src\Aero.Cms.Modules.Setup\SeedDataService.cs(494,17): warning CS4014: Because this call is not awaited, execution of the current method continues before the call is completed. Consider applying the 'await' operator to the result of the call. [C:\Users\bbqch\proj\microbians\AeroCMS\src\Aero.Cms.Modules.Setup\Aero.Cms.Modules.Setup.csproj]
C:\Users\bbqch\proj\microbians\AeroCMS\src\Aero.Cms.Modules.Setup\SeedDataService.cs(496,17): warning CS4014: Because this call is not awaited, execution of the current method continues before the call is completed. Consider applying the 'await' operator to the result of the call. [C:\Users\bbqch\proj\microbians\AeroCMS\src\Aero.Cms.Modules.Setup\Aero.Cms.Modules.Setup.csproj]
C:\Users\bbqch\proj\microbians\AeroCMS\src\Aero.Cms.Modules.Setup\SeedDataService.cs(524,21): warning CS4014: Because this call is not awaited, execution of the current method continues before the call is completed. Consider applying the 'await' operator to the result of the call. [C:\Users\bbqch\proj\microbians\AeroCMS\src\Aero.Cms.Modules.Setup\Aero.Cms.Modules.Setup.csproj]
C:\Users\bbqch\proj\microbians\AeroCMS\src\Aero.Cms.Modules.Setup\SeedDataService.cs(526,21): warning CS4014: Because this call is not awaited, execution of the current method continues before the call is completed. Consider applying the 'await' operator to the result of the call. [C:\Users\bbqch\proj\microbians\AeroCMS\src\Aero.Cms.Modules.Setup\Aero.Cms.Modules.Setup.csproj]
C:\Users\bbqch\proj\microbians\AeroCMS\src\Aero.Cms.Modules.Setup\SeedDataService.cs(591,9): warning CS4014: Because this call is not awaited, execution of the current method continues before the call is completed. Consider applying the 'await' operator to the result of the call. [C:\Users\bbqch\proj\microbians\AeroCMS\src\Aero.Cms.Modules.Setup\Aero.Cms.Modules.Setup.csproj]
C:\Users\bbqch\proj\microbians\AeroCMS\src\Aero.Cms.Modules.Setup\SeedDataService.cs(604,17): warning CS4014: Because this call is not awaited, execution of the current method continues before the call is completed. Consider applying the 'await' operator to the result of the call. [C:\Users\bbqch\proj\microbians\AeroCMS\src\Aero.Cms.Modules.Setup\Aero.Cms.Modules.Setup.csproj]
C:\Users\bbqch\proj\microbians\AeroCMS\src\Aero.Cms.Modules.Setup\SeedDataService.cs(606,17): warning CS4014: Because this call is not awaited, execution of the current method continues before the call is completed. Consider applying the 'await' operator to the result of the call. [C:\Users\bbqch\proj\microbians\AeroCMS\src\Aero.Cms.Modules.Setup\Aero.Cms.Modules.Setup.csproj]
C:\Users\bbqch\proj\microbians\AeroCMS\src\Aero.Cms.Modules.Setup\SeedDataService.cs(698,9): warning CS4014: Because this call is not awaited, execution of the current method continues before the call is completed. Consider applying the 'await' operator to the result of the call. [C:\Users\bbqch\proj\microbians\AeroCMS\src\Aero.Cms.Modules.Setup\Aero.Cms.Modules.Setup.csproj]
C:\Users\bbqch\proj\microbians\AeroCMS\src\Aero.Cms.Modules.Setup\SeedDataService.cs(776,9): warning CS4014: Because this call is not awaited, execution of the current method continues before the call is completed. Consider applying the 'await' operator to the result of the call. [C:\Users\bbqch\proj\microbians\AeroCMS\src\Aero.Cms.Modules.Setup\Aero.Cms.Modules.Setup.csproj]
C:\Program Files\dotnet\sdk\10.0.301\Microsoft.Common.CurrentVersion.targets(2453,5): warning MSB3277: Found conflicts between different versions of "Microsoft.EntityFrameworkCore.Relational" that could not be resolved. [C:\Users\bbqch\proj\microbians\AeroCMS\src\Aero.Cms.Web.Bootstrap\Aero.Cms.Web.Bootstrap.csproj]
C:\Program Files\dotnet\sdk\10.0.301\Microsoft.Common.CurrentVersion.targets(2453,5): warning MSB3277: There was a conflict between "Microsoft.EntityFrameworkCore.Relational, Version=10.0.4.0, Culture=neutral, PublicKeyToken=adb9793829ddae60" and "Microsoft.EntityFrameworkCore.Relational, Version=10.0.9.0, Culture=neutral, PublicKeyToken=adb9793829ddae60". [C:\Users\bbqch\proj\microbians\AeroCMS\src\Aero.Cms.Web.Bootstrap\Aero.Cms.Web.Bootstrap.csproj]
C:\Program Files\dotnet\sdk\10.0.301\Microsoft.Common.CurrentVersion.targets(2453,5): warning MSB3277:     "Microsoft.EntityFrameworkCore.Relational, Version=10.0.4.0, Culture=neutral, PublicKeyToken=adb9793829ddae60" was chosen because it was primary and "Microsoft.EntityFrameworkCore.Relational, Version=10.0.9.0, Culture=neutral, PublicKeyToken=adb9793829ddae60" was not. [C:\Users\bbqch\proj\microbians\AeroCMS\src\Aero.Cms.Web.Bootstrap\Aero.Cms.Web.Bootstrap.csproj]
C:\Program Files\dotnet\sdk\10.0.301\Microsoft.Common.CurrentVersion.targets(2453,5): warning MSB3277:     References which depend on "Microsoft.EntityFrameworkCore.Relational, Version=10.0.4.0, Culture=neutral, PublicKeyToken=adb9793829ddae60" [D:\nuget-cache\microsoft.entityframeworkcore.relational\10.0.4\lib\net10.0\Microsoft.EntityFrameworkCore.Relational.dll]. [C:\Users\bbqch\proj\microbians\AeroCMS\src\Aero.Cms.Web.Bootstrap\Aero.Cms.Web.Bootstrap.csproj]
C:\Program Files\dotnet\sdk\10.0.301\Microsoft.Common.CurrentVersion.targets(2453,5): warning MSB3277:         D:\nuget-cache\microsoft.entityframeworkcore.relational\10.0.4\lib\net10.0\Microsoft.EntityFrameworkCore.Relational.dll [C:\Users\bbqch\proj\microbians\AeroCMS\src\Aero.Cms.Web.Bootstrap\Aero.Cms.Web.Bootstrap.csproj]
C:\Program Files\dotnet\sdk\10.0.301\Microsoft.Common.CurrentVersion.targets(2453,5): warning MSB3277:           Project file item includes which caused reference "D:\nuget-cache\microsoft.entityframeworkcore.relational\10.0.4\lib\net10.0\Microsoft.EntityFrameworkCore.Relational.dll". [C:\Users\bbqch\proj\microbians\AeroCMS\src\Aero.Cms.Web.Bootstrap\Aero.Cms.Web.Bootstrap.csproj]
C:\Program Files\dotnet\sdk\10.0.301\Microsoft.Common.CurrentVersion.targets(2453,5): warning MSB3277:             D:\nuget-cache\microsoft.entityframeworkcore.relational\10.0.4\lib\net10.0\Microsoft.EntityFrameworkCore.Relational.dll [C:\Users\bbqch\proj\microbians\AeroCMS\src\Aero.Cms.Web.Bootstrap\Aero.Cms.Web.Bootstrap.csproj]
C:\Program Files\dotnet\sdk\10.0.301\Microsoft.Common.CurrentVersion.targets(2453,5): warning MSB3277:     References which depend on or have been unified to "Microsoft.EntityFrameworkCore.Relational, Version=10.0.9.0, Culture=neutral, PublicKeyToken=adb9793829ddae60" []. [C:\Users\bbqch\proj\microbians\AeroCMS\src\Aero.Cms.Web.Bootstrap\Aero.Cms.Web.Bootstrap.csproj]
C:\Program Files\dotnet\sdk\10.0.301\Microsoft.Common.CurrentVersion.targets(2453,5): warning MSB3277:         C:\Users\bbqch\proj\microbians\AeroCMS\Aero\src\Aero.EfCore\bin\Debug\net10.0\Aero.EfCore.dll [C:\Users\bbqch\proj\microbians\AeroCMS\src\Aero.Cms.Web.Bootstrap\Aero.Cms.Web.Bootstrap.csproj]
C:\Program Files\dotnet\sdk\10.0.301\Microsoft.Common.CurrentVersion.targets(2453,5): warning MSB3277:           Project file item includes which caused reference "C:\Users\bbqch\proj\microbians\AeroCMS\Aero\src\Aero.EfCore\bin\Debug\net10.0\Aero.EfCore.dll". [C:\Users\bbqch\proj\microbians\AeroCMS\src\Aero.Cms.Web.Bootstrap\Aero.Cms.Web.Bootstrap.csproj]
C:\Program Files\dotnet\sdk\10.0.301\Microsoft.Common.CurrentVersion.targets(2453,5): warning MSB3277:             C:\Users\bbqch\proj\microbians\AeroCMS\Aero\src\Aero.EfCore\bin\Debug\net10.0\Aero.EfCore.dll [C:\Users\bbqch\proj\microbians\AeroCMS\src\Aero.Cms.Web.Bootstrap\Aero.Cms.Web.Bootstrap.csproj]
C:\Program Files\dotnet\sdk\10.0.301\Microsoft.Common.CurrentVersion.targets(2453,5): warning MSB3277:             C:\Users\bbqch\proj\microbians\AeroCMS\src\Aero.Cms.Web.Core\bin\Debug\net10.0\Aero.Cms.Web.Core.dll [C:\Users\bbqch\proj\microbians\AeroCMS\src\Aero.Cms.Web.Bootstrap\Aero.Cms.Web.Bootstrap.csproj]
C:\Program Files\dotnet\sdk\10.0.301\Microsoft.Common.CurrentVersion.targets(2453,5): warning MSB3277:             C:\Users\bbqch\proj\microbians\AeroCMS\src\Aero.Cms.Modules.Docs\bin\Debug\net10.0\Aero.Cms.Modules.Docs.dll [C:\Users\bbqch\proj\microbians\AeroCMS\src\Aero.Cms.Web.Bootstrap\Aero.Cms.Web.Bootstrap.csproj]
C:\Program Files\dotnet\sdk\10.0.301\Microsoft.Common.CurrentVersion.targets(2453,5): warning MSB3277:             C:\Users\bbqch\proj\microbians\AeroCMS\src\Aero.Cms.Modules.Identity\bin\Debug\net10.0\Aero.Cms.Modules.Identity.dll [C:\Users\bbqch\proj\microbians\AeroCMS\src\Aero.Cms.Web.Bootstrap\Aero.Cms.Web.Bootstrap.csproj]
C:\Program Files\dotnet\sdk\10.0.301\Microsoft.Common.CurrentVersion.targets(2453,5): warning MSB3277:             C:\Users\bbqch\proj\microbians\AeroCMS\src\Aero.Cms.Modules.Setup\bin\Debug\net10.0\Aero.Cms.Modules.Setup.dll [C:\Users\bbqch\proj\microbians\AeroCMS\src\Aero.Cms.Web.Bootstrap\Aero.Cms.Web.Bootstrap.csproj]
C:\Program Files\dotnet\sdk\10.0.301\Microsoft.Common.CurrentVersion.targets(2453,5): warning MSB3277:             C:\Users\bbqch\proj\microbians\AeroCMS\src\Aero.Cms.Modules.Aliases\bin\Debug\net10.0\Aero.Cms.Modules.Aliases.dll [C:\Users\bbqch\proj\microbians\AeroCMS\src\Aero.Cms.Web.Bootstrap\Aero.Cms.Web.Bootstrap.csproj]
C:\Program Files\dotnet\sdk\10.0.301\Microsoft.Common.CurrentVersion.targets(2453,5): warning MSB3277:             C:\Users\bbqch\proj\microbians\AeroCMS\src\Aero.Cms.Modules.Commerce\bin\Debug\net10.0\Aero.Cms.Modules.Commerce.dll [C:\Users\bbqch\proj\microbians\AeroCMS\src\Aero.Cms.Web.Bootstrap\Aero.Cms.Web.Bootstrap.csproj]
C:\Program Files\dotnet\sdk\10.0.301\Microsoft.Common.CurrentVersion.targets(2453,5): warning MSB3277:             C:\Users\bbqch\proj\microbians\AeroCMS\src\Aero.Cms.Modules.Footer\bin\Debug\net10.0\Aero.Cms.Modules.Footer.dll [C:\Users\bbqch\proj\microbians\AeroCMS\src\Aero.Cms.Web.Bootstrap\Aero.Cms.Web.Bootstrap.csproj]
C:\Program Files\dotnet\sdk\10.0.301\Microsoft.Common.CurrentVersion.targets(2453,5): warning MSB3277:             C:\Users\bbqch\proj\microbians\AeroCMS\src\Aero.Cms.Modules.Media\bin\Debug\net10.0\Aero.Cms.Modules.Media.dll [C:\Users\bbqch\proj\microbians\AeroCMS\src\Aero.Cms.Web.Bootstrap\Aero.Cms.Web.Bootstrap.csproj]
C:\Program Files\dotnet\sdk\10.0.301\Microsoft.Common.CurrentVersion.targets(2453,5): warning MSB3277:             C:\Users\bbqch\proj\microbians\AeroCMS\src\Aero.Cms.Modules.MiniProfiler\bin\Debug\net10.0\Aero.Cms.Modules.MiniProfiler.dll [C:\Users\bbqch\proj\microbians\AeroCMS\src\Aero.Cms.Web.Bootstrap\Aero.Cms.Web.Bootstrap.csproj]
C:\Program Files\dotnet\sdk\10.0.301\Microsoft.Common.CurrentVersion.targets(2453,5): warning MSB3277:             C:\Users\bbqch\proj\microbians\AeroCMS\src\Aero.Cms.Modules.Navigation\bin\Debug\net10.0\Aero.Cms.Modules.Navigation.dll [C:\Users\bbqch\proj\microbians\AeroCMS\src\Aero.Cms.Web.Bootstrap\Aero.Cms.Web.Bootstrap.csproj]
C:\Program Files\dotnet\sdk\10.0.301\Microsoft.Common.CurrentVersion.targets(2453,5): warning MSB3277:             C:\Users\bbqch\proj\microbians\AeroCMS\src\Aero.Cms.Modules.Pages\bin\Debug\net10.0\Aero.Cms.Modules.Pages.dll [C:\Users\bbqch\proj\microbians\AeroCMS\src\Aero.Cms.Web.Bootstrap\Aero.Cms.Web.Bootstrap.csproj]
C:\Program Files\dotnet\sdk\10.0.301\Microsoft.Common.CurrentVersion.targets(2453,5): warning MSB3277:             C:\Users\bbqch\proj\microbians\AeroCMS\src\Aero.Cms.Modules.Posts\bin\Debug\net10.0\Aero.Cms.Modules.Posts.dll [C:\Users\bbqch\proj\microbians\AeroCMS\src\Aero.Cms.Web.Bootstrap\Aero.Cms.Web.Bootstrap.csproj]
C:\Program Files\dotnet\sdk\10.0.301\Microsoft.Common.CurrentVersion.targets(2453,5): warning MSB3277:             C:\Users\bbqch\proj\microbians\AeroCMS\src\Aero.Cms.Modules.Sites\bin\Debug\net10.0\Aero.Cms.Modules.Sites.dll [C:\Users\bbqch\proj\microbians\AeroCMS\src\Aero.Cms.Web.Bootstrap\Aero.Cms.Web.Bootstrap.csproj]
C:\Program Files\dotnet\sdk\10.0.301\Microsoft.Common.CurrentVersion.targets(2453,5): warning MSB3277:         C:\Users\bbqch\proj\microbians\AeroCMS\src\Aero.Cms.Web.Core\bin\Debug\net10.0\Aero.Cms.Web.Core.dll [C:\Users\bbqch\proj\microbians\AeroCMS\src\Aero.Cms.Web.Bootstrap\Aero.Cms.Web.Bootstrap.csproj]
C:\Program Files\dotnet\sdk\10.0.301\Microsoft.Common.CurrentVersion.targets(2453,5): warning MSB3277:           Project file item includes which caused reference "C:\Users\bbqch\proj\microbians\AeroCMS\src\Aero.Cms.Web.Core\bin\Debug\net10.0\Aero.Cms.Web.Core.dll". [C:\Users\bbqch\proj\microbians\AeroCMS\src\Aero.Cms.Web.Bootstrap\Aero.Cms.Web.Bootstrap.csproj]
C:\Program Files\dotnet\sdk\10.0.301\Microsoft.Common.CurrentVersion.targets(2453,5): warning MSB3277:             C:\Users\bbqch\proj\microbians\AeroCMS\src\Aero.Cms.Web.Core\bin\Debug\net10.0\Aero.Cms.Web.Core.dll [C:\Users\bbqch\proj\microbians\AeroCMS\src\Aero.Cms.Web.Bootstrap\Aero.Cms.Web.Bootstrap.csproj]
C:\Program Files\dotnet\sdk\10.0.301\Microsoft.Common.CurrentVersion.targets(2453,5): warning MSB3277:             C:\Users\bbqch\proj\microbians\AeroCMS\src\Aero.Cms.Modules.Docs\bin\Debug\net10.0\Aero.Cms.Modules.Docs.dll [C:\Users\bbqch\proj\microbians\AeroCMS\src\Aero.Cms.Web.Bootstrap\Aero.Cms.Web.Bootstrap.csproj]
C:\Program Files\dotnet\sdk\10.0.301\Microsoft.Common.CurrentVersion.targets(2453,5): warning MSB3277:             C:\Users\bbqch\proj\microbians\AeroCMS\src\Aero.Cms.Modules.Identity\bin\Debug\net10.0\Aero.Cms.Modules.Identity.dll [C:\Users\bbqch\proj\microbians\AeroCMS\src\Aero.Cms.Web.Bootstrap\Aero.Cms.Web.Bootstrap.csproj]
C:\Program Files\dotnet\sdk\10.0.301\Microsoft.Common.CurrentVersion.targets(2453,5): warning MSB3277:             C:\Users\bbqch\proj\microbians\AeroCMS\src\Aero.Cms.Modules.Setup\bin\Debug\net10.0\Aero.Cms.Modules.Setup.dll [C:\Users\bbqch\proj\microbians\AeroCMS\src\Aero.Cms.Web.Bootstrap\Aero.Cms.Web.Bootstrap.csproj]
C:\Program Files\dotnet\sdk\10.0.301\Microsoft.Common.CurrentVersion.targets(2453,5): warning MSB3277:             C:\Users\bbqch\proj\microbians\AeroCMS\src\Aero.Cms.Modules.Aliases\bin\Debug\net10.0\Aero.Cms.Modules.Aliases.dll [C:\Users\bbqch\proj\microbians\AeroCMS\src\Aero.Cms.Web.Bootstrap\Aero.Cms.Web.Bootstrap.csproj]
C:\Program Files\dotnet\sdk\10.0.301\Microsoft.Common.CurrentVersion.targets(2453,5): warning MSB3277:             C:\Users\bbqch\proj\microbians\AeroCMS\src\Aero.Cms.Modules.Commerce\bin\Debug\net10.0\Aero.Cms.Modules.Commerce.dll [C:\Users\bbqch\proj\microbians\AeroCMS\src\Aero.Cms.Web.Bootstrap\Aero.Cms.Web.Bootstrap.csproj]
C:\Program Files\dotnet\sdk\10.0.301\Microsoft.Common.CurrentVersion.targets(2453,5): warning MSB3277:             C:\Users\bbqch\proj\microbians\AeroCMS\src\Aero.Cms.Modules.Footer\bin\Debug\net10.0\Aero.Cms.Modules.Footer.dll [C:\Users\bbqch\proj\microbians\AeroCMS\src\Aero.Cms.Web.Bootstrap\Aero.Cms.Web.Bootstrap.csproj]
C:\Program Files\dotnet\sdk\10.0.301\Microsoft.Common.CurrentVersion.targets(2453,5): warning MSB3277:             C:\Users\bbqch\proj\microbians\AeroCMS\src\Aero.Cms.Modules.Media\bin\Debug\net10.0\Aero.Cms.Modules.Media.dll [C:\Users\bbqch\proj\microbians\AeroCMS\src\Aero.Cms.Web.Bootstrap\Aero.Cms.Web.Bootstrap.csproj]
C:\Program Files\dotnet\sdk\10.0.301\Microsoft.Common.CurrentVersion.targets(2453,5): warning MSB3277:             C:\Users\bbqch\proj\microbians\AeroCMS\src\Aero.Cms.Modules.MiniProfiler\bin\Debug\net10.0\Aero.Cms.Modules.MiniProfiler.dll [C:\Users\bbqch\proj\microbians\AeroCMS\src\Aero.Cms.Web.Bootstrap\Aero.Cms.Web.Bootstrap.csproj]
C:\Program Files\dotnet\sdk\10.0.301\Microsoft.Common.CurrentVersion.targets(2453,5): warning MSB3277:             C:\Users\bbqch\proj\microbians\AeroCMS\src\Aero.Cms.Modules.Navigation\bin\Debug\net10.0\Aero.Cms.Modules.Navigation.dll [C:\Users\bbqch\proj\microbians\AeroCMS\src\Aero.Cms.Web.Bootstrap\Aero.Cms.Web.Bootstrap.csproj]
C:\Program Files\dotnet\sdk\10.0.301\Microsoft.Common.CurrentVersion.targets(2453,5): warning MSB3277:             C:\Users\bbqch\proj\microbians\AeroCMS\src\Aero.Cms.Modules.Pages\bin\Debug\net10.0\Aero.Cms.Modules.Pages.dll [C:\Users\bbqch\proj\microbians\AeroCMS\src\Aero.Cms.Web.Bootstrap\Aero.Cms.Web.Bootstrap.csproj]
C:\Program Files\dotnet\sdk\10.0.301\Microsoft.Common.CurrentVersion.targets(2453,5): warning MSB3277:             C:\Users\bbqch\proj\microbians\AeroCMS\src\Aero.Cms.Modules.Posts\bin\Debug\net10.0\Aero.Cms.Modules.Posts.dll [C:\Users\bbqch\proj\microbians\AeroCMS\src\Aero.Cms.Web.Bootstrap\Aero.Cms.Web.Bootstrap.csproj]
C:\Program Files\dotnet\sdk\10.0.301\Microsoft.Common.CurrentVersion.targets(2453,5): warning MSB3277:             C:\Users\bbqch\proj\microbians\AeroCMS\src\Aero.Cms.Modules.Sites\bin\Debug\net10.0\Aero.Cms.Modules.Sites.dll [C:\Users\bbqch\proj\microbians\AeroCMS\src\Aero.Cms.Web.Bootstrap\Aero.Cms.Web.Bootstrap.csproj]
C:\Program Files\dotnet\sdk\10.0.301\Microsoft.Common.CurrentVersion.targets(2453,5): warning MSB3277:         C:\Users\bbqch\proj\microbians\AeroCMS\src\Aero.Cms.Modules.Setup\bin\Debug\net10.0\Aero.Cms.Modules.Setup.dll [C:\Users\bbqch\proj\microbians\AeroCMS\src\Aero.Cms.Web.Bootstrap\Aero.Cms.Web.Bootstrap.csproj]
C:\Program Files\dotnet\sdk\10.0.301\Microsoft.Common.CurrentVersion.targets(2453,5): warning MSB3277:           Project file item includes which caused reference "C:\Users\bbqch\proj\microbians\AeroCMS\src\Aero.Cms.Modules.Setup\bin\Debug\net10.0\Aero.Cms.Modules.Setup.dll". [C:\Users\bbqch\proj\microbians\AeroCMS\src\Aero.Cms.Web.Bootstrap\Aero.Cms.Web.Bootstrap.csproj]
C:\Program Files\dotnet\sdk\10.0.301\Microsoft.Common.CurrentVersion.targets(2453,5): warning MSB3277:             C:\Users\bbqch\proj\microbians\AeroCMS\src\Aero.Cms.Modules.Setup\bin\Debug\net10.0\Aero.Cms.Modules.Setup.dll [C:\Users\bbqch\proj\microbians\AeroCMS\src\Aero.Cms.Web.Bootstrap\Aero.Cms.Web.Bootstrap.csproj]
C:\Program Files\dotnet\sdk\10.0.301\Microsoft.Common.CurrentVersion.targets(2453,5): warning MSB3277:         C:\Users\bbqch\proj\microbians\AeroCMS\src\Aero.Cms.Modules.Commerce\bin\Debug\net10.0\Aero.Cms.Modules.Commerce.dll [C:\Users\bbqch\proj\microbians\AeroCMS\src\Aero.Cms.Web.Bootstrap\Aero.Cms.Web.Bootstrap.csproj]
C:\Program Files\dotnet\sdk\10.0.301\Microsoft.Common.CurrentVersion.targets(2453,5): warning MSB3277:           Project file item includes which caused reference "C:\Users\bbqch\proj\microbians\AeroCMS\src\Aero.Cms.Modules.Commerce\bin\Debug\net10.0\Aero.Cms.Modules.Commerce.dll". [C:\Users\bbqch\proj\microbians\AeroCMS\src\Aero.Cms.Web.Bootstrap\Aero.Cms.Web.Bootstrap.csproj]
C:\Program Files\dotnet\sdk\10.0.301\Microsoft.Common.CurrentVersion.targets(2453,5): warning MSB3277:             C:\Users\bbqch\proj\microbians\AeroCMS\src\Aero.Cms.Modules.Commerce\bin\Debug\net10.0\Aero.Cms.Modules.Commerce.dll [C:\Users\bbqch\proj\microbians\AeroCMS\src\Aero.Cms.Web.Bootstrap\Aero.Cms.Web.Bootstrap.csproj]
C:\Program Files\dotnet\sdk\10.0.301\Microsoft.Common.CurrentVersion.targets(2453,5): warning MSB3277:             C:\Users\bbqch\proj\microbians\AeroCMS\src\Aero.Cms.Modules.Setup\bin\Debug\net10.0\Aero.Cms.Modules.Setup.dll [C:\Users\bbqch\proj\microbians\AeroCMS\src\Aero.Cms.Web.Bootstrap\Aero.Cms.Web.Bootstrap.csproj]
C:\Users\bbqch\proj\microbians\AeroCMS\tests\Aero.Cms.Core.Tests\Integration\MartenSchemaCompositionTests.cs(9,7): warning CS0105: The using directive for 'Aero.Cms.Core.Blocks' appeared previously in this namespace [C:\Users\bbqch\proj\microbians\AeroCMS\tests\Aero.Cms.Core.Tests\Aero.Cms.Core.Tests.csproj]
C:\Users\bbqch\proj\microbians\AeroCMS\tests\Aero.Cms.Core.Tests\Integration\SetupPageModelTests.cs(92,9): warning CS4014: Because this call is not awaited, execution of the current method continues before the call is completed. Consider applying the 'await' operator to the result of the call. [C:\Users\bbqch\proj\microbians\AeroCMS\tests\Aero.Cms.Core.Tests\Aero.Cms.Core.Tests.csproj]
C:\Users\bbqch\proj\microbians\AeroCMS\src\Aero.Cms.Web.Bootstrap\obj\Debug\net10.0\Aero.Cms.SourceGenerators\Aero.Cms.SourceGenerators.EmbeddedAttributesGenerator\LegacyReflectionDiscoveryAttribute.g.cs(20,18): warning CS8669: The annotation for nullable reference types should only be used in code within a '#nullable' annotations context. Auto-generated code requires an explicit '#nullable' directive in source. [C:\Users\bbqch\proj\microbians\AeroCMS\src\Aero.Cms.Web.Bootstrap\Aero.Cms.Web.Bootstrap.csproj]
CSC : error CS2012: Cannot open 'C:\Users\bbqch\proj\microbians\AeroCMS\src\Aero.Cms.Abstractions\obj\Debug\net10.0\Aero.Cms.Abstractions.dll' for writing -- The process cannot access the file 'C:\Users\bbqch\proj\microbians\AeroCMS\src\Aero.Cms.Abstractions\obj\Debug\net10.0\Aero.Cms.Abstractions.dll' because it is being used by another process.; file may be locked by 'VBCSCompiler' (97812) [C:\Users\bbqch\proj\microbians\AeroCMS\src\Aero.Cms.Abstractions\Aero.Cms.Abstractions.csproj]
    1479 Warning(s)
    1 Error(s)

Time Elapsed 00:00:58.58
