  Determining projects to restore...
C:\Users\bbqch\proj\microbians\AeroCMS\src\Aero.Cms.Modules.Garnet\Aero.Cms.Modules.Garnet.csproj : warning NU1510: PackageReference Microsoft.Extensions.Hosting will not be pruned. Consider removing this package from your dependencies, as it is likely unnecessary. [C:\Users\bbqch\proj\microbians\AeroCMS\src\Aero.Cms.slnx]
C:\Users\bbqch\proj\microbians\AeroCMS\src\Aero.Cms.Web\Aero.Cms.Web.csproj : warning NU1510: PackageReference Microsoft.Extensions.Logging.Abstractions will not be pruned. Consider removing this package from your dependencies, as it is likely unnecessary. [C:\Users\bbqch\proj\microbians\AeroCMS\src\Aero.Cms.slnx]
  Restored C:\Users\bbqch\proj\microbians\AeroCMS\src\Aero.Cms.Services\Aero.Cms.Services.csproj (in 318 ms).
  Restored C:\Users\bbqch\proj\microbians\AeroCMS\src\Aero.Cms.Shared.Models\Aero.Cms.Shared.Models.csproj (in 318 ms).
C:\Users\bbqch\proj\microbians\AeroCMS\src\Aero.Cms.Web\Aero.Cms.Web.csproj : warning NU1608: Detected package version outside of dependency constraint: AngleSharp.Css 0.17.0 requires AngleSharp (>= 0.17.0 && < 0.18.0) but version AngleSharp 1.4.0 was resolved. [C:\Users\bbqch\proj\microbians\AeroCMS\src\Aero.Cms.slnx]
C:\Users\bbqch\proj\microbians\AeroCMS\Aero\src\Aero.Social\Aero.Social.csproj : warning NU1903: Package 'Newtonsoft.Json' 10.0.2 has a known high severity vulnerability, https://github.com/advisories/GHSA-5crp-9r3c-p9vr [C:\Users\bbqch\proj\microbians\AeroCMS\src\Aero.Cms.slnx]
C:\Users\bbqch\proj\microbians\AeroCMS\Aero\src\Aero.Web\Aero.Web.csproj : warning NU1902: Package 'MimeKit' 2.10.1 has a known moderate severity vulnerability, https://github.com/advisories/GHSA-g7hc-96xr-gvvx [C:\Users\bbqch\proj\microbians\AeroCMS\src\Aero.Cms.slnx]
  Restored C:\Users\bbqch\proj\microbians\AeroCMS\src\Aero.Cms.ServiceDefaults\Aero.Cms.ServiceDefaults.csproj (in 730 ms).
  Restored C:\Users\bbqch\proj\microbians\AeroCMS\Aero\src\Aero.Cloudflare\Aero.Cloudflare.csproj (in 755 ms).
  Restored C:\Users\bbqch\proj\microbians\AeroCMS\src\Aero.Cms.AppHost\Aero.Cms.AppHost.csproj (in 759 ms).
  Restored C:\Users\bbqch\proj\microbians\AeroCMS\Aero\src\Aero.Social\Aero.Social.csproj (in 760 ms).
  Restored C:\Users\bbqch\proj\microbians\AeroCMS\Aero\src\Aero.Models\Aero.Models.csproj (in 838 ms).
  Restored C:\Users\bbqch\proj\microbians\AeroCMS\Aero\src\Aero.Validators\Aero.Validators.csproj (in 838 ms).
  Restored C:\Users\bbqch\proj\microbians\AeroCMS\Aero\src\Aero.Caching\Aero.Caching.csproj (in 838 ms).
  Restored C:\Users\bbqch\proj\microbians\AeroCMS\src\Aero.Cms.Modules.Identity\Aero.Cms.Modules.Identity.csproj (in 882 ms).
  Restored C:\Users\bbqch\proj\microbians\AeroCMS\src\Aero.Cms.Modules.Aliases\Aero.Cms.Modules.Aliases.csproj (in 332 ms).
C:\Users\bbqch\proj\microbians\AeroCMS\Aero\src\Aero.SignalR\Aero.SignalR.csproj : warning NU1903: Package 'Newtonsoft.Json' 11.0.2 has a known high severity vulnerability, https://github.com/advisories/GHSA-5crp-9r3c-p9vr [C:\Users\bbqch\proj\microbians\AeroCMS\src\Aero.Cms.slnx]
  Restored C:\Users\bbqch\proj\microbians\AeroCMS\Aero\src\Aero.Marten\Aero.Marten.csproj (in 857 ms).
  Restored C:\Users\bbqch\proj\microbians\AeroCMS\src\Aero.Cms.Modules.Mcp\Aero.Cms.Modules.Mcp.csproj (in 884 ms).
  Restored C:\Users\bbqch\proj\microbians\AeroCMS\src\Aero.Cms.Web.Core\Aero.Cms.Web.Core.csproj (in 883 ms).
  Restored C:\Users\bbqch\proj\microbians\AeroCMS\src\Modules\Infrastructure\Aero.Cms.Modules.Cache\Aero.Cms.Modules.Cache.csproj (in 884 ms).
  Restored C:\Users\bbqch\proj\microbians\AeroCMS\src\Aero.Cms.Banners\Aero.Cms.Banners.csproj (in 884 ms).
  Restored C:\Users\bbqch\proj\microbians\AeroCMS\src\Aero.Cms.Modules.Docs\Aero.Cms.Modules.Docs.csproj (in 883 ms).
  Restored C:\Users\bbqch\proj\microbians\AeroCMS\src\Aero.Cms.Modules.GlobalExceptionFilter\Aero.Cms.Modules.GlobalExceptionFilter.csproj (in 888 ms).
  Restored C:\Users\bbqch\proj\microbians\AeroCMS\src\Aero.Cms.Events\Aero.Cms.Events.csproj (in 126 ms).
  Restored C:\Users\bbqch\proj\microbians\AeroCMS\src\Modules\Analytics\Aero.Cms.Modules.Analytics\Aero.Cms.Modules.Analytics.csproj (in 883 ms).
  Restored C:\Users\bbqch\proj\microbians\AeroCMS\src\Modules\Infrastructure\Aero.Cms.Modules.RateLimiting\Aero.Cms.Modules.RateLimiting.csproj (in 900 ms).
  Restored C:\Users\bbqch\proj\microbians\AeroCMS\src\Aero.Cms.Modules.MagicLink\Aero.Cms.Modules.MagicLink.csproj (in 888 ms).
  Restored C:\Users\bbqch\proj\microbians\AeroCMS\src\Aero.Cms.Core\Aero.Cms.Core.csproj (in 887 ms).
  Restored C:\Users\bbqch\proj\microbians\AeroCMS\src\Aero.Cms.Modules.Garnet\Aero.Cms.Modules.Garnet.csproj (in 902 ms).
  Restored C:\Users\bbqch\proj\microbians\AeroCMS\src\Aero.Cms.CookiePolicy\Aero.Cms.CookiePolicy.csproj (in 887 ms).
  Restored C:\Users\bbqch\proj\microbians\AeroCMS\src\Aero.Cms.Modules.MiniProfiler\Aero.Cms.Modules.MiniProfiler.csproj (in 883 ms).
  Restored C:\Users\bbqch\proj\microbians\AeroCMS\src\Aero.Cms.Modules.Manager\Aero.Cms.Modules.Manager.csproj (in 886 ms).
  Restored C:\Users\bbqch\proj\microbians\AeroCMS\src\Aero.Cms.Modules.WebOptimizer\Aero.Cms.Modules.WebOptimizer.csproj (in 888 ms).
  Restored C:\Users\bbqch\proj\microbians\AeroCMS\src\Aero.Cms.Modules.Crm\Aero.Cms.Modules.Crm.csproj (in 887 ms).
  Restored C:\Users\bbqch\proj\microbians\AeroCMS\src\Aero.Cms.Modules.Users\Aero.Cms.Modules.Users.csproj (in 112 ms).
C:\Users\bbqch\proj\microbians\AeroCMS\Aero\src\Aero.Core\Aero.Core.csproj : warning NU1903: Package 'Newtonsoft.Json' 10.0.2 has a known high severity vulnerability, https://github.com/advisories/GHSA-5crp-9r3c-p9vr [C:\Users\bbqch\proj\microbians\AeroCMS\src\Aero.Cms.slnx]
  Restored C:\Users\bbqch\proj\microbians\AeroCMS\src\Aero.Cms.Repositories\Aero.Cms.Repositories.csproj (in 901 ms).
  Restored C:\Users\bbqch\proj\microbians\AeroCMS\src\Aero.Cms.Modules.Blog\Aero.Cms.Modules.Blog.csproj (in 901 ms).
  Restored C:\Users\bbqch\proj\microbians\AeroCMS\src\Aero.Cms.Modules.Grpc\Aero.Cms.Modules.Grpc.csproj (in 885 ms).
  Restored C:\Users\bbqch\proj\microbians\AeroCMS\src\Aero.Cms.Modules.Health\Aero.Cms.Modules.Health.csproj (in 902 ms).
  Restored C:\Users\bbqch\proj\microbians\AeroCMS\src\Aero.Cms.Modules.Jobs\Aero.Cms.Modules.Jobs.csproj (in 902 ms).
  Restored C:\Users\bbqch\proj\microbians\AeroCMS\src\Aero.Cms.Modules.Localization\Aero.Cms.Modules.Localization.csproj (in 885 ms).
  Restored C:\Users\bbqch\proj\microbians\AeroCMS\src\Modules\Security\Aero.Cms.Modules.SimpleSecurity\Aero.Cms.Modules.SimpleSecurity.csproj (in 901 ms).
  Restored C:\Users\bbqch\proj\microbians\AeroCMS\src\Aero.Cms.Modules.Chat\Aero.Cms.Modules.Chat.csproj (in 883 ms).
  Restored C:\Users\bbqch\proj\microbians\AeroCMS\src\Aero.Cms.Modules.Jwt\Aero.Cms.Modules.Jwt.csproj (in 902 ms).
  Restored C:\Users\bbqch\proj\microbians\AeroCMS\src\Aero.Cms.Modules.Theming\Aero.Cms.Modules.Theming.csproj (in 333 ms).
  Restored C:\Users\bbqch\proj\microbians\AeroCMS\src\Modules\Infrastructure\Aero.Cms.Modules.Rewrite\Aero.Cms.Modules.Rewrite.csproj (in 888 ms).
  Restored C:\Users\bbqch\proj\microbians\AeroCMS\src\Aero.Cms.Modules.Mailer\Aero.Cms.Modules.Mailer.csproj (in 104 ms).
  Restored C:\Users\bbqch\proj\microbians\AeroCMS\src\Aero.Cms.Modules.Headless\Aero.Cms.Modules.Headless.csproj (in 905 ms).
  Restored C:\Users\bbqch\proj\microbians\AeroCMS\Aero\src\Aero.EfCore\Aero.EfCore.csproj (in 885 ms).
  Restored C:\Users\bbqch\proj\microbians\AeroCMS\src\Aero.Cms.Modules.Tcp\Aero.Cms.Modules.Tcp.csproj (in 85 ms).
  Restored C:\Users\bbqch\proj\microbians\AeroCMS\Aero\src\Aero.SignalR\Aero.SignalR.csproj (in 127 ms).
  Restored C:\Users\bbqch\proj\microbians\AeroCMS\src\Aero.Cms.Marten.Identity\Aero.Cms.Marten.Identity.csproj (in 900 ms).
  Restored C:\Users\bbqch\proj\microbians\AeroCMS\src\Aero.Cms.Modules.ContentCreator\Aero.Cms.Modules.ContentCreator.csproj (in 917 ms).
  Restored C:\Users\bbqch\proj\microbians\AeroCMS\Aero\src\Aero.Web\Aero.Web.csproj (in 921 ms).
  Restored C:\Users\bbqch\proj\microbians\AeroCMS\src\Aero.Cms.Modules.Ai\Aero.Cms.Modules.Ai.csproj (in 74 ms).
  Restored C:\Users\bbqch\proj\microbians\AeroCMS\src\Modules\Security\Aero.Cms.Modules.Security\Aero.Cms.Modules.Security.csproj (in 901 ms).
  Restored C:\Users\bbqch\proj\microbians\AeroCMS\src\Aero.Cms.Shared\Aero.Cms.Shared.csproj (in 900 ms).
  Restored C:\Users\bbqch\proj\microbians\AeroCMS\Aero\src\Aero.Core\Aero.Core.csproj (in 43 ms).
  Restored C:\Users\bbqch\proj\microbians\AeroCMS\src\Aero.Cms.Modules.Static\Aero.Cms.Modules.Static.csproj (in 107 ms).
  Restored C:\Users\bbqch\proj\microbians\AeroCMS\tests\Aero.Cms.Core.Tests\Aero.Cms.Core.Tests.csproj (in 925 ms).
  Restored C:\Users\bbqch\proj\microbians\AeroCMS\src\Aero.Cms.Web.Client\Aero.Cms.Web.Client.csproj (in 992 ms).
  Restored C:\Users\bbqch\proj\microbians\AeroCMS\Aero\src\Aero.Events\Aero.Events.csproj (in 122 ms).
  Restored C:\Users\bbqch\proj\microbians\AeroCMS\src\Aero.Cms.Modules.Members\Aero.Cms.Modules.Members.csproj (in 108 ms).
  Restored C:\Users\bbqch\proj\microbians\AeroCMS\src\Aero.Cms.Modules.Mail\Aero.Cms.Modules.Mail.csproj (in 104 ms).
C:\Users\bbqch\proj\microbians\AeroCMS\Aero\src\Aero.Services\Aero.Services.csproj : warning NU1902: Package 'MimeKit' 2.10.1 has a known moderate severity vulnerability, https://github.com/advisories/GHSA-g7hc-96xr-gvvx [C:\Users\bbqch\proj\microbians\AeroCMS\src\Aero.Cms.slnx]
  Restored C:\Users\bbqch\proj\microbians\AeroCMS\src\Aero.Cms.Modules.RequestLog\Aero.Cms.Modules.RequestLog.csproj (in 150 ms).
C:\Users\bbqch\proj\microbians\AeroCMS\src\Aero.Cms.Modules.Blog.Importer\Aero.Cms.Modules.Blog.Importer.csproj : warning NU1608: Detected package version outside of dependency constraint: AngleSharp.Css 0.17.0 requires AngleSharp (>= 0.17.0 && < 0.18.0) but version AngleSharp 1.4.0 was resolved. [C:\Users\bbqch\proj\microbians\AeroCMS\src\Aero.Cms.slnx]
C:\Users\bbqch\proj\microbians\AeroCMS\Aero\src\Aero.Auth\Aero.Auth.csproj : warning NU1902: Package 'MimeKit' 2.10.1 has a known moderate severity vulnerability, https://github.com/advisories/GHSA-g7hc-96xr-gvvx [C:\Users\bbqch\proj\microbians\AeroCMS\src\Aero.Cms.slnx]
  Restored C:\Users\bbqch\proj\microbians\AeroCMS\src\Aero.Cms.Web\Aero.Cms.Web.csproj (in 938 ms).
  Restored C:\Users\bbqch\proj\microbians\AeroCMS\src\Aero.Cms.Modules.Pages\Aero.Cms.Modules.Pages.csproj (in 227 ms).
  Restored C:\Users\bbqch\proj\microbians\AeroCMS\src\Aero.Cms.Modules.Search\Aero.Cms.Modules.Search.csproj (in 157 ms).
  Restored C:\Users\bbqch\proj\microbians\AeroCMS\src\Aero.Cms.Modules.OneTimePasscode\Aero.Cms.Modules.OneTimePasscode.csproj (in 200 ms).
  Restored C:\Users\bbqch\proj\microbians\AeroCMS\src\Aero.Cms.Modules.Modules\Aero.Cms.Modules.Modules.csproj (in 216 ms).
  Restored C:\Users\bbqch\proj\microbians\AeroCMS\src\Aero.Cms.Modules.OutputCache\Aero.Cms.Modules.OutputCache.csproj (in 229 ms).
  Restored C:\Users\bbqch\proj\microbians\AeroCMS\Aero\src\Aero.Actors\Aero.Actors.csproj (in 143 ms).
  Restored C:\Users\bbqch\proj\microbians\AeroCMS\src\Aero.Cms.Modules.Orleans\Aero.Cms.Modules.Orleans.csproj (in 191 ms).
  Restored C:\Users\bbqch\proj\microbians\AeroCMS\src\Aero.Cms.Modules.Forum\Aero.Cms.Modules.Forum.csproj (in 164 ms).
  Restored C:\Users\bbqch\proj\microbians\AeroCMS\src\Aero.Cms.Modules.Settings\Aero.Cms.Modules.Settings.csproj (in 205 ms).
  Restored C:\Users\bbqch\proj\microbians\AeroCMS\src\Aero.Cms.Modules.OpenTelemetry\Aero.Cms.Modules.OpenTelemetry.csproj (in 201 ms).
  Restored C:\Users\bbqch\proj\microbians\AeroCMS\src\Aero.Cms.Modules.AiAssistant\Aero.Cms.Modules.AiAssistant.csproj (in 241 ms).
  Restored C:\Users\bbqch\proj\microbians\AeroCMS\src\Aero.Cms.Modules.Logging\Aero.Cms.Modules.Logging.csproj (in 226 ms).
  Restored C:\Users\bbqch\proj\microbians\AeroCMS\src\Aero.Cms.Modules.SiteMap\Aero.Cms.Modules.SiteMap.csproj (in 237 ms).
  Restored C:\Users\bbqch\proj\microbians\AeroCMS\src\Aero.Cms.Modules.Setup\Aero.Cms.Modules.Setup.csproj (in 201 ms).
  Restored C:\Users\bbqch\proj\microbians\AeroCMS\Aero\src\Aero.Core.Ai\Aero.Core.Ai.csproj (in 251 ms).
  Restored C:\Users\bbqch\proj\microbians\AeroCMS\src\Aero.Cms.Modules.Blog.Importer\Aero.Cms.Modules.Blog.Importer.csproj (in 216 ms).
  Restored C:\Users\bbqch\proj\microbians\AeroCMS\src\Aero.Cms.Modules.Testing\Aero.Cms.Modules.Testing.csproj (in 197 ms).
  Restored C:\Users\bbqch\proj\microbians\AeroCMS\Aero\src\Aero.Services\Aero.Services.csproj (in 230 ms).
  Restored C:\Users\bbqch\proj\microbians\AeroCMS\Aero\src\Aero.Auth\Aero.Auth.csproj (in 238 ms).
  Restored C:\Users\bbqch\proj\microbians\AeroCMS\src\Aero.Cms\Aero.Cms.csproj (in 2.99 sec).
C:\Users\bbqch\proj\microbians\AeroCMS\Aero\src\Aero.Social\Aero.Social.csproj : warning NU1903: Package 'Newtonsoft.Json' 10.0.2 has a known high severity vulnerability, https://github.com/advisories/GHSA-5crp-9r3c-p9vr
C:\Users\bbqch\proj\microbians\AeroCMS\Aero\src\Aero.Services\Aero.Services.csproj : warning NU1902: Package 'MimeKit' 2.10.1 has a known moderate severity vulnerability, https://github.com/advisories/GHSA-g7hc-96xr-gvvx
C:\Users\bbqch\proj\microbians\AeroCMS\Aero\src\Aero.SignalR\Aero.SignalR.csproj : warning NU1903: Package 'Newtonsoft.Json' 11.0.2 has a known high severity vulnerability, https://github.com/advisories/GHSA-5crp-9r3c-p9vr
C:\Users\bbqch\proj\microbians\AeroCMS\Aero\src\Aero.Core\Aero.Core.csproj : warning NU1903: Package 'Newtonsoft.Json' 10.0.2 has a known high severity vulnerability, https://github.com/advisories/GHSA-5crp-9r3c-p9vr
C:\Users\bbqch\proj\microbians\AeroCMS\Aero\src\Aero.Web\Aero.Web.csproj : warning NU1902: Package 'MimeKit' 2.10.1 has a known moderate severity vulnerability, https://github.com/advisories/GHSA-g7hc-96xr-gvvx
C:\Users\bbqch\proj\microbians\AeroCMS\src\Aero.Cms.Modules.Garnet\Aero.Cms.Modules.Garnet.csproj : warning NU1510: PackageReference Microsoft.Extensions.Hosting will not be pruned. Consider removing this package from your dependencies, as it is likely unnecessary.
C:\Users\bbqch\proj\microbians\AeroCMS\Aero\src\Aero.Auth\Aero.Auth.csproj : warning NU1902: Package 'MimeKit' 2.10.1 has a known moderate severity vulnerability, https://github.com/advisories/GHSA-g7hc-96xr-gvvx
C:\Users\bbqch\proj\microbians\AeroCMS\src\Aero.Cms.Web\Aero.Cms.Web.csproj : warning NU1510: PackageReference Microsoft.Extensions.Logging.Abstractions will not be pruned. Consider removing this package from your dependencies, as it is likely unnecessary.
C:\Users\bbqch\proj\microbians\AeroCMS\src\Aero.Cms.Web\Aero.Cms.Web.csproj : warning NU1608: Detected package version outside of dependency constraint: AngleSharp.Css 0.17.0 requires AngleSharp (>= 0.17.0 && < 0.18.0) but version AngleSharp 1.4.0 was resolved.
C:\Users\bbqch\proj\microbians\AeroCMS\Aero\src\Aero.Cloudflare\DnsUpdaterService.cs(160,35): warning CS8600: Converting null literal or possible null value to non-nullable type. [C:\Users\bbqch\proj\microbians\AeroCMS\Aero\src\Aero.Cloudflare\Aero.Cloudflare.csproj]
C:\Users\bbqch\proj\microbians\AeroCMS\Aero\src\Aero.Cloudflare\DnsUpdaterService.cs(167,29): warning CS8600: Converting null literal or possible null value to non-nullable type. [C:\Users\bbqch\proj\microbians\AeroCMS\Aero\src\Aero.Cloudflare\Aero.Cloudflare.csproj]
C:\Users\bbqch\proj\microbians\AeroCMS\Aero\src\Aero.Cloudflare\DnsUpdaterService.cs(176,16): warning CS8603: Possible null reference return. [C:\Users\bbqch\proj\microbians\AeroCMS\Aero\src\Aero.Cloudflare\Aero.Cloudflare.csproj]
C:\Users\bbqch\proj\microbians\AeroCMS\src\Aero.Cms.Modules.Blog.Importer\Aero.Cms.Modules.Blog.Importer.csproj : warning NU1608: Detected package version outside of dependency constraint: AngleSharp.Css 0.17.0 requires AngleSharp (>= 0.17.0 && < 0.18.0) but version AngleSharp 1.4.0 was resolved.
  Aero.Cloudflare -> C:\Users\bbqch\proj\microbians\AeroCMS\Aero\src\Aero.Cloudflare\bin\Debug\net10.0\Aero.Cloudflare.dll
  Aero.Cms.Services -> C:\Users\bbqch\proj\microbians\AeroCMS\src\Aero.Cms.Services\bin\Debug\net10.0\Aero.Cms.Services.dll
  Aero.SignalR -> C:\Users\bbqch\proj\microbians\AeroCMS\Aero\src\Aero.SignalR\bin\Debug\net10.0\Aero.SignalR.dll
  Aero.Cms.Shared.Models -> C:\Users\bbqch\proj\microbians\AeroCMS\src\Aero.Cms.Shared.Models\bin\Debug\net10.0\Aero.Cms.Shared.Models.dll
  Aero.Cms.ServiceDefaults -> C:\Users\bbqch\proj\microbians\AeroCMS\src\Aero.Cms.ServiceDefaults\bin\Debug\net10.0\Aero.Cms.ServiceDefaults.dll
C:\Users\bbqch\proj\microbians\AeroCMS\Aero\src\Aero.Core\Data\Functional\GenericRepositoryOptional.cs(61,48): warning CS1570: XML comment has badly formed XML -- 'Whitespace is not allowed at this location.' [C:\Users\bbqch\proj\microbians\AeroCMS\Aero\src\Aero.Core\Aero.Core.csproj]
C:\Users\bbqch\proj\microbians\AeroCMS\Aero\src\Aero.Core\Helpers\Config.cs(19,52): warning CS8625: Cannot convert null literal to non-nullable reference type. [C:\Users\bbqch\proj\microbians\AeroCMS\Aero\src\Aero.Core\Aero.Core.csproj]
C:\Users\bbqch\proj\microbians\AeroCMS\Aero\src\Aero.Core\QueryableExtensions.cs(42,68): warning CS8625: Cannot convert null literal to non-nullable reference type. [C:\Users\bbqch\proj\microbians\AeroCMS\Aero\src\Aero.Core\Aero.Core.csproj]
C:\Users\bbqch\proj\microbians\AeroCMS\Aero\src\Aero.Core\QueryableExtensions.cs(42,108): warning CS8625: Cannot convert null literal to non-nullable reference type. [C:\Users\bbqch\proj\microbians\AeroCMS\Aero\src\Aero.Core\Aero.Core.csproj]
C:\Users\bbqch\proj\microbians\AeroCMS\Aero\src\Aero.Core\Identity\AeroRole.cs(59,32): warning CS8766: Nullability of reference types in return type of 'string? AeroRole<TKey>.CreatedBy.get' doesn't match implicitly implemented member 'string IEntity<TKey>.CreatedBy.get' (possibly because of nullability attributes). [C:\Users\bbqch\proj\microbians\AeroCMS\Aero\src\Aero.Core\Aero.Core.csproj]
C:\Users\bbqch\proj\microbians\AeroCMS\Aero\src\Aero.Core\Identity\AeroRole.cs(60,33): warning CS8766: Nullability of reference types in return type of 'string? AeroRole<TKey>.ModifiedBy.get' doesn't match implicitly implemented member 'string IEntity<TKey>.ModifiedBy.get' (possibly because of nullability attributes). [C:\Users\bbqch\proj\microbians\AeroCMS\Aero\src\Aero.Core\Aero.Core.csproj]
C:\Users\bbqch\proj\microbians\AeroCMS\Aero\src\Aero.Core\Extensions\XmlDocumentExtension.cs(442,111): warning CS8625: Cannot convert null literal to non-nullable reference type. [C:\Users\bbqch\proj\microbians\AeroCMS\Aero\src\Aero.Core\Aero.Core.csproj]
C:\Users\bbqch\proj\microbians\AeroCMS\Aero\src\Aero.Core\Extensions\XmlDocumentExtension.cs(456,106): warning CS8625: Cannot convert null literal to non-nullable reference type. [C:\Users\bbqch\proj\microbians\AeroCMS\Aero\src\Aero.Core\Aero.Core.csproj]
C:\Users\bbqch\proj\microbians\AeroCMS\Aero\src\Aero.Core\DataStructures\Trees\Interval.cs(11,16): warning CS8767: Nullability of reference types in type of parameter 'other' of 'int Interval.CompareTo(Interval other)' doesn't match implicitly implemented member 'int IComparable<Interval>.CompareTo(Interval? other)' (possibly because of nullability attributes). [C:\Users\bbqch\proj\microbians\AeroCMS\Aero\src\Aero.Core\Aero.Core.csproj]
C:\Users\bbqch\proj\microbians\AeroCMS\Aero\src\Aero.Core\DataStructures\Trees\Persistence\Interfaces\IKeyValueTree.cs(8,21): warning CS0108: 'IKeyValueTree<TKey, TValue>.DeleteAsync(TKey, CancellationToken)' hides inherited member 'ITree<TKey>.DeleteAsync(TKey, CancellationToken)'. Use the new keyword if hiding was intended. [C:\Users\bbqch\proj\microbians\AeroCMS\Aero\src\Aero.Core\Aero.Core.csproj]
C:\Users\bbqch\proj\microbians\AeroCMS\Aero\src\Aero.Core\DataStructures\Trees\Persistence\Interfaces\IKeyValueTree.cs(9,21): warning CS0108: 'IKeyValueTree<TKey, TValue>.ContainsAsync(TKey, CancellationToken)' hides inherited member 'ITree<TKey>.ContainsAsync(TKey, CancellationToken)'. Use the new keyword if hiding was intended. [C:\Users\bbqch\proj\microbians\AeroCMS\Aero\src\Aero.Core\Aero.Core.csproj]
C:\Users\bbqch\proj\microbians\AeroCMS\Aero\src\Aero.Core\Workers\BackgroundServiceBase.cs(7,22): warning CS9113: Parameter 'sp' is unread. [C:\Users\bbqch\proj\microbians\AeroCMS\Aero\src\Aero.Core\Aero.Core.csproj]
C:\Users\bbqch\proj\microbians\AeroCMS\Aero\src\Aero.Core\Workers\BackgroundServiceBase.cs(8,36): warning CS9113: Parameter 'log' is unread. [C:\Users\bbqch\proj\microbians\AeroCMS\Aero\src\Aero.Core\Aero.Core.csproj]
C:\Users\bbqch\proj\microbians\AeroCMS\Aero\src\Aero.Core\Workers\BackgroundServiceBase.cs(9,20): warning CS9113: Parameter 'config' is unread. [C:\Users\bbqch\proj\microbians\AeroCMS\Aero\src\Aero.Core\Aero.Core.csproj]
C:\Users\bbqch\proj\microbians\AeroCMS\Aero\src\Aero.Core\AppSettings.cs(74,19): warning CS8618: Non-nullable property 'Key' must contain a non-null value when exiting constructor. Consider adding the 'required' modifier or declaring the property as nullable. [C:\Users\bbqch\proj\microbians\AeroCMS\Aero\src\Aero.Core\Aero.Core.csproj]
C:\Users\bbqch\proj\microbians\AeroCMS\Aero\src\Aero.Core\AppSettings.cs(77,19): warning CS8618: Non-nullable property 'From' must contain a non-null value when exiting constructor. Consider adding the 'required' modifier or declaring the property as nullable. [C:\Users\bbqch\proj\microbians\AeroCMS\Aero\src\Aero.Core\Aero.Core.csproj]
C:\Users\bbqch\proj\microbians\AeroCMS\Aero\src\Aero.Core\AppSettings.cs(80,19): warning CS8618: Non-nullable property 'FromName' must contain a non-null value when exiting constructor. Consider adding the 'required' modifier or declaring the property as nullable. [C:\Users\bbqch\proj\microbians\AeroCMS\Aero\src\Aero.Core\Aero.Core.csproj]
C:\Users\bbqch\proj\microbians\AeroCMS\Aero\src\Aero.Core\DataStructures\Trees\Trie.cs(65,24): warning CS8603: Possible null reference return. [C:\Users\bbqch\proj\microbians\AeroCMS\Aero\src\Aero.Core\Aero.Core.csproj]
C:\Users\bbqch\proj\microbians\AeroCMS\Aero\src\Aero.Core\AppSettings.cs(92,19): warning CS8618: Non-nullable property 'AccountSid' must contain a non-null value when exiting constructor. Consider adding the 'required' modifier or declaring the property as nullable. [C:\Users\bbqch\proj\microbians\AeroCMS\Aero\src\Aero.Core\Aero.Core.csproj]
C:\Users\bbqch\proj\microbians\AeroCMS\Aero\src\Aero.Core\AppSettings.cs(95,19): warning CS8618: Non-nullable property 'AuthToken' must contain a non-null value when exiting constructor. Consider adding the 'required' modifier or declaring the property as nullable. [C:\Users\bbqch\proj\microbians\AeroCMS\Aero\src\Aero.Core\Aero.Core.csproj]
C:\Users\bbqch\proj\microbians\AeroCMS\Aero\src\Aero.Core\DataStructures\Trees\Trie.cs(75,16): warning CS8603: Possible null reference return. [C:\Users\bbqch\proj\microbians\AeroCMS\Aero\src\Aero.Core\Aero.Core.csproj]
C:\Users\bbqch\proj\microbians\AeroCMS\Aero\src\Aero.Core\AppSettings.cs(86,19): warning CS8618: Non-nullable property 'SecretKey' must contain a non-null value when exiting constructor. Consider adding the 'required' modifier or declaring the property as nullable. [C:\Users\bbqch\proj\microbians\AeroCMS\Aero\src\Aero.Core\Aero.Core.csproj]
C:\Users\bbqch\proj\microbians\AeroCMS\Aero\src\Aero.Core\DataStructures\Trees\AvlTree.cs(57,20): warning CS8603: Possible null reference return. [C:\Users\bbqch\proj\microbians\AeroCMS\Aero\src\Aero.Core\Aero.Core.csproj]
C:\Users\bbqch\proj\microbians\AeroCMS\Aero\src\Aero.Core\DataStructures\Trees\AvlTree.cs(73,24): warning CS8600: Converting null literal or possible null value to non-nullable type. [C:\Users\bbqch\proj\microbians\AeroCMS\Aero\src\Aero.Core\Aero.Core.csproj]
C:\Users\bbqch\proj\microbians\AeroCMS\Aero\src\Aero.Core\DataStructures\Trees\AvlTree.cs(85,20): warning CS8603: Possible null reference return. [C:\Users\bbqch\proj\microbians\AeroCMS\Aero\src\Aero.Core\Aero.Core.csproj]
C:\Users\bbqch\proj\microbians\AeroCMS\Aero\src\Aero.Core\Xml\XmlSchemaValidator.cs(29,41): warning CS8622: Nullability of reference types in type of parameter 'sender' of 'void XsdSchemaValidator.ValidationEventHandler(object sender, ValidationEventArgs e)' doesn't match the target delegate 'ValidationEventHandler' (possibly because of nullability attributes). [C:\Users\bbqch\proj\microbians\AeroCMS\Aero\src\Aero.Core\Aero.Core.csproj]
C:\Users\bbqch\proj\microbians\AeroCMS\Aero\src\Aero.Core\Xml\XmlSchemaValidator.cs(29,22): warning CS8600: Converting null literal or possible null value to non-nullable type. [C:\Users\bbqch\proj\microbians\AeroCMS\Aero\src\Aero.Core\Aero.Core.csproj]
C:\Users\bbqch\proj\microbians\AeroCMS\Aero\src\Aero.Core\Xml\XmlSchemaValidator.cs(36,25): warning CS8604: Possible null reference argument for parameter 'item' in 'void List<XmlSchema>.Add(XmlSchema item)'. [C:\Users\bbqch\proj\microbians\AeroCMS\Aero\src\Aero.Core\Aero.Core.csproj]
C:\Users\bbqch\proj\microbians\AeroCMS\Aero\src\Aero.Core\DataStructures\Trees\BinaryTreeNode.cs(13,12): warning CS8618: Non-nullable property 'Left' must contain a non-null value when exiting constructor. Consider adding the 'required' modifier or declaring the property as nullable. [C:\Users\bbqch\proj\microbians\AeroCMS\Aero\src\Aero.Core\Aero.Core.csproj]
C:\Users\bbqch\proj\microbians\AeroCMS\Aero\src\Aero.Core\DataStructures\Trees\BinaryTreeNode.cs(13,12): warning CS8618: Non-nullable property 'Right' must contain a non-null value when exiting constructor. Consider adding the 'required' modifier or declaring the property as nullable. [C:\Users\bbqch\proj\microbians\AeroCMS\Aero\src\Aero.Core\Aero.Core.csproj]
C:\Users\bbqch\proj\microbians\AeroCMS\Aero\src\Aero.Core\DataStructures\Trees\AvlTree.cs(103,20): warning CS8603: Possible null reference return. [C:\Users\bbqch\proj\microbians\AeroCMS\Aero\src\Aero.Core\Aero.Core.csproj]
C:\Users\bbqch\proj\microbians\AeroCMS\Aero\src\Aero.Core\DataStructures\Graphs\WeightedGraph.cs(174,101): warning CS8601: Possible null reference assignment. [C:\Users\bbqch\proj\microbians\AeroCMS\Aero\src\Aero.Core\Aero.Core.csproj]
C:\Users\bbqch\proj\microbians\AeroCMS\Aero\src\Aero.Core\Xml\XmlSchemaValidator.cs(51,49): warning CS8622: Nullability of reference types in type of parameter 'sender' of 'void XsdSchemaValidator.ValidationEventHandler(object sender, ValidationEventArgs e)' doesn't match the target delegate 'ValidationEventHandler' (possibly because of nullability attributes). [C:\Users\bbqch\proj\microbians\AeroCMS\Aero\src\Aero.Core\Aero.Core.csproj]
C:\Users\bbqch\proj\microbians\AeroCMS\Aero\src\Aero.Core\Xml\XmlSchemaValidator.cs(55,29): warning CS8604: Possible null reference argument for parameter 'item' in 'void List<XmlSchema>.Add(XmlSchema item)'. [C:\Users\bbqch\proj\microbians\AeroCMS\Aero\src\Aero.Core\Aero.Core.csproj]
C:\Users\bbqch\proj\microbians\AeroCMS\Aero\src\Aero.Core\DataStructures\Trees\BinarySearchTree.cs(50,20): warning CS8603: Possible null reference return. [C:\Users\bbqch\proj\microbians\AeroCMS\Aero\src\Aero.Core\Aero.Core.csproj]
C:\Users\bbqch\proj\microbians\AeroCMS\Aero\src\Aero.Core\AppSettings.cs(101,19): warning CS8618: Non-nullable property 'Username' must contain a non-null value when exiting constructor. Consider adding the 'required' modifier or declaring the property as nullable. [C:\Users\bbqch\proj\microbians\AeroCMS\Aero\src\Aero.Core\Aero.Core.csproj]
C:\Users\bbqch\proj\microbians\AeroCMS\Aero\src\Aero.Core\AppSettings.cs(104,19): warning CS8618: Non-nullable property 'Password' must contain a non-null value when exiting constructor. Consider adding the 'required' modifier or declaring the property as nullable. [C:\Users\bbqch\proj\microbians\AeroCMS\Aero\src\Aero.Core\Aero.Core.csproj]
C:\Users\bbqch\proj\microbians\AeroCMS\Aero\src\Aero.Core\AppSettings.cs(107,19): warning CS8618: Non-nullable property 'Url' must contain a non-null value when exiting constructor. Consider adding the 'required' modifier or declaring the property as nullable. [C:\Users\bbqch\proj\microbians\AeroCMS\Aero\src\Aero.Core\Aero.Core.csproj]
C:\Users\bbqch\proj\microbians\AeroCMS\Aero\src\Aero.Core\AppSettings.cs(110,19): warning CS8618: Non-nullable property 'ApiKey' must contain a non-null value when exiting constructor. Consider adding the 'required' modifier or declaring the property as nullable. [C:\Users\bbqch\proj\microbians\AeroCMS\Aero\src\Aero.Core\Aero.Core.csproj]
C:\Users\bbqch\proj\microbians\AeroCMS\Aero\src\Aero.Core\AppSettings.cs(113,19): warning CS8618: Non-nullable property 'JsApiKey' must contain a non-null value when exiting constructor. Consider adding the 'required' modifier or declaring the property as nullable. [C:\Users\bbqch\proj\microbians\AeroCMS\Aero\src\Aero.Core\Aero.Core.csproj]
C:\Users\bbqch\proj\microbians\AeroCMS\Aero\src\Aero.Core\DataStructures\Trees\BinaryTree.cs(58,13): warning CS8602: Dereference of a possibly null reference. [C:\Users\bbqch\proj\microbians\AeroCMS\Aero\src\Aero.Core\Aero.Core.csproj]
C:\Users\bbqch\proj\microbians\AeroCMS\Aero\src\Aero.Core\DataStructures\Trees\BinaryTree.cs(60,20): warning CS8625: Cannot convert null literal to non-nullable reference type. [C:\Users\bbqch\proj\microbians\AeroCMS\Aero\src\Aero.Core\Aero.Core.csproj]
C:\Users\bbqch\proj\microbians\AeroCMS\Aero\src\Aero.Core\DataStructures\Trees\BinaryTree.cs(66,42): warning CS8600: Converting null literal or possible null value to non-nullable type. [C:\Users\bbqch\proj\microbians\AeroCMS\Aero\src\Aero.Core\Aero.Core.csproj]
C:\Users\bbqch\proj\microbians\AeroCMS\Aero\src\Aero.Core\DataStructures\Trees\BinaryTree.cs(67,41): warning CS8600: Converting null literal or possible null value to non-nullable type. [C:\Users\bbqch\proj\microbians\AeroCMS\Aero\src\Aero.Core\Aero.Core.csproj]
C:\Users\bbqch\proj\microbians\AeroCMS\Aero\src\Aero.Core\DataStructures\Trees\BinaryTree.cs(72,17): warning CS8602: Dereference of a possibly null reference. [C:\Users\bbqch\proj\microbians\AeroCMS\Aero\src\Aero.Core\Aero.Core.csproj]
C:\Users\bbqch\proj\microbians\AeroCMS\Aero\src\Aero.Core\DataStructures\Trees\BinaryTree.cs(91,34): warning CS8602: Dereference of a possibly null reference. [C:\Users\bbqch\proj\microbians\AeroCMS\Aero\src\Aero.Core\Aero.Core.csproj]
C:\Users\bbqch\proj\microbians\AeroCMS\Aero\src\Aero.Core\DataStructures\Trees\Treap.cs(58,34): warning CS8603: Possible null reference return. [C:\Users\bbqch\proj\microbians\AeroCMS\Aero\src\Aero.Core\Aero.Core.csproj]
C:\Users\bbqch\proj\microbians\AeroCMS\Aero\src\Aero.Core\DataStructures\Trees\Treap.cs(98,34): warning CS8603: Possible null reference return. [C:\Users\bbqch\proj\microbians\AeroCMS\Aero\src\Aero.Core\Aero.Core.csproj]
C:\Users\bbqch\proj\microbians\AeroCMS\Aero\src\Aero.Core\DataStructures\Trees\BinaryTree.cs(103,34): warning CS8600: Converting null literal or possible null value to non-nullable type. [C:\Users\bbqch\proj\microbians\AeroCMS\Aero\src\Aero.Core\Aero.Core.csproj]
C:\Users\bbqch\proj\microbians\AeroCMS\Aero\src\Aero.Core\DataStructures\Trees\BinaryTree.cs(109,24): warning CS8600: Converting null literal or possible null value to non-nullable type. [C:\Users\bbqch\proj\microbians\AeroCMS\Aero\src\Aero.Core\Aero.Core.csproj]
C:\Users\bbqch\proj\microbians\AeroCMS\Aero\src\Aero.Core\DataStructures\Trees\BinaryTree.cs(116,34): warning CS8625: Cannot convert null literal to non-nullable reference type. [C:\Users\bbqch\proj\microbians\AeroCMS\Aero\src\Aero.Core\Aero.Core.csproj]
C:\Users\bbqch\proj\microbians\AeroCMS\Aero\src\Aero.Core\DataStructures\Trees\BinaryTree.cs(127,33): warning CS8625: Cannot convert null literal to non-nullable reference type. [C:\Users\bbqch\proj\microbians\AeroCMS\Aero\src\Aero.Core\Aero.Core.csproj]
C:\Users\bbqch\proj\microbians\AeroCMS\Aero\src\Aero.Core\DataStructures\Trees\BinarySearchTree.cs(102,20): warning CS8603: Possible null reference return. [C:\Users\bbqch\proj\microbians\AeroCMS\Aero\src\Aero.Core\Aero.Core.csproj]
C:\Users\bbqch\proj\microbians\AeroCMS\Aero\src\Aero.Core\DataStructures\Trees\BinarySearchTree.cs(12,36): warning CS8618: Non-nullable property 'Root' must contain a non-null value when exiting constructor. Consider adding the 'required' modifier or declaring the property as nullable. [C:\Users\bbqch\proj\microbians\AeroCMS\Aero\src\Aero.Core\Aero.Core.csproj]
C:\Users\bbqch\proj\microbians\AeroCMS\Aero\src\Aero.Core\DataStructures\Trees\Treap.cs(14,25): warning CS8618: Non-nullable property 'Root' must contain a non-null value when exiting constructor. Consider adding the 'required' modifier or declaring the property as nullable. [C:\Users\bbqch\proj\microbians\AeroCMS\Aero\src\Aero.Core\Aero.Core.csproj]
C:\Users\bbqch\proj\microbians\AeroCMS\Aero\src\Aero.Core\DataStructures\Trees\BinaryTree.cs(147,20): warning CS8603: Possible null reference return. [C:\Users\bbqch\proj\microbians\AeroCMS\Aero\src\Aero.Core\Aero.Core.csproj]
C:\Users\bbqch\proj\microbians\AeroCMS\Aero\src\Aero.Core\DataStructures\Trees\BinaryTree.cs(150,13): warning CS8602: Dereference of a possibly null reference. [C:\Users\bbqch\proj\microbians\AeroCMS\Aero\src\Aero.Core\Aero.Core.csproj]
C:\Users\bbqch\proj\microbians\AeroCMS\Aero\src\Aero.Core\DataHelper.cs(10,23): warning CS8602: Dereference of a possibly null reference. [C:\Users\bbqch\proj\microbians\AeroCMS\Aero\src\Aero.Core\Aero.Core.csproj]
C:\Users\bbqch\proj\microbians\AeroCMS\Aero\src\Aero.Core\DataStructures\Trees\BinaryTree.cs(12,30): warning CS8618: Non-nullable property 'Root' must contain a non-null value when exiting constructor. Consider adding the 'required' modifier or declaring the property as nullable. [C:\Users\bbqch\proj\microbians\AeroCMS\Aero\src\Aero.Core\Aero.Core.csproj]
C:\Users\bbqch\proj\microbians\AeroCMS\Aero\src\Aero.Core\DataStructures\Trees\BPlusTree.cs(53,16): warning CS8603: Possible null reference return. [C:\Users\bbqch\proj\microbians\AeroCMS\Aero\src\Aero.Core\Aero.Core.csproj]
C:\Users\bbqch\proj\microbians\AeroCMS\Aero\src\Aero.Core\DataStructures\Trees\BPlusTreeNode.cs(12,29): warning CS8618: Non-nullable property 'Next' must contain a non-null value when exiting constructor. Consider adding the 'required' modifier or declaring the property as nullable. [C:\Users\bbqch\proj\microbians\AeroCMS\Aero\src\Aero.Core\Aero.Core.csproj]
C:\Users\bbqch\proj\microbians\AeroCMS\Aero\src\Aero.Core\Entities\IEntity.cs(46,17): warning CS8618: Non-nullable property 'Id' must contain a non-null value when exiting constructor. Consider adding the 'required' modifier or declaring the property as nullable. [C:\Users\bbqch\proj\microbians\AeroCMS\Aero\src\Aero.Core\Aero.Core.csproj]
C:\Users\bbqch\proj\microbians\AeroCMS\Aero\src\Aero.Core\Entities\IEntity.cs(55,19): warning CS8618: Non-nullable property 'CreatedBy' must contain a non-null value when exiting constructor. Consider adding the 'required' modifier or declaring the property as nullable. [C:\Users\bbqch\proj\microbians\AeroCMS\Aero\src\Aero.Core\Aero.Core.csproj]
C:\Users\bbqch\proj\microbians\AeroCMS\Aero\src\Aero.Core\Entities\IEntity.cs(58,19): warning CS8618: Non-nullable property 'ModifiedBy' must contain a non-null value when exiting constructor. Consider adding the 'required' modifier or declaring the property as nullable. [C:\Users\bbqch\proj\microbians\AeroCMS\Aero\src\Aero.Core\Aero.Core.csproj]
C:\Users\bbqch\proj\microbians\AeroCMS\Aero\src\Aero.Core\DataStructures\Trees\AvlTree.cs(12,27): warning CS8618: Non-nullable property 'Root' must contain a non-null value when exiting constructor. Consider adding the 'required' modifier or declaring the property as nullable. [C:\Users\bbqch\proj\microbians\AeroCMS\Aero\src\Aero.Core\Aero.Core.csproj]
C:\Users\bbqch\proj\microbians\AeroCMS\Aero\src\Aero.Core\AzureBlobStorageClient.cs(74,25): warning CS8601: Possible null reference assignment. [C:\Users\bbqch\proj\microbians\AeroCMS\Aero\src\Aero.Core\Aero.Core.csproj]
C:\Users\bbqch\proj\microbians\AeroCMS\Aero\src\Aero.Core\DataStructures\Trees\SplayTree.cs(31,25): warning CS8625: Cannot convert null literal to non-nullable reference type. [C:\Users\bbqch\proj\microbians\AeroCMS\Aero\src\Aero.Core\Aero.Core.csproj]
C:\Users\bbqch\proj\microbians\AeroCMS\Aero\src\Aero.Core\DataStructures\Trees\SplayTree.cs(39,26): warning CS8625: Cannot convert null literal to non-nullable reference type. [C:\Users\bbqch\proj\microbians\AeroCMS\Aero\src\Aero.Core\Aero.Core.csproj]
C:\Users\bbqch\proj\microbians\AeroCMS\Aero\src\Aero.Core\DataStructures\Trees\BPlusTree.cs(80,16): warning CS8603: Possible null reference return. [C:\Users\bbqch\proj\microbians\AeroCMS\Aero\src\Aero.Core\Aero.Core.csproj]
C:\Users\bbqch\proj\microbians\AeroCMS\Aero\src\Aero.Core\DataStructures\Trees\SplayTree.cs(72,20): warning CS8603: Possible null reference return. [C:\Users\bbqch\proj\microbians\AeroCMS\Aero\src\Aero.Core\Aero.Core.csproj]
C:\Users\bbqch\proj\microbians\AeroCMS\Aero\src\Aero.Core\DataStructures\Trees\BTree.cs(71,16): warning CS8603: Possible null reference return. [C:\Users\bbqch\proj\microbians\AeroCMS\Aero\src\Aero.Core\Aero.Core.csproj]
C:\Users\bbqch\proj\microbians\AeroCMS\Aero\src\Aero.Core\Xml\XmlSchemaValidator.cs(235,44): warning CS8622: Nullability of reference types in type of parameter 'sender' of 'void XsdSchemaValidator.ValidationEventHandler(object sender, ValidationEventArgs e)' doesn't match the target delegate 'ValidationEventHandler' (possibly because of nullability attributes). [C:\Users\bbqch\proj\microbians\AeroCMS\Aero\src\Aero.Core\Aero.Core.csproj]
C:\Users\bbqch\proj\microbians\AeroCMS\Aero\src\Aero.Core\DataStructures\Trees\SplayTree.cs(80,34): warning CS8603: Possible null reference return. [C:\Users\bbqch\proj\microbians\AeroCMS\Aero\src\Aero.Core\Aero.Core.csproj]
C:\Users\bbqch\proj\microbians\AeroCMS\Aero\src\Aero.Core\DataStructures\Trees\BTree.cs(96,27): warning CS8604: Possible null reference argument for parameter 'item' in 'void List<T>.Add(T item)'. [C:\Users\bbqch\proj\microbians\AeroCMS\Aero\src\Aero.Core\Aero.Core.csproj]
C:\Users\bbqch\proj\microbians\AeroCMS\Aero\src\Aero.Core\DataStructures\Trees\SplayTree.cs(12,29): warning CS8618: Non-nullable property 'Root' must contain a non-null value when exiting constructor. Consider adding the 'required' modifier or declaring the property as nullable. [C:\Users\bbqch\proj\microbians\AeroCMS\Aero\src\Aero.Core\Aero.Core.csproj]
C:\Users\bbqch\proj\microbians\AeroCMS\Aero\src\Aero.Core\DataStructures\Trees\SkipList.cs(88,37): warning CS8604: Possible null reference argument for parameter 'value' in 'SkipListNode<T>.SkipListNode(T value, int level)'. [C:\Users\bbqch\proj\microbians\AeroCMS\Aero\src\Aero.Core\Aero.Core.csproj]
C:\Users\bbqch\proj\microbians\AeroCMS\Aero\src\Aero.Core\Decorators\RetryCommandHandlerDecorator.cs(52,16): warning CS8603: Possible null reference return. [C:\Users\bbqch\proj\microbians\AeroCMS\Aero\src\Aero.Core\Aero.Core.csproj]
C:\Users\bbqch\proj\microbians\AeroCMS\Aero\src\Aero.Core\DataStructures\Trees\BPlusTree.cs(207,20): warning CS8603: Possible null reference return. [C:\Users\bbqch\proj\microbians\AeroCMS\Aero\src\Aero.Core\Aero.Core.csproj]
C:\Users\bbqch\proj\microbians\AeroCMS\Aero\src\Aero.Core\DataStructures\Trees\BPlusTree.cs(220,16): warning CS8603: Possible null reference return. [C:\Users\bbqch\proj\microbians\AeroCMS\Aero\src\Aero.Core\Aero.Core.csproj]
C:\Users\bbqch\proj\microbians\AeroCMS\Aero\src\Aero.Core\DataStructures\Trees\SkipList.cs(184,16): warning CS8603: Possible null reference return. [C:\Users\bbqch\proj\microbians\AeroCMS\Aero\src\Aero.Core\Aero.Core.csproj]
C:\Users\bbqch\proj\microbians\AeroCMS\Aero\src\Aero.Core\Helpers\Config.cs(9,52): warning CS8603: Possible null reference return. [C:\Users\bbqch\proj\microbians\AeroCMS\Aero\src\Aero.Core\Aero.Core.csproj]
C:\Users\bbqch\proj\microbians\AeroCMS\Aero\src\Aero.Core\Helpers\Config.cs(12,9): warning CS8603: Possible null reference return. [C:\Users\bbqch\proj\microbians\AeroCMS\Aero\src\Aero.Core\Aero.Core.csproj]
C:\Users\bbqch\proj\microbians\AeroCMS\Aero\src\Aero.Core\Extensions\BlobStorageClientHelpers.cs(16,16): warning CS8603: Possible null reference return. [C:\Users\bbqch\proj\microbians\AeroCMS\Aero\src\Aero.Core\Aero.Core.csproj]
C:\Users\bbqch\proj\microbians\AeroCMS\Aero\src\Aero.Core\DataStructures\Trees\SkipList.cs(216,16): warning CS8603: Possible null reference return. [C:\Users\bbqch\proj\microbians\AeroCMS\Aero\src\Aero.Core\Aero.Core.csproj]
C:\Users\bbqch\proj\microbians\AeroCMS\Aero\src\Aero.Core\DataStructures\Graphs\KnowledgeGraph.cs(290,19): warning CS8604: Possible null reference argument for parameter 'key' in 'Entity Dictionary<TEntityId, Entity>.this[TEntityId key]'. [C:\Users\bbqch\proj\microbians\AeroCMS\Aero\src\Aero.Core\Aero.Core.csproj]
C:\Users\bbqch\proj\microbians\AeroCMS\Aero\src\Aero.Core\DataStructures\Trees\IntervalTreeNode.cs(10,29): warning CS8618: Non-nullable property 'Left' must contain a non-null value when exiting constructor. Consider adding the 'required' modifier or declaring the property as nullable. [C:\Users\bbqch\proj\microbians\AeroCMS\Aero\src\Aero.Core\Aero.Core.csproj]
C:\Users\bbqch\proj\microbians\AeroCMS\Aero\src\Aero.Core\DataStructures\Trees\IntervalTreeNode.cs(11,29): warning CS8618: Non-nullable property 'Right' must contain a non-null value when exiting constructor. Consider adding the 'required' modifier or declaring the property as nullable. [C:\Users\bbqch\proj\microbians\AeroCMS\Aero\src\Aero.Core\Aero.Core.csproj]
C:\Users\bbqch\proj\microbians\AeroCMS\Aero\src\Aero.Core\DataStructures\Trees\SkipList.cs(237,16): warning CS8603: Possible null reference return. [C:\Users\bbqch\proj\microbians\AeroCMS\Aero\src\Aero.Core\Aero.Core.csproj]
C:\Users\bbqch\proj\microbians\AeroCMS\Aero\src\Aero.Core\Helpers\Config.cs(24,20): warning CS8603: Possible null reference return. [C:\Users\bbqch\proj\microbians\AeroCMS\Aero\src\Aero.Core\Aero.Core.csproj]
C:\Users\bbqch\proj\microbians\AeroCMS\Aero\src\Aero.Core\Helpers\Config.cs(28,16): warning CS8603: Possible null reference return. [C:\Users\bbqch\proj\microbians\AeroCMS\Aero\src\Aero.Core\Aero.Core.csproj]
C:\Users\bbqch\proj\microbians\AeroCMS\Aero\src\Aero.Core\DataStructures\Trees\SegmentTreeNode.cs(11,28): warning CS8618: Non-nullable property 'Left' must contain a non-null value when exiting constructor. Consider adding the 'required' modifier or declaring the property as nullable. [C:\Users\bbqch\proj\microbians\AeroCMS\Aero\src\Aero.Core\Aero.Core.csproj]
C:\Users\bbqch\proj\microbians\AeroCMS\Aero\src\Aero.Core\DataStructures\Trees\SegmentTreeNode.cs(12,28): warning CS8618: Non-nullable property 'Right' must contain a non-null value when exiting constructor. Consider adding the 'required' modifier or declaring the property as nullable. [C:\Users\bbqch\proj\microbians\AeroCMS\Aero\src\Aero.Core\Aero.Core.csproj]
C:\Users\bbqch\proj\microbians\AeroCMS\Aero\src\Aero.Core\Helpers\AssemblyBindingHelper.cs(50,22): warning CS8600: Converting null literal or possible null value to non-nullable type. [C:\Users\bbqch\proj\microbians\AeroCMS\Aero\src\Aero.Core\Aero.Core.csproj]
C:\Users\bbqch\proj\microbians\AeroCMS\Aero\src\Aero.Core\Helpers\AssemblyBindingHelper.cs(53,16): warning CS8603: Possible null reference return. [C:\Users\bbqch\proj\microbians\AeroCMS\Aero\src\Aero.Core\Aero.Core.csproj]
C:\Users\bbqch\proj\microbians\AeroCMS\Aero\src\Aero.Core\ExternalProcess.cs(20,9): warning CS8602: Dereference of a possibly null reference. [C:\Users\bbqch\proj\microbians\AeroCMS\Aero\src\Aero.Core\Aero.Core.csproj]
C:\Users\bbqch\proj\microbians\AeroCMS\Aero\src\Aero.Core\Helpers\AssemblyBindingHelper.cs(74,39): warning CS8600: Converting null literal or possible null value to non-nullable type. [C:\Users\bbqch\proj\microbians\AeroCMS\Aero\src\Aero.Core\Aero.Core.csproj]
C:\Users\bbqch\proj\microbians\AeroCMS\Aero\src\Aero.Core\DataStructures\Trees\SegmentTree.cs(44,20): warning CS8603: Possible null reference return. [C:\Users\bbqch\proj\microbians\AeroCMS\Aero\src\Aero.Core\Aero.Core.csproj]
C:\Users\bbqch\proj\microbians\AeroCMS\Aero\src\Aero.Core\Helpers\AssemblyBindingHelper.cs(96,23): warning CS8618: Non-nullable property 'ShortName' must contain a non-null value when exiting constructor. Consider adding the 'required' modifier or declaring the property as nullable. [C:\Users\bbqch\proj\microbians\AeroCMS\Aero\src\Aero.Core\Aero.Core.csproj]
C:\Users\bbqch\proj\microbians\AeroCMS\Aero\src\Aero.Core\Helpers\AssemblyBindingHelper.cs(97,23): warning CS8618: Non-nullable property 'PublicKeyToken' must contain a non-null value when exiting constructor. Consider adding the 'required' modifier or declaring the property as nullable. [C:\Users\bbqch\proj\microbians\AeroCMS\Aero\src\Aero.Core\Aero.Core.csproj]
C:\Users\bbqch\proj\microbians\AeroCMS\Aero\src\Aero.Core\Helpers\AssemblyBindingHelper.cs(98,23): warning CS8618: Non-nullable property 'RedirectToVersion' must contain a non-null value when exiting constructor. Consider adding the 'required' modifier or declaring the property as nullable. [C:\Users\bbqch\proj\microbians\AeroCMS\Aero\src\Aero.Core\Aero.Core.csproj]
C:\Users\bbqch\proj\microbians\AeroCMS\Aero\src\Aero.Core\Http\HttpClientBase.cs(27,79): warning CS8602: Dereference of a possibly null reference. [C:\Users\bbqch\proj\microbians\AeroCMS\Aero\src\Aero.Core\Aero.Core.csproj]
C:\Users\bbqch\proj\microbians\AeroCMS\Aero\src\Aero.Core\SmtpEmailOptions.cs(5,12): warning CS8618: Non-nullable property 'Host' must contain a non-null value when exiting constructor. Consider adding the 'required' modifier or declaring the property as nullable. [C:\Users\bbqch\proj\microbians\AeroCMS\Aero\src\Aero.Core\Aero.Core.csproj]
C:\Users\bbqch\proj\microbians\AeroCMS\Aero\src\Aero.Core\SmtpEmailOptions.cs(5,12): warning CS8618: Non-nullable property 'Username' must contain a non-null value when exiting constructor. Consider adding the 'required' modifier or declaring the property as nullable. [C:\Users\bbqch\proj\microbians\AeroCMS\Aero\src\Aero.Core\Aero.Core.csproj]
C:\Users\bbqch\proj\microbians\AeroCMS\Aero\src\Aero.Core\SmtpEmailOptions.cs(5,12): warning CS8618: Non-nullable property 'Password' must contain a non-null value when exiting constructor. Consider adding the 'required' modifier or declaring the property as nullable. [C:\Users\bbqch\proj\microbians\AeroCMS\Aero\src\Aero.Core\Aero.Core.csproj]
C:\Users\bbqch\proj\microbians\AeroCMS\Aero\src\Aero.Core\SmtpEmailOptions.cs(5,12): warning CS8618: Non-nullable property 'SenderEmail' must contain a non-null value when exiting constructor. Consider adding the 'required' modifier or declaring the property as nullable. [C:\Users\bbqch\proj\microbians\AeroCMS\Aero\src\Aero.Core\Aero.Core.csproj]
C:\Users\bbqch\proj\microbians\AeroCMS\Aero\src\Aero.Core\Decorators\ExceptionQueryHandlerDecorator.cs(39,16): warning CS8603: Possible null reference return. [C:\Users\bbqch\proj\microbians\AeroCMS\Aero\src\Aero.Core\Aero.Core.csproj]
C:\Users\bbqch\proj\microbians\AeroCMS\Aero\src\Aero.Core\DataStructures\Trees\SegmentTree.cs(145,20): warning CS8603: Possible null reference return. [C:\Users\bbqch\proj\microbians\AeroCMS\Aero\src\Aero.Core\Aero.Core.csproj]
C:\Users\bbqch\proj\microbians\AeroCMS\Aero\src\Aero.Core\DataStructures\Trees\KdTreeNode.cs(9,23): warning CS8618: Non-nullable property 'Left' must contain a non-null value when exiting constructor. Consider adding the 'required' modifier or declaring the property as nullable. [C:\Users\bbqch\proj\microbians\AeroCMS\Aero\src\Aero.Core\Aero.Core.csproj]
C:\Users\bbqch\proj\microbians\AeroCMS\Aero\src\Aero.Core\DataStructures\Trees\KdTreeNode.cs(10,23): warning CS8618: Non-nullable property 'Right' must contain a non-null value when exiting constructor. Consider adding the 'required' modifier or declaring the property as nullable. [C:\Users\bbqch\proj\microbians\AeroCMS\Aero\src\Aero.Core\Aero.Core.csproj]
C:\Users\bbqch\proj\microbians\AeroCMS\Aero\src\Aero.Core\QueryableExtensions.cs(54,46): warning CS8625: Cannot convert null literal to non-nullable reference type. [C:\Users\bbqch\proj\microbians\AeroCMS\Aero\src\Aero.Core\Aero.Core.csproj]
C:\Users\bbqch\proj\microbians\AeroCMS\Aero\src\Aero.Core\DataStructures\Trees\KdTree.cs(92,16): warning CS8603: Possible null reference return. [C:\Users\bbqch\proj\microbians\AeroCMS\Aero\src\Aero.Core\Aero.Core.csproj]
C:\Users\bbqch\proj\microbians\AeroCMS\Aero\src\Aero.Core\Http\HttpClientBase.cs(49,78): warning CS8602: Dereference of a possibly null reference. [C:\Users\bbqch\proj\microbians\AeroCMS\Aero\src\Aero.Core\Aero.Core.csproj]
C:\Users\bbqch\proj\microbians\AeroCMS\Aero\src\Aero.Core\QueryableExtensions.cs(59,51): warning CS8625: Cannot convert null literal to non-nullable reference type. [C:\Users\bbqch\proj\microbians\AeroCMS\Aero\src\Aero.Core\Aero.Core.csproj]
C:\Users\bbqch\proj\microbians\AeroCMS\Aero\src\Aero.Core\Decorators\ExceptionQueryHandlerDecorator.cs(20,16): warning CS8603: Possible null reference return. [C:\Users\bbqch\proj\microbians\AeroCMS\Aero\src\Aero.Core\Aero.Core.csproj]
C:\Users\bbqch\proj\microbians\AeroCMS\Aero\src\Aero.Core\Extensions\XmlDocumentExtension.cs(101,69): warning CS8622: Nullability of reference types in type of parameter 'sender' of 'void XmlDocumentExtension.ShowCompileErrors(object sender, ValidationEventArgs args)' doesn't match the target delegate 'ValidationEventHandler' (possibly because of nullability attributes). [C:\Users\bbqch\proj\microbians\AeroCMS\Aero\src\Aero.Core\Aero.Core.csproj]
C:\Users\bbqch\proj\microbians\AeroCMS\Aero\src\Aero.Core\Identity\IdentityToken.cs(5,19): warning CS8618: Non-nullable property 'LoginProvider' must contain a non-null value when exiting constructor. Consider adding the 'required' modifier or declaring the property as nullable. [C:\Users\bbqch\proj\microbians\AeroCMS\Aero\src\Aero.Core\Aero.Core.csproj]
C:\Users\bbqch\proj\microbians\AeroCMS\Aero\src\Aero.Core\Identity\IdentityToken.cs(7,19): warning CS8618: Non-nullable property 'Name' must contain a non-null value when exiting constructor. Consider adding the 'required' modifier or declaring the property as nullable. [C:\Users\bbqch\proj\microbians\AeroCMS\Aero\src\Aero.Core\Aero.Core.csproj]
C:\Users\bbqch\proj\microbians\AeroCMS\Aero\src\Aero.Core\Identity\IdentityToken.cs(9,19): warning CS8618: Non-nullable property 'Value' must contain a non-null value when exiting constructor. Consider adding the 'required' modifier or declaring the property as nullable. [C:\Users\bbqch\proj\microbians\AeroCMS\Aero\src\Aero.Core\Aero.Core.csproj]
C:\Users\bbqch\proj\microbians\AeroCMS\Aero\src\Aero.Core\DataStructures\Trees\RTreeNode.cs(10,16): warning CS8618: Non-nullable property 'Mbr' must contain a non-null value when exiting constructor. Consider adding the 'required' modifier or declaring the property as nullable. [C:\Users\bbqch\proj\microbians\AeroCMS\Aero\src\Aero.Core\Aero.Core.csproj]
C:\Users\bbqch\proj\microbians\AeroCMS\Aero\src\Aero.Core\DataStructures\Trees\RTreeNode.cs(11,22): warning CS8618: Non-nullable property 'Parent' must contain a non-null value when exiting constructor. Consider adding the 'required' modifier or declaring the property as nullable. [C:\Users\bbqch\proj\microbians\AeroCMS\Aero\src\Aero.Core\Aero.Core.csproj]
C:\Users\bbqch\proj\microbians\AeroCMS\Aero\src\Aero.Core\Identity\IdentityLogin.cs(5,19): warning CS8618: Non-nullable property 'LoginProvider' must contain a non-null value when exiting constructor. Consider adding the 'required' modifier or declaring the property as nullable. [C:\Users\bbqch\proj\microbians\AeroCMS\Aero\src\Aero.Core\Aero.Core.csproj]
C:\Users\bbqch\proj\microbians\AeroCMS\Aero\src\Aero.Core\Identity\IdentityLogin.cs(7,19): warning CS8618: Non-nullable property 'ProviderKey' must contain a non-null value when exiting constructor. Consider adding the 'required' modifier or declaring the property as nullable. [C:\Users\bbqch\proj\microbians\AeroCMS\Aero\src\Aero.Core\Aero.Core.csproj]
C:\Users\bbqch\proj\microbians\AeroCMS\Aero\src\Aero.Core\Identity\IdentityLogin.cs(9,19): warning CS8618: Non-nullable property 'ProviderDisplayName' must contain a non-null value when exiting constructor. Consider adding the 'required' modifier or declaring the property as nullable. [C:\Users\bbqch\proj\microbians\AeroCMS\Aero\src\Aero.Core\Aero.Core.csproj]
C:\Users\bbqch\proj\microbians\AeroCMS\Aero\src\Aero.Core\Http\HttpClientBase.cs(63,81): warning CS8602: Dereference of a possibly null reference. [C:\Users\bbqch\proj\microbians\AeroCMS\Aero\src\Aero.Core\Aero.Core.csproj]
C:\Users\bbqch\proj\microbians\AeroCMS\Aero\src\Aero.Core\DataStructures\Trees\RTree.cs(34,30): warning CS8625: Cannot convert null literal to non-nullable reference type. [C:\Users\bbqch\proj\microbians\AeroCMS\Aero\src\Aero.Core\Aero.Core.csproj]
C:\Users\bbqch\proj\microbians\AeroCMS\Aero\src\Aero.Core\Decorators\ExceptionCommandHandlerDecorator.cs(54,16): warning CS8603: Possible null reference return. [C:\Users\bbqch\proj\microbians\AeroCMS\Aero\src\Aero.Core\Aero.Core.csproj]
C:\Users\bbqch\proj\microbians\AeroCMS\Aero\src\Aero.Core\Extensions\XmlDocumentExtension.cs(179,16): warning CS8603: Possible null reference return. [C:\Users\bbqch\proj\microbians\AeroCMS\Aero\src\Aero.Core\Aero.Core.csproj]
C:\Users\bbqch\proj\microbians\AeroCMS\Aero\src\Aero.Core\Extensions\Compression.cs(10,32): warning CS8600: Converting null literal or possible null value to non-nullable type. [C:\Users\bbqch\proj\microbians\AeroCMS\Aero\src\Aero.Core\Aero.Core.csproj]
C:\Users\bbqch\proj\microbians\AeroCMS\Aero\src\Aero.Core\Extensions\ObjectExtensions.cs(39,82): warning CS8604: Possible null reference argument for parameter 'value' in 'KeyValuePair<string, string>.KeyValuePair(string key, string value)'. [C:\Users\bbqch\proj\microbians\AeroCMS\Aero\src\Aero.Core\Aero.Core.csproj]
C:\Users\bbqch\proj\microbians\AeroCMS\Aero\src\Aero.Core\Extensions\ObjectExtensions.cs(44,78): warning CS8604: Possible null reference argument for parameter 'value' in 'KeyValuePair<string, string>.KeyValuePair(string key, string value)'. [C:\Users\bbqch\proj\microbians\AeroCMS\Aero\src\Aero.Core\Aero.Core.csproj]
C:\Users\bbqch\proj\microbians\AeroCMS\Aero\src\Aero.Core\Extensions\Compression.cs(24,36): warning CS8600: Converting null literal or possible null value to non-nullable type. [C:\Users\bbqch\proj\microbians\AeroCMS\Aero\src\Aero.Core\Aero.Core.csproj]
C:\Users\bbqch\proj\microbians\AeroCMS\Aero\src\Aero.Core\DataStructures\Trees\KdTree.cs(127,34): warning CS8603: Possible null reference return. [C:\Users\bbqch\proj\microbians\AeroCMS\Aero\src\Aero.Core\Aero.Core.csproj]
C:\Users\bbqch\proj\microbians\AeroCMS\Aero\src\Aero.Core\DataStructures\Trees\KdTree.cs(146,63): warning CS8625: Cannot convert null literal to non-nullable reference type. [C:\Users\bbqch\proj\microbians\AeroCMS\Aero\src\Aero.Core\Aero.Core.csproj]
C:\Users\bbqch\proj\microbians\AeroCMS\Aero\src\Aero.Core\DataStructures\Trees\KdTree.cs(150,24): warning CS8603: Possible null reference return. [C:\Users\bbqch\proj\microbians\AeroCMS\Aero\src\Aero.Core\Aero.Core.csproj]
C:\Users\bbqch\proj\microbians\AeroCMS\Aero\src\Aero.Core\DataStructures\Trees\RTree.cs(55,31): warning CS8600: Converting null literal or possible null value to non-nullable type. [C:\Users\bbqch\proj\microbians\AeroCMS\Aero\src\Aero.Core\Aero.Core.csproj]
C:\Users\bbqch\proj\microbians\AeroCMS\Aero\src\Aero.Core\DataStructures\Trees\RTree.cs(73,27): warning CS8604: Possible null reference argument for parameter 'node' in 'RTreeNode RTree.ChooseLeaf(RTreeNode node, Point point)'. [C:\Users\bbqch\proj\microbians\AeroCMS\Aero\src\Aero.Core\Aero.Core.csproj]
C:\Users\bbqch\proj\microbians\AeroCMS\Aero\src\Aero.Core\Http\HttpClientBase.cs(85,80): warning CS8602: Dereference of a possibly null reference. [C:\Users\bbqch\proj\microbians\AeroCMS\Aero\src\Aero.Core\Aero.Core.csproj]
C:\Users\bbqch\proj\microbians\AeroCMS\Aero\src\Aero.Core\DataStructures\Trees\KdTree.cs(167,34): warning CS8603: Possible null reference return. [C:\Users\bbqch\proj\microbians\AeroCMS\Aero\src\Aero.Core\Aero.Core.csproj]
C:\Users\bbqch\proj\microbians\AeroCMS\Aero\src\Aero.Core\DataStructures\Trees\KdTree.cs(209,16): warning CS8603: Possible null reference return. [C:\Users\bbqch\proj\microbians\AeroCMS\Aero\src\Aero.Core\Aero.Core.csproj]
C:\Users\bbqch\proj\microbians\AeroCMS\Aero\src\Aero.Core\Extensions\XmlDocumentExtension.cs(260,20): warning CS8600: Converting null literal or possible null value to non-nullable type. [C:\Users\bbqch\proj\microbians\AeroCMS\Aero\src\Aero.Core\Aero.Core.csproj]
C:\Users\bbqch\proj\microbians\AeroCMS\Aero\src\Aero.Core\Extensions\XmlDocumentExtension.cs(260,20): warning CS8603: Possible null reference return. [C:\Users\bbqch\proj\microbians\AeroCMS\Aero\src\Aero.Core\Aero.Core.csproj]
C:\Users\bbqch\proj\microbians\AeroCMS\Aero\src\Aero.Core\DataStructures\Trees\KdTree.cs(214,34): warning CS8603: Possible null reference return. [C:\Users\bbqch\proj\microbians\AeroCMS\Aero\src\Aero.Core\Aero.Core.csproj]
C:\Users\bbqch\proj\microbians\AeroCMS\Aero\src\Aero.Core\DataStructures\Trees\KdTree.cs(31,23): warning CS8618: Non-nullable property 'Root' must contain a non-null value when exiting constructor. Consider adding the 'required' modifier or declaring the property as nullable. [C:\Users\bbqch\proj\microbians\AeroCMS\Aero\src\Aero.Core\Aero.Core.csproj]
C:\Users\bbqch\proj\microbians\AeroCMS\Aero\src\Aero.Core\Extensions\XmlDocumentExtension.cs(275,20): warning CS8600: Converting null literal or possible null value to non-nullable type. [C:\Users\bbqch\proj\microbians\AeroCMS\Aero\src\Aero.Core\Aero.Core.csproj]
C:\Users\bbqch\proj\microbians\AeroCMS\Aero\src\Aero.Core\Extensions\XmlDocumentExtension.cs(275,20): warning CS8603: Possible null reference return. [C:\Users\bbqch\proj\microbians\AeroCMS\Aero\src\Aero.Core\Aero.Core.csproj]
C:\Users\bbqch\proj\microbians\AeroCMS\Aero\src\Aero.Core\Validation\Examples.cs(5,55): warning CS9113: Parameter 'errors' is unread. [C:\Users\bbqch\proj\microbians\AeroCMS\Aero\src\Aero.Core\Aero.Core.csproj]
C:\Users\bbqch\proj\microbians\AeroCMS\Aero\src\Aero.Core\Extensions\XmlDocumentExtension.cs(290,20): warning CS8600: Converting null literal or possible null value to non-nullable type. [C:\Users\bbqch\proj\microbians\AeroCMS\Aero\src\Aero.Core\Aero.Core.csproj]
C:\Users\bbqch\proj\microbians\AeroCMS\Aero\src\Aero.Core\Extensions\XmlDocumentExtension.cs(290,20): warning CS8603: Possible null reference return. [C:\Users\bbqch\proj\microbians\AeroCMS\Aero\src\Aero.Core\Aero.Core.csproj]
C:\Users\bbqch\proj\microbians\AeroCMS\Aero\src\Aero.Core\Http\HttpClientBase.cs(102,81): warning CS8602: Dereference of a possibly null reference. [C:\Users\bbqch\proj\microbians\AeroCMS\Aero\src\Aero.Core\Aero.Core.csproj]
C:\Users\bbqch\proj\microbians\AeroCMS\Aero\src\Aero.Core\DataStructures\Trees\LsmTree.cs(99,16): warning CS8603: Possible null reference return. [C:\Users\bbqch\proj\microbians\AeroCMS\Aero\src\Aero.Core\Aero.Core.csproj]
C:\Users\bbqch\proj\microbians\AeroCMS\Aero\src\Aero.Core\Secrets\ShamirsSecretManager.cs(11,44): warning CS8604: Possible null reference argument for parameter 's' in 'byte[] Encoding.GetBytes(string s)'. [C:\Users\bbqch\proj\microbians\AeroCMS\Aero\src\Aero.Core\Aero.Core.csproj]
C:\Users\bbqch\proj\microbians\AeroCMS\Aero\src\Aero.Core\Http\HttpClientBase.cs(115,63): warning CS8602: Dereference of a possibly null reference. [C:\Users\bbqch\proj\microbians\AeroCMS\Aero\src\Aero.Core\Aero.Core.csproj]
C:\Users\bbqch\proj\microbians\AeroCMS\Aero\src\Aero.Core\Extensions\XmlDocumentExtension.cs(359,31): warning CS8604: Possible null reference argument for parameter 'node' in 'void XmlDocumentExtension.RemoveWhitespaceNodes(XmlNode node)'. [C:\Users\bbqch\proj\microbians\AeroCMS\Aero\src\Aero.Core\Aero.Core.csproj]
C:\Users\bbqch\proj\microbians\AeroCMS\Aero\src\Aero.Core\Railway\Result.cs(56,16): warning CS8509: The switch expression does not handle all possible values of its input type (it is not exhaustive). For example, the pattern '_' is not covered. [C:\Users\bbqch\proj\microbians\AeroCMS\Aero\src\Aero.Core\Aero.Core.csproj]
C:\Users\bbqch\proj\microbians\AeroCMS\Aero\src\Aero.Core\DataStructures\Trees\RTree.cs(178,41): warning CS8625: Cannot convert null literal to non-nullable reference type. [C:\Users\bbqch\proj\microbians\AeroCMS\Aero\src\Aero.Core\Aero.Core.csproj]
C:\Users\bbqch\proj\microbians\AeroCMS\Aero\src\Aero.Core\DataStructures\Trees\RTree.cs(183,37): warning CS8625: Cannot convert null literal to non-nullable reference type. [C:\Users\bbqch\proj\microbians\AeroCMS\Aero\src\Aero.Core\Aero.Core.csproj]
C:\Users\bbqch\proj\microbians\AeroCMS\Aero\src\Aero.Core\DataStructures\Trees\IntervalTree.cs(8,29): warning CS8618: Non-nullable property 'Root' must contain a non-null value when exiting constructor. Consider adding the 'required' modifier or declaring the property as nullable. [C:\Users\bbqch\proj\microbians\AeroCMS\Aero\src\Aero.Core\Aero.Core.csproj]
C:\Users\bbqch\proj\microbians\AeroCMS\Aero\src\Aero.Core\Railway\Result.cs(17,16): warning CS8509: The switch expression does not handle all possible values of its input type (it is not exhaustive). For example, the pattern '_' is not covered. [C:\Users\bbqch\proj\microbians\AeroCMS\Aero\src\Aero.Core\Aero.Core.csproj]
C:\Users\bbqch\proj\microbians\AeroCMS\Aero\src\Aero.Core\Extensions\ExceptionExtensions.cs(26,54): warning CS8603: Possible null reference return. [C:\Users\bbqch\proj\microbians\AeroCMS\Aero\src\Aero.Core\Aero.Core.csproj]
C:\Users\bbqch\proj\microbians\AeroCMS\Aero\src\Aero.Core\Railway\OptionExtensions.cs(84,16): warning CS8509: The switch expression does not handle all possible values of its input type (it is not exhaustive). For example, the pattern '_' is not covered. [C:\Users\bbqch\proj\microbians\AeroCMS\Aero\src\Aero.Core\Aero.Core.csproj]
C:\Users\bbqch\proj\microbians\AeroCMS\Aero\src\Aero.Core\Extensions\XmlDocumentExtension.cs(382,17): warning CS8602: Dereference of a possibly null reference. [C:\Users\bbqch\proj\microbians\AeroCMS\Aero\src\Aero.Core\Aero.Core.csproj]
C:\Users\bbqch\proj\microbians\AeroCMS\Aero\src\Aero.Core\Secrets\EncryptingSecretManager.cs(14,25): warning CS8604: Possible null reference argument for parameter 'source' in 'IEnumerable<string> Enumerable.Select<string, string>(IEnumerable<string> source, Func<string, string> selector)'. [C:\Users\bbqch\proj\microbians\AeroCMS\Aero\src\Aero.Core\Aero.Core.csproj]
C:\Users\bbqch\proj\microbians\AeroCMS\Aero\src\Aero.Core\DataStructures\Trees\RTree.cs(191,20): warning CS8603: Possible null reference return. [C:\Users\bbqch\proj\microbians\AeroCMS\Aero\src\Aero.Core\Aero.Core.csproj]
C:\Users\bbqch\proj\microbians\AeroCMS\Aero\src\Aero.Core\DataStructures\Trees\RTree.cs(202,16): warning CS8603: Possible null reference return. [C:\Users\bbqch\proj\microbians\AeroCMS\Aero\src\Aero.Core\Aero.Core.csproj]
C:\Users\bbqch\proj\microbians\AeroCMS\Aero\src\Aero.Core\Railway\ResultExtensions.cs(89,11): warning CS8509: The switch expression does not handle all possible values of its input type (it is not exhaustive). For example, the pattern '_' is not covered. [C:\Users\bbqch\proj\microbians\AeroCMS\Aero\src\Aero.Core\Aero.Core.csproj]
C:\Users\bbqch\proj\microbians\AeroCMS\Aero\src\Aero.Core\Railway\OptionExtensions.cs(121,16): warning CS8509: The switch expression does not handle all possible values of its input type (it is not exhaustive). For example, the pattern '_' is not covered. [C:\Users\bbqch\proj\microbians\AeroCMS\Aero\src\Aero.Core\Aero.Core.csproj]
C:\Users\bbqch\proj\microbians\AeroCMS\Aero\src\Aero.Core\Railway\Result.cs(24,16): warning CS8509: The switch expression does not handle all possible values of its input type (it is not exhaustive). For example, the pattern '_' is not covered. [C:\Users\bbqch\proj\microbians\AeroCMS\Aero\src\Aero.Core\Aero.Core.csproj]
C:\Users\bbqch\proj\microbians\AeroCMS\Aero\src\Aero.Core\Secrets\ShamirsSecretManager.cs(31,22): warning CS0618: 'SecretSplitter<BigInteger>.MakeShares(BigInteger, BigInteger, int)' is obsolete: 'Use MakeShares with out parameter secret instead' [C:\Users\bbqch\proj\microbians\AeroCMS\Aero\src\Aero.Core\Aero.Core.csproj]
C:\Users\bbqch\proj\microbians\AeroCMS\Aero\src\Aero.Core\Secrets\ShamirsSecretManager.cs(33,41): warning CS0618: 'Share<BigInteger>.X' is obsolete: 'Use 'Index' property instead.' [C:\Users\bbqch\proj\microbians\AeroCMS\Aero\src\Aero.Core\Aero.Core.csproj]
C:\Users\bbqch\proj\microbians\AeroCMS\Aero\src\Aero.Core\Secrets\ShamirsSecretManager.cs(34,32): warning CS0618: 'SecretReconstructor<BigInteger, IExtendedGcdAlgorithm<BigInteger>, ExtendedGcdResult<BigInteger>>.Reconstruction(Share<BigInteger>[])' is obsolete: 'Use Reconstruction(Shares<TNumber> shares) instead' [C:\Users\bbqch\proj\microbians\AeroCMS\Aero\src\Aero.Core\Aero.Core.csproj]
C:\Users\bbqch\proj\microbians\AeroCMS\Aero\src\Aero.Core\Secrets\ShamirsSecretManager.cs(35,42): warning CS0618: 'Share<BigInteger>.X' is obsolete: 'Use 'Index' property instead.' [C:\Users\bbqch\proj\microbians\AeroCMS\Aero\src\Aero.Core\Aero.Core.csproj]
C:\Users\bbqch\proj\microbians\AeroCMS\Aero\src\Aero.Core\Secrets\ShamirsSecretManager.cs(36,32): warning CS0618: 'SecretReconstructor<BigInteger, IExtendedGcdAlgorithm<BigInteger>, ExtendedGcdResult<BigInteger>>.Reconstruction(Share<BigInteger>[])' is obsolete: 'Use Reconstruction(Shares<TNumber> shares) instead' [C:\Users\bbqch\proj\microbians\AeroCMS\Aero\src\Aero.Core\Aero.Core.csproj]
C:\Users\bbqch\proj\microbians\AeroCMS\Aero\src\Aero.Core\Secrets\ShamirsSecretManager.cs(52,9): warning CS0162: Unreachable code detected [C:\Users\bbqch\proj\microbians\AeroCMS\Aero\src\Aero.Core\Aero.Core.csproj]
C:\Users\bbqch\proj\microbians\AeroCMS\Aero\src\Aero.Core\Extensions\XmlDocumentExtension.cs(413,16): warning CS8603: Possible null reference return. [C:\Users\bbqch\proj\microbians\AeroCMS\Aero\src\Aero.Core\Aero.Core.csproj]
C:\Users\bbqch\proj\microbians\AeroCMS\Aero\src\Aero.Core\Http\HttpClientBase.cs(127,63): warning CS8602: Dereference of a possibly null reference. [C:\Users\bbqch\proj\microbians\AeroCMS\Aero\src\Aero.Core\Aero.Core.csproj]
C:\Users\bbqch\proj\microbians\AeroCMS\Aero\src\Aero.Core\DataStructures\Trees\LsmTree.cs(210,24): warning CS8603: Possible null reference return. [C:\Users\bbqch\proj\microbians\AeroCMS\Aero\src\Aero.Core\Aero.Core.csproj]
C:\Users\bbqch\proj\microbians\AeroCMS\Aero\src\Aero.Core\DataStructures\Trees\LsmTree.cs(219,28): warning CS8603: Possible null reference return. [C:\Users\bbqch\proj\microbians\AeroCMS\Aero\src\Aero.Core\Aero.Core.csproj]
C:\Users\bbqch\proj\microbians\AeroCMS\Aero\src\Aero.Core\DataStructures\Trees\LsmTree.cs(223,20): warning CS8603: Possible null reference return. [C:\Users\bbqch\proj\microbians\AeroCMS\Aero\src\Aero.Core\Aero.Core.csproj]
C:\Users\bbqch\proj\microbians\AeroCMS\Aero\src\Aero.Core\Railway\ResultExtensions.cs(121,11): warning CS8509: The switch expression does not handle all possible values of its input type (it is not exhaustive). For example, the pattern '_' is not covered. [C:\Users\bbqch\proj\microbians\AeroCMS\Aero\src\Aero.Core\Aero.Core.csproj]
C:\Users\bbqch\proj\microbians\AeroCMS\Aero\src\Aero.Core\DataStructures\Trees\LsmTree.cs(235,16): warning CS8603: Possible null reference return. [C:\Users\bbqch\proj\microbians\AeroCMS\Aero\src\Aero.Core\Aero.Core.csproj]
C:\Users\bbqch\proj\microbians\AeroCMS\Aero\src\Aero.Core\Railway\OptionExtensions.cs(154,16): warning CS8509: The switch expression does not handle all possible values of its input type (it is not exhaustive). For example, the pattern '_' is not covered. [C:\Users\bbqch\proj\microbians\AeroCMS\Aero\src\Aero.Core\Aero.Core.csproj]
C:\Users\bbqch\proj\microbians\AeroCMS\Aero\src\Aero.Core\DataStructures\Trees\RTree.cs(212,31): warning CS8625: Cannot convert null literal to non-nullable reference type. [C:\Users\bbqch\proj\microbians\AeroCMS\Aero\src\Aero.Core\Aero.Core.csproj]
C:\Users\bbqch\proj\microbians\AeroCMS\Aero\src\Aero.Core\Railway\ResultExtensions.cs(162,11): warning CS8509: The switch expression does not handle all possible values of its input type (it is not exhaustive). For example, the pattern '_' is not covered. [C:\Users\bbqch\proj\microbians\AeroCMS\Aero\src\Aero.Core\Aero.Core.csproj]
C:\Users\bbqch\proj\microbians\AeroCMS\Aero\src\Aero.Core\Railway\ResultExtensions.cs(215,11): warning CS8509: The switch expression does not handle all possible values of its input type (it is not exhaustive). For example, the pattern '_' is not covered. [C:\Users\bbqch\proj\microbians\AeroCMS\Aero\src\Aero.Core\Aero.Core.csproj]
C:\Users\bbqch\proj\microbians\AeroCMS\Aero\src\Aero.Core\Railway\OptionExtensions.cs(184,16): warning CS8509: The switch expression does not handle all possible values of its input type (it is not exhaustive). For example, the pattern '_' is not covered. [C:\Users\bbqch\proj\microbians\AeroCMS\Aero\src\Aero.Core\Aero.Core.csproj]
C:\Users\bbqch\proj\microbians\AeroCMS\Aero\src\Aero.Core\DataStructures\Trees\LsmTree.cs(252,57): warning CS8604: Possible null reference argument for parameter 'value' in 'LsmEntry<TKey, TValue>.LsmEntry(TKey key, TValue value, bool isTombstone, long timestamp)'. [C:\Users\bbqch\proj\microbians\AeroCMS\Aero\src\Aero.Core\Aero.Core.csproj]
C:\Users\bbqch\proj\microbians\AeroCMS\Aero\src\Aero.Core\Railway\OptionExtensions.cs(228,16): warning CS8509: The switch expression does not handle all possible values of its input type (it is not exhaustive). For example, the pattern '_' is not covered. [C:\Users\bbqch\proj\microbians\AeroCMS\Aero\src\Aero.Core\Aero.Core.csproj]
C:\Users\bbqch\proj\microbians\AeroCMS\Aero\src\Aero.Core\Railway\ResultExtensions.cs(252,11): warning CS8509: The switch expression does not handle all possible values of its input type (it is not exhaustive). For example, the pattern '_' is not covered. [C:\Users\bbqch\proj\microbians\AeroCMS\Aero\src\Aero.Core\Aero.Core.csproj]
C:\Users\bbqch\proj\microbians\AeroCMS\Aero\src\Aero.Core\Secrets\EncryptingSecretManager.cs(49,16): warning CS8603: Possible null reference return. [C:\Users\bbqch\proj\microbians\AeroCMS\Aero\src\Aero.Core\Aero.Core.csproj]
C:\Users\bbqch\proj\microbians\AeroCMS\Aero\src\Aero.Core\Railway\ResultExtensions.cs(304,11): warning CS8509: The switch expression does not handle all possible values of its input type (it is not exhaustive). For example, the pattern '_' is not covered. [C:\Users\bbqch\proj\microbians\AeroCMS\Aero\src\Aero.Core\Aero.Core.csproj]
C:\Users\bbqch\proj\microbians\AeroCMS\Aero\src\Aero.Core\Railway\OptionExtensions.cs(266,16): warning CS8509: The switch expression does not handle all possible values of its input type (it is not exhaustive). For example, the pattern '_' is not covered. [C:\Users\bbqch\proj\microbians\AeroCMS\Aero\src\Aero.Core\Aero.Core.csproj]
C:\Users\bbqch\proj\microbians\AeroCMS\Aero\src\Aero.Core\Railway\OptionExtensions.cs(307,16): warning CS8509: The switch expression does not handle all possible values of its input type (it is not exhaustive). For example, the pattern '_' is not covered. [C:\Users\bbqch\proj\microbians\AeroCMS\Aero\src\Aero.Core\Aero.Core.csproj]
C:\Users\bbqch\proj\microbians\AeroCMS\Aero\src\Aero.Core\DataStructures\Trees\RedBlackTree.cs(62,37): warning CS8604: Possible null reference argument for parameter 'node' in 'RedBlackTreeNode<T> RedBlackTree<T>.Node(ITreeNode<T> node)'. [C:\Users\bbqch\proj\microbians\AeroCMS\Aero\src\Aero.Core\Aero.Core.csproj]
C:\Users\bbqch\proj\microbians\AeroCMS\Aero\src\Aero.Core\DataStructures\Trees\RedBlackTree.cs(70,24): warning CS8603: Possible null reference return. [C:\Users\bbqch\proj\microbians\AeroCMS\Aero\src\Aero.Core\Aero.Core.csproj]
C:\Users\bbqch\proj\microbians\AeroCMS\Aero\src\Aero.Core\DataStructures\Trees\RedBlackTree.cs(78,40): warning CS8604: Possible null reference argument for parameter 'node' in 'RedBlackTreeNode<T> RedBlackTree<T>.Node(ITreeNode<T> node)'. [C:\Users\bbqch\proj\microbians\AeroCMS\Aero\src\Aero.Core\Aero.Core.csproj]
C:\Users\bbqch\proj\microbians\AeroCMS\Aero\src\Aero.Core\DataStructures\Trees\RedBlackTree.cs(84,42): warning CS8604: Possible null reference argument for parameter 'node' in 'RedBlackTreeNode<T> RedBlackTree<T>.Node(ITreeNode<T> node)'. [C:\Users\bbqch\proj\microbians\AeroCMS\Aero\src\Aero.Core\Aero.Core.csproj]
C:\Users\bbqch\proj\microbians\AeroCMS\Aero\src\Aero.Core\Railway\ResultExtensions.cs(352,11): warning CS8509: The switch expression does not handle all possible values of its input type (it is not exhaustive). For example, the pattern '_' is not covered. [C:\Users\bbqch\proj\microbians\AeroCMS\Aero\src\Aero.Core\Aero.Core.csproj]
C:\Users\bbqch\proj\microbians\AeroCMS\Aero\src\Aero.Core\Railway\OptionExtensions.cs(340,16): warning CS8509: The switch expression does not handle all possible values of its input type (it is not exhaustive). For example, the pattern '_' is not covered. [C:\Users\bbqch\proj\microbians\AeroCMS\Aero\src\Aero.Core\Aero.Core.csproj]
C:\Users\bbqch\proj\microbians\AeroCMS\Aero\src\Aero.Core\Railway\ResultExtensions.cs(392,11): warning CS8509: The switch expression does not handle all possible values of its input type (it is not exhaustive). For example, the pattern '_' is not covered. [C:\Users\bbqch\proj\microbians\AeroCMS\Aero\src\Aero.Core\Aero.Core.csproj]
C:\Users\bbqch\proj\microbians\AeroCMS\Aero\src\Aero.Core\Railway\ResultExtensions.cs(428,11): warning CS8509: The switch expression does not handle all possible values of its input type (it is not exhaustive). For example, the pattern '_' is not covered. [C:\Users\bbqch\proj\microbians\AeroCMS\Aero\src\Aero.Core\Aero.Core.csproj]
C:\Users\bbqch\proj\microbians\AeroCMS\Aero\src\Aero.Core\Railway\OptionExtensions.cs(356,16): warning CS8509: The switch expression does not handle all possible values of its input type (it is not exhaustive). For example, the pattern '_' is not covered. [C:\Users\bbqch\proj\microbians\AeroCMS\Aero\src\Aero.Core\Aero.Core.csproj]
C:\Users\bbqch\proj\microbians\AeroCMS\Aero\src\Aero.Core\DataStructures\Trees\RedBlackTree.cs(94,20): warning CS8603: Possible null reference return. [C:\Users\bbqch\proj\microbians\AeroCMS\Aero\src\Aero.Core\Aero.Core.csproj]
C:\Users\bbqch\proj\microbians\AeroCMS\Aero\src\Aero.Core\Railway\ResultExtensions.cs(466,11): warning CS8509: The switch expression does not handle all possible values of its input type (it is not exhaustive). For example, the pattern '_' is not covered. [C:\Users\bbqch\proj\microbians\AeroCMS\Aero\src\Aero.Core\Aero.Core.csproj]
C:\Users\bbqch\proj\microbians\AeroCMS\Aero\src\Aero.Core\DataStructures\Trees\Persistence\Readers\NodeReader.cs(111,41): warning CS9191: The 'ref' modifier for argument 2 corresponding to 'in' parameter is equivalent to 'in'. Consider using 'in' instead. [C:\Users\bbqch\proj\microbians\AeroCMS\Aero\src\Aero.Core\Aero.Core.csproj]
C:\Users\bbqch\proj\microbians\AeroCMS\Aero\src\Aero.Core\DataStructures\Trees\Persistence\Readers\NodeReader.cs(118,41): warning CS9191: The 'ref' modifier for argument 2 corresponding to 'in' parameter is equivalent to 'in'. Consider using 'in' instead. [C:\Users\bbqch\proj\microbians\AeroCMS\Aero\src\Aero.Core\Aero.Core.csproj]
C:\Users\bbqch\proj\microbians\AeroCMS\Aero\src\Aero.Core\DataStructures\Trees\RedBlackTree.cs(170,16): warning CS8603: Possible null reference return. [C:\Users\bbqch\proj\microbians\AeroCMS\Aero\src\Aero.Core\Aero.Core.csproj]
C:\Users\bbqch\proj\microbians\AeroCMS\Aero\src\Aero.Core\DataStructures\Trees\RedBlackTree.cs(5,32): warning CS8618: Non-nullable property 'Root' must contain a non-null value when exiting constructor. Consider adding the 'required' modifier or declaring the property as nullable. [C:\Users\bbqch\proj\microbians\AeroCMS\Aero\src\Aero.Core\Aero.Core.csproj]
C:\Users\bbqch\proj\microbians\AeroCMS\Aero\src\Aero.Core\DataStructures\Trees\Persistence\Storage\MemoryStorageBackend.cs(70,14): warning CS0219: The variable 'isReused' is assigned but its value is never used [C:\Users\bbqch\proj\microbians\AeroCMS\Aero\src\Aero.Core\Aero.Core.csproj]
C:\Users\bbqch\proj\microbians\AeroCMS\Aero\src\Aero.Core\DataStructures\Graphs\SimpleGraph.cs(424,76): warning CS8604: Possible null reference argument for parameter 'parent' in 'bool SimpleGraph<T>.HasCycleUndirectedDfs(T vertex, T parent, HashSet<T> visited)'. [C:\Users\bbqch\proj\microbians\AeroCMS\Aero\src\Aero.Core\Aero.Core.csproj]
C:\Users\bbqch\proj\microbians\AeroCMS\Aero\src\Aero.Core\DataStructures\Trees\Persistence\Serialization\BstNodeSerializer.cs(69,103): warning CS9191: The 'ref' modifier for argument 2 corresponding to 'in' parameter is equivalent to 'in'. Consider using 'in' instead. [C:\Users\bbqch\proj\microbians\AeroCMS\Aero\src\Aero.Core\Aero.Core.csproj]
C:\Users\bbqch\proj\microbians\AeroCMS\Aero\src\Aero.Core\DataStructures\Trees\Persistence\Serialization\PrimitiveSerializer.cs(22,46): warning CS9191: The 'ref' modifier for argument 2 corresponding to 'in' parameter is equivalent to 'in'. Consider using 'in' instead. [C:\Users\bbqch\proj\microbians\AeroCMS\Aero\src\Aero.Core\Aero.Core.csproj]
C:\Users\bbqch\proj\microbians\AeroCMS\Aero\src\Aero.Core\DataStructures\Trees\Persistence\Wal\WalFile.cs(174,68): warning CS9191: The 'ref' modifier for argument 2 corresponding to 'in' parameter is equivalent to 'in'. Consider using 'in' instead. [C:\Users\bbqch\proj\microbians\AeroCMS\Aero\src\Aero.Core\Aero.Core.csproj]
C:\Users\bbqch\proj\microbians\AeroCMS\Aero\src\Aero.Core\DataStructures\Trees\Persistence\Wal\WalFile.cs(344,72): warning CS9191: The 'ref' modifier for argument 2 corresponding to 'in' parameter is equivalent to 'in'. Consider using 'in' instead. [C:\Users\bbqch\proj\microbians\AeroCMS\Aero\src\Aero.Core\Aero.Core.csproj]
C:\Users\bbqch\proj\microbians\AeroCMS\Aero\src\Aero.Core\Patterns\QueryInterfaces.cs(12,39): warning CS1711: XML comment has a typeparam tag for 'TResult', but there is no type parameter by that name [C:\Users\bbqch\proj\microbians\AeroCMS\Aero\src\Aero.Core\Aero.Core.csproj]
C:\Users\bbqch\proj\microbians\AeroCMS\Aero\src\Aero.Core\Patterns\QueryInterfaces.cs(22,29): warning CS1710: XML comment has a duplicate typeparam tag for 'TParam' [C:\Users\bbqch\proj\microbians\AeroCMS\Aero\src\Aero.Core\Aero.Core.csproj]
C:\Users\bbqch\proj\microbians\AeroCMS\Aero\src\Aero.Core\Encryption\Aes256Encryptor.cs(32,18): warning CS1572: XML comment has a param tag for 'key', but there is no parameter by that name [C:\Users\bbqch\proj\microbians\AeroCMS\Aero\src\Aero.Core\Aero.Core.csproj]
C:\Users\bbqch\proj\microbians\AeroCMS\Aero\src\Aero.Core\Encryption\Aes256Encryptor.cs(33,18): warning CS1572: XML comment has a param tag for 'iv', but there is no parameter by that name [C:\Users\bbqch\proj\microbians\AeroCMS\Aero\src\Aero.Core\Aero.Core.csproj]
C:\Users\bbqch\proj\microbians\AeroCMS\Aero\src\Aero.Core\Encryption\Aes256Encryptor.cs(34,50): warning CS1573: Parameter 'settings' has no matching param tag in the XML comment for 'Aes256Encryptor.Aes256Encryptor(AesEncryptorOptions)' (but other parameters do) [C:\Users\bbqch\proj\microbians\AeroCMS\Aero\src\Aero.Core\Aero.Core.csproj]
C:\Users\bbqch\proj\microbians\AeroCMS\Aero\src\Aero.Core\DataStructures\Graphs\Hypergraph.cs(8,16): warning CS1710: XML comment has a duplicate typeparam tag for 'TVertex' [C:\Users\bbqch\proj\microbians\AeroCMS\Aero\src\Aero.Core\Aero.Core.csproj]
C:\Users\bbqch\proj\microbians\AeroCMS\Aero\src\Aero.Core\DataStructures\Graphs\Hypergraph.cs(59,34): warning CS1712: Type parameter 'THyperedgeId' has no matching typeparam tag in the XML comment on 'Hypergraph<TVertex, THyperedgeId>' (but other type parameters do) [C:\Users\bbqch\proj\microbians\AeroCMS\Aero\src\Aero.Core\Aero.Core.csproj]
C:\Users\bbqch\proj\microbians\AeroCMS\Aero\src\Aero.Core\DataStructures\Graphs\TemporalGraph.cs(372,22): warning CS1572: XML comment has a param tag for 'step', but there is no parameter by that name [C:\Users\bbqch\proj\microbians\AeroCMS\Aero\src\Aero.Core\Aero.Core.csproj]
C:\Users\bbqch\proj\microbians\AeroCMS\Aero\src\Aero.Core\DataStructures\Graphs\TemporalGraph.cs(375,45): warning CS1573: Parameter 'steps' has no matching param tag in the XML comment for 'TemporalGraph<TVertex, TEdgeId, TTime>.GetEvolution(TTime, TTime, int)' (but other parameters do) [C:\Users\bbqch\proj\microbians\AeroCMS\Aero\src\Aero.Core\Aero.Core.csproj]
  Aero.Core -> C:\Users\bbqch\proj\microbians\AeroCMS\Aero\src\Aero.Core\bin\Debug\net10.0\Aero.Core.dll
C:\Users\bbqch\proj\microbians\AeroCMS\Aero\src\Aero.Events\AeroEventHandlerBase.cs(7,74): warning CS9113: Parameter 'log' is unread. [C:\Users\bbqch\proj\microbians\AeroCMS\Aero\src\Aero.Events\Aero.Events.csproj]
  Aero.Events -> C:\Users\bbqch\proj\microbians\AeroCMS\Aero\src\Aero.Events\bin\Debug\net10.0\Aero.Events.dll
C:\Users\bbqch\proj\microbians\AeroCMS\Aero\src\Aero.Models\Entities\AeroUser.cs(32,19): warning CS0108: 'IAeroUser<TKey>.CreatedBy' hides inherited member 'IEntity<TKey>.CreatedBy'. Use the new keyword if hiding was intended. [C:\Users\bbqch\proj\microbians\AeroCMS\Aero\src\Aero.Models\Aero.Models.csproj]
C:\Users\bbqch\proj\microbians\AeroCMS\Aero\src\Aero.Models\ViewModels\ServiceRequestResult.cs(6,22): warning CS8618: Non-nullable property 'Result' must contain a non-null value when exiting constructor. Consider adding the 'required' modifier or declaring the property as nullable. [C:\Users\bbqch\proj\microbians\AeroCMS\Aero\src\Aero.Models\Aero.Models.csproj]
C:\Users\bbqch\proj\microbians\AeroCMS\Aero\src\Aero.Models\AuthRegistrationRequest.cs(7,19): warning CS8618: Non-nullable property 'Email' must contain a non-null value when exiting constructor. Consider adding the 'required' modifier or declaring the property as nullable. [C:\Users\bbqch\proj\microbians\AeroCMS\Aero\src\Aero.Models\Aero.Models.csproj]
C:\Users\bbqch\proj\microbians\AeroCMS\Aero\src\Aero.Models\BaseErrorResponse.cs(16,19): warning CS8618: Non-nullable property 'Field' must contain a non-null value when exiting constructor. Consider adding the 'required' modifier or declaring the property as nullable. [C:\Users\bbqch\proj\microbians\AeroCMS\Aero\src\Aero.Models\Aero.Models.csproj]
C:\Users\bbqch\proj\microbians\AeroCMS\Aero\src\Aero.Models\BaseErrorResponse.cs(21,19): warning CS8618: Non-nullable property 'Message' must contain a non-null value when exiting constructor. Consider adding the 'required' modifier or declaring the property as nullable. [C:\Users\bbqch\proj\microbians\AeroCMS\Aero\src\Aero.Models\Aero.Models.csproj]
C:\Users\bbqch\proj\microbians\AeroCMS\Aero\src\Aero.Models\BaseErrorResponse.cs(24,19): warning CS8618: Non-nullable property 'Details' must contain a non-null value when exiting constructor. Consider adding the 'required' modifier or declaring the property as nullable. [C:\Users\bbqch\proj\microbians\AeroCMS\Aero\src\Aero.Models\Aero.Models.csproj]
C:\Users\bbqch\proj\microbians\AeroCMS\Aero\src\Aero.Models\ViewModels\RegistrationRequestModel.cs(8,19): warning CS8618: Non-nullable property 'Username' must contain a non-null value when exiting constructor. Consider adding the 'required' modifier or declaring the property as nullable. [C:\Users\bbqch\proj\microbians\AeroCMS\Aero\src\Aero.Models\Aero.Models.csproj]
C:\Users\bbqch\proj\microbians\AeroCMS\Aero\src\Aero.Models\ViewModels\RegistrationRequestModel.cs(11,19): warning CS8618: Non-nullable property 'Email' must contain a non-null value when exiting constructor. Consider adding the 'required' modifier or declaring the property as nullable. [C:\Users\bbqch\proj\microbians\AeroCMS\Aero\src\Aero.Models\Aero.Models.csproj]
C:\Users\bbqch\proj\microbians\AeroCMS\Aero\src\Aero.Models\ViewModels\RegistrationRequestModel.cs(14,19): warning CS8618: Non-nullable property 'Firstname' must contain a non-null value when exiting constructor. Consider adding the 'required' modifier or declaring the property as nullable. [C:\Users\bbqch\proj\microbians\AeroCMS\Aero\src\Aero.Models\Aero.Models.csproj]
C:\Users\bbqch\proj\microbians\AeroCMS\Aero\src\Aero.Models\ViewModels\RegistrationRequestModel.cs(17,19): warning CS8618: Non-nullable property 'Lastname' must contain a non-null value when exiting constructor. Consider adding the 'required' modifier or declaring the property as nullable. [C:\Users\bbqch\proj\microbians\AeroCMS\Aero\src\Aero.Models\Aero.Models.csproj]
C:\Users\bbqch\proj\microbians\AeroCMS\Aero\src\Aero.Models\ViewModels\RegistrationRequestModel.cs(20,19): warning CS8618: Non-nullable property 'Password' must contain a non-null value when exiting constructor. Consider adding the 'required' modifier or declaring the property as nullable. [C:\Users\bbqch\proj\microbians\AeroCMS\Aero\src\Aero.Models\Aero.Models.csproj]
C:\Users\bbqch\proj\microbians\AeroCMS\Aero\src\Aero.Models\ViewModels\RegistrationRequestModel.cs(23,19): warning CS8618: Non-nullable property 'ConfirmedPassword' must contain a non-null value when exiting constructor. Consider adding the 'required' modifier or declaring the property as nullable. [C:\Users\bbqch\proj\microbians\AeroCMS\Aero\src\Aero.Models\Aero.Models.csproj]
C:\Users\bbqch\proj\microbians\AeroCMS\Aero\src\Aero.Models\ViewModels\RegistrationRequestModel.cs(31,19): warning CS8618: Non-nullable property 'MobileNumber' must contain a non-null value when exiting constructor. Consider adding the 'required' modifier or declaring the property as nullable. [C:\Users\bbqch\proj\microbians\AeroCMS\Aero\src\Aero.Models\Aero.Models.csproj]
C:\Users\bbqch\proj\microbians\AeroCMS\Aero\src\Aero.Models\ViewModels\RegistrationRequestModel.cs(34,19): warning CS8618: Non-nullable property 'PostalCode' must contain a non-null value when exiting constructor. Consider adding the 'required' modifier or declaring the property as nullable. [C:\Users\bbqch\proj\microbians\AeroCMS\Aero\src\Aero.Models\Aero.Models.csproj]
C:\Users\bbqch\proj\microbians\AeroCMS\Aero\src\Aero.Models\ViewModels\RegistrationRequestModel.cs(37,19): warning CS8618: Non-nullable property 'Country' must contain a non-null value when exiting constructor. Consider adding the 'required' modifier or declaring the property as nullable. [C:\Users\bbqch\proj\microbians\AeroCMS\Aero\src\Aero.Models\Aero.Models.csproj]
C:\Users\bbqch\proj\microbians\AeroCMS\Aero\src\Aero.Models\ViewModels\RegistrationRequestModel.cs(43,19): warning CS8618: Non-nullable property 'Address' must contain a non-null value when exiting constructor. Consider adding the 'required' modifier or declaring the property as nullable. [C:\Users\bbqch\proj\microbians\AeroCMS\Aero\src\Aero.Models\Aero.Models.csproj]
C:\Users\bbqch\proj\microbians\AeroCMS\Aero\src\Aero.Models\UserSettingsModel.cs(7,19): warning CS8618: Non-nullable property 'UserId' must contain a non-null value when exiting constructor. Consider adding the 'required' modifier or declaring the property as nullable. [C:\Users\bbqch\proj\microbians\AeroCMS\Aero\src\Aero.Models\Aero.Models.csproj]
C:\Users\bbqch\proj\microbians\AeroCMS\Aero\src\Aero.Models\UserSettingsModel.cs(8,19): warning CS8618: Non-nullable property 'Stuff' must contain a non-null value when exiting constructor. Consider adding the 'required' modifier or declaring the property as nullable. [C:\Users\bbqch\proj\microbians\AeroCMS\Aero\src\Aero.Models\Aero.Models.csproj]
C:\Users\bbqch\proj\microbians\AeroCMS\Aero\src\Aero.Models\UserProfileUpdateRequest.cs(9,19): warning CS8618: Non-nullable property 'Name' must contain a non-null value when exiting constructor. Consider adding the 'required' modifier or declaring the property as nullable. [C:\Users\bbqch\proj\microbians\AeroCMS\Aero\src\Aero.Models\Aero.Models.csproj]
C:\Users\bbqch\proj\microbians\AeroCMS\Aero\src\Aero.Models\UserProfileUpdateRequest.cs(12,19): warning CS8618: Non-nullable property 'Website' must contain a non-null value when exiting constructor. Consider adding the 'required' modifier or declaring the property as nullable. [C:\Users\bbqch\proj\microbians\AeroCMS\Aero\src\Aero.Models\Aero.Models.csproj]
C:\Users\bbqch\proj\microbians\AeroCMS\Aero\src\Aero.Models\UserProfileUpdateRequest.cs(24,19): warning CS8618: Non-nullable property 'Tagline' must contain a non-null value when exiting constructor. Consider adding the 'required' modifier or declaring the property as nullable. [C:\Users\bbqch\proj\microbians\AeroCMS\Aero\src\Aero.Models\Aero.Models.csproj]
C:\Users\bbqch\proj\microbians\AeroCMS\Aero\src\Aero.Models\UserProfileUpdateRequest.cs(27,19): warning CS8618: Non-nullable property 'Location' must contain a non-null value when exiting constructor. Consider adding the 'required' modifier or declaring the property as nullable. [C:\Users\bbqch\proj\microbians\AeroCMS\Aero\src\Aero.Models\Aero.Models.csproj]
C:\Users\bbqch\proj\microbians\AeroCMS\Aero\src\Aero.Models\UserProfileUpdateRequest.cs(30,19): warning CS8618: Non-nullable property 'Bio' must contain a non-null value when exiting constructor. Consider adding the 'required' modifier or declaring the property as nullable. [C:\Users\bbqch\proj\microbians\AeroCMS\Aero\src\Aero.Models\Aero.Models.csproj]
C:\Users\bbqch\proj\microbians\AeroCMS\Aero\src\Aero.Models\BaseResponse.cs(20,19): warning CS8618: Non-nullable property 'Message' must contain a non-null value when exiting constructor. Consider adding the 'required' modifier or declaring the property as nullable. [C:\Users\bbqch\proj\microbians\AeroCMS\Aero\src\Aero.Models\Aero.Models.csproj]
C:\Users\bbqch\proj\microbians\AeroCMS\Aero\src\Aero.Models\BaseResponse.cs(26,14): warning CS8618: Non-nullable property 'Data' must contain a non-null value when exiting constructor. Consider adding the 'required' modifier or declaring the property as nullable. [C:\Users\bbqch\proj\microbians\AeroCMS\Aero\src\Aero.Models\Aero.Models.csproj]
C:\Users\bbqch\proj\microbians\AeroCMS\Aero\src\Aero.Models\ContactUsModel.cs(5,19): warning CS8618: Non-nullable property 'Email' must contain a non-null value when exiting constructor. Consider adding the 'required' modifier or declaring the property as nullable. [C:\Users\bbqch\proj\microbians\AeroCMS\Aero\src\Aero.Models\Aero.Models.csproj]
C:\Users\bbqch\proj\microbians\AeroCMS\Aero\src\Aero.Models\ContactUsModel.cs(6,19): warning CS8618: Non-nullable property 'Name' must contain a non-null value when exiting constructor. Consider adding the 'required' modifier or declaring the property as nullable. [C:\Users\bbqch\proj\microbians\AeroCMS\Aero\src\Aero.Models\Aero.Models.csproj]
C:\Users\bbqch\proj\microbians\AeroCMS\Aero\src\Aero.Models\ContactUsModel.cs(7,19): warning CS8618: Non-nullable property 'Message' must contain a non-null value when exiting constructor. Consider adding the 'required' modifier or declaring the property as nullable. [C:\Users\bbqch\proj\microbians\AeroCMS\Aero\src\Aero.Models\Aero.Models.csproj]
C:\Users\bbqch\proj\microbians\AeroCMS\Aero\src\Aero.Models\Entities\UserPasskeys.cs(10,19): warning CS8618: Non-nullable property 'CredentialId' must contain a non-null value when exiting constructor. Consider adding the 'required' modifier or declaring the property as nullable. [C:\Users\bbqch\proj\microbians\AeroCMS\Aero\src\Aero.Models\Aero.Models.csproj]
C:\Users\bbqch\proj\microbians\AeroCMS\Aero\src\Aero.Models\Entities\UserPasskeys.cs(11,19): warning CS8618: Non-nullable property 'PublicKey' must contain a non-null value when exiting constructor. Consider adding the 'required' modifier or declaring the property as nullable. [C:\Users\bbqch\proj\microbians\AeroCMS\Aero\src\Aero.Models\Aero.Models.csproj]
C:\Users\bbqch\proj\microbians\AeroCMS\Aero\src\Aero.Models\Entities\AeroUser.cs(69,15): warning CS8618: Non-nullable property 'FirstName' must contain a non-null value when exiting constructor. Consider adding the 'required' modifier or declaring the property as nullable. [C:\Users\bbqch\proj\microbians\AeroCMS\Aero\src\Aero.Models\Aero.Models.csproj]
C:\Users\bbqch\proj\microbians\AeroCMS\Aero\src\Aero.Models\Entities\AeroUser.cs(69,15): warning CS8618: Non-nullable property 'MiddleName' must contain a non-null value when exiting constructor. Consider adding the 'required' modifier or declaring the property as nullable. [C:\Users\bbqch\proj\microbians\AeroCMS\Aero\src\Aero.Models\Aero.Models.csproj]
C:\Users\bbqch\proj\microbians\AeroCMS\Aero\src\Aero.Models\Entities\AeroUser.cs(69,15): warning CS8618: Non-nullable property 'LastName' must contain a non-null value when exiting constructor. Consider adding the 'required' modifier or declaring the property as nullable. [C:\Users\bbqch\proj\microbians\AeroCMS\Aero\src\Aero.Models\Aero.Models.csproj]
C:\Users\bbqch\proj\microbians\AeroCMS\Aero\src\Aero.Models\Entities\AeroUser.cs(69,15): warning CS8618: Non-nullable property 'CreatedBy' must contain a non-null value when exiting constructor. Consider adding the 'required' modifier or declaring the property as nullable. [C:\Users\bbqch\proj\microbians\AeroCMS\Aero\src\Aero.Models\Aero.Models.csproj]
C:\Users\bbqch\proj\microbians\AeroCMS\Aero\src\Aero.Models\Entities\AeroUser.cs(69,15): warning CS8618: Non-nullable property 'ProfilePictureDataUrl' must contain a non-null value when exiting constructor. Consider adding the 'required' modifier or declaring the property as nullable. [C:\Users\bbqch\proj\microbians\AeroCMS\Aero\src\Aero.Models\Aero.Models.csproj]
C:\Users\bbqch\proj\microbians\AeroCMS\Aero\src\Aero.Models\Entities\AeroUser.cs(69,15): warning CS8618: Non-nullable property 'ModifiedBy' must contain a non-null value when exiting constructor. Consider adding the 'required' modifier or declaring the property as nullable. [C:\Users\bbqch\proj\microbians\AeroCMS\Aero\src\Aero.Models\Aero.Models.csproj]
C:\Users\bbqch\proj\microbians\AeroCMS\Aero\src\Aero.Models\Entities\AeroUser.cs(69,15): warning CS8618: Non-nullable property 'RefreshToken' must contain a non-null value when exiting constructor. Consider adding the 'required' modifier or declaring the property as nullable. [C:\Users\bbqch\proj\microbians\AeroCMS\Aero\src\Aero.Models\Aero.Models.csproj]
C:\Users\bbqch\proj\microbians\AeroCMS\Aero\src\Aero.Models\Entities\AeroUser.cs(69,15): warning CS8618: Non-nullable property 'UserHandle' must contain a non-null value when exiting constructor. Consider adding the 'required' modifier or declaring the property as nullable. [C:\Users\bbqch\proj\microbians\AeroCMS\Aero\src\Aero.Models\Aero.Models.csproj]
C:\Users\bbqch\proj\microbians\AeroCMS\Aero\src\Aero.Models\Entities\AeroUser.cs(69,15): warning CS8618: Non-nullable property 'UserProfileId' must contain a non-null value when exiting constructor. Consider adding the 'required' modifier or declaring the property as nullable. [C:\Users\bbqch\proj\microbians\AeroCMS\Aero\src\Aero.Models\Aero.Models.csproj]
C:\Users\bbqch\proj\microbians\AeroCMS\Aero\src\Aero.Models\Entities\AeroUserProfile.cs(13,12): warning CS8618: Non-nullable property 'Username' must contain a non-null value when exiting constructor. Consider adding the 'required' modifier or declaring the property as nullable. [C:\Users\bbqch\proj\microbians\AeroCMS\Aero\src\Aero.Models\Aero.Models.csproj]
C:\Users\bbqch\proj\microbians\AeroCMS\Aero\src\Aero.Models\Entities\AeroUserProfile.cs(13,12): warning CS8618: Non-nullable property 'Headline' must contain a non-null value when exiting constructor. Consider adding the 'required' modifier or declaring the property as nullable. [C:\Users\bbqch\proj\microbians\AeroCMS\Aero\src\Aero.Models\Aero.Models.csproj]
C:\Users\bbqch\proj\microbians\AeroCMS\Aero\src\Aero.Models\Entities\AeroUserProfile.cs(13,12): warning CS8618: Non-nullable property 'Location' must contain a non-null value when exiting constructor. Consider adding the 'required' modifier or declaring the property as nullable. [C:\Users\bbqch\proj\microbians\AeroCMS\Aero\src\Aero.Models\Aero.Models.csproj]
C:\Users\bbqch\proj\microbians\AeroCMS\Aero\src\Aero.Models\RefreshTokenModel.cs(6,19): warning CS8618: Non-nullable property 'Id' must contain a non-null value when exiting constructor. Consider adding the 'required' modifier or declaring the property as nullable. [C:\Users\bbqch\proj\microbians\AeroCMS\Aero\src\Aero.Models\Aero.Models.csproj]
C:\Users\bbqch\proj\microbians\AeroCMS\Aero\src\Aero.Models\RefreshTokenModel.cs(9,19): warning CS8618: Non-nullable property 'RefreshToken' must contain a non-null value when exiting constructor. Consider adding the 'required' modifier or declaring the property as nullable. [C:\Users\bbqch\proj\microbians\AeroCMS\Aero\src\Aero.Models\Aero.Models.csproj]
C:\Users\bbqch\proj\microbians\AeroCMS\Aero\src\Aero.Models\RefreshTokenRequest.cs(6,19): warning CS8618: Non-nullable property 'AccessToken' must contain a non-null value when exiting constructor. Consider adding the 'required' modifier or declaring the property as nullable. [C:\Users\bbqch\proj\microbians\AeroCMS\Aero\src\Aero.Models\Aero.Models.csproj]
C:\Users\bbqch\proj\microbians\AeroCMS\Aero\src\Aero.Models\RefreshTokenRequest.cs(9,19): warning CS8618: Non-nullable property 'RefreshToken' must contain a non-null value when exiting constructor. Consider adding the 'required' modifier or declaring the property as nullable. [C:\Users\bbqch\proj\microbians\AeroCMS\Aero\src\Aero.Models\Aero.Models.csproj]
C:\Users\bbqch\proj\microbians\AeroCMS\Aero\src\Aero.Models\Entities\ApiAccountModel.cs(11,19): warning CS8618: Non-nullable property 'Email' must contain a non-null value when exiting constructor. Consider adding the 'required' modifier or declaring the property as nullable. [C:\Users\bbqch\proj\microbians\AeroCMS\Aero\src\Aero.Models\Aero.Models.csproj]
C:\Users\bbqch\proj\microbians\AeroCMS\Aero\src\Aero.Models\Entities\ApiAccountModel.cs(14,19): warning CS8618: Non-nullable property 'RefreshToken' must contain a non-null value when exiting constructor. Consider adding the 'required' modifier or declaring the property as nullable. [C:\Users\bbqch\proj\microbians\AeroCMS\Aero\src\Aero.Models\Aero.Models.csproj]
C:\Users\bbqch\proj\microbians\AeroCMS\Aero\src\Aero.Models\Entities\AddressModel.cs(10,19): warning CS8618: Non-nullable property 'UserId' must contain a non-null value when exiting constructor. Consider adding the 'required' modifier or declaring the property as nullable. [C:\Users\bbqch\proj\microbians\AeroCMS\Aero\src\Aero.Models\Aero.Models.csproj]
C:\Users\bbqch\proj\microbians\AeroCMS\Aero\src\Aero.Models\Entities\AddressModel.cs(13,19): warning CS8618: Non-nullable property 'AddressLine1' must contain a non-null value when exiting constructor. Consider adding the 'required' modifier or declaring the property as nullable. [C:\Users\bbqch\proj\microbians\AeroCMS\Aero\src\Aero.Models\Aero.Models.csproj]
C:\Users\bbqch\proj\microbians\AeroCMS\Aero\src\Aero.Models\Entities\AddressModel.cs(16,19): warning CS8618: Non-nullable property 'AddressLine2' must contain a non-null value when exiting constructor. Consider adding the 'required' modifier or declaring the property as nullable. [C:\Users\bbqch\proj\microbians\AeroCMS\Aero\src\Aero.Models\Aero.Models.csproj]
C:\Users\bbqch\proj\microbians\AeroCMS\Aero\src\Aero.Models\Entities\AddressModel.cs(19,19): warning CS8618: Non-nullable property 'AddressLine3' must contain a non-null value when exiting constructor. Consider adding the 'required' modifier or declaring the property as nullable. [C:\Users\bbqch\proj\microbians\AeroCMS\Aero\src\Aero.Models\Aero.Models.csproj]
C:\Users\bbqch\proj\microbians\AeroCMS\Aero\src\Aero.Models\Entities\AddressModel.cs(22,19): warning CS8618: Non-nullable property 'City' must contain a non-null value when exiting constructor. Consider adding the 'required' modifier or declaring the property as nullable. [C:\Users\bbqch\proj\microbians\AeroCMS\Aero\src\Aero.Models\Aero.Models.csproj]
C:\Users\bbqch\proj\microbians\AeroCMS\Aero\src\Aero.Models\Entities\AddressModel.cs(24,19): warning CS8618: Non-nullable property 'State' must contain a non-null value when exiting constructor. Consider adding the 'required' modifier or declaring the property as nullable. [C:\Users\bbqch\proj\microbians\AeroCMS\Aero\src\Aero.Models\Aero.Models.csproj]
C:\Users\bbqch\proj\microbians\AeroCMS\Aero\src\Aero.Models\Entities\AddressModel.cs(25,19): warning CS8618: Non-nullable property 'StateCode' must contain a non-null value when exiting constructor. Consider adding the 'required' modifier or declaring the property as nullable. [C:\Users\bbqch\proj\microbians\AeroCMS\Aero\src\Aero.Models\Aero.Models.csproj]
C:\Users\bbqch\proj\microbians\AeroCMS\Aero\src\Aero.Models\Entities\AddressModel.cs(27,19): warning CS8618: Non-nullable property 'Country' must contain a non-null value when exiting constructor. Consider adding the 'required' modifier or declaring the property as nullable. [C:\Users\bbqch\proj\microbians\AeroCMS\Aero\src\Aero.Models\Aero.Models.csproj]
C:\Users\bbqch\proj\microbians\AeroCMS\Aero\src\Aero.Models\Entities\AddressModel.cs(29,19): warning CS8618: Non-nullable property 'CountryCode' must contain a non-null value when exiting constructor. Consider adding the 'required' modifier or declaring the property as nullable. [C:\Users\bbqch\proj\microbians\AeroCMS\Aero\src\Aero.Models\Aero.Models.csproj]
C:\Users\bbqch\proj\microbians\AeroCMS\Aero\src\Aero.Models\Entities\AddressModel.cs(31,19): warning CS8618: Non-nullable property 'PostalCode' must contain a non-null value when exiting constructor. Consider adding the 'required' modifier or declaring the property as nullable. [C:\Users\bbqch\proj\microbians\AeroCMS\Aero\src\Aero.Models\Aero.Models.csproj]
C:\Users\bbqch\proj\microbians\AeroCMS\Aero\src\Aero.Models\Entities\CityModel.cs(10,19): warning CS8618: Non-nullable property 'FIPS' must contain a non-null value when exiting constructor. Consider adding the 'required' modifier or declaring the property as nullable. [C:\Users\bbqch\proj\microbians\AeroCMS\Aero\src\Aero.Models\Aero.Models.csproj]
C:\Users\bbqch\proj\microbians\AeroCMS\Aero\src\Aero.Models\Entities\CityModel.cs(13,19): warning CS8618: Non-nullable property 'ISO' must contain a non-null value when exiting constructor. Consider adding the 'required' modifier or declaring the property as nullable. [C:\Users\bbqch\proj\microbians\AeroCMS\Aero\src\Aero.Models\Aero.Models.csproj]
C:\Users\bbqch\proj\microbians\AeroCMS\Aero\src\Aero.Models\Entities\CityModel.cs(16,19): warning CS8618: Non-nullable property 'Name' must contain a non-null value when exiting constructor. Consider adding the 'required' modifier or declaring the property as nullable. [C:\Users\bbqch\proj\microbians\AeroCMS\Aero\src\Aero.Models\Aero.Models.csproj]
C:\Users\bbqch\proj\microbians\AeroCMS\Aero\src\Aero.Models\Entities\CountryModel.cs(10,19): warning CS8618: Non-nullable property 'FIPS' must contain a non-null value when exiting constructor. Consider adding the 'required' modifier or declaring the property as nullable. [C:\Users\bbqch\proj\microbians\AeroCMS\Aero\src\Aero.Models\Aero.Models.csproj]
C:\Users\bbqch\proj\microbians\AeroCMS\Aero\src\Aero.Models\Entities\CountryModel.cs(13,19): warning CS8618: Non-nullable property 'ISO' must contain a non-null value when exiting constructor. Consider adding the 'required' modifier or declaring the property as nullable. [C:\Users\bbqch\proj\microbians\AeroCMS\Aero\src\Aero.Models\Aero.Models.csproj]
C:\Users\bbqch\proj\microbians\AeroCMS\Aero\src\Aero.Models\Entities\CountryModel.cs(16,19): warning CS8618: Non-nullable property 'TLD' must contain a non-null value when exiting constructor. Consider adding the 'required' modifier or declaring the property as nullable. [C:\Users\bbqch\proj\microbians\AeroCMS\Aero\src\Aero.Models\Aero.Models.csproj]
C:\Users\bbqch\proj\microbians\AeroCMS\Aero\src\Aero.Models\Entities\CountryModel.cs(19,19): warning CS8618: Non-nullable property 'Name' must contain a non-null value when exiting constructor. Consider adding the 'required' modifier or declaring the property as nullable. [C:\Users\bbqch\proj\microbians\AeroCMS\Aero\src\Aero.Models\Aero.Models.csproj]
  Aero.Actors -> C:\Users\bbqch\proj\microbians\AeroCMS\Aero\src\Aero.Actors\bin\Debug\net10.0\Aero.Actors.dll
  Aero.Models -> C:\Users\bbqch\proj\microbians\AeroCMS\Aero\src\Aero.Models\bin\Debug\net10.0\Aero.Models.dll
C:\Users\bbqch\proj\microbians\AeroCMS\Aero\src\Aero.Validators\Extensions\NotNullOrEmpty.cs(13,28): warning CS8618: Non-nullable property 'Name' must contain a non-null value when exiting constructor. Consider adding the 'required' modifier or declaring the property as nullable. [C:\Users\bbqch\proj\microbians\AeroCMS\Aero\src\Aero.Validators\Aero.Validators.csproj]
C:\Users\bbqch\proj\microbians\AeroCMS\Aero\src\Aero.Validators\Extensions\NotEmptyGuid.cs(21,28): warning CS8618: Non-nullable property 'Name' must contain a non-null value when exiting constructor. Consider adding the 'required' modifier or declaring the property as nullable. [C:\Users\bbqch\proj\microbians\AeroCMS\Aero\src\Aero.Validators\Aero.Validators.csproj]
  Aero.Validators -> C:\Users\bbqch\proj\microbians\AeroCMS\Aero\src\Aero.Validators\bin\Debug\net10.0\Aero.Validators.dll
C:\Users\bbqch\proj\microbians\AeroCMS\Aero\src\Aero.Caching\Decorators\CachingRepository.cs(27,54): warning CS8625: Cannot convert null literal to non-nullable reference type. [C:\Users\bbqch\proj\microbians\AeroCMS\Aero\src\Aero.Caching\Aero.Caching.csproj]
C:\Users\bbqch\proj\microbians\AeroCMS\Aero\src\Aero.Caching\Decorators\CachingRepository.cs(28,54): warning CS8625: Cannot convert null literal to non-nullable reference type. [C:\Users\bbqch\proj\microbians\AeroCMS\Aero\src\Aero.Caching\Aero.Caching.csproj]
C:\Users\bbqch\proj\microbians\AeroCMS\Aero\src\Aero.Caching\Decorators\CachingRepository.cs(29,54): warning CS8625: Cannot convert null literal to non-nullable reference type. [C:\Users\bbqch\proj\microbians\AeroCMS\Aero\src\Aero.Caching\Aero.Caching.csproj]
C:\Users\bbqch\proj\microbians\AeroCMS\Aero\src\Aero.Caching\Decorators\CachingRepository.cs(34,65): warning CS8625: Cannot convert null literal to non-nullable reference type. [C:\Users\bbqch\proj\microbians\AeroCMS\Aero\src\Aero.Caching\Aero.Caching.csproj]
C:\Users\bbqch\proj\microbians\AeroCMS\Aero\src\Aero.Caching\Decorators\CachingRepository.cs(35,65): warning CS8625: Cannot convert null literal to non-nullable reference type. [C:\Users\bbqch\proj\microbians\AeroCMS\Aero\src\Aero.Caching\Aero.Caching.csproj]
C:\Users\bbqch\proj\microbians\AeroCMS\Aero\src\Aero.Caching\Decorators\CachingRepository.cs(36,65): warning CS8625: Cannot convert null literal to non-nullable reference type. [C:\Users\bbqch\proj\microbians\AeroCMS\Aero\src\Aero.Caching\Aero.Caching.csproj]
C:\Users\bbqch\proj\microbians\AeroCMS\Aero\src\Aero.Caching\Extensions\FusionCacheExtensions.cs(77,29): warning CS8625: Cannot convert null literal to non-nullable reference type. [C:\Users\bbqch\proj\microbians\AeroCMS\Aero\src\Aero.Caching\Aero.Caching.csproj]
C:\Users\bbqch\proj\microbians\AeroCMS\Aero\src\Aero.Caching\Extensions\FusionCacheExtensions.cs(125,113): warning CS8625: Cannot convert null literal to non-nullable reference type. [C:\Users\bbqch\proj\microbians\AeroCMS\Aero\src\Aero.Caching\Aero.Caching.csproj]
C:\Users\bbqch\proj\microbians\AeroCMS\Aero\src\Aero.Caching\Extensions\FusionCacheExtensions.cs(129,29): warning CS8625: Cannot convert null literal to non-nullable reference type. [C:\Users\bbqch\proj\microbians\AeroCMS\Aero\src\Aero.Caching\Aero.Caching.csproj]
C:\Users\bbqch\proj\microbians\AeroCMS\Aero\src\Aero.Caching\Decorators\CachingRepository.cs(216,61): warning CS8625: Cannot convert null literal to non-nullable reference type. [C:\Users\bbqch\proj\microbians\AeroCMS\Aero\src\Aero.Caching\Aero.Caching.csproj]
C:\Users\bbqch\proj\microbians\AeroCMS\Aero\src\Aero.Caching\Decorators\CachingRepository.cs(219,61): warning CS8625: Cannot convert null literal to non-nullable reference type. [C:\Users\bbqch\proj\microbians\AeroCMS\Aero\src\Aero.Caching\Aero.Caching.csproj]
C:\Users\bbqch\proj\microbians\AeroCMS\Aero\src\Aero.Caching\Decorators\CachingRepository.cs(222,61): warning CS8625: Cannot convert null literal to non-nullable reference type. [C:\Users\bbqch\proj\microbians\AeroCMS\Aero\src\Aero.Caching\Aero.Caching.csproj]
C:\Users\bbqch\proj\microbians\AeroCMS\Aero\src\Aero.Caching\Decorators\CachingRepository.cs(263,78): warning CS8625: Cannot convert null literal to non-nullable reference type. [C:\Users\bbqch\proj\microbians\AeroCMS\Aero\src\Aero.Caching\Aero.Caching.csproj]
C:\Users\bbqch\proj\microbians\AeroCMS\Aero\src\Aero.Caching\Decorators\CachingRepository.cs(266,78): warning CS8625: Cannot convert null literal to non-nullable reference type. [C:\Users\bbqch\proj\microbians\AeroCMS\Aero\src\Aero.Caching\Aero.Caching.csproj]
C:\Users\bbqch\proj\microbians\AeroCMS\Aero\src\Aero.Caching\Decorators\CachingRepository.cs(270,78): warning CS8625: Cannot convert null literal to non-nullable reference type. [C:\Users\bbqch\proj\microbians\AeroCMS\Aero\src\Aero.Caching\Aero.Caching.csproj]
C:\Users\bbqch\proj\microbians\AeroCMS\Aero\src\Aero.Caching\CacheServiceBase.cs(7,66): warning CS9113: Parameter 'log' is unread. [C:\Users\bbqch\proj\microbians\AeroCMS\Aero\src\Aero.Caching\Aero.Caching.csproj]
C:\Users\bbqch\proj\microbians\AeroCMS\Aero\src\Aero.Caching\FusionCacheClient.cs(10,24): warning CS9107: Parameter 'ILogger<CacheServiceBase> log' is captured into the state of the enclosing type and its value is also passed to the base constructor. The value might be captured by the base class as well. [C:\Users\bbqch\proj\microbians\AeroCMS\Aero\src\Aero.Caching\Aero.Caching.csproj]
C:\Users\bbqch\proj\microbians\AeroCMS\Aero\src\Aero.Caching\CacheEntry.cs(5,19): warning CS8618: Non-nullable property 'Key' must contain a non-null value when exiting constructor. Consider adding the 'required' modifier or declaring the property as nullable. [C:\Users\bbqch\proj\microbians\AeroCMS\Aero\src\Aero.Caching\Aero.Caching.csproj]
C:\Users\bbqch\proj\microbians\AeroCMS\Aero\src\Aero.Caching\CacheEntry.cs(6,14): warning CS8618: Non-nullable property 'Value' must contain a non-null value when exiting constructor. Consider adding the 'required' modifier or declaring the property as nullable. [C:\Users\bbqch\proj\microbians\AeroCMS\Aero\src\Aero.Caching\Aero.Caching.csproj]
C:\Users\bbqch\proj\microbians\AeroCMS\Aero\src\Aero.Caching\Decorators\CachingRepository.cs(13,19): warning CS8618: Non-nullable property 'Key' must contain a non-null value when exiting constructor. Consider adding the 'required' modifier or declaring the property as nullable. [C:\Users\bbqch\proj\microbians\AeroCMS\Aero\src\Aero.Caching\Aero.Caching.csproj]
C:\Users\bbqch\proj\microbians\AeroCMS\Aero\src\Aero.Caching\Decorators\CachingRepository.cs(14,14): warning CS8618: Non-nullable property 'Value' must contain a non-null value when exiting constructor. Consider adding the 'required' modifier or declaring the property as nullable. [C:\Users\bbqch\proj\microbians\AeroCMS\Aero\src\Aero.Caching\Aero.Caching.csproj]
C:\Users\bbqch\proj\microbians\AeroCMS\Aero\src\Aero.Caching\Extensions\FusionCacheExtensions.cs(73,16): warning CS8603: Possible null reference return. [C:\Users\bbqch\proj\microbians\AeroCMS\Aero\src\Aero.Caching\Aero.Caching.csproj]
C:\Users\bbqch\proj\microbians\AeroCMS\Aero\src\Aero.Caching\Decorators\CachingRepository.cs(102,59): warning CS8603: Possible null reference return. [C:\Users\bbqch\proj\microbians\AeroCMS\Aero\src\Aero.Caching\Aero.Caching.csproj]
C:\Users\bbqch\proj\microbians\AeroCMS\Aero\src\Aero.Caching\Decorators\CachingRepository.cs(120,9): warning CS0162: Unreachable code detected [C:\Users\bbqch\proj\microbians\AeroCMS\Aero\src\Aero.Caching\Aero.Caching.csproj]
C:\Users\bbqch\proj\microbians\AeroCMS\Aero\src\Aero.Caching\FusionCacheClient.cs(74,16): warning CS8629: Nullable value type may be null. [C:\Users\bbqch\proj\microbians\AeroCMS\Aero\src\Aero.Caching\Aero.Caching.csproj]
C:\Users\bbqch\proj\microbians\AeroCMS\Aero\src\Aero.Caching\Extensions\FusionCacheExtensions.cs(100,13): warning CS8603: Possible null reference return. [C:\Users\bbqch\proj\microbians\AeroCMS\Aero\src\Aero.Caching\Aero.Caching.csproj]
C:\Users\bbqch\proj\microbians\AeroCMS\Aero\src\Aero.Caching\Extensions\FusionCacheExtensions.cs(106,13): warning CS8603: Possible null reference return. [C:\Users\bbqch\proj\microbians\AeroCMS\Aero\src\Aero.Caching\Aero.Caching.csproj]
C:\Users\bbqch\proj\microbians\AeroCMS\Aero\src\Aero.Caching\Extensions\FusionCacheExtensions.cs(121,17): warning CS8601: Possible null reference assignment. [C:\Users\bbqch\proj\microbians\AeroCMS\Aero\src\Aero.Caching\Aero.Caching.csproj]
C:\Users\bbqch\proj\microbians\AeroCMS\Aero\src\Aero.Caching\Decorators\CachingRepository.cs(166,30): warning CS8604: Possible null reference argument for parameter 'key' in 'Task ICacheService.SetAsync<T>(string key, T value, TimeSpan? absoluteExpiration = null)'. [C:\Users\bbqch\proj\microbians\AeroCMS\Aero\src\Aero.Caching\Aero.Caching.csproj]
C:\Users\bbqch\proj\microbians\AeroCMS\Aero\src\Aero.Caching\Decorators\CachingRepository.cs(175,30): warning CS8604: Possible null reference argument for parameter 'key' in 'Task ICacheService.SetAsync<T>(string key, T value, TimeSpan? absoluteExpiration = null)'. [C:\Users\bbqch\proj\microbians\AeroCMS\Aero\src\Aero.Caching\Aero.Caching.csproj]
C:\Users\bbqch\proj\microbians\AeroCMS\Aero\src\Aero.Caching\Decorators\CachingRepository.cs(187,30): warning CS8604: Possible null reference argument for parameter 'key' in 'Task ICacheService.SetAsync<T>(string key, T value, TimeSpan? absoluteExpiration = null)'. [C:\Users\bbqch\proj\microbians\AeroCMS\Aero\src\Aero.Caching\Aero.Caching.csproj]
C:\Users\bbqch\proj\microbians\AeroCMS\Aero\src\Aero.Caching\Decorators\CachingRepository.cs(203,33): warning CS8604: Possible null reference argument for parameter 'key' in 'Task ICacheService.DeleteAsync(string key)'. [C:\Users\bbqch\proj\microbians\AeroCMS\Aero\src\Aero.Caching\Aero.Caching.csproj]
C:\Users\bbqch\proj\microbians\AeroCMS\Aero\src\Aero.Caching\Decorators\CachingRepository.cs(236,16): warning CS8603: Possible null reference return. [C:\Users\bbqch\proj\microbians\AeroCMS\Aero\src\Aero.Caching\Aero.Caching.csproj]
C:\Users\bbqch\proj\microbians\AeroCMS\Aero\src\Aero.Caching\Decorators\CachingRepository.cs(248,16): warning CS8603: Possible null reference return. [C:\Users\bbqch\proj\microbians\AeroCMS\Aero\src\Aero.Caching\Aero.Caching.csproj]
C:\Users\bbqch\proj\microbians\AeroCMS\Aero\src\Aero.Caching\Decorators\CachingRepository.cs(260,16): warning CS8603: Possible null reference return. [C:\Users\bbqch\proj\microbians\AeroCMS\Aero\src\Aero.Caching\Aero.Caching.csproj]
C:\Users\bbqch\proj\microbians\AeroCMS\Aero\src\Aero.Caching\Decorators\CachingRepository.cs(264,58): warning CS8601: Possible null reference assignment. [C:\Users\bbqch\proj\microbians\AeroCMS\Aero\src\Aero.Caching\Aero.Caching.csproj]
C:\Users\bbqch\proj\microbians\AeroCMS\Aero\src\Aero.Caching\Decorators\CachingRepository.cs(267,58): warning CS8601: Possible null reference assignment. [C:\Users\bbqch\proj\microbians\AeroCMS\Aero\src\Aero.Caching\Aero.Caching.csproj]
C:\Users\bbqch\proj\microbians\AeroCMS\Aero\src\Aero.Caching\Decorators\CachingRepository.cs(271,58): warning CS8601: Possible null reference assignment. [C:\Users\bbqch\proj\microbians\AeroCMS\Aero\src\Aero.Caching\Aero.Caching.csproj]
C:\Users\bbqch\proj\microbians\AeroCMS\Aero\src\Aero.Social\Social\Providers\LinkedInPageProvider.cs(664,19): warning CS0108: 'LinkedInPageProvider.LinkedInTokenResponse' hides inherited member 'LinkedInProvider.LinkedInTokenResponse'. Use the new keyword if hiding was intended. [C:\Users\bbqch\proj\microbians\AeroCMS\Aero\src\Aero.Social\Aero.Social.csproj]
C:\Users\bbqch\proj\microbians\AeroCMS\Aero\src\Aero.Social\Social\Providers\LinkedInPageProvider.cs(679,19): warning CS0108: 'LinkedInPageProvider.LinkedInUploadResponse' hides inherited member 'LinkedInProvider.LinkedInUploadResponse'. Use the new keyword if hiding was intended. [C:\Users\bbqch\proj\microbians\AeroCMS\Aero\src\Aero.Social\Aero.Social.csproj]
C:\Users\bbqch\proj\microbians\AeroCMS\Aero\src\Aero.Social\Social\Providers\LinkedInPageProvider.cs(685,19): warning CS0108: 'LinkedInPageProvider.LinkedInUploadValue' hides inherited member 'LinkedInProvider.LinkedInUploadValue'. Use the new keyword if hiding was intended. [C:\Users\bbqch\proj\microbians\AeroCMS\Aero\src\Aero.Social\Aero.Social.csproj]
C:\Users\bbqch\proj\microbians\AeroCMS\Aero\src\Aero.Social\Social\Providers\LinkedInPageProvider.cs(694,19): warning CS0108: 'LinkedInPageProvider.LinkedInCommentResponse' hides inherited member 'LinkedInProvider.LinkedInCommentResponse'. Use the new keyword if hiding was intended. [C:\Users\bbqch\proj\microbians\AeroCMS\Aero\src\Aero.Social\Aero.Social.csproj]
C:\Users\bbqch\proj\microbians\AeroCMS\Aero\src\Aero.Social\Social\Providers\FarcasterProvider.cs(52,18): warning CS8601: Possible null reference assignment. [C:\Users\bbqch\proj\microbians\AeroCMS\Aero\src\Aero.Social\Aero.Social.csproj]
C:\Users\bbqch\proj\microbians\AeroCMS\Aero\src\Aero.Social\Social\Providers\DevToProvider.cs(79,22): warning CS8602: Dereference of a possibly null reference. [C:\Users\bbqch\proj\microbians\AeroCMS\Aero\src\Aero.Social\Aero.Social.csproj]
C:\Users\bbqch\proj\microbians\AeroCMS\Aero\src\Aero.Social\Social\Providers\DribbbleProvider.cs(66,29): warning CS8602: Dereference of a possibly null reference. [C:\Users\bbqch\proj\microbians\AeroCMS\Aero\src\Aero.Social\Aero.Social.csproj]
C:\Users\bbqch\proj\microbians\AeroCMS\Aero\src\Aero.Social\Social\Providers\GmbProvider.cs(102,47): warning CS8602: Dereference of a possibly null reference. [C:\Users\bbqch\proj\microbians\AeroCMS\Aero\src\Aero.Social\Aero.Social.csproj]
C:\Users\bbqch\proj\microbians\AeroCMS\Aero\src\Aero.Social\Social\Providers\DiscordProvider.cs(94,61): warning CS8602: Dereference of a possibly null reference. [C:\Users\bbqch\proj\microbians\AeroCMS\Aero\src\Aero.Social\Aero.Social.csproj]
C:\Users\bbqch\proj\microbians\AeroCMS\Aero\src\Aero.Social\Social\Providers\FacebookProvider.cs(145,18): warning CS8602: Dereference of a possibly null reference. [C:\Users\bbqch\proj\microbians\AeroCMS\Aero\src\Aero.Social\Aero.Social.csproj]
C:\Users\bbqch\proj\microbians\AeroCMS\Aero\src\Aero.Social\Social\Providers\LinkedInPageProvider.cs(87,29): warning CS8602: Dereference of a possibly null reference. [C:\Users\bbqch\proj\microbians\AeroCMS\Aero\src\Aero.Social\Aero.Social.csproj]
C:\Users\bbqch\proj\microbians\AeroCMS\Aero\src\Aero.Social\Social\Providers\GmbProvider.cs(135,47): warning CS8602: Dereference of a possibly null reference. [C:\Users\bbqch\proj\microbians\AeroCMS\Aero\src\Aero.Social\Aero.Social.csproj]
C:\Users\bbqch\proj\microbians\AeroCMS\Aero\src\Aero.Social\Social\Providers\LinkedInProvider.cs(96,29): warning CS8602: Dereference of a possibly null reference. [C:\Users\bbqch\proj\microbians\AeroCMS\Aero\src\Aero.Social\Aero.Social.csproj]
C:\Users\bbqch\proj\microbians\AeroCMS\Aero\src\Aero.Social\Social\Providers\MediumProvider.cs(85,22): warning CS8602: Dereference of a possibly null reference. [C:\Users\bbqch\proj\microbians\AeroCMS\Aero\src\Aero.Social\Aero.Social.csproj]
C:\Users\bbqch\proj\microbians\AeroCMS\Aero\src\Aero.Social\Social\Providers\DribbbleProvider.cs(105,59): warning CS8602: Dereference of a possibly null reference. [C:\Users\bbqch\proj\microbians\AeroCMS\Aero\src\Aero.Social\Aero.Social.csproj]
C:\Users\bbqch\proj\microbians\AeroCMS\Aero\src\Aero.Social\Social\Providers\DribbbleProvider.cs(109,21): warning CS8602: Dereference of a possibly null reference. [C:\Users\bbqch\proj\microbians\AeroCMS\Aero\src\Aero.Social\Aero.Social.csproj]
C:\Users\bbqch\proj\microbians\AeroCMS\Aero\src\Aero.Social\Social\Providers\ListmonkProvider.cs(100,24): warning CS8602: Dereference of a possibly null reference. [C:\Users\bbqch\proj\microbians\AeroCMS\Aero\src\Aero.Social\Aero.Social.csproj]
C:\Users\bbqch\proj\microbians\AeroCMS\Aero\src\Aero.Social\Social\Providers\MastodonProvider.cs(69,62): warning CS8602: Dereference of a possibly null reference. [C:\Users\bbqch\proj\microbians\AeroCMS\Aero\src\Aero.Social\Aero.Social.csproj]
C:\Users\bbqch\proj\microbians\AeroCMS\Aero\src\Aero.Social\Social\Providers\PinterestProvider.cs(97,29): warning CS8602: Dereference of a possibly null reference. [C:\Users\bbqch\proj\microbians\AeroCMS\Aero\src\Aero.Social\Aero.Social.csproj]
C:\Users\bbqch\proj\microbians\AeroCMS\Aero\src\Aero.Social\Social\Providers\RedditProvider.cs(78,29): warning CS8602: Dereference of a possibly null reference. [C:\Users\bbqch\proj\microbians\AeroCMS\Aero\src\Aero.Social\Aero.Social.csproj]
C:\Users\bbqch\proj\microbians\AeroCMS\Aero\src\Aero.Social\Social\Providers\ListmonkProvider.cs(124,17): warning CS8602: Dereference of a possibly null reference. [C:\Users\bbqch\proj\microbians\AeroCMS\Aero\src\Aero.Social\Aero.Social.csproj]
C:\Users\bbqch\proj\microbians\AeroCMS\Aero\src\Aero.Social\Social\Providers\GmbProvider.cs(212,26): warning CS8602: Dereference of a possibly null reference. [C:\Users\bbqch\proj\microbians\AeroCMS\Aero\src\Aero.Social\Aero.Social.csproj]
C:\Users\bbqch\proj\microbians\AeroCMS\Aero\src\Aero.Social\Social\Providers\LinkedInProvider.cs(137,51): warning CS8602: Dereference of a possibly null reference. [C:\Users\bbqch\proj\microbians\AeroCMS\Aero\src\Aero.Social\Aero.Social.csproj]
C:\Users\bbqch\proj\microbians\AeroCMS\Aero\src\Aero.Social\Social\Providers\DevToProvider.cs(172,26): warning CS8602: Dereference of a possibly null reference. [C:\Users\bbqch\proj\microbians\AeroCMS\Aero\src\Aero.Social\Aero.Social.csproj]
C:\Users\bbqch\proj\microbians\AeroCMS\Aero\src\Aero.Social\Social\Providers\DiscordProvider.cs(161,26): warning CS8602: Dereference of a possibly null reference. [C:\Users\bbqch\proj\microbians\AeroCMS\Aero\src\Aero.Social\Aero.Social.csproj]
C:\Users\bbqch\proj\microbians\AeroCMS\Aero\src\Aero.Social\Social\Providers\DribbbleProvider.cs(168,16): warning CS8602: Dereference of a possibly null reference. [C:\Users\bbqch\proj\microbians\AeroCMS\Aero\src\Aero.Social\Aero.Social.csproj]
C:\Users\bbqch\proj\microbians\AeroCMS\Aero\src\Aero.Social\Social\Providers\KickProvider.cs(77,47): warning CS8602: Dereference of a possibly null reference. [C:\Users\bbqch\proj\microbians\AeroCMS\Aero\src\Aero.Social\Aero.Social.csproj]
C:\Users\bbqch\proj\microbians\AeroCMS\Aero\src\Aero.Social\Social\Providers\RedditProvider.cs(118,47): warning CS8602: Dereference of a possibly null reference. [C:\Users\bbqch\proj\microbians\AeroCMS\Aero\src\Aero.Social\Aero.Social.csproj]
C:\Users\bbqch\proj\microbians\AeroCMS\Aero\src\Aero.Social\Social\Providers\ThreadsProvider.cs(97,49): warning CS8602: Dereference of a possibly null reference. [C:\Users\bbqch\proj\microbians\AeroCMS\Aero\src\Aero.Social\Aero.Social.csproj]
C:\Users\bbqch\proj\microbians\AeroCMS\Aero\src\Aero.Social\Social\Providers\DribbbleProvider.cs(183,16): warning CS8603: Possible null reference return. [C:\Users\bbqch\proj\microbians\AeroCMS\Aero\src\Aero.Social\Aero.Social.csproj]
C:\Users\bbqch\proj\microbians\AeroCMS\Aero\src\Aero.Social\Social\Providers\LemmyProvider.cs(76,84): warning CS8602: Dereference of a possibly null reference. [C:\Users\bbqch\proj\microbians\AeroCMS\Aero\src\Aero.Social\Aero.Social.csproj]
C:\Users\bbqch\proj\microbians\AeroCMS\Aero\src\Aero.Social\Social\Providers\LemmyProvider.cs(88,22): warning CS8602: Dereference of a possibly null reference. [C:\Users\bbqch\proj\microbians\AeroCMS\Aero\src\Aero.Social\Aero.Social.csproj]
C:\Users\bbqch\proj\microbians\AeroCMS\Aero\src\Aero.Social\Social\Providers\MastodonProvider.cs(149,26): warning CS8602: Dereference of a possibly null reference. [C:\Users\bbqch\proj\microbians\AeroCMS\Aero\src\Aero.Social\Aero.Social.csproj]
C:\Users\bbqch\proj\microbians\AeroCMS\Aero\src\Aero.Social\Social\Providers\SlackProvider.cs(97,46): warning CS8602: Dereference of a possibly null reference. [C:\Users\bbqch\proj\microbians\AeroCMS\Aero\src\Aero.Social\Aero.Social.csproj]
C:\Users\bbqch\proj\microbians\AeroCMS\Aero\src\Aero.Social\Social\Providers\LinkedInPageProvider.cs(128,51): warning CS8602: Dereference of a possibly null reference. [C:\Users\bbqch\proj\microbians\AeroCMS\Aero\src\Aero.Social\Aero.Social.csproj]
C:\Users\bbqch\proj\microbians\AeroCMS\Aero\src\Aero.Social\Social\Providers\KickProvider.cs(110,47): warning CS8602: Dereference of a possibly null reference. [C:\Users\bbqch\proj\microbians\AeroCMS\Aero\src\Aero.Social\Aero.Social.csproj]
C:\Users\bbqch\proj\microbians\AeroCMS\Aero\src\Aero.Social\Social\Providers\PinterestProvider.cs(143,49): warning CS8602: Dereference of a possibly null reference. [C:\Users\bbqch\proj\microbians\AeroCMS\Aero\src\Aero.Social\Aero.Social.csproj]
C:\Users\bbqch\proj\microbians\AeroCMS\Aero\src\Aero.Social\Social\Providers\ListmonkProvider.cs(147,29): warning CS8602: Dereference of a possibly null reference. [C:\Users\bbqch\proj\microbians\AeroCMS\Aero\src\Aero.Social\Aero.Social.csproj]
C:\Users\bbqch\proj\microbians\AeroCMS\Aero\src\Aero.Social\Social\Providers\TwitchProvider.cs(71,47): warning CS8602: Dereference of a possibly null reference. [C:\Users\bbqch\proj\microbians\AeroCMS\Aero\src\Aero.Social\Aero.Social.csproj]
C:\Users\bbqch\proj\microbians\AeroCMS\Aero\src\Aero.Social\Social\Providers\MediumProvider.cs(149,26): warning CS8602: Dereference of a possibly null reference. [C:\Users\bbqch\proj\microbians\AeroCMS\Aero\src\Aero.Social\Aero.Social.csproj]
C:\Users\bbqch\proj\microbians\AeroCMS\Aero\src\Aero.Social\Social\Providers\GmbProvider.cs(262,20): warning CS8602: Dereference of a possibly null reference. [C:\Users\bbqch\proj\microbians\AeroCMS\Aero\src\Aero.Social\Aero.Social.csproj]
C:\Users\bbqch\proj\microbians\AeroCMS\Aero\src\Aero.Social\Social\Providers\TikTokProvider.cs(126,29): warning CS8602: Dereference of a possibly null reference. [C:\Users\bbqch\proj\microbians\AeroCMS\Aero\src\Aero.Social\Aero.Social.csproj]
C:\Users\bbqch\proj\microbians\AeroCMS\Aero\src\Aero.Social\Social\Providers\FacebookProvider.cs(223,26): warning CS8602: Dereference of a possibly null reference. [C:\Users\bbqch\proj\microbians\AeroCMS\Aero\src\Aero.Social\Aero.Social.csproj]
C:\Users\bbqch\proj\microbians\AeroCMS\Aero\src\Aero.Social\Social\Providers\InstagramStandaloneProvider.cs(100,44): warning CS8602: Dereference of a possibly null reference. [C:\Users\bbqch\proj\microbians\AeroCMS\Aero\src\Aero.Social\Aero.Social.csproj]
C:\Users\bbqch\proj\microbians\AeroCMS\Aero\src\Aero.Social\Social\Providers\InstagramStandaloneProvider.cs(107,47): warning CS8602: Dereference of a possibly null reference. [C:\Users\bbqch\proj\microbians\AeroCMS\Aero\src\Aero.Social\Aero.Social.csproj]
C:\Users\bbqch\proj\microbians\AeroCMS\Aero\src\Aero.Social\Social\Providers\KickProvider.cs(155,26): warning CS8602: Dereference of a possibly null reference. [C:\Users\bbqch\proj\microbians\AeroCMS\Aero\src\Aero.Social\Aero.Social.csproj]
C:\Users\bbqch\proj\microbians\AeroCMS\Aero\src\Aero.Social\Social\Providers\MastodonProvider.cs(210,26): warning CS8602: Dereference of a possibly null reference. [C:\Users\bbqch\proj\microbians\AeroCMS\Aero\src\Aero.Social\Aero.Social.csproj]
C:\Users\bbqch\proj\microbians\AeroCMS\Aero\src\Aero.Social\Social\Providers\WordPressProvider.cs(68,17): warning CS8602: Dereference of a possibly null reference. [C:\Users\bbqch\proj\microbians\AeroCMS\Aero\src\Aero.Social\Aero.Social.csproj]
C:\Users\bbqch\proj\microbians\AeroCMS\Aero\src\Aero.Social\Social\Providers\DiscordProvider.cs(235,26): warning CS8602: Dereference of a possibly null reference. [C:\Users\bbqch\proj\microbians\AeroCMS\Aero\src\Aero.Social\Aero.Social.csproj]
C:\Users\bbqch\proj\microbians\AeroCMS\Aero\src\Aero.Social\Social\Providers\FacebookProvider.cs(258,26): warning CS8602: Dereference of a possibly null reference. [C:\Users\bbqch\proj\microbians\AeroCMS\Aero\src\Aero.Social\Aero.Social.csproj]
C:\Users\bbqch\proj\microbians\AeroCMS\Aero\src\Aero.Social\Social\Providers\InstagramProvider.cs(186,27): warning CS8602: Dereference of a possibly null reference. [C:\Users\bbqch\proj\microbians\AeroCMS\Aero\src\Aero.Social\Aero.Social.csproj]
C:\Users\bbqch\proj\microbians\AeroCMS\Aero\src\Aero.Social\Social\Providers\TikTokProvider.cs(166,47): warning CS8602: Dereference of a possibly null reference. [C:\Users\bbqch\proj\microbians\AeroCMS\Aero\src\Aero.Social\Aero.Social.csproj]
C:\Users\bbqch\proj\microbians\AeroCMS\Aero\src\Aero.Social\Social\Providers\FarcasterProvider.cs(191,16): warning CS8602: Dereference of a possibly null reference. [C:\Users\bbqch\proj\microbians\AeroCMS\Aero\src\Aero.Social\Aero.Social.csproj]
C:\Users\bbqch\proj\microbians\AeroCMS\Aero\src\Aero.Social\Social\Providers\TwitchProvider.cs(104,47): warning CS8602: Dereference of a possibly null reference. [C:\Users\bbqch\proj\microbians\AeroCMS\Aero\src\Aero.Social\Aero.Social.csproj]
C:\Users\bbqch\proj\microbians\AeroCMS\Aero\src\Aero.Social\Social\Providers\SlackProvider.cs(168,62): warning CS8602: Dereference of a possibly null reference. [C:\Users\bbqch\proj\microbians\AeroCMS\Aero\src\Aero.Social\Aero.Social.csproj]
C:\Users\bbqch\proj\microbians\AeroCMS\Aero\src\Aero.Social\Social\Providers\MediumProvider.cs(164,16): warning CS8602: Dereference of a possibly null reference. [C:\Users\bbqch\proj\microbians\AeroCMS\Aero\src\Aero.Social\Aero.Social.csproj]
C:\Users\bbqch\proj\microbians\AeroCMS\Aero\src\Aero.Social\Social\Providers\BlueskyProvider.cs(228,16): warning CS8603: Possible null reference return. [C:\Users\bbqch\proj\microbians\AeroCMS\Aero\src\Aero.Social\Aero.Social.csproj]
C:\Users\bbqch\proj\microbians\AeroCMS\Aero\src\Aero.Social\Social\Providers\InstagramStandaloneProvider.cs(131,47): warning CS8602: Dereference of a possibly null reference. [C:\Users\bbqch\proj\microbians\AeroCMS\Aero\src\Aero.Social\Aero.Social.csproj]
C:\Users\bbqch\proj\microbians\AeroCMS\Aero\src\Aero.Social\Social\Providers\LinkedInPageProvider.cs(179,17): warning CS8602: Dereference of a possibly null reference. [C:\Users\bbqch\proj\microbians\AeroCMS\Aero\src\Aero.Social\Aero.Social.csproj]
C:\Users\bbqch\proj\microbians\AeroCMS\Aero\src\Aero.Social\Social\Providers\VkProvider.cs(99,47): warning CS8602: Dereference of a possibly null reference. [C:\Users\bbqch\proj\microbians\AeroCMS\Aero\src\Aero.Social\Aero.Social.csproj]
C:\Users\bbqch\proj\microbians\AeroCMS\Aero\src\Aero.Social\Social\Providers\HashnodeProvider.cs(211,16): warning CS8602: Dereference of a possibly null reference. [C:\Users\bbqch\proj\microbians\AeroCMS\Aero\src\Aero.Social\Aero.Social.csproj]
C:\Users\bbqch\proj\microbians\AeroCMS\Aero\src\Aero.Social\Social\Providers\BlueskyProvider.cs(245,16): warning CS8603: Possible null reference return. [C:\Users\bbqch\proj\microbians\AeroCMS\Aero\src\Aero.Social\Aero.Social.csproj]
C:\Users\bbqch\proj\microbians\AeroCMS\Aero\src\Aero.Social\Social\Providers\ListmonkProvider.cs(235,22): warning CS8602: Dereference of a possibly null reference. [C:\Users\bbqch\proj\microbians\AeroCMS\Aero\src\Aero.Social\Aero.Social.csproj]
C:\Users\bbqch\proj\microbians\AeroCMS\Aero\src\Aero.Social\Social\Providers\FacebookProvider.cs(300,26): warning CS8602: Dereference of a possibly null reference. [C:\Users\bbqch\proj\microbians\AeroCMS\Aero\src\Aero.Social\Aero.Social.csproj]
C:\Users\bbqch\proj\microbians\AeroCMS\Aero\src\Aero.Social\Social\Providers\KickProvider.cs(196,26): warning CS8602: Dereference of a possibly null reference. [C:\Users\bbqch\proj\microbians\AeroCMS\Aero\src\Aero.Social\Aero.Social.csproj]
C:\Users\bbqch\proj\microbians\AeroCMS\Aero\src\Aero.Social\Social\Providers\InstagramProvider.cs(211,22): warning CS8602: Dereference of a possibly null reference. [C:\Users\bbqch\proj\microbians\AeroCMS\Aero\src\Aero.Social\Aero.Social.csproj]
C:\Users\bbqch\proj\microbians\AeroCMS\Aero\src\Aero.Social\Social\Providers\FarcasterProvider.cs(215,20): warning CS8602: Dereference of a possibly null reference. [C:\Users\bbqch\proj\microbians\AeroCMS\Aero\src\Aero.Social\Aero.Social.csproj]
C:\Users\bbqch\proj\microbians\AeroCMS\Aero\src\Aero.Social\Social\Providers\GmbProvider.cs(280,13): warning CS8602: Dereference of a possibly null reference. [C:\Users\bbqch\proj\microbians\AeroCMS\Aero\src\Aero.Social\Aero.Social.csproj]
C:\Users\bbqch\proj\microbians\AeroCMS\Aero\src\Aero.Social\Social\Providers\GmbProvider.cs(295,21): warning CS8602: Dereference of a possibly null reference. [C:\Users\bbqch\proj\microbians\AeroCMS\Aero\src\Aero.Social\Aero.Social.csproj]
C:\Users\bbqch\proj\microbians\AeroCMS\Aero\src\Aero.Social\Social\Providers\FacebookProvider.cs(315,16): warning CS8602: Dereference of a possibly null reference. [C:\Users\bbqch\proj\microbians\AeroCMS\Aero\src\Aero.Social\Aero.Social.csproj]
C:\Users\bbqch\proj\microbians\AeroCMS\Aero\src\Aero.Social\Social\Providers\TikTokProvider.cs(206,91): warning CS8602: Dereference of a possibly null reference. [C:\Users\bbqch\proj\microbians\AeroCMS\Aero\src\Aero.Social\Aero.Social.csproj]
C:\Users\bbqch\proj\microbians\AeroCMS\Aero\src\Aero.Social\Social\Providers\YouTubeProvider.cs(236,16): warning CS8602: Dereference of a possibly null reference. [C:\Users\bbqch\proj\microbians\AeroCMS\Aero\src\Aero.Social\Aero.Social.csproj]
C:\Users\bbqch\proj\microbians\AeroCMS\Aero\src\Aero.Social\Social\Providers\GmbProvider.cs(327,16): warning CS8603: Possible null reference return. [C:\Users\bbqch\proj\microbians\AeroCMS\Aero\src\Aero.Social\Aero.Social.csproj]
C:\Users\bbqch\proj\microbians\AeroCMS\Aero\src\Aero.Social\Social\Providers\SlackProvider.cs(239,62): warning CS8602: Dereference of a possibly null reference. [C:\Users\bbqch\proj\microbians\AeroCMS\Aero\src\Aero.Social\Aero.Social.csproj]
C:\Users\bbqch\proj\microbians\AeroCMS\Aero\src\Aero.Social\Social\Providers\VkProvider.cs(142,47): warning CS8602: Dereference of a possibly null reference. [C:\Users\bbqch\proj\microbians\AeroCMS\Aero\src\Aero.Social\Aero.Social.csproj]
C:\Users\bbqch\proj\microbians\AeroCMS\Aero\src\Aero.Social\Social\Providers\LinkedInPageProvider.cs(230,18): warning CS8602: Dereference of a possibly null reference. [C:\Users\bbqch\proj\microbians\AeroCMS\Aero\src\Aero.Social\Aero.Social.csproj]
C:\Users\bbqch\proj\microbians\AeroCMS\Aero\src\Aero.Social\Social\Providers\FacebookProvider.cs(334,18): warning CS8602: Dereference of a possibly null reference. [C:\Users\bbqch\proj\microbians\AeroCMS\Aero\src\Aero.Social\Aero.Social.csproj]
C:\Users\bbqch\proj\microbians\AeroCMS\Aero\src\Aero.Social\Social\Providers\WordPressProvider.cs(174,26): warning CS8602: Dereference of a possibly null reference. [C:\Users\bbqch\proj\microbians\AeroCMS\Aero\src\Aero.Social\Aero.Social.csproj]
C:\Users\bbqch\proj\microbians\AeroCMS\Aero\src\Aero.Social\Social\Providers\ThreadsProvider.cs(187,16): warning CS8602: Dereference of a possibly null reference. [C:\Users\bbqch\proj\microbians\AeroCMS\Aero\src\Aero.Social\Aero.Social.csproj]
C:\Users\bbqch\proj\microbians\AeroCMS\Aero\src\Aero.Social\Social\Providers\ThreadsProvider.cs(192,66): warning CS8601: Possible null reference assignment. [C:\Users\bbqch\proj\microbians\AeroCMS\Aero\src\Aero.Social\Aero.Social.csproj]
C:\Users\bbqch\proj\microbians\AeroCMS\Aero\src\Aero.Social\Social\Providers\XProvider.cs(176,23): warning CS8602: Dereference of a possibly null reference. [C:\Users\bbqch\proj\microbians\AeroCMS\Aero\src\Aero.Social\Aero.Social.csproj]
C:\Users\bbqch\proj\microbians\AeroCMS\Aero\src\Aero.Social\Social\Providers\InstagramProvider.cs(230,60): warning CS8602: Dereference of a possibly null reference. [C:\Users\bbqch\proj\microbians\AeroCMS\Aero\src\Aero.Social\Aero.Social.csproj]
C:\Users\bbqch\proj\microbians\AeroCMS\Aero\src\Aero.Social\Social\Providers\GmbProvider.cs(343,20): warning CS8602: Dereference of a possibly null reference. [C:\Users\bbqch\proj\microbians\AeroCMS\Aero\src\Aero.Social\Aero.Social.csproj]
C:\Users\bbqch\proj\microbians\AeroCMS\Aero\src\Aero.Social\Social\Providers\SlackProvider.cs(263,16): warning CS8602: Dereference of a possibly null reference. [C:\Users\bbqch\proj\microbians\AeroCMS\Aero\src\Aero.Social\Aero.Social.csproj]
C:\Users\bbqch\proj\microbians\AeroCMS\Aero\src\Aero.Social\Social\Providers\MastodonProvider.cs(247,16): warning CS8602: Dereference of a possibly null reference. [C:\Users\bbqch\proj\microbians\AeroCMS\Aero\src\Aero.Social\Aero.Social.csproj]
C:\Users\bbqch\proj\microbians\AeroCMS\Aero\src\Aero.Social\Social\Providers\FacebookProvider.cs(357,16): warning CS8602: Dereference of a possibly null reference. [C:\Users\bbqch\proj\microbians\AeroCMS\Aero\src\Aero.Social\Aero.Social.csproj]
C:\Users\bbqch\proj\microbians\AeroCMS\Aero\src\Aero.Social\Social\Providers\InstagramStandaloneProvider.cs(193,16): warning CS8603: Possible null reference return. [C:\Users\bbqch\proj\microbians\AeroCMS\Aero\src\Aero.Social\Aero.Social.csproj]
C:\Users\bbqch\proj\microbians\AeroCMS\Aero\src\Aero.Social\Social\Providers\LinkedInProvider.cs(270,26): warning CS8602: Dereference of a possibly null reference. [C:\Users\bbqch\proj\microbians\AeroCMS\Aero\src\Aero.Social\Aero.Social.csproj]
C:\Users\bbqch\proj\microbians\AeroCMS\Aero\src\Aero.Social\Social\Providers\PinterestProvider.cs(243,26): warning CS8602: Dereference of a possibly null reference. [C:\Users\bbqch\proj\microbians\AeroCMS\Aero\src\Aero.Social\Aero.Social.csproj]
C:\Users\bbqch\proj\microbians\AeroCMS\Aero\src\Aero.Social\Social\Providers\DiscordProvider.cs(317,16): warning CS8603: Possible null reference return. [C:\Users\bbqch\proj\microbians\AeroCMS\Aero\src\Aero.Social\Aero.Social.csproj]
C:\Users\bbqch\proj\microbians\AeroCMS\Aero\src\Aero.Social\Social\Providers\XProvider.cs(240,16): warning CS8602: Dereference of a possibly null reference. [C:\Users\bbqch\proj\microbians\AeroCMS\Aero\src\Aero.Social\Aero.Social.csproj]
C:\Users\bbqch\proj\microbians\AeroCMS\Aero\src\Aero.Social\Social\Providers\ThreadsProvider.cs(215,13): warning CS8602: Dereference of a possibly null reference. [C:\Users\bbqch\proj\microbians\AeroCMS\Aero\src\Aero.Social\Aero.Social.csproj]
C:\Users\bbqch\proj\microbians\AeroCMS\Aero\src\Aero.Social\Social\Providers\MastodonProvider.cs(263,16): warning CS8603: Possible null reference return. [C:\Users\bbqch\proj\microbians\AeroCMS\Aero\src\Aero.Social\Aero.Social.csproj]
C:\Users\bbqch\proj\microbians\AeroCMS\Aero\src\Aero.Social\Social\Providers\TwitchProvider.cs(228,20): warning CS8602: Dereference of a possibly null reference. [C:\Users\bbqch\proj\microbians\AeroCMS\Aero\src\Aero.Social\Aero.Social.csproj]
C:\Users\bbqch\proj\microbians\AeroCMS\Aero\src\Aero.Social\Social\Providers\DiscordProvider.cs(328,16): warning CS8603: Possible null reference return. [C:\Users\bbqch\proj\microbians\AeroCMS\Aero\src\Aero.Social\Aero.Social.csproj]
C:\Users\bbqch\proj\microbians\AeroCMS\Aero\src\Aero.Social\Social\Providers\FacebookProvider.cs(372,16): warning CS8602: Dereference of a possibly null reference. [C:\Users\bbqch\proj\microbians\AeroCMS\Aero\src\Aero.Social\Aero.Social.csproj]
C:\Users\bbqch\proj\microbians\AeroCMS\Aero\src\Aero.Social\Social\Providers\InstagramProvider.cs(261,49): warning CS8602: Dereference of a possibly null reference. [C:\Users\bbqch\proj\microbians\AeroCMS\Aero\src\Aero.Social\Aero.Social.csproj]
C:\Users\bbqch\proj\microbians\AeroCMS\Aero\src\Aero.Social\Social\Providers\InstagramProvider.cs(268,60): warning CS8602: Dereference of a possibly null reference. [C:\Users\bbqch\proj\microbians\AeroCMS\Aero\src\Aero.Social\Aero.Social.csproj]
C:\Users\bbqch\proj\microbians\AeroCMS\Aero\src\Aero.Social\Social\Providers\DiscordProvider.cs(347,16): warning CS8603: Possible null reference return. [C:\Users\bbqch\proj\microbians\AeroCMS\Aero\src\Aero.Social\Aero.Social.csproj]
C:\Users\bbqch\proj\microbians\AeroCMS\Aero\src\Aero.Social\Social\Providers\InstagramProvider.cs(287,16): warning CS8602: Dereference of a possibly null reference. [C:\Users\bbqch\proj\microbians\AeroCMS\Aero\src\Aero.Social\Aero.Social.csproj]
C:\Users\bbqch\proj\microbians\AeroCMS\Aero\src\Aero.Social\Social\Providers\FacebookProvider.cs(387,16): warning CS8602: Dereference of a possibly null reference. [C:\Users\bbqch\proj\microbians\AeroCMS\Aero\src\Aero.Social\Aero.Social.csproj]
C:\Users\bbqch\proj\microbians\AeroCMS\Aero\src\Aero.Social\Social\Providers\ThreadsProvider.cs(297,16): warning CS8602: Dereference of a possibly null reference. [C:\Users\bbqch\proj\microbians\AeroCMS\Aero\src\Aero.Social\Aero.Social.csproj]
C:\Users\bbqch\proj\microbians\AeroCMS\Aero\src\Aero.Social\Social\Providers\SlackProvider.cs(285,16): warning CS8602: Dereference of a possibly null reference. [C:\Users\bbqch\proj\microbians\AeroCMS\Aero\src\Aero.Social\Aero.Social.csproj]
C:\Users\bbqch\proj\microbians\AeroCMS\Aero\src\Aero.Social\Social\Providers\XProvider.cs(262,23): warning CS8602: Dereference of a possibly null reference. [C:\Users\bbqch\proj\microbians\AeroCMS\Aero\src\Aero.Social\Aero.Social.csproj]
C:\Users\bbqch\proj\microbians\AeroCMS\Aero\src\Aero.Social\Social\Providers\LinkedInProvider.cs(303,25): warning CS8602: Dereference of a possibly null reference. [C:\Users\bbqch\proj\microbians\AeroCMS\Aero\src\Aero.Social\Aero.Social.csproj]
C:\Users\bbqch\proj\microbians\AeroCMS\Aero\src\Aero.Social\Social\Providers\TwitchProvider.cs(290,24): warning CS8602: Dereference of a possibly null reference. [C:\Users\bbqch\proj\microbians\AeroCMS\Aero\src\Aero.Social\Aero.Social.csproj]
C:\Users\bbqch\proj\microbians\AeroCMS\Aero\src\Aero.Social\Social\Providers\YouTubeProvider.cs(267,16): warning CS8602: Dereference of a possibly null reference. [C:\Users\bbqch\proj\microbians\AeroCMS\Aero\src\Aero.Social\Aero.Social.csproj]
C:\Users\bbqch\proj\microbians\AeroCMS\Aero\src\Aero.Social\Social\Providers\KickProvider.cs(212,20): warning CS8602: Dereference of a possibly null reference. [C:\Users\bbqch\proj\microbians\AeroCMS\Aero\src\Aero.Social\Aero.Social.csproj]
C:\Users\bbqch\proj\microbians\AeroCMS\Aero\src\Aero.Social\Social\Providers\DiscordProvider.cs(358,16): warning CS8603: Possible null reference return. [C:\Users\bbqch\proj\microbians\AeroCMS\Aero\src\Aero.Social\Aero.Social.csproj]
C:\Users\bbqch\proj\microbians\AeroCMS\Aero\src\Aero.Social\Social\Providers\LemmyProvider.cs(176,26): warning CS8602: Dereference of a possibly null reference. [C:\Users\bbqch\proj\microbians\AeroCMS\Aero\src\Aero.Social\Aero.Social.csproj]
C:\Users\bbqch\proj\microbians\AeroCMS\Aero\src\Aero.Social\Social\Providers\LinkedInProvider.cs(332,16): warning CS8603: Possible null reference return. [C:\Users\bbqch\proj\microbians\AeroCMS\Aero\src\Aero.Social\Aero.Social.csproj]
C:\Users\bbqch\proj\microbians\AeroCMS\Aero\src\Aero.Social\Social\Providers\SlackProvider.cs(297,16): warning CS8602: Dereference of a possibly null reference. [C:\Users\bbqch\proj\microbians\AeroCMS\Aero\src\Aero.Social\Aero.Social.csproj]
C:\Users\bbqch\proj\microbians\AeroCMS\Aero\src\Aero.Social\Social\Providers\InstagramProvider.cs(315,26): warning CS8602: Dereference of a possibly null reference. [C:\Users\bbqch\proj\microbians\AeroCMS\Aero\src\Aero.Social\Aero.Social.csproj]
C:\Users\bbqch\proj\microbians\AeroCMS\Aero\src\Aero.Social\Social\Providers\TikTokProvider.cs(313,26): warning CS8602: Dereference of a possibly null reference. [C:\Users\bbqch\proj\microbians\AeroCMS\Aero\src\Aero.Social\Aero.Social.csproj]
C:\Users\bbqch\proj\microbians\AeroCMS\Aero\src\Aero.Social\Social\Providers\FacebookProvider.cs(398,16): warning CS8602: Dereference of a possibly null reference. [C:\Users\bbqch\proj\microbians\AeroCMS\Aero\src\Aero.Social\Aero.Social.csproj]
C:\Users\bbqch\proj\microbians\AeroCMS\Aero\src\Aero.Social\Social\Providers\YouTubeProvider.cs(296,16): warning CS8603: Possible null reference return. [C:\Users\bbqch\proj\microbians\AeroCMS\Aero\src\Aero.Social\Aero.Social.csproj]
C:\Users\bbqch\proj\microbians\AeroCMS\Aero\src\Aero.Social\Social\Providers\LinkedInProvider.cs(344,16): warning CS8602: Dereference of a possibly null reference. [C:\Users\bbqch\proj\microbians\AeroCMS\Aero\src\Aero.Social\Aero.Social.csproj]
C:\Users\bbqch\proj\microbians\AeroCMS\Aero\src\Aero.Social\Social\Providers\DiscordProvider.cs(369,16): warning CS8603: Possible null reference return. [C:\Users\bbqch\proj\microbians\AeroCMS\Aero\src\Aero.Social\Aero.Social.csproj]
C:\Users\bbqch\proj\microbians\AeroCMS\Aero\src\Aero.Social\Social\Providers\FacebookProvider.cs(411,16): warning CS8603: Possible null reference return. [C:\Users\bbqch\proj\microbians\AeroCMS\Aero\src\Aero.Social\Aero.Social.csproj]
C:\Users\bbqch\proj\microbians\AeroCMS\Aero\src\Aero.Social\Social\Providers\TikTokProvider.cs(349,16): warning CS8602: Dereference of a possibly null reference. [C:\Users\bbqch\proj\microbians\AeroCMS\Aero\src\Aero.Social\Aero.Social.csproj]
C:\Users\bbqch\proj\microbians\AeroCMS\Aero\src\Aero.Social\Social\Providers\ThreadsProvider.cs(336,16): warning CS8602: Dereference of a possibly null reference. [C:\Users\bbqch\proj\microbians\AeroCMS\Aero\src\Aero.Social\Aero.Social.csproj]
C:\Users\bbqch\proj\microbians\AeroCMS\Aero\src\Aero.Social\Social\Providers\BlueskyProvider.cs(348,16): warning CS8602: Dereference of a possibly null reference. [C:\Users\bbqch\proj\microbians\AeroCMS\Aero\src\Aero.Social\Aero.Social.csproj]
C:\Users\bbqch\proj\microbians\AeroCMS\Aero\src\Aero.Social\Social\Providers\BlueskyProvider.cs(348,16): warning CS8603: Possible null reference return. [C:\Users\bbqch\proj\microbians\AeroCMS\Aero\src\Aero.Social\Aero.Social.csproj]
C:\Users\bbqch\proj\microbians\AeroCMS\Aero\src\Aero.Social\Social\Providers\YouTubeProvider.cs(317,16): warning CS8603: Possible null reference return. [C:\Users\bbqch\proj\microbians\AeroCMS\Aero\src\Aero.Social\Aero.Social.csproj]
C:\Users\bbqch\proj\microbians\AeroCMS\Aero\src\Aero.Social\Social\Providers\WordPressProvider.cs(251,16): warning CS8602: Dereference of a possibly null reference. [C:\Users\bbqch\proj\microbians\AeroCMS\Aero\src\Aero.Social\Aero.Social.csproj]
C:\Users\bbqch\proj\microbians\AeroCMS\Aero\src\Aero.Social\Social\Providers\YouTubeProvider.cs(328,16): warning CS8603: Possible null reference return. [C:\Users\bbqch\proj\microbians\AeroCMS\Aero\src\Aero.Social\Aero.Social.csproj]
C:\Users\bbqch\proj\microbians\AeroCMS\Aero\src\Aero.Social\Social\Providers\PinterestProvider.cs(270,13): warning CS8602: Dereference of a possibly null reference. [C:\Users\bbqch\proj\microbians\AeroCMS\Aero\src\Aero.Social\Aero.Social.csproj]
C:\Users\bbqch\proj\microbians\AeroCMS\Aero\src\Aero.Social\Social\Providers\PinterestProvider.cs(285,87): warning CS8601: Possible null reference assignment. [C:\Users\bbqch\proj\microbians\AeroCMS\Aero\src\Aero.Social\Aero.Social.csproj]
C:\Users\bbqch\proj\microbians\AeroCMS\Aero\src\Aero.Social\Social\Providers\PinterestProvider.cs(288,87): warning CS8601: Possible null reference assignment. [C:\Users\bbqch\proj\microbians\AeroCMS\Aero\src\Aero.Social\Aero.Social.csproj]
C:\Users\bbqch\proj\microbians\AeroCMS\Aero\src\Aero.Social\Social\Providers\PinterestProvider.cs(291,87): warning CS8601: Possible null reference assignment. [C:\Users\bbqch\proj\microbians\AeroCMS\Aero\src\Aero.Social\Aero.Social.csproj]
C:\Users\bbqch\proj\microbians\AeroCMS\Aero\src\Aero.Social\Social\Providers\PinterestProvider.cs(294,87): warning CS8601: Possible null reference assignment. [C:\Users\bbqch\proj\microbians\AeroCMS\Aero\src\Aero.Social\Aero.Social.csproj]
C:\Users\bbqch\proj\microbians\AeroCMS\Aero\src\Aero.Social\Social\Providers\PinterestProvider.cs(297,87): warning CS8601: Possible null reference assignment. [C:\Users\bbqch\proj\microbians\AeroCMS\Aero\src\Aero.Social\Aero.Social.csproj]
C:\Users\bbqch\proj\microbians\AeroCMS\Aero\src\Aero.Social\Social\Providers\InstagramProvider.cs(332,30): warning CS8602: Dereference of a possibly null reference. [C:\Users\bbqch\proj\microbians\AeroCMS\Aero\src\Aero.Social\Aero.Social.csproj]
C:\Users\bbqch\proj\microbians\AeroCMS\Aero\src\Aero.Social\Social\Providers\InstagramProvider.cs(344,28): warning CS8602: Dereference of a possibly null reference. [C:\Users\bbqch\proj\microbians\AeroCMS\Aero\src\Aero.Social\Aero.Social.csproj]
C:\Users\bbqch\proj\microbians\AeroCMS\Aero\src\Aero.Social\Social\Providers\RedditProvider.cs(209,17): warning CS8602: Dereference of a possibly null reference. [C:\Users\bbqch\proj\microbians\AeroCMS\Aero\src\Aero.Social\Aero.Social.csproj]
C:\Users\bbqch\proj\microbians\AeroCMS\Aero\src\Aero.Social\Social\Providers\RedditProvider.cs(212,27): warning CS8600: Converting null literal or possible null value to non-nullable type. [C:\Users\bbqch\proj\microbians\AeroCMS\Aero\src\Aero.Social\Aero.Social.csproj]
C:\Users\bbqch\proj\microbians\AeroCMS\Aero\src\Aero.Social\Social\Providers\RedditProvider.cs(227,30): warning CS8601: Possible null reference assignment. [C:\Users\bbqch\proj\microbians\AeroCMS\Aero\src\Aero.Social\Aero.Social.csproj]
C:\Users\bbqch\proj\microbians\AeroCMS\Aero\src\Aero.Social\Social\Providers\VkProvider.cs(194,26): warning CS8602: Dereference of a possibly null reference. [C:\Users\bbqch\proj\microbians\AeroCMS\Aero\src\Aero.Social\Aero.Social.csproj]
C:\Users\bbqch\proj\microbians\AeroCMS\Aero\src\Aero.Social\Social\Providers\InstagramProvider.cs(366,16): warning CS8602: Dereference of a possibly null reference. [C:\Users\bbqch\proj\microbians\AeroCMS\Aero\src\Aero.Social\Aero.Social.csproj]
C:\Users\bbqch\proj\microbians\AeroCMS\Aero\src\Aero.Social\Social\Providers\LemmyProvider.cs(236,26): warning CS8602: Dereference of a possibly null reference. [C:\Users\bbqch\proj\microbians\AeroCMS\Aero\src\Aero.Social\Aero.Social.csproj]
C:\Users\bbqch\proj\microbians\AeroCMS\Aero\src\Aero.Social\Social\Providers\ThreadsProvider.cs(381,16): warning CS8602: Dereference of a possibly null reference. [C:\Users\bbqch\proj\microbians\AeroCMS\Aero\src\Aero.Social\Aero.Social.csproj]
C:\Users\bbqch\proj\microbians\AeroCMS\Aero\src\Aero.Social\Social\Providers\RedditProvider.cs(278,25): warning CS8602: Dereference of a possibly null reference. [C:\Users\bbqch\proj\microbians\AeroCMS\Aero\src\Aero.Social\Aero.Social.csproj]
C:\Users\bbqch\proj\microbians\AeroCMS\Aero\src\Aero.Social\Social\Providers\InstagramProvider.cs(381,16): warning CS8602: Dereference of a possibly null reference. [C:\Users\bbqch\proj\microbians\AeroCMS\Aero\src\Aero.Social\Aero.Social.csproj]
C:\Users\bbqch\proj\microbians\AeroCMS\Aero\src\Aero.Social\Social\Providers\XProvider.cs(362,16): warning CS8602: Dereference of a possibly null reference. [C:\Users\bbqch\proj\microbians\AeroCMS\Aero\src\Aero.Social\Aero.Social.csproj]
C:\Users\bbqch\proj\microbians\AeroCMS\Aero\src\Aero.Social\Social\Providers\BlueskyProvider.cs(387,82): warning CS8602: Dereference of a possibly null reference. [C:\Users\bbqch\proj\microbians\AeroCMS\Aero\src\Aero.Social\Aero.Social.csproj]
C:\Users\bbqch\proj\microbians\AeroCMS\Aero\src\Aero.Social\Social\Providers\BlueskyProvider.cs(393,20): warning CS8602: Dereference of a possibly null reference. [C:\Users\bbqch\proj\microbians\AeroCMS\Aero\src\Aero.Social\Aero.Social.csproj]
C:\Users\bbqch\proj\microbians\AeroCMS\Aero\src\Aero.Social\Social\Providers\BlueskyProvider.cs(404,20): warning CS8602: Dereference of a possibly null reference. [C:\Users\bbqch\proj\microbians\AeroCMS\Aero\src\Aero.Social\Aero.Social.csproj]
C:\Users\bbqch\proj\microbians\AeroCMS\Aero\src\Aero.Social\Social\Providers\VkProvider.cs(242,26): warning CS8602: Dereference of a possibly null reference. [C:\Users\bbqch\proj\microbians\AeroCMS\Aero\src\Aero.Social\Aero.Social.csproj]
C:\Users\bbqch\proj\microbians\AeroCMS\Aero\src\Aero.Social\Social\Providers\ThreadsProvider.cs(393,13): warning CS8602: Dereference of a possibly null reference. [C:\Users\bbqch\proj\microbians\AeroCMS\Aero\src\Aero.Social\Aero.Social.csproj]
C:\Users\bbqch\proj\microbians\AeroCMS\Aero\src\Aero.Social\Social\Providers\LemmyProvider.cs(273,16): warning CS8602: Dereference of a possibly null reference. [C:\Users\bbqch\proj\microbians\AeroCMS\Aero\src\Aero.Social\Aero.Social.csproj]
C:\Users\bbqch\proj\microbians\AeroCMS\Aero\src\Aero.Social\Social\Providers\PinterestProvider.cs(324,13): warning CS8602: Dereference of a possibly null reference. [C:\Users\bbqch\proj\microbians\AeroCMS\Aero\src\Aero.Social\Aero.Social.csproj]
C:\Users\bbqch\proj\microbians\AeroCMS\Aero\src\Aero.Social\Social\Providers\InstagramProvider.cs(392,16): warning CS8602: Dereference of a possibly null reference. [C:\Users\bbqch\proj\microbians\AeroCMS\Aero\src\Aero.Social\Aero.Social.csproj]
C:\Users\bbqch\proj\microbians\AeroCMS\Aero\src\Aero.Social\Social\Providers\VkProvider.cs(268,16): warning CS8602: Dereference of a possibly null reference. [C:\Users\bbqch\proj\microbians\AeroCMS\Aero\src\Aero.Social\Aero.Social.csproj]
C:\Users\bbqch\proj\microbians\AeroCMS\Aero\src\Aero.Social\Social\Providers\BlueskyProvider.cs(453,16): warning CS8603: Possible null reference return. [C:\Users\bbqch\proj\microbians\AeroCMS\Aero\src\Aero.Social\Aero.Social.csproj]
C:\Users\bbqch\proj\microbians\AeroCMS\Aero\src\Aero.Social\Social\Providers\RedditProvider.cs(305,16): warning CS8602: Dereference of a possibly null reference. [C:\Users\bbqch\proj\microbians\AeroCMS\Aero\src\Aero.Social\Aero.Social.csproj]
C:\Users\bbqch\proj\microbians\AeroCMS\Aero\src\Aero.Social\Social\Providers\LinkedInPageProvider.cs(311,33): warning CS8602: Dereference of a possibly null reference. [C:\Users\bbqch\proj\microbians\AeroCMS\Aero\src\Aero.Social\Aero.Social.csproj]
C:\Users\bbqch\proj\microbians\AeroCMS\Aero\src\Aero.Social\Social\Providers\LinkedInPageProvider.cs(343,25): warning CS8602: Dereference of a possibly null reference. [C:\Users\bbqch\proj\microbians\AeroCMS\Aero\src\Aero.Social\Aero.Social.csproj]
C:\Users\bbqch\proj\microbians\AeroCMS\Aero\src\Aero.Social\Social\Providers\PinterestProvider.cs(395,16): warning CS8602: Dereference of a possibly null reference. [C:\Users\bbqch\proj\microbians\AeroCMS\Aero\src\Aero.Social\Aero.Social.csproj]
C:\Users\bbqch\proj\microbians\AeroCMS\Aero\src\Aero.Social\Social\Providers\LemmyProvider.cs(298,16): warning CS8602: Dereference of a possibly null reference. [C:\Users\bbqch\proj\microbians\AeroCMS\Aero\src\Aero.Social\Aero.Social.csproj]
C:\Users\bbqch\proj\microbians\AeroCMS\Aero\src\Aero.Social\Social\Providers\InstagramProvider.cs(405,16): warning CS8603: Possible null reference return. [C:\Users\bbqch\proj\microbians\AeroCMS\Aero\src\Aero.Social\Aero.Social.csproj]
C:\Users\bbqch\proj\microbians\AeroCMS\Aero\src\Aero.Social\Social\Providers\ThreadsProvider.cs(424,62): warning CS8602: Dereference of a possibly null reference. [C:\Users\bbqch\proj\microbians\AeroCMS\Aero\src\Aero.Social\Aero.Social.csproj]
C:\Users\bbqch\proj\microbians\AeroCMS\Aero\src\Aero.Social\Social\Providers\ThreadsProvider.cs(430,35): warning CS8602: Dereference of a possibly null reference. [C:\Users\bbqch\proj\microbians\AeroCMS\Aero\src\Aero.Social\Aero.Social.csproj]
C:\Users\bbqch\proj\microbians\AeroCMS\Aero\src\Aero.Social\Social\Providers\ThreadsProvider.cs(446,16): warning CS8602: Dereference of a possibly null reference. [C:\Users\bbqch\proj\microbians\AeroCMS\Aero\src\Aero.Social\Aero.Social.csproj]
C:\Users\bbqch\proj\microbians\AeroCMS\Aero\src\Aero.Social\Social\Providers\ThreadsProvider.cs(460,16): warning CS8602: Dereference of a possibly null reference. [C:\Users\bbqch\proj\microbians\AeroCMS\Aero\src\Aero.Social\Aero.Social.csproj]
C:\Users\bbqch\proj\microbians\AeroCMS\Aero\src\Aero.Social\Social\Providers\RedditProvider.cs(341,31): warning CS8602: Dereference of a possibly null reference. [C:\Users\bbqch\proj\microbians\AeroCMS\Aero\src\Aero.Social\Aero.Social.csproj]
C:\Users\bbqch\proj\microbians\AeroCMS\Aero\src\Aero.Social\Social\Providers\ThreadsProvider.cs(470,16): warning CS8603: Possible null reference return. [C:\Users\bbqch\proj\microbians\AeroCMS\Aero\src\Aero.Social\Aero.Social.csproj]
C:\Users\bbqch\proj\microbians\AeroCMS\Aero\src\Aero.Social\Social\Providers\LinkedInPageProvider.cs(381,33): warning CS8602: Dereference of a possibly null reference. [C:\Users\bbqch\proj\microbians\AeroCMS\Aero\src\Aero.Social\Aero.Social.csproj]
C:\Users\bbqch\proj\microbians\AeroCMS\Aero\src\Aero.Social\Social\Providers\PinterestProvider.cs(413,13): warning CS8602: Dereference of a possibly null reference. [C:\Users\bbqch\proj\microbians\AeroCMS\Aero\src\Aero.Social\Aero.Social.csproj]
C:\Users\bbqch\proj\microbians\AeroCMS\Aero\src\Aero.Social\Social\Providers\PinterestProvider.cs(441,22): warning CS8602: Dereference of a possibly null reference. [C:\Users\bbqch\proj\microbians\AeroCMS\Aero\src\Aero.Social\Aero.Social.csproj]
C:\Users\bbqch\proj\microbians\AeroCMS\Aero\src\Aero.Social\Social\Providers\RedditProvider.cs(368,16): warning CS8603: Possible null reference return. [C:\Users\bbqch\proj\microbians\AeroCMS\Aero\src\Aero.Social\Aero.Social.csproj]
C:\Users\bbqch\proj\microbians\AeroCMS\Aero\src\Aero.Social\Social\Providers\VkProvider.cs(298,44): warning CS8602: Dereference of a possibly null reference. [C:\Users\bbqch\proj\microbians\AeroCMS\Aero\src\Aero.Social\Aero.Social.csproj]
C:\Users\bbqch\proj\microbians\AeroCMS\Aero\src\Aero.Social\Social\Providers\VkProvider.cs(320,65): warning CS8602: Dereference of a possibly null reference. [C:\Users\bbqch\proj\microbians\AeroCMS\Aero\src\Aero.Social\Aero.Social.csproj]
C:\Users\bbqch\proj\microbians\AeroCMS\Aero\src\Aero.Social\Social\Providers\VkProvider.cs(325,41): warning CS8602: Dereference of a possibly null reference. [C:\Users\bbqch\proj\microbians\AeroCMS\Aero\src\Aero.Social\Aero.Social.csproj]
C:\Users\bbqch\proj\microbians\AeroCMS\Aero\src\Aero.Social\Social\Providers\VkProvider.cs(338,21): warning CS8602: Dereference of a possibly null reference. [C:\Users\bbqch\proj\microbians\AeroCMS\Aero\src\Aero.Social\Aero.Social.csproj]
C:\Users\bbqch\proj\microbians\AeroCMS\Aero\src\Aero.Social\Social\Providers\PinterestProvider.cs(457,16): warning CS8603: Possible null reference return. [C:\Users\bbqch\proj\microbians\AeroCMS\Aero\src\Aero.Social\Aero.Social.csproj]
C:\Users\bbqch\proj\microbians\AeroCMS\Aero\src\Aero.Social\Social\Providers\LinkedInPageProvider.cs(533,26): warning CS8602: Dereference of a possibly null reference. [C:\Users\bbqch\proj\microbians\AeroCMS\Aero\src\Aero.Social\Aero.Social.csproj]
C:\Users\bbqch\proj\microbians\AeroCMS\Aero\src\Aero.Social\Social\Providers\LinkedInPageProvider.cs(566,25): warning CS8602: Dereference of a possibly null reference. [C:\Users\bbqch\proj\microbians\AeroCMS\Aero\src\Aero.Social\Aero.Social.csproj]
C:\Users\bbqch\proj\microbians\AeroCMS\Aero\src\Aero.Social\Social\Providers\LinkedInPageProvider.cs(863,30): warning CS8602: Dereference of a possibly null reference. [C:\Users\bbqch\proj\microbians\AeroCMS\Aero\src\Aero.Social\Aero.Social.csproj]
  Aero.Caching -> C:\Users\bbqch\proj\microbians\AeroCMS\Aero\src\Aero.Caching\bin\Debug\net10.0\Aero.Caching.dll
  Aero.Social -> C:\Users\bbqch\proj\microbians\AeroCMS\Aero\src\Aero.Social\bin\Debug\net10.0\Aero.Social.dll
C:\Users\bbqch\proj\microbians\AeroCMS\Aero\src\Aero.Marten\MartenOptionalRepository.cs(42,48): warning CS1570: XML comment has badly formed XML -- 'Whitespace is not allowed at this location.' [C:\Users\bbqch\proj\microbians\AeroCMS\Aero\src\Aero.Marten\Aero.Marten.csproj]
C:\Users\bbqch\proj\microbians\AeroCMS\Aero\src\Aero.Marten\AeroDb.cs(26,20): warning CS9113: Parameter 'loggerFactory' is unread. [C:\Users\bbqch\proj\microbians\AeroCMS\Aero\src\Aero.Marten\Aero.Marten.csproj]
C:\Users\bbqch\proj\microbians\AeroCMS\Aero\src\Aero.Marten\Conventions.cs(90,40): warning CS8604: Possible null reference argument for parameter 'suffix' in 'string Conventions.UserIdWithSuffix<TUser>(string suffix, IDocumentStore db)'. [C:\Users\bbqch\proj\microbians\AeroCMS\Aero\src\Aero.Marten\Aero.Marten.csproj]
C:\Users\bbqch\proj\microbians\AeroCMS\Aero\src\Aero.Marten\AuthInitializationExtensions.cs(50,29): warning SYSLIB0023: 'RNGCryptoServiceProvider' is obsolete: 'RNGCryptoServiceProvider is obsolete. To generate a random number, use one of the RandomNumberGenerator static methods instead.' (https://aka.ms/dotnet-warnings/SYSLIB0023) [C:\Users\bbqch\proj\microbians\AeroCMS\Aero\src\Aero.Marten\Aero.Marten.csproj]
C:\Users\bbqch\proj\microbians\AeroCMS\Aero\src\Aero.Marten\GenericMartenRepository.cs(60,9): warning CS9179: Primary constructor parameter 'ILogger<GenericMartenRepository<T, TKey>> log' is shadowed by a member from base. [C:\Users\bbqch\proj\microbians\AeroCMS\Aero\src\Aero.Marten\Aero.Marten.csproj]
C:\Users\bbqch\proj\microbians\AeroCMS\Aero\src\Aero.Marten\DynamicMartinRepository.cs(43,16): warning CS8603: Possible null reference return. [C:\Users\bbqch\proj\microbians\AeroCMS\Aero\src\Aero.Marten\Aero.Marten.csproj]
C:\Users\bbqch\proj\microbians\AeroCMS\Aero\src\Aero.Marten\GenericMartenRepository.cs(68,9): warning CS9179: Primary constructor parameter 'ILogger<GenericMartenRepository<T, TKey>> log' is shadowed by a member from base. [C:\Users\bbqch\proj\microbians\AeroCMS\Aero\src\Aero.Marten\Aero.Marten.csproj]
C:\Users\bbqch\proj\microbians\AeroCMS\Aero\src\Aero.Marten\Identity\RoleStore.cs(73,59): warning CS8604: Possible null reference argument for parameter 'type' in 'Claim.Claim(string type, string value)'. [C:\Users\bbqch\proj\microbians\AeroCMS\Aero\src\Aero.Marten\Aero.Marten.csproj]
C:\Users\bbqch\proj\microbians\AeroCMS\Aero\src\Aero.Marten\Identity\RoleStore.cs(73,72): warning CS8604: Possible null reference argument for parameter 'value' in 'Claim.Claim(string type, string value)'. [C:\Users\bbqch\proj\microbians\AeroCMS\Aero\src\Aero.Marten\Aero.Marten.csproj]
C:\Users\bbqch\proj\microbians\AeroCMS\Aero\src\Aero.Marten\GenericMartenRepository.cs(77,9): warning CS9179: Primary constructor parameter 'ILogger<GenericMartenRepository<T, TKey>> log' is shadowed by a member from base. [C:\Users\bbqch\proj\microbians\AeroCMS\Aero\src\Aero.Marten\Aero.Marten.csproj]
C:\Users\bbqch\proj\microbians\AeroCMS\Aero\src\Aero.Marten\AeroDbRepositoryBase.cs(51,13): warning CS9179: Primary constructor parameter 'ILogger<AeroDbRepositoryBase<TEntity>> log' is shadowed by a member from base. [C:\Users\bbqch\proj\microbians\AeroCMS\Aero\src\Aero.Marten\Aero.Marten.csproj]
C:\Users\bbqch\proj\microbians\AeroCMS\Aero\src\Aero.Marten\GenericMartenRepository.cs(84,9): warning CS9179: Primary constructor parameter 'ILogger<GenericMartenRepository<T, TKey>> log' is shadowed by a member from base. [C:\Users\bbqch\proj\microbians\AeroCMS\Aero\src\Aero.Marten\Aero.Marten.csproj]
C:\Users\bbqch\proj\microbians\AeroCMS\Aero\src\Aero.Marten\GenericMartenRepository.cs(92,9): warning CS9179: Primary constructor parameter 'ILogger<GenericMartenRepository<T, TKey>> log' is shadowed by a member from base. [C:\Users\bbqch\proj\microbians\AeroCMS\Aero\src\Aero.Marten\Aero.Marten.csproj]
C:\Users\bbqch\proj\microbians\AeroCMS\Aero\src\Aero.Marten\AeroDbRepositoryBase.cs(67,13): warning CS9179: Primary constructor parameter 'ILogger<AeroDbRepositoryBase<TEntity>> log' is shadowed by a member from base. [C:\Users\bbqch\proj\microbians\AeroCMS\Aero\src\Aero.Marten\Aero.Marten.csproj]
C:\Users\bbqch\proj\microbians\AeroCMS\Aero\src\Aero.Marten\Identity\UserStore.cs(71,231): warning CS8601: Possible null reference assignment. [C:\Users\bbqch\proj\microbians\AeroCMS\Aero\src\Aero.Marten\Aero.Marten.csproj]
C:\Users\bbqch\proj\microbians\AeroCMS\Aero\src\Aero.Marten\GenericMartenRepository.cs(100,9): warning CS9179: Primary constructor parameter 'ILogger<GenericMartenRepository<T, TKey>> log' is shadowed by a member from base. [C:\Users\bbqch\proj\microbians\AeroCMS\Aero\src\Aero.Marten\Aero.Marten.csproj]
C:\Users\bbqch\proj\microbians\AeroCMS\Aero\src\Aero.Marten\AeroDbRepositoryBase.cs(84,13): warning CS9179: Primary constructor parameter 'ILogger<AeroDbRepositoryBase<TEntity>> log' is shadowed by a member from base. [C:\Users\bbqch\proj\microbians\AeroCMS\Aero\src\Aero.Marten\Aero.Marten.csproj]
C:\Users\bbqch\proj\microbians\AeroCMS\Aero\src\Aero.Marten\AeroDbRepositoryBase.cs(96,17): warning CS9179: Primary constructor parameter 'ILogger<AeroDbRepositoryBase<TEntity>> log' is shadowed by a member from base. [C:\Users\bbqch\proj\microbians\AeroCMS\Aero\src\Aero.Marten\Aero.Marten.csproj]
C:\Users\bbqch\proj\microbians\AeroCMS\Aero\src\Aero.Marten\AeroDbRepositoryBase.cs(105,13): warning CS9179: Primary constructor parameter 'ILogger<AeroDbRepositoryBase<TEntity>> log' is shadowed by a member from base. [C:\Users\bbqch\proj\microbians\AeroCMS\Aero\src\Aero.Marten\Aero.Marten.csproj]
C:\Users\bbqch\proj\microbians\AeroCMS\Aero\src\Aero.Marten\AeroDbRepositoryBase.cs(119,13): warning CS9179: Primary constructor parameter 'ILogger<AeroDbRepositoryBase<TEntity>> log' is shadowed by a member from base. [C:\Users\bbqch\proj\microbians\AeroCMS\Aero\src\Aero.Marten\Aero.Marten.csproj]
C:\Users\bbqch\proj\microbians\AeroCMS\Aero\src\Aero.Marten\Identity\UserStore.cs(77,162): warning CS8604: Possible null reference argument for parameter 'type' in 'Claim.Claim(string type, string value)'. [C:\Users\bbqch\proj\microbians\AeroCMS\Aero\src\Aero.Marten\Aero.Marten.csproj]
C:\Users\bbqch\proj\microbians\AeroCMS\Aero\src\Aero.Marten\Identity\UserStore.cs(77,175): warning CS8604: Possible null reference argument for parameter 'value' in 'Claim.Claim(string type, string value)'. [C:\Users\bbqch\proj\microbians\AeroCMS\Aero\src\Aero.Marten\Aero.Marten.csproj]
C:\Users\bbqch\proj\microbians\AeroCMS\Aero\src\Aero.Marten\Identity\UserStore.cs(86,129): warning CS8620: Argument of type 'List<string?>' cannot be used for parameter 'result' of type 'IList<string>' in 'Task<IList<string>> Task.FromResult<IList<string>>(IList<string> result)' due to differences in the nullability of reference types. [C:\Users\bbqch\proj\microbians\AeroCMS\Aero\src\Aero.Marten\Aero.Marten.csproj]
C:\Users\bbqch\proj\microbians\AeroCMS\Aero\src\Aero.Marten\Identity\UserStore.cs(118,262): warning CS8601: Possible null reference assignment. [C:\Users\bbqch\proj\microbians\AeroCMS\Aero\src\Aero.Marten\Aero.Marten.csproj]
C:\Users\bbqch\proj\microbians\AeroCMS\Aero\src\Aero.Marten\Identity\UserStore.cs(118,362): warning CS8601: Possible null reference assignment. [C:\Users\bbqch\proj\microbians\AeroCMS\Aero\src\Aero.Marten\Aero.Marten.csproj]
  Aero.Marten -> C:\Users\bbqch\proj\microbians\AeroCMS\Aero\src\Aero.Marten\bin\Debug\net10.0\Aero.Marten.dll
C:\Users\bbqch\proj\microbians\AeroCMS\Aero\src\Aero.EfCore\AuthInitializationExtensions.cs(49,29): warning SYSLIB0023: 'RNGCryptoServiceProvider' is obsolete: 'RNGCryptoServiceProvider is obsolete. To generate a random number, use one of the RandomNumberGenerator static methods instead.' (https://aka.ms/dotnet-warnings/SYSLIB0023) [C:\Users\bbqch\proj\microbians\AeroCMS\Aero\src\Aero.EfCore\Aero.EfCore.csproj]
C:\Users\bbqch\proj\microbians\AeroCMS\Aero\src\Aero.EfCore\GenericEntityFrameworkRepository.cs(160,9): warning CS9179: Primary constructor parameter 'ILogger<GenericEntityFrameworkRepository<T, TKey, TContext>> log' is shadowed by a member from base. [C:\Users\bbqch\proj\microbians\AeroCMS\Aero\src\Aero.EfCore\Aero.EfCore.csproj]
C:\Users\bbqch\proj\microbians\AeroCMS\Aero\src\Aero.EfCore\GenericEntityFrameworkRepository.cs(162,9): warning CS9179: Primary constructor parameter 'ILogger<GenericEntityFrameworkRepository<T, TKey, TContext>> log' is shadowed by a member from base. [C:\Users\bbqch\proj\microbians\AeroCMS\Aero\src\Aero.EfCore\Aero.EfCore.csproj]
C:\Users\bbqch\proj\microbians\AeroCMS\Aero\src\Aero.EfCore\GenericEntityFrameworkRepository.cs(168,9): warning CS9179: Primary constructor parameter 'ILogger<GenericEntityFrameworkRepository<T, TKey, TContext>> log' is shadowed by a member from base. [C:\Users\bbqch\proj\microbians\AeroCMS\Aero\src\Aero.EfCore\Aero.EfCore.csproj]
C:\Users\bbqch\proj\microbians\AeroCMS\Aero\src\Aero.EfCore\GenericEntityFrameworkRepository.cs(170,9): warning CS9179: Primary constructor parameter 'ILogger<GenericEntityFrameworkRepository<T, TKey, TContext>> log' is shadowed by a member from base. [C:\Users\bbqch\proj\microbians\AeroCMS\Aero\src\Aero.EfCore\Aero.EfCore.csproj]
C:\Users\bbqch\proj\microbians\AeroCMS\Aero\src\Aero.EfCore\GenericEntityFrameworkRepository.cs(176,9): warning CS9179: Primary constructor parameter 'ILogger<GenericEntityFrameworkRepository<T, TKey, TContext>> log' is shadowed by a member from base. [C:\Users\bbqch\proj\microbians\AeroCMS\Aero\src\Aero.EfCore\Aero.EfCore.csproj]
C:\Users\bbqch\proj\microbians\AeroCMS\Aero\src\Aero.EfCore\GenericEntityFrameworkRepository.cs(179,9): warning CS9179: Primary constructor parameter 'ILogger<GenericEntityFrameworkRepository<T, TKey, TContext>> log' is shadowed by a member from base. [C:\Users\bbqch\proj\microbians\AeroCMS\Aero\src\Aero.EfCore\Aero.EfCore.csproj]
C:\Users\bbqch\proj\microbians\AeroCMS\Aero\src\Aero.EfCore\ApiAuthRepository.cs(73,18): warning CS9179: Primary constructor parameter 'AeroDbContext context' is shadowed by a member from base. [C:\Users\bbqch\proj\microbians\AeroCMS\Aero\src\Aero.EfCore\Aero.EfCore.csproj]
C:\Users\bbqch\proj\microbians\AeroCMS\Aero\src\Aero.EfCore\GenericEntityFrameworkRepository.cs(194,9): warning CS9179: Primary constructor parameter 'ILogger<GenericEntityFrameworkRepository<T, TKey, TContext>> log' is shadowed by a member from base. [C:\Users\bbqch\proj\microbians\AeroCMS\Aero\src\Aero.EfCore\Aero.EfCore.csproj]
C:\Users\bbqch\proj\microbians\AeroCMS\Aero\src\Aero.EfCore\GenericEntityFrameworkRepository.cs(196,9): warning CS9179: Primary constructor parameter 'ILogger<GenericEntityFrameworkRepository<T, TKey, TContext>> log' is shadowed by a member from base. [C:\Users\bbqch\proj\microbians\AeroCMS\Aero\src\Aero.EfCore\Aero.EfCore.csproj]
C:\Users\bbqch\proj\microbians\AeroCMS\Aero\src\Aero.EfCore\GenericEntityFrameworkRepository.cs(201,9): warning CS9179: Primary constructor parameter 'ILogger<GenericEntityFrameworkRepository<T, TKey, TContext>> log' is shadowed by a member from base. [C:\Users\bbqch\proj\microbians\AeroCMS\Aero\src\Aero.EfCore\Aero.EfCore.csproj]
C:\Users\bbqch\proj\microbians\AeroCMS\Aero\src\Aero.EfCore\GenericEntityFrameworkRepository.cs(208,9): warning CS9179: Primary constructor parameter 'ILogger<GenericEntityFrameworkRepository<T, TKey, TContext>> log' is shadowed by a member from base. [C:\Users\bbqch\proj\microbians\AeroCMS\Aero\src\Aero.EfCore\Aero.EfCore.csproj]
  Aero.EfCore -> C:\Users\bbqch\proj\microbians\AeroCMS\Aero\src\Aero.EfCore\bin\Debug\net10.0\Aero.EfCore.dll
  Aero.Core.Ai -> C:\Users\bbqch\proj\microbians\AeroCMS\Aero\src\Aero.Core.Ai\bin\Debug\net10.0\Aero.Core.Ai.dll
  The package Aero.EfCore.0.0.5-alpha is missing a readme. Go to https://aka.ms/nuget/authoring-best-practices/readme to learn why package readmes are important.
  Successfully created package 'C:\Users\bbqch\proj\microbians\AeroCMS\Aero\src\Aero.EfCore\bin\Debug\Aero.EfCore.0.0.5-alpha.nupkg'.
  Successfully created package 'C:\Users\bbqch\proj\microbians\AeroCMS\Aero\src\Aero.EfCore\bin\Debug\Aero.EfCore.0.0.5-alpha.snupkg'.
  Aero.Cms.Core -> C:\Users\bbqch\proj\microbians\AeroCMS\src\Aero.Cms.Core\bin\Debug\net10.0\Aero.Cms.Core.dll
  Aero.Cms.Repositories -> C:\Users\bbqch\proj\microbians\AeroCMS\src\Aero.Cms.Repositories\bin\Debug\net10.0\Aero.Cms.Repositories.dll
  Aero.Cms.Events -> C:\Users\bbqch\proj\microbians\AeroCMS\src\Aero.Cms.Events\bin\Debug\net10.0\Aero.Cms.Events.dll
  Aero.Cms.Web.Core -> C:\Users\bbqch\proj\microbians\AeroCMS\src\Aero.Cms.Web.Core\bin\Debug\net10.0\Aero.Cms.Web.Core.dll
C:\Program Files\dotnet\sdk\10.0.201\Sdks\Microsoft.NET.Sdk.Razor\targets\Sdk.Razor.CurrentVersion.targets(840,5): warning RAZORSDK1004: One or more Razor view or page files were found, but the project is not configured to add Razor support for MVC. The MSBuild property 'AddRazorSupportForMvc' must be set to correctly compile Razor files that target MVC. For more information, see https://go.microsoft.com/fwlink/?linkid=868374. [C:\Users\bbqch\proj\microbians\AeroCMS\src\Aero.Cms.Modules.Theming\Aero.Cms.Modules.Theming.csproj]
C:\Program Files\dotnet\sdk\10.0.201\Sdks\Microsoft.NET.Sdk.Razor\targets\Sdk.Razor.CurrentVersion.targets(840,5): warning RAZORSDK1004: One or more Razor view or page files were found, but the project is not configured to add Razor support for MVC. The MSBuild property 'AddRazorSupportForMvc' must be set to correctly compile Razor files that target MVC. For more information, see https://go.microsoft.com/fwlink/?linkid=868374. [C:\Users\bbqch\proj\microbians\AeroCMS\src\Aero.Cms.Modules.Search\Aero.Cms.Modules.Search.csproj]
C:\Program Files\dotnet\sdk\10.0.201\Sdks\Microsoft.NET.Sdk.Razor\targets\Sdk.Razor.CurrentVersion.targets(840,5): warning RAZORSDK1004: One or more Razor view or page files were found, but the project is not configured to add Razor support for MVC. The MSBuild property 'AddRazorSupportForMvc' must be set to correctly compile Razor files that target MVC. For more information, see https://go.microsoft.com/fwlink/?linkid=868374. [C:\Users\bbqch\proj\microbians\AeroCMS\src\Aero.Cms.Modules.Users\Aero.Cms.Modules.Users.csproj]
C:\Program Files\dotnet\sdk\10.0.201\Sdks\Microsoft.NET.Sdk.Razor\targets\Sdk.Razor.CurrentVersion.targets(840,5): warning RAZORSDK1004: One or more Razor view or page files were found, but the project is not configured to add Razor support for MVC. The MSBuild property 'AddRazorSupportForMvc' must be set to correctly compile Razor files that target MVC. For more information, see https://go.microsoft.com/fwlink/?linkid=868374. [C:\Users\bbqch\proj\microbians\AeroCMS\src\Aero.Cms.Modules.Mail\Aero.Cms.Modules.Mail.csproj]
C:\Program Files\dotnet\sdk\10.0.201\Sdks\Microsoft.NET.Sdk.Razor\targets\Sdk.Razor.CurrentVersion.targets(840,5): warning RAZORSDK1004: One or more Razor view or page files were found, but the project is not configured to add Razor support for MVC. The MSBuild property 'AddRazorSupportForMvc' must be set to correctly compile Razor files that target MVC. For more information, see https://go.microsoft.com/fwlink/?linkid=868374. [C:\Users\bbqch\proj\microbians\AeroCMS\src\Aero.Cms.Modules.OutputCache\Aero.Cms.Modules.OutputCache.csproj]
C:\Users\bbqch\proj\microbians\AeroCMS\src\Modules\Security\Aero.Cms.Modules.SimpleSecurity\SimpleSecurityModule.cs(20,26): warning CS8765: Nullability of type of parameter 'config' doesn't match overridden member (possibly because of nullability attributes). [C:\Users\bbqch\proj\microbians\AeroCMS\src\Modules\Security\Aero.Cms.Modules.SimpleSecurity\Aero.Cms.Modules.SimpleSecurity.csproj]
C:\Users\bbqch\proj\microbians\AeroCMS\src\Modules\Security\Aero.Cms.Modules.SimpleSecurity\SimpleSecurityModule.cs(20,26): warning CS8765: Nullability of type of parameter 'env' doesn't match overridden member (possibly because of nullability attributes). [C:\Users\bbqch\proj\microbians\AeroCMS\src\Modules\Security\Aero.Cms.Modules.SimpleSecurity\Aero.Cms.Modules.SimpleSecurity.csproj]
C:\Users\bbqch\proj\microbians\AeroCMS\src\Modules\Security\Aero.Cms.Modules.SimpleSecurity\SimpleSecurityModule.cs(20,97): warning CS8625: Cannot convert null literal to non-nullable reference type. [C:\Users\bbqch\proj\microbians\AeroCMS\src\Modules\Security\Aero.Cms.Modules.SimpleSecurity\Aero.Cms.Modules.SimpleSecurity.csproj]
C:\Users\bbqch\proj\microbians\AeroCMS\src\Modules\Security\Aero.Cms.Modules.SimpleSecurity\SimpleSecurityModule.cs(20,126): warning CS8625: Cannot convert null literal to non-nullable reference type. [C:\Users\bbqch\proj\microbians\AeroCMS\src\Modules\Security\Aero.Cms.Modules.SimpleSecurity\Aero.Cms.Modules.SimpleSecurity.csproj]
C:\Users\bbqch\proj\microbians\AeroCMS\src\Modules\Analytics\Aero.Cms.Modules.Analytics\AnalyticsModule.cs(20,26): warning CS8765: Nullability of type of parameter 'config' doesn't match overridden member (possibly because of nullability attributes). [C:\Users\bbqch\proj\microbians\AeroCMS\src\Modules\Analytics\Aero.Cms.Modules.Analytics\Aero.Cms.Modules.Analytics.csproj]
C:\Users\bbqch\proj\microbians\AeroCMS\src\Modules\Analytics\Aero.Cms.Modules.Analytics\AnalyticsModule.cs(20,26): warning CS8765: Nullability of type of parameter 'env' doesn't match overridden member (possibly because of nullability attributes). [C:\Users\bbqch\proj\microbians\AeroCMS\src\Modules\Analytics\Aero.Cms.Modules.Analytics\Aero.Cms.Modules.Analytics.csproj]
C:\Users\bbqch\proj\microbians\AeroCMS\src\Modules\Analytics\Aero.Cms.Modules.Analytics\AnalyticsModule.cs(20,97): warning CS8625: Cannot convert null literal to non-nullable reference type. [C:\Users\bbqch\proj\microbians\AeroCMS\src\Modules\Analytics\Aero.Cms.Modules.Analytics\Aero.Cms.Modules.Analytics.csproj]
C:\Users\bbqch\proj\microbians\AeroCMS\src\Modules\Analytics\Aero.Cms.Modules.Analytics\AnalyticsModule.cs(20,126): warning CS8625: Cannot convert null literal to non-nullable reference type. [C:\Users\bbqch\proj\microbians\AeroCMS\src\Modules\Analytics\Aero.Cms.Modules.Analytics\Aero.Cms.Modules.Analytics.csproj]
C:\Users\bbqch\proj\microbians\AeroCMS\src\Aero.Cms.Modules.Theming\ThemeService.cs(13,39): warning CS8618: Non-nullable field 'sp' must contain a non-null value when exiting constructor. Consider adding the 'required' modifier or declaring the field as nullable. [C:\Users\bbqch\proj\microbians\AeroCMS\src\Aero.Cms.Modules.Theming\Aero.Cms.Modules.Theming.csproj]
C:\Users\bbqch\proj\microbians\AeroCMS\src\Aero.Cms.Modules.Theming\ThemeService.cs(13,39): warning CS0649: Field 'ThemeService.sp' is never assigned to, and will always have its default value null [C:\Users\bbqch\proj\microbians\AeroCMS\src\Aero.Cms.Modules.Theming\Aero.Cms.Modules.Theming.csproj]
  Aero.Cms.Modules.Testing -> C:\Users\bbqch\proj\microbians\AeroCMS\src\Aero.Cms.Modules.Testing\bin\Debug\net10.0\Aero.Cms.Modules.Testing.dll
C:\Users\bbqch\proj\microbians\AeroCMS\Aero\src\Aero.Services\Mail\MailtrapSender.cs(20,153): warning CS8625: Cannot convert null literal to non-nullable reference type. [C:\Users\bbqch\proj\microbians\AeroCMS\Aero\src\Aero.Services\Aero.Services.csproj]
C:\Users\bbqch\proj\microbians\AeroCMS\Aero\src\Aero.Services\Features\Features.cs(7,19): warning CS8618: Non-nullable property 'Application' must contain a non-null value when exiting constructor. Consider adding the 'required' modifier or declaring the property as nullable. [C:\Users\bbqch\proj\microbians\AeroCMS\Aero\src\Aero.Services\Aero.Services.csproj]
C:\Users\bbqch\proj\microbians\AeroCMS\Aero\src\Aero.Services\Features\Features.cs(8,19): warning CS8618: Non-nullable property 'Version' must contain a non-null value when exiting constructor. Consider adding the 'required' modifier or declaring the property as nullable. [C:\Users\bbqch\proj\microbians\AeroCMS\Aero\src\Aero.Services\Aero.Services.csproj]
C:\Users\bbqch\proj\microbians\AeroCMS\Aero\src\Aero.Services\Features\Features.cs(9,19): warning CS8618: Non-nullable property 'Feature' must contain a non-null value when exiting constructor. Consider adding the 'required' modifier or declaring the property as nullable. [C:\Users\bbqch\proj\microbians\AeroCMS\Aero\src\Aero.Services\Aero.Services.csproj]
C:\Users\bbqch\proj\microbians\AeroCMS\Aero\src\Aero.Services\Features\Features.cs(10,19): warning CS8618: Non-nullable property 'Description' must contain a non-null value when exiting constructor. Consider adding the 'required' modifier or declaring the property as nullable. [C:\Users\bbqch\proj\microbians\AeroCMS\Aero\src\Aero.Services\Aero.Services.csproj]
C:\Users\bbqch\proj\microbians\AeroCMS\Aero\src\Aero.Services\Features\Features.cs(12,19): warning CS8618: Non-nullable property 'Value' must contain a non-null value when exiting constructor. Consider adding the 'required' modifier or declaring the property as nullable. [C:\Users\bbqch\proj\microbians\AeroCMS\Aero\src\Aero.Services\Aero.Services.csproj]
C:\Users\bbqch\proj\microbians\AeroCMS\Aero\src\Aero.Services\Geo\ZipApiService.cs(135,46): warning CS8618: Non-nullable property 'City' must contain a non-null value when exiting constructor. Consider adding the 'required' modifier or declaring the property as nullable. [C:\Users\bbqch\proj\microbians\AeroCMS\Aero\src\Aero.Services\Aero.Services.csproj]
C:\Users\bbqch\proj\microbians\AeroCMS\Aero\src\Aero.Services\Geo\ZipApiService.cs(137,47): warning CS8618: Non-nullable property 'State' must contain a non-null value when exiting constructor. Consider adding the 'required' modifier or declaring the property as nullable. [C:\Users\bbqch\proj\microbians\AeroCMS\Aero\src\Aero.Services\Aero.Services.csproj]
C:\Users\bbqch\proj\microbians\AeroCMS\Aero\src\Aero.Services\Geo\ZipApiService.cs(139,56): warning CS8618: Non-nullable property 'StateFullName' must contain a non-null value when exiting constructor. Consider adding the 'required' modifier or declaring the property as nullable. [C:\Users\bbqch\proj\microbians\AeroCMS\Aero\src\Aero.Services\Aero.Services.csproj]
C:\Users\bbqch\proj\microbians\AeroCMS\Aero\src\Aero.Services\JwtTokenBuilder.cs(20,39): warning CS8625: Cannot convert null literal to non-nullable reference type. [C:\Users\bbqch\proj\microbians\AeroCMS\Aero\src\Aero.Services\Aero.Services.csproj]
C:\Users\bbqch\proj\microbians\AeroCMS\Aero\src\Aero.Services\Geo\ZipApiService.cs(130,47): warning CS8618: Non-nullable property 'Data' must contain a non-null value when exiting constructor. Consider adding the 'required' modifier or declaring the property as nullable. [C:\Users\bbqch\proj\microbians\AeroCMS\Aero\src\Aero.Services\Aero.Services.csproj]
C:\Users\bbqch\proj\microbians\AeroCMS\Aero\src\Aero.Services\RepositoryFeaturesStore.cs(16,29): warning CS8618: Non-nullable field 'appName' must contain a non-null value when exiting constructor. Consider adding the 'required' modifier or declaring the field as nullable. [C:\Users\bbqch\proj\microbians\AeroCMS\Aero\src\Aero.Services\Aero.Services.csproj]
C:\Users\bbqch\proj\microbians\AeroCMS\Aero\src\Aero.Services\Models\UserLoginRequest.cs(6,19): warning CS8618: Non-nullable property 'Username' must contain a non-null value when exiting constructor. Consider adding the 'required' modifier or declaring the property as nullable. [C:\Users\bbqch\proj\microbians\AeroCMS\Aero\src\Aero.Services\Aero.Services.csproj]
C:\Users\bbqch\proj\microbians\AeroCMS\Aero\src\Aero.Services\Models\UserLoginRequest.cs(8,19): warning CS8618: Non-nullable property 'Password' must contain a non-null value when exiting constructor. Consider adding the 'required' modifier or declaring the property as nullable. [C:\Users\bbqch\proj\microbians\AeroCMS\Aero\src\Aero.Services\Aero.Services.csproj]
C:\Users\bbqch\proj\microbians\AeroCMS\Aero\src\Aero.Services\UserProfileService.cs(24,102): warning CS9113: Parameter 'log' is unread. [C:\Users\bbqch\proj\microbians\AeroCMS\Aero\src\Aero.Services\Aero.Services.csproj]
C:\Users\bbqch\proj\microbians\AeroCMS\Aero\src\Aero.Services\Models\UserViewModel.cs(14,19): warning CS8618: Non-nullable property 'FirstName' must contain a non-null value when exiting constructor. Consider adding the 'required' modifier or declaring the property as nullable. [C:\Users\bbqch\proj\microbians\AeroCMS\Aero\src\Aero.Services\Aero.Services.csproj]
C:\Users\bbqch\proj\microbians\AeroCMS\Aero\src\Aero.Services\Models\UserViewModel.cs(17,19): warning CS8618: Non-nullable property 'LastName' must contain a non-null value when exiting constructor. Consider adding the 'required' modifier or declaring the property as nullable. [C:\Users\bbqch\proj\microbians\AeroCMS\Aero\src\Aero.Services\Aero.Services.csproj]
C:\Users\bbqch\proj\microbians\AeroCMS\Aero\src\Aero.Services\Models\UserViewModel.cs(20,19): warning CS8618: Non-nullable property 'Username' must contain a non-null value when exiting constructor. Consider adding the 'required' modifier or declaring the property as nullable. [C:\Users\bbqch\proj\microbians\AeroCMS\Aero\src\Aero.Services\Aero.Services.csproj]
C:\Users\bbqch\proj\microbians\AeroCMS\Aero\src\Aero.Services\Models\UserViewModel.cs(23,19): warning CS8618: Non-nullable property 'Email' must contain a non-null value when exiting constructor. Consider adding the 'required' modifier or declaring the property as nullable. [C:\Users\bbqch\proj\microbians\AeroCMS\Aero\src\Aero.Services\Aero.Services.csproj]
C:\Users\bbqch\proj\microbians\AeroCMS\Aero\src\Aero.Services\Models\UserViewModel.cs(29,19): warning CS8618: Non-nullable property 'Token' must contain a non-null value when exiting constructor. Consider adding the 'required' modifier or declaring the property as nullable. [C:\Users\bbqch\proj\microbians\AeroCMS\Aero\src\Aero.Services\Aero.Services.csproj]
C:\Users\bbqch\proj\microbians\AeroCMS\Aero\src\Aero.Services\Models\UserViewModel.cs(32,19): warning CS8618: Non-nullable property 'RefreshToken' must contain a non-null value when exiting constructor. Consider adding the 'required' modifier or declaring the property as nullable. [C:\Users\bbqch\proj\microbians\AeroCMS\Aero\src\Aero.Services\Aero.Services.csproj]
C:\Users\bbqch\proj\microbians\AeroCMS\Aero\src\Aero.Services\Models\UserViewModel.cs(40,17): warning CS8618: Non-nullable property 'Id' must contain a non-null value when exiting constructor. Consider adding the 'required' modifier or declaring the property as nullable. [C:\Users\bbqch\proj\microbians\AeroCMS\Aero\src\Aero.Services\Aero.Services.csproj]
C:\Users\bbqch\proj\microbians\AeroCMS\Aero\src\Aero.Services\Models\UserViewModel.cs(43,19): warning CS8618: Non-nullable property 'CreatedBy' must contain a non-null value when exiting constructor. Consider adding the 'required' modifier or declaring the property as nullable. [C:\Users\bbqch\proj\microbians\AeroCMS\Aero\src\Aero.Services\Aero.Services.csproj]
C:\Users\bbqch\proj\microbians\AeroCMS\Aero\src\Aero.Services\Models\UserViewModel.cs(44,19): warning CS8618: Non-nullable property 'ModifiedBy' must contain a non-null value when exiting constructor. Consider adding the 'required' modifier or declaring the property as nullable. [C:\Users\bbqch\proj\microbians\AeroCMS\Aero\src\Aero.Services\Aero.Services.csproj]
C:\Users\bbqch\proj\microbians\AeroCMS\Aero\src\Aero.Services\AeroJwtValidationService.cs(26,34): warning CS8604: Possible null reference argument for parameter 'value' in 'Claim.Claim(string type, string value)'. [C:\Users\bbqch\proj\microbians\AeroCMS\Aero\src\Aero.Services\Aero.Services.csproj]
C:\Users\bbqch\proj\microbians\AeroCMS\Aero\src\Aero.Services\AeroJwtValidationService.cs(28,35): warning CS8604: Possible null reference argument for parameter 'value' in 'Claim.Claim(string type, string value)'. [C:\Users\bbqch\proj\microbians\AeroCMS\Aero\src\Aero.Services\Aero.Services.csproj]
C:\Users\bbqch\proj\microbians\AeroCMS\Aero\src\Aero.Services\AeroJwtValidationService.cs(79,27): warning CS8601: Possible null reference assignment. [C:\Users\bbqch\proj\microbians\AeroCMS\Aero\src\Aero.Services\Aero.Services.csproj]
C:\Users\bbqch\proj\microbians\AeroCMS\Aero\src\Aero.Services\RepositoryFeaturesStore.cs(22,9): warning CS9179: Primary constructor parameter 'ILogger<RepositoryFeaturesStore> log' is shadowed by a member from base. [C:\Users\bbqch\proj\microbians\AeroCMS\Aero\src\Aero.Services\Aero.Services.csproj]
C:\Users\bbqch\proj\microbians\AeroCMS\Aero\src\Aero.Services\UserProfileService.cs(33,16): warning CS8603: Possible null reference return. [C:\Users\bbqch\proj\microbians\AeroCMS\Aero\src\Aero.Services\Aero.Services.csproj]
C:\Users\bbqch\proj\microbians\AeroCMS\Aero\src\Aero.Services\Geo\ZipApiService.cs(58,13): warning CS8602: Dereference of a possibly null reference. [C:\Users\bbqch\proj\microbians\AeroCMS\Aero\src\Aero.Services\Aero.Services.csproj]
C:\Users\bbqch\proj\microbians\AeroCMS\Aero\src\Aero.Services\AeroJwtValidationService.cs(90,45): warning CS8604: Possible null reference argument for parameter 's' in 'byte[] Encoding.GetBytes(string s)'. [C:\Users\bbqch\proj\microbians\AeroCMS\Aero\src\Aero.Services\Aero.Services.csproj]
C:\Users\bbqch\proj\microbians\AeroCMS\Aero\src\Aero.Services\RepositoryFeaturesStore.cs(47,9): warning CS9179: Primary constructor parameter 'ILogger<RepositoryFeaturesStore> log' is shadowed by a member from base. [C:\Users\bbqch\proj\microbians\AeroCMS\Aero\src\Aero.Services\Aero.Services.csproj]
C:\Users\bbqch\proj\microbians\AeroCMS\Aero\src\Aero.Services\MartenUserProfileService.cs(27,20): warning CS8603: Possible null reference return. [C:\Users\bbqch\proj\microbians\AeroCMS\Aero\src\Aero.Services\Aero.Services.csproj]
C:\Users\bbqch\proj\microbians\AeroCMS\Aero\src\Aero.Services\RepositoryFeaturesStore.cs(70,9): warning CS9179: Primary constructor parameter 'ILogger<RepositoryFeaturesStore> log' is shadowed by a member from base. [C:\Users\bbqch\proj\microbians\AeroCMS\Aero\src\Aero.Services\Aero.Services.csproj]
C:\Users\bbqch\proj\microbians\AeroCMS\Aero\src\Aero.Services\RepositoryFeaturesStore.cs(90,9): warning CS9179: Primary constructor parameter 'ILogger<RepositoryFeaturesStore> log' is shadowed by a member from base. [C:\Users\bbqch\proj\microbians\AeroCMS\Aero\src\Aero.Services\Aero.Services.csproj]
C:\Users\bbqch\proj\microbians\AeroCMS\Aero\src\Aero.Services\Geo\ZipApiService.cs(78,13): warning CS8602: Dereference of a possibly null reference. [C:\Users\bbqch\proj\microbians\AeroCMS\Aero\src\Aero.Services\Aero.Services.csproj]
C:\Users\bbqch\proj\microbians\AeroCMS\Aero\src\Aero.Services\Geo\ZipApiService.cs(91,13): warning CS8602: Dereference of a possibly null reference. [C:\Users\bbqch\proj\microbians\AeroCMS\Aero\src\Aero.Services\Aero.Services.csproj]
C:\Users\bbqch\proj\microbians\AeroCMS\Aero\src\Aero.Services\Geo\ZipApiService.cs(106,13): warning CS8602: Dereference of a possibly null reference. [C:\Users\bbqch\proj\microbians\AeroCMS\Aero\src\Aero.Services\Aero.Services.csproj]
C:\Users\bbqch\proj\microbians\AeroCMS\Aero\src\Aero.Services\Geo\ZipApiService.cs(119,13): warning CS8602: Dereference of a possibly null reference. [C:\Users\bbqch\proj\microbians\AeroCMS\Aero\src\Aero.Services\Aero.Services.csproj]
C:\Users\bbqch\proj\microbians\AeroCMS\Aero\src\Aero.Services\RepositoryFeaturesStore.cs(16,29): warning CS0169: The field 'RepositoryFeaturesStore.appName' is never used [C:\Users\bbqch\proj\microbians\AeroCMS\Aero\src\Aero.Services\Aero.Services.csproj]
C:\Users\bbqch\proj\microbians\AeroCMS\src\Aero.Cms.Marten.Identity\RoleStore.cs(74,25): warning CS8613: Nullability of reference types in return type of 'Task<string> RoleStore<TRole>.GetRoleNameAsync(TRole role, CancellationToken cancellationToken)' doesn't match implicitly implemented member 'Task<string?> IRoleStore<TRole>.GetRoleNameAsync(TRole role, CancellationToken cancellationToken)'. [C:\Users\bbqch\proj\microbians\AeroCMS\src\Aero.Cms.Marten.Identity\Aero.Cms.Marten.Identity.csproj]
C:\Users\bbqch\proj\microbians\AeroCMS\src\Aero.Cms.Marten.Identity\RoleStore.cs(81,17): warning CS8767: Nullability of reference types in type of parameter 'roleName' of 'Task RoleStore<TRole>.SetRoleNameAsync(TRole role, string roleName, CancellationToken cancellationToken)' doesn't match implicitly implemented member 'Task IRoleStore<TRole>.SetRoleNameAsync(TRole role, string? roleName, CancellationToken cancellationToken)' (possibly because of nullability attributes). [C:\Users\bbqch\proj\microbians\AeroCMS\src\Aero.Cms.Marten.Identity\Aero.Cms.Marten.Identity.csproj]
C:\Users\bbqch\proj\microbians\AeroCMS\src\Aero.Cms.Marten.Identity\RoleStore.cs(93,25): warning CS8613: Nullability of reference types in return type of 'Task<string> RoleStore<TRole>.GetNormalizedRoleNameAsync(TRole role, CancellationToken cancellationToken)' doesn't match implicitly implemented member 'Task<string?> IRoleStore<TRole>.GetNormalizedRoleNameAsync(TRole role, CancellationToken cancellationToken)'. [C:\Users\bbqch\proj\microbians\AeroCMS\src\Aero.Cms.Marten.Identity\Aero.Cms.Marten.Identity.csproj]
C:\Users\bbqch\proj\microbians\AeroCMS\src\Aero.Cms.Marten.Identity\RoleStore.cs(100,17): warning CS8767: Nullability of reference types in type of parameter 'normalizedName' of 'Task RoleStore<TRole>.SetNormalizedRoleNameAsync(TRole role, string normalizedName, CancellationToken cancellationToken)' doesn't match implicitly implemented member 'Task IRoleStore<TRole>.SetNormalizedRoleNameAsync(TRole role, string? normalizedName, CancellationToken cancellationToken)' (possibly because of nullability attributes). [C:\Users\bbqch\proj\microbians\AeroCMS\src\Aero.Cms.Marten.Identity\Aero.Cms.Marten.Identity.csproj]
C:\Users\bbqch\proj\microbians\AeroCMS\src\Aero.Cms.Marten.Identity\UserStore.cs(443,17): warning CS8767: Nullability of reference types in type of parameter 'passwordHash' of 'Task UserStore<TUser>.SetPasswordHashAsync(TUser user, string passwordHash, CancellationToken cancellationToken)' doesn't match implicitly implemented member 'Task IUserPasswordStore<TUser>.SetPasswordHashAsync(TUser user, string? passwordHash, CancellationToken cancellationToken)' (possibly because of nullability attributes). [C:\Users\bbqch\proj\microbians\AeroCMS\src\Aero.Cms.Marten.Identity\Aero.Cms.Marten.Identity.csproj]
C:\Users\bbqch\proj\microbians\AeroCMS\src\Aero.Cms.Marten.Identity\UserStore.cs(452,25): warning CS8613: Nullability of reference types in return type of 'Task<string> UserStore<TUser>.GetPasswordHashAsync(TUser user, CancellationToken cancellationToken)' doesn't match implicitly implemented member 'Task<string?> IUserPasswordStore<TUser>.GetPasswordHashAsync(TUser user, CancellationToken cancellationToken)'. [C:\Users\bbqch\proj\microbians\AeroCMS\src\Aero.Cms.Marten.Identity\Aero.Cms.Marten.Identity.csproj]
C:\Users\bbqch\proj\microbians\AeroCMS\src\Aero.Cms.Marten.Identity\UserStore.cs(549,25): warning CS8613: Nullability of reference types in return type of 'Task<string> UserStore<TUser>.GetSecurityStampAsync(TUser user, CancellationToken cancellationToken)' doesn't match implicitly implemented member 'Task<string?> IUserSecurityStampStore<TUser>.GetSecurityStampAsync(TUser user, CancellationToken cancellationToken)'. [C:\Users\bbqch\proj\microbians\AeroCMS\src\Aero.Cms.Marten.Identity\Aero.Cms.Marten.Identity.csproj]
C:\Users\bbqch\proj\microbians\AeroCMS\src\Aero.Cms.Marten.Identity\UserStore.cs(177,17): warning CS8767: Nullability of reference types in type of parameter 'email' of 'Task UserStore<TUser>.SetEmailAsync(TUser user, string email, CancellationToken cancellationToken)' doesn't match implicitly implemented member 'Task IUserEmailStore<TUser>.SetEmailAsync(TUser user, string? email, CancellationToken cancellationToken)' (possibly because of nullability attributes). [C:\Users\bbqch\proj\microbians\AeroCMS\src\Aero.Cms.Marten.Identity\Aero.Cms.Marten.Identity.csproj]
C:\Users\bbqch\proj\microbians\AeroCMS\src\Aero.Cms.Marten.Identity\UserStore.cs(186,25): warning CS8613: Nullability of reference types in return type of 'Task<string> UserStore<TUser>.GetEmailAsync(TUser user, CancellationToken cancellationToken)' doesn't match implicitly implemented member 'Task<string?> IUserEmailStore<TUser>.GetEmailAsync(TUser user, CancellationToken cancellationToken)'. [C:\Users\bbqch\proj\microbians\AeroCMS\src\Aero.Cms.Marten.Identity\Aero.Cms.Marten.Identity.csproj]
C:\Users\bbqch\proj\microbians\AeroCMS\src\Aero.Cms.Marten.Identity\UserStore.cs(214,25): warning CS8613: Nullability of reference types in return type of 'Task<string> UserStore<TUser>.GetNormalizedEmailAsync(TUser user, CancellationToken cancellationToken)' doesn't match implicitly implemented member 'Task<string?> IUserEmailStore<TUser>.GetNormalizedEmailAsync(TUser user, CancellationToken cancellationToken)'. [C:\Users\bbqch\proj\microbians\AeroCMS\src\Aero.Cms.Marten.Identity\Aero.Cms.Marten.Identity.csproj]
C:\Users\bbqch\proj\microbians\AeroCMS\src\Aero.Cms.Marten.Identity\UserStore.cs(221,17): warning CS8767: Nullability of reference types in type of parameter 'normalizedEmail' of 'Task UserStore<TUser>.SetNormalizedEmailAsync(TUser user, string normalizedEmail, CancellationToken cancellationToken)' doesn't match implicitly implemented member 'Task IUserEmailStore<TUser>.SetNormalizedEmailAsync(TUser user, string? normalizedEmail, CancellationToken cancellationToken)' (possibly because of nullability attributes). [C:\Users\bbqch\proj\microbians\AeroCMS\src\Aero.Cms.Marten.Identity\Aero.Cms.Marten.Identity.csproj]
C:\Users\bbqch\proj\microbians\AeroCMS\src\Aero.Cms.Marten.Identity\UserStore.cs(466,17): warning CS8767: Nullability of reference types in type of parameter 'phoneNumber' of 'Task UserStore<TUser>.SetPhoneNumberAsync(TUser user, string phoneNumber, CancellationToken cancellationToken)' doesn't match implicitly implemented member 'Task IUserPhoneNumberStore<TUser>.SetPhoneNumberAsync(TUser user, string? phoneNumber, CancellationToken cancellationToken)' (possibly because of nullability attributes). [C:\Users\bbqch\proj\microbians\AeroCMS\src\Aero.Cms.Marten.Identity\Aero.Cms.Marten.Identity.csproj]
C:\Users\bbqch\proj\microbians\AeroCMS\src\Aero.Cms.Marten.Identity\UserStore.cs(475,25): warning CS8613: Nullability of reference types in return type of 'Task<string> UserStore<TUser>.GetPhoneNumberAsync(TUser user, CancellationToken cancellationToken)' doesn't match implicitly implemented member 'Task<string?> IUserPhoneNumberStore<TUser>.GetPhoneNumberAsync(TUser user, CancellationToken cancellationToken)'. [C:\Users\bbqch\proj\microbians\AeroCMS\src\Aero.Cms.Marten.Identity\Aero.Cms.Marten.Identity.csproj]
C:\Users\bbqch\proj\microbians\AeroCMS\src\Aero.Cms.Marten.Identity\UserStore.cs(33,17): warning CS8767: Nullability of reference types in type of parameter 'value' of 'Task UserStore<TUser>.SetTokenAsync(TUser user, string loginProvider, string name, string value, CancellationToken cancellationToken)' doesn't match implicitly implemented member 'Task IUserAuthenticationTokenStore<TUser>.SetTokenAsync(TUser user, string loginProvider, string name, string? value, CancellationToken cancellationToken)' (possibly because of nullability attributes). [C:\Users\bbqch\proj\microbians\AeroCMS\src\Aero.Cms.Marten.Identity\Aero.Cms.Marten.Identity.csproj]
C:\Users\bbqch\proj\microbians\AeroCMS\src\Aero.Cms.Marten.Identity\UserStore.cs(70,25): warning CS8613: Nullability of reference types in return type of 'Task<string> UserStore<TUser>.GetTokenAsync(TUser user, string loginProvider, string name, CancellationToken cancellationToken)' doesn't match implicitly implemented member 'Task<string?> IUserAuthenticationTokenStore<TUser>.GetTokenAsync(TUser user, string loginProvider, string name, CancellationToken cancellationToken)'. [C:\Users\bbqch\proj\microbians\AeroCMS\src\Aero.Cms.Marten.Identity\Aero.Cms.Marten.Identity.csproj]
C:\Users\bbqch\proj\microbians\AeroCMS\src\Aero.Cms.Marten.Identity\UserStore.cs(88,25): warning CS8613: Nullability of reference types in return type of 'Task<string> UserStore<TUser>.GetAuthenticatorKeyAsync(TUser user, CancellationToken cancellationToken)' doesn't match implicitly implemented member 'Task<string?> IUserAuthenticatorKeyStore<TUser>.GetAuthenticatorKeyAsync(TUser user, CancellationToken cancellationToken)'. [C:\Users\bbqch\proj\microbians\AeroCMS\src\Aero.Cms.Marten.Identity\Aero.Cms.Marten.Identity.csproj]
C:\Users\bbqch\proj\microbians\AeroCMS\src\Aero.Cms.Marten.Identity\UserStore.cs(295,25): warning CS8613: Nullability of reference types in return type of 'Task<string> UserStore<TUser>.GetUserNameAsync(TUser user, CancellationToken cancellationToken)' doesn't match implicitly implemented member 'Task<string?> IUserStore<TUser>.GetUserNameAsync(TUser user, CancellationToken cancellationToken)'. [C:\Users\bbqch\proj\microbians\AeroCMS\src\Aero.Cms.Marten.Identity\Aero.Cms.Marten.Identity.csproj]
C:\Users\bbqch\proj\microbians\AeroCMS\src\Aero.Cms.Marten.Identity\UserStore.cs(302,17): warning CS8767: Nullability of reference types in type of parameter 'userName' of 'Task UserStore<TUser>.SetUserNameAsync(TUser user, string userName, CancellationToken cancellationToken)' doesn't match implicitly implemented member 'Task IUserStore<TUser>.SetUserNameAsync(TUser user, string? userName, CancellationToken cancellationToken)' (possibly because of nullability attributes). [C:\Users\bbqch\proj\microbians\AeroCMS\src\Aero.Cms.Marten.Identity\Aero.Cms.Marten.Identity.csproj]
C:\Users\bbqch\proj\microbians\AeroCMS\src\Aero.Cms.Marten.Identity\UserStore.cs(310,25): warning CS8613: Nullability of reference types in return type of 'Task<string> UserStore<TUser>.GetNormalizedUserNameAsync(TUser user, CancellationToken cancellationToken)' doesn't match implicitly implemented member 'Task<string?> IUserStore<TUser>.GetNormalizedUserNameAsync(TUser user, CancellationToken cancellationToken)'. [C:\Users\bbqch\proj\microbians\AeroCMS\src\Aero.Cms.Marten.Identity\Aero.Cms.Marten.Identity.csproj]
C:\Users\bbqch\proj\microbians\AeroCMS\src\Aero.Cms.Marten.Identity\UserStore.cs(317,17): warning CS8767: Nullability of reference types in type of parameter 'normalizedName' of 'Task UserStore<TUser>.SetNormalizedUserNameAsync(TUser user, string normalizedName, CancellationToken cancellationToken)' doesn't match implicitly implemented member 'Task IUserStore<TUser>.SetNormalizedUserNameAsync(TUser user, string? normalizedName, CancellationToken cancellationToken)' (possibly because of nullability attributes). [C:\Users\bbqch\proj\microbians\AeroCMS\src\Aero.Cms.Marten.Identity\Aero.Cms.Marten.Identity.csproj]
C:\Users\bbqch\proj\microbians\AeroCMS\src\Aero.Cms.Marten.Identity\RoleStore.cs(78,16): warning CS8619: Nullability of reference types in value of type 'Task<string?>' doesn't match target type 'Task<string>'. [C:\Users\bbqch\proj\microbians\AeroCMS\src\Aero.Cms.Marten.Identity\Aero.Cms.Marten.Identity.csproj]
C:\Users\bbqch\proj\microbians\AeroCMS\src\Aero.Cms.Marten.Identity\RoleStore.cs(97,16): warning CS8619: Nullability of reference types in value of type 'Task<string?>' doesn't match target type 'Task<string>'. [C:\Users\bbqch\proj\microbians\AeroCMS\src\Aero.Cms.Marten.Identity\Aero.Cms.Marten.Identity.csproj]
C:\Users\bbqch\proj\microbians\AeroCMS\src\Aero.Cms.Marten.Identity\RoleStore.cs(130,36): warning CS8604: Possible null reference argument for parameter 'type' in 'Claim.Claim(string type, string value)'. [C:\Users\bbqch\proj\microbians\AeroCMS\src\Aero.Cms.Marten.Identity\Aero.Cms.Marten.Identity.csproj]
C:\Users\bbqch\proj\microbians\AeroCMS\src\Aero.Cms.Marten.Identity\RoleStore.cs(130,49): warning CS8604: Possible null reference argument for parameter 'value' in 'Claim.Claim(string type, string value)'. [C:\Users\bbqch\proj\microbians\AeroCMS\src\Aero.Cms.Marten.Identity\Aero.Cms.Marten.Identity.csproj]
C:\Users\bbqch\proj\microbians\AeroCMS\src\Aero.Cms.Marten.Identity\RoleStore.cs(156,33): warning CS0168: The variable 'test' is declared but never used [C:\Users\bbqch\proj\microbians\AeroCMS\src\Aero.Cms.Marten.Identity\Aero.Cms.Marten.Identity.csproj]
C:\Users\bbqch\proj\microbians\AeroCMS\src\Aero.Cms.Marten.Identity\UserStore.cs(98,36): warning CS8604: Possible null reference argument for parameter 'type' in 'Claim.Claim(string type, string value)'. [C:\Users\bbqch\proj\microbians\AeroCMS\src\Aero.Cms.Marten.Identity\Aero.Cms.Marten.Identity.csproj]
C:\Users\bbqch\proj\microbians\AeroCMS\src\Aero.Cms.Marten.Identity\UserStore.cs(98,49): warning CS8604: Possible null reference argument for parameter 'value' in 'Claim.Claim(string type, string value)'. [C:\Users\bbqch\proj\microbians\AeroCMS\src\Aero.Cms.Marten.Identity\Aero.Cms.Marten.Identity.csproj]
C:\Users\bbqch\proj\microbians\AeroCMS\src\Aero.Cms.Marten.Identity\UserStore.cs(404,35): warning CS8601: Possible null reference assignment. [C:\Users\bbqch\proj\microbians\AeroCMS\src\Aero.Cms.Marten.Identity\Aero.Cms.Marten.Identity.csproj]
C:\Users\bbqch\proj\microbians\AeroCMS\src\Aero.Cms.Shared\Pages\Manager\Settings.razor(83,20): error CS1061: 'Result<string, SettingDetail>' does not contain a definition for 'IsSuccess' and no accessible extension method 'IsSuccess' accepting a first argument of type 'Result<string, SettingDetail>' could be found (are you missing a using directive or an assembly reference?) [C:\Users\bbqch\proj\microbians\AeroCMS\src\Aero.Cms.Shared\Aero.Cms.Shared.csproj]
C:\Users\bbqch\proj\microbians\AeroCMS\src\Aero.Cms.Shared\Pages\Manager\Settings.razor(83,36): error CS1061: 'Result<string, SettingDetail>' does not contain a definition for 'IsSuccess' and no accessible extension method 'IsSuccess' accepting a first argument of type 'Result<string, SettingDetail>' could be found (are you missing a using directive or an assembly reference?) [C:\Users\bbqch\proj\microbians\AeroCMS\src\Aero.Cms.Shared\Aero.Cms.Shared.csproj]
C:\Program Files\dotnet\sdk\10.0.201\Sdks\Microsoft.NET.Sdk.Razor\targets\Sdk.Razor.CurrentVersion.targets(840,5): warning RAZORSDK1004: One or more Razor view or page files were found, but the project is not configured to add Razor support for MVC. The MSBuild property 'AddRazorSupportForMvc' must be set to correctly compile Razor files that target MVC. For more information, see https://go.microsoft.com/fwlink/?linkid=868374. [C:\Users\bbqch\proj\microbians\AeroCMS\src\Aero.Cms.Modules.Garnet\Aero.Cms.Modules.Garnet.csproj]
  Aero.Cms.Modules.RequestLog -> C:\Users\bbqch\proj\microbians\AeroCMS\src\Aero.Cms.Modules.RequestLog\bin\Debug\net10.0\Aero.Cms.Modules.RequestLog.dll
  Aero.Cms.Marten.Identity -> C:\Users\bbqch\proj\microbians\AeroCMS\src\Aero.Cms.Marten.Identity\bin\Debug\net10.0\Aero.Cms.Marten.Identity.dll
C:\Program Files\dotnet\sdk\10.0.201\Sdks\Microsoft.NET.Sdk.Razor\targets\Sdk.Razor.CurrentVersion.targets(840,5): warning RAZORSDK1004: One or more Razor view or page files were found, but the project is not configured to add Razor support for MVC. The MSBuild property 'AddRazorSupportForMvc' must be set to correctly compile Razor files that target MVC. For more information, see https://go.microsoft.com/fwlink/?linkid=868374. [C:\Users\bbqch\proj\microbians\AeroCMS\src\Aero.Cms.Modules.Static\Aero.Cms.Modules.Static.csproj]
C:\Program Files\dotnet\sdk\10.0.201\Sdks\Microsoft.NET.Sdk.Razor\targets\Sdk.Razor.CurrentVersion.targets(840,5): warning RAZORSDK1004: One or more Razor view or page files were found, but the project is not configured to add Razor support for MVC. The MSBuild property 'AddRazorSupportForMvc' must be set to correctly compile Razor files that target MVC. For more information, see https://go.microsoft.com/fwlink/?linkid=868374. [C:\Users\bbqch\proj\microbians\AeroCMS\src\Aero.Cms.Modules.Mcp\Aero.Cms.Modules.Mcp.csproj]
C:\Users\bbqch\proj\microbians\AeroCMS\src\Aero.Cms.Modules.SiteMap\SiteMapModule.cs(20,26): warning CS8765: Nullability of type of parameter 'config' doesn't match overridden member (possibly because of nullability attributes). [C:\Users\bbqch\proj\microbians\AeroCMS\src\Aero.Cms.Modules.SiteMap\Aero.Cms.Modules.SiteMap.csproj]
C:\Users\bbqch\proj\microbians\AeroCMS\src\Aero.Cms.Modules.SiteMap\SiteMapModule.cs(20,26): warning CS8765: Nullability of type of parameter 'env' doesn't match overridden member (possibly because of nullability attributes). [C:\Users\bbqch\proj\microbians\AeroCMS\src\Aero.Cms.Modules.SiteMap\Aero.Cms.Modules.SiteMap.csproj]
C:\Users\bbqch\proj\microbians\AeroCMS\src\Aero.Cms.Modules.SiteMap\SiteMapModule.cs(20,97): warning CS8625: Cannot convert null literal to non-nullable reference type. [C:\Users\bbqch\proj\microbians\AeroCMS\src\Aero.Cms.Modules.SiteMap\Aero.Cms.Modules.SiteMap.csproj]
C:\Users\bbqch\proj\microbians\AeroCMS\src\Aero.Cms.Modules.SiteMap\SiteMapModule.cs(20,126): warning CS8625: Cannot convert null literal to non-nullable reference type. [C:\Users\bbqch\proj\microbians\AeroCMS\src\Aero.Cms.Modules.SiteMap\Aero.Cms.Modules.SiteMap.csproj]
C:\Users\bbqch\proj\microbians\AeroCMS\src\Aero.Cms.Modules.WebOptimizer\WebOptimizerModule.cs(18,26): warning CS8765: Nullability of type of parameter 'config' doesn't match overridden member (possibly because of nullability attributes). [C:\Users\bbqch\proj\microbians\AeroCMS\src\Aero.Cms.Modules.WebOptimizer\Aero.Cms.Modules.WebOptimizer.csproj]
C:\Users\bbqch\proj\microbians\AeroCMS\src\Aero.Cms.Modules.WebOptimizer\WebOptimizerModule.cs(18,26): warning CS8765: Nullability of type of parameter 'env' doesn't match overridden member (possibly because of nullability attributes). [C:\Users\bbqch\proj\microbians\AeroCMS\src\Aero.Cms.Modules.WebOptimizer\Aero.Cms.Modules.WebOptimizer.csproj]
C:\Users\bbqch\proj\microbians\AeroCMS\src\Aero.Cms.Modules.WebOptimizer\WebOptimizerModule.cs(18,95): warning CS8625: Cannot convert null literal to non-nullable reference type. [C:\Users\bbqch\proj\microbians\AeroCMS\src\Aero.Cms.Modules.WebOptimizer\Aero.Cms.Modules.WebOptimizer.csproj]
C:\Users\bbqch\proj\microbians\AeroCMS\src\Aero.Cms.Modules.WebOptimizer\WebOptimizerModule.cs(18,122): warning CS8625: Cannot convert null literal to non-nullable reference type. [C:\Users\bbqch\proj\microbians\AeroCMS\src\Aero.Cms.Modules.WebOptimizer\Aero.Cms.Modules.WebOptimizer.csproj]
C:\Users\bbqch\proj\microbians\AeroCMS\src\Modules\Infrastructure\Aero.Cms.Modules.Cache\CacheModule.cs(25,26): warning CS8765: Nullability of type of parameter 'config' doesn't match overridden member (possibly because of nullability attributes). [C:\Users\bbqch\proj\microbians\AeroCMS\src\Modules\Infrastructure\Aero.Cms.Modules.Cache\Aero.Cms.Modules.Cache.csproj]
C:\Users\bbqch\proj\microbians\AeroCMS\src\Modules\Infrastructure\Aero.Cms.Modules.Cache\CacheModule.cs(25,26): warning CS8765: Nullability of type of parameter 'env' doesn't match overridden member (possibly because of nullability attributes). [C:\Users\bbqch\proj\microbians\AeroCMS\src\Modules\Infrastructure\Aero.Cms.Modules.Cache\Aero.Cms.Modules.Cache.csproj]
C:\Users\bbqch\proj\microbians\AeroCMS\src\Modules\Infrastructure\Aero.Cms.Modules.Cache\CacheModule.cs(25,95): warning CS8625: Cannot convert null literal to non-nullable reference type. [C:\Users\bbqch\proj\microbians\AeroCMS\src\Modules\Infrastructure\Aero.Cms.Modules.Cache\Aero.Cms.Modules.Cache.csproj]
C:\Users\bbqch\proj\microbians\AeroCMS\src\Modules\Infrastructure\Aero.Cms.Modules.Cache\CacheModule.cs(25,122): warning CS8625: Cannot convert null literal to non-nullable reference type. [C:\Users\bbqch\proj\microbians\AeroCMS\src\Modules\Infrastructure\Aero.Cms.Modules.Cache\Aero.Cms.Modules.Cache.csproj]
  Aero.Cms.Modules.SiteMap -> C:\Users\bbqch\proj\microbians\AeroCMS\src\Aero.Cms.Modules.SiteMap\bin\Debug\net10.0\Aero.Cms.Modules.SiteMap.dll
C:\Program Files\dotnet\sdk\10.0.201\Sdks\Microsoft.NET.Sdk.Razor\targets\Sdk.Razor.CurrentVersion.targets(840,5): warning RAZORSDK1004: One or more Razor view or page files were found, but the project is not configured to add Razor support for MVC. The MSBuild property 'AddRazorSupportForMvc' must be set to correctly compile Razor files that target MVC. For more information, see https://go.microsoft.com/fwlink/?linkid=868374. [C:\Users\bbqch\proj\microbians\AeroCMS\src\Aero.Cms.Modules.Settings\Aero.Cms.Modules.Settings.csproj]
  Aero.Services -> C:\Users\bbqch\proj\microbians\AeroCMS\Aero\src\Aero.Services\bin\Debug\net10.0\Aero.Services.dll
  Aero.Cms.Modules.Health -> C:\Users\bbqch\proj\microbians\AeroCMS\src\Aero.Cms.Modules.Health\bin\Debug\net10.0\Aero.Cms.Modules.Health.dll
  Aero.Cms.Modules.Blog.Importer -> C:\Users\bbqch\proj\microbians\AeroCMS\src\Aero.Cms.Modules.Blog.Importer\bin\Debug\net10.0\Aero.Cms.Modules.Blog.Importer.dll
C:\Users\bbqch\proj\microbians\AeroCMS\Aero\src\Aero.Services\Aero.Services.csproj : warning NU1902: Package 'MimeKit' 2.10.1 has a known moderate severity vulnerability, https://github.com/advisories/GHSA-g7hc-96xr-gvvx
C:\Users\bbqch\proj\microbians\AeroCMS\src\Aero.Cms.Modules.Jobs\JobsModule.cs(20,26): warning CS8765: Nullability of type of parameter 'config' doesn't match overridden member (possibly because of nullability attributes). [C:\Users\bbqch\proj\microbians\AeroCMS\src\Aero.Cms.Modules.Jobs\Aero.Cms.Modules.Jobs.csproj]
C:\Users\bbqch\proj\microbians\AeroCMS\src\Aero.Cms.Modules.Jobs\JobsModule.cs(20,26): warning CS8765: Nullability of type of parameter 'env' doesn't match overridden member (possibly because of nullability attributes). [C:\Users\bbqch\proj\microbians\AeroCMS\src\Aero.Cms.Modules.Jobs\Aero.Cms.Modules.Jobs.csproj]
C:\Users\bbqch\proj\microbians\AeroCMS\src\Aero.Cms.Modules.Jobs\JobsModule.cs(20,97): warning CS8625: Cannot convert null literal to non-nullable reference type. [C:\Users\bbqch\proj\microbians\AeroCMS\src\Aero.Cms.Modules.Jobs\Aero.Cms.Modules.Jobs.csproj]
C:\Users\bbqch\proj\microbians\AeroCMS\src\Aero.Cms.Modules.Jobs\JobsModule.cs(20,126): warning CS8625: Cannot convert null literal to non-nullable reference type. [C:\Users\bbqch\proj\microbians\AeroCMS\src\Aero.Cms.Modules.Jobs\Aero.Cms.Modules.Jobs.csproj]
C:\Users\bbqch\proj\microbians\AeroCMS\src\Aero.Cms.Modules.Members\MembersModule.cs(10,28): warning CS8618: Non-nullable property 'Name' must contain a non-null value when exiting constructor. Consider adding the 'required' modifier or declaring the property as nullable. [C:\Users\bbqch\proj\microbians\AeroCMS\src\Aero.Cms.Modules.Members\Aero.Cms.Modules.Members.csproj]
C:\Users\bbqch\proj\microbians\AeroCMS\src\Aero.Cms.Modules.Members\MembersModule.cs(11,28): warning CS8618: Non-nullable property 'Version' must contain a non-null value when exiting constructor. Consider adding the 'required' modifier or declaring the property as nullable. [C:\Users\bbqch\proj\microbians\AeroCMS\src\Aero.Cms.Modules.Members\Aero.Cms.Modules.Members.csproj]
C:\Users\bbqch\proj\microbians\AeroCMS\src\Aero.Cms.Modules.Members\MembersModule.cs(12,28): warning CS8618: Non-nullable property 'Author' must contain a non-null value when exiting constructor. Consider adding the 'required' modifier or declaring the property as nullable. [C:\Users\bbqch\proj\microbians\AeroCMS\src\Aero.Cms.Modules.Members\Aero.Cms.Modules.Members.csproj]
C:\Users\bbqch\proj\microbians\AeroCMS\src\Aero.Cms.Modules.Members\MembersModule.cs(13,43): warning CS8618: Non-nullable property 'Dependencies' must contain a non-null value when exiting constructor. Consider adding the 'required' modifier or declaring the property as nullable. [C:\Users\bbqch\proj\microbians\AeroCMS\src\Aero.Cms.Modules.Members\Aero.Cms.Modules.Members.csproj]
C:\Users\bbqch\proj\microbians\AeroCMS\src\Aero.Cms.Modules.Members\MembersModule.cs(14,43): warning CS8618: Non-nullable property 'Category' must contain a non-null value when exiting constructor. Consider adding the 'required' modifier or declaring the property as nullable. [C:\Users\bbqch\proj\microbians\AeroCMS\src\Aero.Cms.Modules.Members\Aero.Cms.Modules.Members.csproj]
C:\Users\bbqch\proj\microbians\AeroCMS\src\Aero.Cms.Modules.Members\MembersModule.cs(15,43): warning CS8618: Non-nullable property 'Tags' must contain a non-null value when exiting constructor. Consider adding the 'required' modifier or declaring the property as nullable. [C:\Users\bbqch\proj\microbians\AeroCMS\src\Aero.Cms.Modules.Members\Aero.Cms.Modules.Members.csproj]
  Aero.Cms.Modules.Jobs -> C:\Users\bbqch\proj\microbians\AeroCMS\src\Aero.Cms.Modules.Jobs\bin\Debug\net10.0\Aero.Cms.Modules.Jobs.dll
C:\Users\bbqch\proj\microbians\AeroCMS\src\Modules\Infrastructure\Aero.Cms.Modules.Rewrite\RewriteModule.cs(21,26): warning CS8765: Nullability of type of parameter 'config' doesn't match overridden member (possibly because of nullability attributes). [C:\Users\bbqch\proj\microbians\AeroCMS\src\Modules\Infrastructure\Aero.Cms.Modules.Rewrite\Aero.Cms.Modules.Rewrite.csproj]
C:\Users\bbqch\proj\microbians\AeroCMS\src\Modules\Infrastructure\Aero.Cms.Modules.Rewrite\RewriteModule.cs(21,26): warning CS8765: Nullability of type of parameter 'env' doesn't match overridden member (possibly because of nullability attributes). [C:\Users\bbqch\proj\microbians\AeroCMS\src\Modules\Infrastructure\Aero.Cms.Modules.Rewrite\Aero.Cms.Modules.Rewrite.csproj]
C:\Users\bbqch\proj\microbians\AeroCMS\src\Modules\Infrastructure\Aero.Cms.Modules.Rewrite\RewriteModule.cs(21,97): warning CS8625: Cannot convert null literal to non-nullable reference type. [C:\Users\bbqch\proj\microbians\AeroCMS\src\Modules\Infrastructure\Aero.Cms.Modules.Rewrite\Aero.Cms.Modules.Rewrite.csproj]
C:\Users\bbqch\proj\microbians\AeroCMS\src\Modules\Infrastructure\Aero.Cms.Modules.Rewrite\RewriteModule.cs(21,126): warning CS8625: Cannot convert null literal to non-nullable reference type. [C:\Users\bbqch\proj\microbians\AeroCMS\src\Modules\Infrastructure\Aero.Cms.Modules.Rewrite\Aero.Cms.Modules.Rewrite.csproj]
  Aero.Cms.Modules.GlobalExceptionFilter -> C:\Users\bbqch\proj\microbians\AeroCMS\src\Aero.Cms.Modules.GlobalExceptionFilter\bin\Debug\net10.0\Aero.Cms.Modules.GlobalExceptionFilter.dll
  Aero.Cms.Modules.Rewrite -> C:\Users\bbqch\proj\microbians\AeroCMS\src\Modules\Infrastructure\Aero.Cms.Modules.Rewrite\bin\Debug\net10.0\Aero.Cms.Modules.Rewrite.dll
  The package Aero.Services.0.0.5-alpha is missing a readme. Go to https://aka.ms/nuget/authoring-best-practices/readme to learn why package readmes are important.
  Successfully created package 'C:\Users\bbqch\proj\microbians\AeroCMS\Aero\src\Aero.Services\bin\Debug\Aero.Services.0.0.5-alpha.nupkg'.
  Aero.Cms.Modules.Manager -> C:\Users\bbqch\proj\microbians\AeroCMS\src\Aero.Cms.Modules.Manager\bin\Debug\net10.0\Aero.Cms.Modules.Manager.dll
  Aero.Cms.Modules.Ai -> C:\Users\bbqch\proj\microbians\AeroCMS\src\Aero.Cms.Modules.Ai\bin\Debug\net10.0\Aero.Cms.Modules.Ai.dll
  Successfully created package 'C:\Users\bbqch\proj\microbians\AeroCMS\Aero\src\Aero.Services\bin\Debug\Aero.Services.0.0.5-alpha.snupkg'.
  Aero.Cms.Modules.Docs -> C:\Users\bbqch\proj\microbians\AeroCMS\src\Aero.Cms.Modules.Docs\bin\Debug\net10.0\Aero.Cms.Modules.Docs.dll
  Aero.Cms.Modules.Garnet -> C:\Users\bbqch\proj\microbians\AeroCMS\src\Aero.Cms.Modules.Garnet\bin\Debug\net10.0\Aero.Cms.Modules.Garnet.dll
C:\Program Files\dotnet\sdk\10.0.201\Sdks\Microsoft.NET.Sdk.Razor\targets\Sdk.Razor.CurrentVersion.targets(840,5): warning RAZORSDK1004: One or more Razor view or page files were found, but the project is not configured to add Razor support for MVC. The MSBuild property 'AddRazorSupportForMvc' must be set to correctly compile Razor files that target MVC. For more information, see https://go.microsoft.com/fwlink/?linkid=868374. [C:\Users\bbqch\proj\microbians\AeroCMS\src\Aero.Cms.Modules.ContentCreator\Aero.Cms.Modules.ContentCreator.csproj]
  Aero.Cms.Modules.OneTimePasscode -> C:\Users\bbqch\proj\microbians\AeroCMS\src\Aero.Cms.Modules.OneTimePasscode\bin\Debug\net10.0\Aero.Cms.Modules.OneTimePasscode.dll
  Aero.Cms.Modules.Logging -> C:\Users\bbqch\proj\microbians\AeroCMS\src\Aero.Cms.Modules.Logging\bin\Debug\net10.0\Aero.Cms.Modules.Logging.dll
  Aero.Cms.Modules.AiAssistant -> C:\Users\bbqch\proj\microbians\AeroCMS\src\Aero.Cms.Modules.AiAssistant\bin\Debug\net10.0\Aero.Cms.Modules.AiAssistant.dll
  Aero.Cms.Banners -> C:\Users\bbqch\proj\microbians\AeroCMS\src\Aero.Cms.Banners\bin\Debug\net10.0\Aero.Cms.Banners.dll
  Aero.Cms.Modules.MiniProfiler -> C:\Users\bbqch\proj\microbians\AeroCMS\src\Aero.Cms.Modules.MiniProfiler\bin\Debug\net10.0\Aero.Cms.Modules.MiniProfiler.dll
  Aero.Cms.Modules.Orleans -> C:\Users\bbqch\proj\microbians\AeroCMS\src\Aero.Cms.Modules.Orleans\bin\Debug\net10.0\Aero.Cms.Modules.Orleans.dll
  Aero.Cms.Modules.OutputCache -> C:\Users\bbqch\proj\microbians\AeroCMS\src\Aero.Cms.Modules.OutputCache\bin\Debug\net10.0\Aero.Cms.Modules.OutputCache.dll
  Aero.Cms.Modules.MagicLink -> C:\Users\bbqch\proj\microbians\AeroCMS\src\Aero.Cms.Modules.MagicLink\bin\Debug\net10.0\Aero.Cms.Modules.MagicLink.dll
  Aero.Cms.Modules.Chat -> C:\Users\bbqch\proj\microbians\AeroCMS\src\Aero.Cms.Modules.Chat\bin\Debug\net10.0\Aero.Cms.Modules.Chat.dll
  Aero.Cms.Modules.Mail -> C:\Users\bbqch\proj\microbians\AeroCMS\src\Aero.Cms.Modules.Mail\bin\Debug\net10.0\Aero.Cms.Modules.Mail.dll
  Aero.Cms.Modules.Theming -> C:\Users\bbqch\proj\microbians\AeroCMS\src\Aero.Cms.Modules.Theming\bin\Debug\net10.0\Aero.Cms.Modules.Theming.dll
  Aero.Cms.Modules.Static -> C:\Users\bbqch\proj\microbians\AeroCMS\src\Aero.Cms.Modules.Static\bin\Debug\net10.0\Aero.Cms.Modules.Static.dll
  Aero.Cms.Modules.Modules -> C:\Users\bbqch\proj\microbians\AeroCMS\src\Aero.Cms.Modules.Modules\bin\Debug\net10.0\Aero.Cms.Modules.Modules.dll
C:\Users\bbqch\proj\microbians\AeroCMS\src\Modules\Security\Aero.Cms.Modules.Security\SecurityModule.cs(20,26): warning CS8765: Nullability of type of parameter 'config' doesn't match overridden member (possibly because of nullability attributes). [C:\Users\bbqch\proj\microbians\AeroCMS\src\Modules\Security\Aero.Cms.Modules.Security\Aero.Cms.Modules.Security.csproj]
C:\Users\bbqch\proj\microbians\AeroCMS\src\Modules\Security\Aero.Cms.Modules.Security\SecurityModule.cs(20,26): warning CS8765: Nullability of type of parameter 'env' doesn't match overridden member (possibly because of nullability attributes). [C:\Users\bbqch\proj\microbians\AeroCMS\src\Modules\Security\Aero.Cms.Modules.Security\Aero.Cms.Modules.Security.csproj]
C:\Users\bbqch\proj\microbians\AeroCMS\src\Modules\Security\Aero.Cms.Modules.Security\SecurityModule.cs(20,97): warning CS8625: Cannot convert null literal to non-nullable reference type. [C:\Users\bbqch\proj\microbians\AeroCMS\src\Modules\Security\Aero.Cms.Modules.Security\Aero.Cms.Modules.Security.csproj]
C:\Users\bbqch\proj\microbians\AeroCMS\src\Modules\Security\Aero.Cms.Modules.Security\SecurityModule.cs(20,126): warning CS8625: Cannot convert null literal to non-nullable reference type. [C:\Users\bbqch\proj\microbians\AeroCMS\src\Modules\Security\Aero.Cms.Modules.Security\Aero.Cms.Modules.Security.csproj]
  Aero.Cms.Modules.Crm -> C:\Users\bbqch\proj\microbians\AeroCMS\src\Aero.Cms.Modules.Crm\bin\Debug\net10.0\Aero.Cms.Modules.Crm.dll
  Aero.Cms.Modules.Search -> C:\Users\bbqch\proj\microbians\AeroCMS\src\Aero.Cms.Modules.Search\bin\Debug\net10.0\Aero.Cms.Modules.Search.dll
  Aero.Cms.Modules.Users -> C:\Users\bbqch\proj\microbians\AeroCMS\src\Aero.Cms.Modules.Users\bin\Debug\net10.0\Aero.Cms.Modules.Users.dll
  Aero.Cms.CookiePolicy -> C:\Users\bbqch\proj\microbians\AeroCMS\src\Aero.Cms.CookiePolicy\bin\Debug\net10.0\Aero.Cms.CookiePolicy.dll
  Aero.Cms.Modules.Analytics -> C:\Users\bbqch\proj\microbians\AeroCMS\src\Modules\Analytics\Aero.Cms.Modules.Analytics\bin\Debug\net10.0\Aero.Cms.Modules.Analytics.dll
  Aero.Cms.Modules.SimpleSecurity -> C:\Users\bbqch\proj\microbians\AeroCMS\src\Modules\Security\Aero.Cms.Modules.SimpleSecurity\bin\Debug\net10.0\Aero.Cms.Modules.SimpleSecurity.dll
  Aero.Cms.Modules.WebOptimizer -> C:\Users\bbqch\proj\microbians\AeroCMS\src\Aero.Cms.Modules.WebOptimizer\bin\Debug\net10.0\Aero.Cms.Modules.WebOptimizer.dll
C:\Users\bbqch\proj\microbians\AeroCMS\src\Aero.Cms.Modules.Identity\IdentityModule.cs(22,26): warning CS8765: Nullability of type of parameter 'config' doesn't match overridden member (possibly because of nullability attributes). [C:\Users\bbqch\proj\microbians\AeroCMS\src\Aero.Cms.Modules.Identity\Aero.Cms.Modules.Identity.csproj]
C:\Users\bbqch\proj\microbians\AeroCMS\src\Aero.Cms.Modules.Identity\IdentityModule.cs(22,26): warning CS8765: Nullability of type of parameter 'env' doesn't match overridden member (possibly because of nullability attributes). [C:\Users\bbqch\proj\microbians\AeroCMS\src\Aero.Cms.Modules.Identity\Aero.Cms.Modules.Identity.csproj]
C:\Users\bbqch\proj\microbians\AeroCMS\src\Aero.Cms.Modules.Identity\IdentityModule.cs(22,97): warning CS8625: Cannot convert null literal to non-nullable reference type. [C:\Users\bbqch\proj\microbians\AeroCMS\src\Aero.Cms.Modules.Identity\Aero.Cms.Modules.Identity.csproj]
C:\Users\bbqch\proj\microbians\AeroCMS\src\Aero.Cms.Modules.Identity\IdentityModule.cs(22,126): warning CS8625: Cannot convert null literal to non-nullable reference type. [C:\Users\bbqch\proj\microbians\AeroCMS\src\Aero.Cms.Modules.Identity\Aero.Cms.Modules.Identity.csproj]
C:\Users\bbqch\proj\microbians\AeroCMS\src\Aero.Cms.Modules.Identity\UserStore.cs(53,65): warning CS0436: The type 'UserStore<TUser, TRole>' in 'C:\Users\bbqch\proj\microbians\AeroCMS\src\Aero.Cms.Modules.Identity\UserStore.cs' conflicts with the imported type 'UserStore<TUser, TRole>' in 'Aero.Marten, Version=0.0.5.0, Culture=neutral, PublicKeyToken=null'. Using the type defined in 'C:\Users\bbqch\proj\microbians\AeroCMS\src\Aero.Cms.Modules.Identity\UserStore.cs'. [C:\Users\bbqch\proj\microbians\AeroCMS\src\Aero.Cms.Modules.Identity\Aero.Cms.Modules.Identity.csproj]
C:\Users\bbqch\proj\microbians\AeroCMS\src\Aero.Cms.Modules.Identity\UserStore.cs(62,56): warning CS0436: The type 'UserStore<TUser, TRole>' in 'C:\Users\bbqch\proj\microbians\AeroCMS\src\Aero.Cms.Modules.Identity\UserStore.cs' conflicts with the imported type 'UserStore<TUser, TRole>' in 'Aero.Marten, Version=0.0.5.0, Culture=neutral, PublicKeyToken=null'. Using the type defined in 'C:\Users\bbqch\proj\microbians\AeroCMS\src\Aero.Cms.Modules.Identity\UserStore.cs'. [C:\Users\bbqch\proj\microbians\AeroCMS\src\Aero.Cms.Modules.Identity\Aero.Cms.Modules.Identity.csproj]
C:\Users\bbqch\proj\microbians\AeroCMS\src\Aero.Cms.Modules.Identity\IdentityModule.cs(28,50): warning CS0436: The type 'UserStore<TUser, TRole>' in 'C:\Users\bbqch\proj\microbians\AeroCMS\src\Aero.Cms.Modules.Identity\UserStore.cs' conflicts with the imported type 'UserStore<TUser, TRole>' in 'Aero.Marten, Version=0.0.5.0, Culture=neutral, PublicKeyToken=null'. Using the type defined in 'C:\Users\bbqch\proj\microbians\AeroCMS\src\Aero.Cms.Modules.Identity\UserStore.cs'. [C:\Users\bbqch\proj\microbians\AeroCMS\src\Aero.Cms.Modules.Identity\Aero.Cms.Modules.Identity.csproj]
C:\Users\bbqch\proj\microbians\AeroCMS\src\Aero.Cms.Modules.Identity\IdentityModule.cs(29,50): warning CS0436: The type 'RoleStore<TRole>' in 'C:\Users\bbqch\proj\microbians\AeroCMS\src\Aero.Cms.Modules.Identity\MartenRoleStore.cs' conflicts with the imported type 'RoleStore<TRole>' in 'Aero.Marten, Version=0.0.5.0, Culture=neutral, PublicKeyToken=null'. Using the type defined in 'C:\Users\bbqch\proj\microbians\AeroCMS\src\Aero.Cms.Modules.Identity\MartenRoleStore.cs'. [C:\Users\bbqch\proj\microbians\AeroCMS\src\Aero.Cms.Modules.Identity\Aero.Cms.Modules.Identity.csproj]
C:\Users\bbqch\proj\microbians\AeroCMS\src\Aero.Cms.Modules.Identity\UserStore.cs(271,35): warning CS8601: Possible null reference assignment. [C:\Users\bbqch\proj\microbians\AeroCMS\src\Aero.Cms.Modules.Identity\Aero.Cms.Modules.Identity.csproj]
C:\Users\bbqch\proj\microbians\AeroCMS\src\Aero.Cms.Modules.Identity\UserStore.cs(436,150): warning CS8602: Dereference of a possibly null reference. [C:\Users\bbqch\proj\microbians\AeroCMS\src\Aero.Cms.Modules.Identity\Aero.Cms.Modules.Identity.csproj]
C:\Users\bbqch\proj\microbians\AeroCMS\src\Aero.Cms.Modules.Identity\UserStore.cs(675,35): warning CS8601: Possible null reference assignment. [C:\Users\bbqch\proj\microbians\AeroCMS\src\Aero.Cms.Modules.Identity\Aero.Cms.Modules.Identity.csproj]
C:\Users\bbqch\proj\microbians\AeroCMS\src\Aero.Cms.Modules.Identity\UserStore.cs(683,25): warning CS8601: Possible null reference assignment. [C:\Users\bbqch\proj\microbians\AeroCMS\src\Aero.Cms.Modules.Identity\Aero.Cms.Modules.Identity.csproj]
C:\Program Files\dotnet\sdk\10.0.201\Sdks\Microsoft.NET.Sdk.Razor\targets\Sdk.Razor.CurrentVersion.targets(840,5): warning RAZORSDK1004: One or more Razor view or page files were found, but the project is not configured to add Razor support for MVC. The MSBuild property 'AddRazorSupportForMvc' must be set to correctly compile Razor files that target MVC. For more information, see https://go.microsoft.com/fwlink/?linkid=868374. [C:\Users\bbqch\proj\microbians\AeroCMS\src\Aero.Cms.Modules.Tcp\Aero.Cms.Modules.Tcp.csproj]
  Aero.Cms.Modules.Aliases -> C:\Users\bbqch\proj\microbians\AeroCMS\src\Aero.Cms.Modules.Aliases\bin\Debug\net10.0\Aero.Cms.Modules.Aliases.dll
  Aero.Cms.Modules.Forum -> C:\Users\bbqch\proj\microbians\AeroCMS\src\Aero.Cms.Modules.Forum\bin\Debug\net10.0\Aero.Cms.Modules.Forum.dll
  Aero.Cms.Modules.OpenTelemetry -> C:\Users\bbqch\proj\microbians\AeroCMS\src\Aero.Cms.Modules.OpenTelemetry\bin\Debug\net10.0\Aero.Cms.Modules.OpenTelemetry.dll
  Aero.Cms.Modules.Members -> C:\Users\bbqch\proj\microbians\AeroCMS\src\Aero.Cms.Modules.Members\bin\Debug\net10.0\Aero.Cms.Modules.Members.dll
  Aero.Cms.Modules.Mcp -> C:\Users\bbqch\proj\microbians\AeroCMS\src\Aero.Cms.Modules.Mcp\bin\Debug\net10.0\Aero.Cms.Modules.Mcp.dll
  Aero.Cms.Modules.Identity -> C:\Users\bbqch\proj\microbians\AeroCMS\src\Aero.Cms.Modules.Identity\bin\Debug\net10.0\Aero.Cms.Modules.Identity.dll
  Aero.Cms.Modules.Security -> C:\Users\bbqch\proj\microbians\AeroCMS\src\Modules\Security\Aero.Cms.Modules.Security\bin\Debug\net10.0\Aero.Cms.Modules.Security.dll
  Aero.Cms.Modules.Localization -> C:\Users\bbqch\proj\microbians\AeroCMS\src\Aero.Cms.Modules.Localization\bin\Debug\net10.0\Aero.Cms.Modules.Localization.dll
  Aero.Cms.Modules.Mailer -> C:\Users\bbqch\proj\microbians\AeroCMS\src\Aero.Cms.Modules.Mailer\bin\Debug\net10.0\Aero.Cms.Modules.Mailer.dll
  Aero.Cms.Modules.Tcp -> C:\Users\bbqch\proj\microbians\AeroCMS\src\Aero.Cms.Modules.Tcp\bin\Debug\net10.0\Aero.Cms.Modules.Tcp.dll
  Aero.Cms.Modules.Cache -> C:\Users\bbqch\proj\microbians\AeroCMS\src\Modules\Infrastructure\Aero.Cms.Modules.Cache\bin\Debug\net10.0\Aero.Cms.Modules.Cache.dll
C:\Users\bbqch\proj\microbians\AeroCMS\src\Aero.Cms.Modules.Grpc\GrpcModule.cs(20,26): warning CS8765: Nullability of type of parameter 'config' doesn't match overridden member (possibly because of nullability attributes). [C:\Users\bbqch\proj\microbians\AeroCMS\src\Aero.Cms.Modules.Grpc\Aero.Cms.Modules.Grpc.csproj]
C:\Users\bbqch\proj\microbians\AeroCMS\src\Aero.Cms.Modules.Grpc\GrpcModule.cs(20,26): warning CS8765: Nullability of type of parameter 'env' doesn't match overridden member (possibly because of nullability attributes). [C:\Users\bbqch\proj\microbians\AeroCMS\src\Aero.Cms.Modules.Grpc\Aero.Cms.Modules.Grpc.csproj]
C:\Users\bbqch\proj\microbians\AeroCMS\src\Aero.Cms.Modules.Grpc\GrpcModule.cs(20,97): warning CS8625: Cannot convert null literal to non-nullable reference type. [C:\Users\bbqch\proj\microbians\AeroCMS\src\Aero.Cms.Modules.Grpc\Aero.Cms.Modules.Grpc.csproj]
C:\Users\bbqch\proj\microbians\AeroCMS\src\Aero.Cms.Modules.Grpc\GrpcModule.cs(20,126): warning CS8625: Cannot convert null literal to non-nullable reference type. [C:\Users\bbqch\proj\microbians\AeroCMS\src\Aero.Cms.Modules.Grpc\Aero.Cms.Modules.Grpc.csproj]
C:\Users\bbqch\proj\microbians\AeroCMS\Aero\src\Aero.Web\Controllers\AeroApiBaseController.cs(38,79): warning CS8625: Cannot convert null literal to non-nullable reference type. [C:\Users\bbqch\proj\microbians\AeroCMS\Aero\src\Aero.Web\Aero.Web.csproj]
C:\Users\bbqch\proj\microbians\AeroCMS\Aero\src\Aero.Web\ApiResponse.cs(26,14): warning CS8618: Non-nullable property 'Data' must contain a non-null value when exiting constructor. Consider adding the 'required' modifier or declaring the property as nullable. [C:\Users\bbqch\proj\microbians\AeroCMS\Aero\src\Aero.Web\Aero.Web.csproj]
C:\Users\bbqch\proj\microbians\AeroCMS\Aero\src\Aero.Web\Commands\SaveRefreshTokenCommand.cs(39,19): warning CS8618: Non-nullable property 'Username' must contain a non-null value when exiting constructor. Consider adding the 'required' modifier or declaring the property as nullable. [C:\Users\bbqch\proj\microbians\AeroCMS\Aero\src\Aero.Web\Aero.Web.csproj]
C:\Users\bbqch\proj\microbians\AeroCMS\Aero\src\Aero.Web\Commands\SaveRefreshTokenCommand.cs(40,19): warning CS8618: Non-nullable property 'Password' must contain a non-null value when exiting constructor. Consider adding the 'required' modifier or declaring the property as nullable. [C:\Users\bbqch\proj\microbians\AeroCMS\Aero\src\Aero.Web\Aero.Web.csproj]
C:\Users\bbqch\proj\microbians\AeroCMS\Aero\src\Aero.Web\Commands\SaveRefreshTokenCommand.cs(41,19): warning CS8618: Non-nullable property 'Token' must contain a non-null value when exiting constructor. Consider adding the 'required' modifier or declaring the property as nullable. [C:\Users\bbqch\proj\microbians\AeroCMS\Aero\src\Aero.Web\Aero.Web.csproj]
C:\Users\bbqch\proj\microbians\AeroCMS\Aero\src\Aero.Web\Commands\DeleteRefreshTokenCommand.cs(10,19): warning CS8618: Non-nullable property 'Username' must contain a non-null value when exiting constructor. Consider adding the 'required' modifier or declaring the property as nullable. [C:\Users\bbqch\proj\microbians\AeroCMS\Aero\src\Aero.Web\Aero.Web.csproj]
C:\Users\bbqch\proj\microbians\AeroCMS\Aero\src\Aero.Web\Commands\DeleteRefreshTokenCommand.cs(11,19): warning CS8618: Non-nullable property 'Password' must contain a non-null value when exiting constructor. Consider adding the 'required' modifier or declaring the property as nullable. [C:\Users\bbqch\proj\microbians\AeroCMS\Aero\src\Aero.Web\Aero.Web.csproj]
C:\Users\bbqch\proj\microbians\AeroCMS\Aero\src\Aero.Web\Commands\DeleteRefreshTokenCommand.cs(12,19): warning CS8618: Non-nullable property 'RefreshToken' must contain a non-null value when exiting constructor. Consider adding the 'required' modifier or declaring the property as nullable. [C:\Users\bbqch\proj\microbians\AeroCMS\Aero\src\Aero.Web\Aero.Web.csproj]
C:\Users\bbqch\proj\microbians\AeroCMS\Aero\src\Aero.Web\ErrorViewModel.cs(5,19): warning CS8618: Non-nullable property 'RequestId' must contain a non-null value when exiting constructor. Consider adding the 'required' modifier or declaring the property as nullable. [C:\Users\bbqch\proj\microbians\AeroCMS\Aero\src\Aero.Web\Aero.Web.csproj]
C:\Users\bbqch\proj\microbians\AeroCMS\Aero\src\Aero.Web\Extensions\WebResponseExtensions.cs(15,28): warning CS8601: Possible null reference assignment. [C:\Users\bbqch\proj\microbians\AeroCMS\Aero\src\Aero.Web\Aero.Web.csproj]
C:\Users\bbqch\proj\microbians\AeroCMS\Aero\src\Aero.Web\Jwt\IJwtFactory.cs(7,19): warning CS8618: Non-nullable property 'AccessToken' must contain a non-null value when exiting constructor. Consider adding the 'required' modifier or declaring the property as nullable. [C:\Users\bbqch\proj\microbians\AeroCMS\Aero\src\Aero.Web\Aero.Web.csproj]
C:\Users\bbqch\proj\microbians\AeroCMS\Aero\src\Aero.Web\Jwt\IJwtFactory.cs(8,19): warning CS8618: Non-nullable property 'RefreshToken' must contain a non-null value when exiting constructor. Consider adding the 'required' modifier or declaring the property as nullable. [C:\Users\bbqch\proj\microbians\AeroCMS\Aero\src\Aero.Web\Aero.Web.csproj]
C:\Users\bbqch\proj\microbians\AeroCMS\Aero\src\Aero.Web\Jwt\JwtOptions.cs(5,19): warning CS8618: Non-nullable property 'Issuer' must contain a non-null value when exiting constructor. Consider adding the 'required' modifier or declaring the property as nullable. [C:\Users\bbqch\proj\microbians\AeroCMS\Aero\src\Aero.Web\Aero.Web.csproj]
C:\Users\bbqch\proj\microbians\AeroCMS\Aero\src\Aero.Web\Jwt\JwtOptions.cs(6,19): warning CS8618: Non-nullable property 'Subject' must contain a non-null value when exiting constructor. Consider adding the 'required' modifier or declaring the property as nullable. [C:\Users\bbqch\proj\microbians\AeroCMS\Aero\src\Aero.Web\Aero.Web.csproj]
C:\Users\bbqch\proj\microbians\AeroCMS\Aero\src\Aero.Web\Jwt\JwtOptions.cs(7,19): warning CS8618: Non-nullable property 'Audience' must contain a non-null value when exiting constructor. Consider adding the 'required' modifier or declaring the property as nullable. [C:\Users\bbqch\proj\microbians\AeroCMS\Aero\src\Aero.Web\Aero.Web.csproj]
C:\Users\bbqch\proj\microbians\AeroCMS\Aero\src\Aero.Web\Jwt\JwtOptions.cs(8,19): warning CS8618: Non-nullable property 'Key' must contain a non-null value when exiting constructor. Consider adding the 'required' modifier or declaring the property as nullable. [C:\Users\bbqch\proj\microbians\AeroCMS\Aero\src\Aero.Web\Aero.Web.csproj]
C:\Users\bbqch\proj\microbians\AeroCMS\Aero\src\Aero.Web\Jwt\JwtOptions.cs(11,19): warning CS8618: Non-nullable property 'EncryptionKey' must contain a non-null value when exiting constructor. Consider adding the 'required' modifier or declaring the property as nullable. [C:\Users\bbqch\proj\microbians\AeroCMS\Aero\src\Aero.Web\Aero.Web.csproj]
C:\Users\bbqch\proj\microbians\AeroCMS\Aero\src\Aero.Web\Extensions\WebResponseExtensions.cs(28,28): warning CS8601: Possible null reference assignment. [C:\Users\bbqch\proj\microbians\AeroCMS\Aero\src\Aero.Web\Aero.Web.csproj]
C:\Users\bbqch\proj\microbians\AeroCMS\Aero\src\Aero.Web\Extensions\WebResponseExtensions.cs(41,28): warning CS8601: Possible null reference assignment. [C:\Users\bbqch\proj\microbians\AeroCMS\Aero\src\Aero.Web\Aero.Web.csproj]
C:\Users\bbqch\proj\microbians\AeroCMS\Aero\src\Aero.Web\Models\ApiClaimsModel.cs(9,19): warning CS8618: Non-nullable property 'ClaimKey' must contain a non-null value when exiting constructor. Consider adding the 'required' modifier or declaring the property as nullable. [C:\Users\bbqch\proj\microbians\AeroCMS\Aero\src\Aero.Web\Aero.Web.csproj]
C:\Users\bbqch\proj\microbians\AeroCMS\Aero\src\Aero.Web\Models\ApiClaimsModel.cs(10,19): warning CS8618: Non-nullable property 'ClaimValue' must contain a non-null value when exiting constructor. Consider adding the 'required' modifier or declaring the property as nullable. [C:\Users\bbqch\proj\microbians\AeroCMS\Aero\src\Aero.Web\Aero.Web.csproj]
C:\Users\bbqch\proj\microbians\AeroCMS\Aero\src\Aero.Web\Extensions\ClaimsPrincipalExtensions.cs(8,12): warning CS8603: Possible null reference return. [C:\Users\bbqch\proj\microbians\AeroCMS\Aero\src\Aero.Web\Aero.Web.csproj]
C:\Users\bbqch\proj\microbians\AeroCMS\Aero\src\Aero.Web\Extensions\ClaimsPrincipalExtensions.cs(11,12): warning CS8603: Possible null reference return. [C:\Users\bbqch\proj\microbians\AeroCMS\Aero\src\Aero.Web\Aero.Web.csproj]
C:\Users\bbqch\proj\microbians\AeroCMS\Aero\src\Aero.Web\Extensions\ClaimsPrincipalExtensions.cs(14,12): warning CS8603: Possible null reference return. [C:\Users\bbqch\proj\microbians\AeroCMS\Aero\src\Aero.Web\Aero.Web.csproj]
C:\Users\bbqch\proj\microbians\AeroCMS\Aero\src\Aero.Web\Controllers\AeroApiBaseController.cs(30,27): warning CS8602: Dereference of a possibly null reference. [C:\Users\bbqch\proj\microbians\AeroCMS\Aero\src\Aero.Web\Aero.Web.csproj]
C:\Users\bbqch\proj\microbians\AeroCMS\Aero\src\Aero.Web\Filters\ValidateModelAttribute.cs(10,51): warning CS8618: Non-nullable field 'log' must contain a non-null value when exiting constructor. Consider adding the 'required' modifier or declaring the field as nullable. [C:\Users\bbqch\proj\microbians\AeroCMS\Aero\src\Aero.Web\Aero.Web.csproj]
C:\Users\bbqch\proj\microbians\AeroCMS\Aero\src\Aero.Web\Middleware\RequestCultureMiddleware.cs(12,43): warning CS8604: Possible null reference argument for parameter 'name' in 'CultureInfo.CultureInfo(string name)'. [C:\Users\bbqch\proj\microbians\AeroCMS\Aero\src\Aero.Web\Aero.Web.csproj]
C:\Users\bbqch\proj\microbians\AeroCMS\Aero\src\Aero.Web\Jwt\JwtFactory.cs(16,9): warning CS9179: Primary constructor parameter 'ILogger<JwtFactory> log' is shadowed by a member from base. [C:\Users\bbqch\proj\microbians\AeroCMS\Aero\src\Aero.Web\Aero.Web.csproj]
C:\Users\bbqch\proj\microbians\AeroCMS\Aero\src\Aero.Web\Jwt\JwtFactory.cs(17,9): warning CS9179: Primary constructor parameter 'ILogger<JwtFactory> log' is shadowed by a member from base. [C:\Users\bbqch\proj\microbians\AeroCMS\Aero\src\Aero.Web\Aero.Web.csproj]
C:\Users\bbqch\proj\microbians\AeroCMS\Aero\src\Aero.Web\Jwt\JwtFactory.cs(39,9): warning CS9179: Primary constructor parameter 'ILogger<JwtFactory> log' is shadowed by a member from base. [C:\Users\bbqch\proj\microbians\AeroCMS\Aero\src\Aero.Web\Aero.Web.csproj]
C:\Users\bbqch\proj\microbians\AeroCMS\Aero\src\Aero.Web\Extensions\ClaimsPrincipalExtensions.cs(29,20): warning CS8600: Converting null literal or possible null value to non-nullable type. [C:\Users\bbqch\proj\microbians\AeroCMS\Aero\src\Aero.Web\Aero.Web.csproj]
C:\Users\bbqch\proj\microbians\AeroCMS\Aero\src\Aero.Web\Extensions\ClaimsPrincipalExtensions.cs(29,20): warning CS8603: Possible null reference return. [C:\Users\bbqch\proj\microbians\AeroCMS\Aero\src\Aero.Web\Aero.Web.csproj]
C:\Users\bbqch\proj\microbians\AeroCMS\Aero\src\Aero.Web\Extensions\ClaimsPrincipalExtensions.cs(49,16): warning CS8603: Possible null reference return. [C:\Users\bbqch\proj\microbians\AeroCMS\Aero\src\Aero.Web\Aero.Web.csproj]
C:\Users\bbqch\proj\microbians\AeroCMS\Aero\src\Aero.Web\Extensions\SessionExtensions.cs(13,16): warning CS8603: Possible null reference return. [C:\Users\bbqch\proj\microbians\AeroCMS\Aero\src\Aero.Web\Aero.Web.csproj]
C:\Users\bbqch\proj\microbians\AeroCMS\Aero\src\Aero.Web\Extensions\ClaimsPrincipalExtensions.cs(56,16): warning CS8603: Possible null reference return. [C:\Users\bbqch\proj\microbians\AeroCMS\Aero\src\Aero.Web\Aero.Web.csproj]
C:\Users\bbqch\proj\microbians\AeroCMS\Aero\src\Aero.Web\Middleware\CloudflareMiddleware.cs(79,28): warning CS8604: Possible null reference argument for parameter 'ipadress' in 'bool CloudFlareConnectingIpMiddleware.IsCloudFlareIp(IPAddress ipadress)'. [C:\Users\bbqch\proj\microbians\AeroCMS\Aero\src\Aero.Web\Aero.Web.csproj]
C:\Users\bbqch\proj\microbians\AeroCMS\Aero\src\Aero.Web\Extensions\MartenExtensions.cs(15,29): warning CS8604: Possible null reference argument for parameter 'connectionString' in 'void StoreOptions.Connection(string connectionString)'. [C:\Users\bbqch\proj\microbians\AeroCMS\Aero\src\Aero.Web\Aero.Web.csproj]
C:\Users\bbqch\proj\microbians\AeroCMS\Aero\src\Aero.Web\Infrastructure\CacheService.cs(39,14): warning CS8602: Dereference of a possibly null reference. [C:\Users\bbqch\proj\microbians\AeroCMS\Aero\src\Aero.Web\Aero.Web.csproj]
  Aero.Cms.Modules.Settings -> C:\Users\bbqch\proj\microbians\AeroCMS\src\Aero.Cms.Modules.Settings\bin\Debug\net10.0\Aero.Cms.Modules.Settings.dll
C:\Users\bbqch\proj\microbians\AeroCMS\Aero\src\Aero.Web\Extensions\ScalarExtensions.cs(13,17): warning CS0618: 'ScalarOptionsExtensions.WithPreferredScheme<TOptions>(TOptions, string)' is obsolete: 'This method is obsolete and will be removed in a future release. Use AddPreferredSecuritySchemes instead.' [C:\Users\bbqch\proj\microbians\AeroCMS\Aero\src\Aero.Web\Aero.Web.csproj]
C:\Users\bbqch\proj\microbians\AeroCMS\Aero\src\Aero.Web\Extensions\ScalarExtensions.cs(15,55): warning CS0618: 'HttpBearerOptions' is obsolete: 'This class is obsolete and will be removed in a future release. Use AddHttpBasicAuthentication with ScalarHttpSecurityScheme instead.' [C:\Users\bbqch\proj\microbians\AeroCMS\Aero\src\Aero.Web\Aero.Web.csproj]
C:\Users\bbqch\proj\microbians\AeroCMS\Aero\src\Aero.Web\Extensions\ScalarExtensions.cs(13,17): warning CS0618: 'ScalarOptionsExtensions.WithHttpBearerAuthentication(ScalarOptions, HttpBearerOptions)' is obsolete: 'This method is obsolete and will be removed in a future release. Use AddHttpAuthentication instead.' [C:\Users\bbqch\proj\microbians\AeroCMS\Aero\src\Aero.Web\Aero.Web.csproj]
C:\Users\bbqch\proj\microbians\AeroCMS\Aero\src\Aero.Web\Extensions\ScalarExtensions.cs(13,17): warning CS0618: 'ScalarOptionsExtensions.WithDownloadButton<TOptions>(TOptions, bool)' is obsolete: 'This method is obsolete and will be removed in a future release. Use 'WithDocumentDownloadType' instead.' [C:\Users\bbqch\proj\microbians\AeroCMS\Aero\src\Aero.Web\Aero.Web.csproj]
C:\Users\bbqch\proj\microbians\AeroCMS\Aero\src\Aero.Web\Extensions\ScalarExtensions.cs(13,17): warning CS0618: 'ScalarOptionsExtensions.WithClientButton<TOptions>(TOptions, bool)' is obsolete: 'This method is obsolete and will be removed in a future release. Please use HideClientButton() instead. Note: WithClientButton(true) is the default behavior and can be removed entirely.' [C:\Users\bbqch\proj\microbians\AeroCMS\Aero\src\Aero.Web\Aero.Web.csproj]
C:\Users\bbqch\proj\microbians\AeroCMS\Aero\src\Aero.Web\Infrastructure\CacheService.cs(51,17): warning CS8602: Dereference of a possibly null reference. [C:\Users\bbqch\proj\microbians\AeroCMS\Aero\src\Aero.Web\Aero.Web.csproj]
C:\Users\bbqch\proj\microbians\AeroCMS\Aero\src\Aero.Web\AppSettingsMiddleware.cs(26,48): warning CS8601: Possible null reference assignment. [C:\Users\bbqch\proj\microbians\AeroCMS\Aero\src\Aero.Web\Aero.Web.csproj]
C:\Users\bbqch\proj\microbians\AeroCMS\Aero\src\Aero.Web\Extensions\SerilogOpenTelemExtensions.cs(53,36): warning CS8604: Possible null reference argument for parameter 'teamId' in 'LoggerConfiguration HoneycombSinkExtensions.HoneycombSink(LoggerSinkConfiguration loggerConfiguration, string teamId, string apiKey, PeriodicBatchingSinkOptions? batchingOptions = null, Func<HttpClient>? httpClientFactory = null, string honeycombUrl = "https://api.honeycomb.io/")'. [C:\Users\bbqch\proj\microbians\AeroCMS\Aero\src\Aero.Web\Aero.Web.csproj]
C:\Users\bbqch\proj\microbians\AeroCMS\Aero\src\Aero.Web\Extensions\SerilogOpenTelemExtensions.cs(53,49): warning CS8604: Possible null reference argument for parameter 'apiKey' in 'LoggerConfiguration HoneycombSinkExtensions.HoneycombSink(LoggerSinkConfiguration loggerConfiguration, string teamId, string apiKey, PeriodicBatchingSinkOptions? batchingOptions = null, Func<HttpClient>? httpClientFactory = null, string honeycombUrl = "https://api.honeycomb.io/")'. [C:\Users\bbqch\proj\microbians\AeroCMS\Aero\src\Aero.Web\Aero.Web.csproj]
C:\Users\bbqch\proj\microbians\AeroCMS\Aero\src\Aero.Web\Extensions\HttpContextExtensions.cs(57,35): warning CS8601: Possible null reference assignment. [C:\Users\bbqch\proj\microbians\AeroCMS\Aero\src\Aero.Web\Aero.Web.csproj]
C:\Users\bbqch\proj\microbians\AeroCMS\Aero\src\Aero.Web\Email\SmtpEmalSender.cs(39,54): warning CS1574: XML comment has cref attribute 'EmailSender' that could not be resolved [C:\Users\bbqch\proj\microbians\AeroCMS\Aero\src\Aero.Web\Aero.Web.csproj]
C:\Users\bbqch\proj\microbians\AeroCMS\Aero\src\Aero.Web\Infrastructure\DefaultApiKeyGenerator.cs(19,21): warning CS1574: XML comment has cref attribute 'ApiKeyGenerationOptions' that could not be resolved [C:\Users\bbqch\proj\microbians\AeroCMS\Aero\src\Aero.Web\Aero.Web.csproj]
C:\Users\bbqch\proj\microbians\AeroCMS\Aero\src\Aero.Web\Middleware\XssExtensions.cs(32,13): warning ASP0019: Use IHeaderDictionary.Append or the indexer to append or set headers. IDictionary.Add will throw an ArgumentException when attempting to add a duplicate key. (https://aka.ms/aspnet/analyzers) [C:\Users\bbqch\proj\microbians\AeroCMS\Aero\src\Aero.Web\Aero.Web.csproj]
C:\Users\bbqch\proj\microbians\AeroCMS\Aero\src\Aero.Web\Middleware\XssExtensions.cs(35,17): warning ASP0019: Use IHeaderDictionary.Append or the indexer to append or set headers. IDictionary.Add will throw an ArgumentException when attempting to add a duplicate key. (https://aka.ms/aspnet/analyzers) [C:\Users\bbqch\proj\microbians\AeroCMS\Aero\src\Aero.Web\Aero.Web.csproj]
C:\Users\bbqch\proj\microbians\AeroCMS\Aero\src\Aero.Web\Middleware\XssExtensions.cs(45,17): warning ASP0019: Use IHeaderDictionary.Append or the indexer to append or set headers. IDictionary.Add will throw an ArgumentException when attempting to add a duplicate key. (https://aka.ms/aspnet/analyzers) [C:\Users\bbqch\proj\microbians\AeroCMS\Aero\src\Aero.Web\Aero.Web.csproj]
  Aero.Cms.Modules.Grpc -> C:\Users\bbqch\proj\microbians\AeroCMS\src\Aero.Cms.Modules.Grpc\bin\Debug\net10.0\Aero.Cms.Modules.Grpc.dll
  Aero.Web -> C:\Users\bbqch\proj\microbians\AeroCMS\Aero\src\Aero.Web\bin\Debug\net10.0\Aero.Web.dll
C:\Users\bbqch\proj\microbians\AeroCMS\src\Aero.Cms.Modules.Jwt\JwtAuthModule.cs(25,26): warning CS8765: Nullability of type of parameter 'config' doesn't match overridden member (possibly because of nullability attributes). [C:\Users\bbqch\proj\microbians\AeroCMS\src\Aero.Cms.Modules.Jwt\Aero.Cms.Modules.Jwt.csproj]
C:\Users\bbqch\proj\microbians\AeroCMS\src\Aero.Cms.Modules.Jwt\JwtAuthModule.cs(25,26): warning CS8765: Nullability of type of parameter 'env' doesn't match overridden member (possibly because of nullability attributes). [C:\Users\bbqch\proj\microbians\AeroCMS\src\Aero.Cms.Modules.Jwt\Aero.Cms.Modules.Jwt.csproj]
C:\Users\bbqch\proj\microbians\AeroCMS\src\Aero.Cms.Modules.Jwt\JwtAuthModule.cs(25,97): warning CS8625: Cannot convert null literal to non-nullable reference type. [C:\Users\bbqch\proj\microbians\AeroCMS\src\Aero.Cms.Modules.Jwt\Aero.Cms.Modules.Jwt.csproj]
C:\Users\bbqch\proj\microbians\AeroCMS\src\Aero.Cms.Modules.Jwt\JwtAuthModule.cs(25,126): warning CS8625: Cannot convert null literal to non-nullable reference type. [C:\Users\bbqch\proj\microbians\AeroCMS\src\Aero.Cms.Modules.Jwt\Aero.Cms.Modules.Jwt.csproj]
  Aero.Cms.Modules.ContentCreator -> C:\Users\bbqch\proj\microbians\AeroCMS\src\Aero.Cms.Modules.ContentCreator\bin\Debug\net10.0\Aero.Cms.Modules.ContentCreator.dll
  Aero.Cms.Modules.Jwt -> C:\Users\bbqch\proj\microbians\AeroCMS\src\Aero.Cms.Modules.Jwt\bin\Debug\net10.0\Aero.Cms.Modules.Jwt.dll
C:\Users\bbqch\proj\microbians\AeroCMS\src\Modules\Infrastructure\Aero.Cms.Modules.RateLimiting\RateLimitingModule.cs(20,26): warning CS8765: Nullability of type of parameter 'config' doesn't match overridden member (possibly because of nullability attributes). [C:\Users\bbqch\proj\microbians\AeroCMS\src\Modules\Infrastructure\Aero.Cms.Modules.RateLimiting\Aero.Cms.Modules.RateLimiting.csproj]
C:\Users\bbqch\proj\microbians\AeroCMS\src\Modules\Infrastructure\Aero.Cms.Modules.RateLimiting\RateLimitingModule.cs(20,26): warning CS8765: Nullability of type of parameter 'env' doesn't match overridden member (possibly because of nullability attributes). [C:\Users\bbqch\proj\microbians\AeroCMS\src\Modules\Infrastructure\Aero.Cms.Modules.RateLimiting\Aero.Cms.Modules.RateLimiting.csproj]
C:\Users\bbqch\proj\microbians\AeroCMS\src\Modules\Infrastructure\Aero.Cms.Modules.RateLimiting\RateLimitingModule.cs(20,97): warning CS8625: Cannot convert null literal to non-nullable reference type. [C:\Users\bbqch\proj\microbians\AeroCMS\src\Modules\Infrastructure\Aero.Cms.Modules.RateLimiting\Aero.Cms.Modules.RateLimiting.csproj]
C:\Users\bbqch\proj\microbians\AeroCMS\src\Modules\Infrastructure\Aero.Cms.Modules.RateLimiting\RateLimitingModule.cs(20,126): warning CS8625: Cannot convert null literal to non-nullable reference type. [C:\Users\bbqch\proj\microbians\AeroCMS\src\Modules\Infrastructure\Aero.Cms.Modules.RateLimiting\Aero.Cms.Modules.RateLimiting.csproj]
  Aero.Cms.Modules.RateLimiting -> C:\Users\bbqch\proj\microbians\AeroCMS\src\Modules\Infrastructure\Aero.Cms.Modules.RateLimiting\bin\Debug\net10.0\Aero.Cms.Modules.RateLimiting.dll
C:\Users\bbqch\proj\microbians\AeroCMS\Aero\src\Aero.Auth\Controllers\AuthController.cs(12,15): warning CS1570: XML comment has badly formed XML -- 'Whitespace is not allowed at this location.' [C:\Users\bbqch\proj\microbians\AeroCMS\Aero\src\Aero.Auth\Aero.Auth.csproj]
C:\Users\bbqch\proj\microbians\AeroCMS\Aero\src\Aero.Auth\Services\JwtSigningKeyStore.cs(165,29): warning SYSLIB0023: 'RNGCryptoServiceProvider' is obsolete: 'RNGCryptoServiceProvider is obsolete. To generate a random number, use one of the RandomNumberGenerator static methods instead.' (https://aka.ms/dotnet-warnings/SYSLIB0023) [C:\Users\bbqch\proj\microbians\AeroCMS\Aero\src\Aero.Auth\Aero.Auth.csproj]
C:\Users\bbqch\proj\microbians\AeroCMS\Aero\src\Aero.Auth\Controllers\AuthController.cs(635,9): warning CS0162: Unreachable code detected [C:\Users\bbqch\proj\microbians\AeroCMS\Aero\src\Aero.Auth\Aero.Auth.csproj]
C:\Users\bbqch\proj\microbians\AeroCMS\Aero\src\Aero.Auth\Extensions\SocialLoginExtensions.cs(17,87): warning CS1573: Parameter 'services' has no matching param tag in the XML comment for 'SocialLoginExtensions.AddAeroAuthentication(IServiceCollection, IHostEnvironment, IConfiguration)' (but other parameters do) [C:\Users\bbqch\proj\microbians\AeroCMS\Aero\src\Aero.Auth\Aero.Auth.csproj]
  Aero.Auth -> C:\Users\bbqch\proj\microbians\AeroCMS\Aero\src\Aero.Auth\bin\Debug\net10.0\Aero.Auth.dll

Build FAILED.

C:\Users\bbqch\proj\microbians\AeroCMS\src\Aero.Cms.Modules.Garnet\Aero.Cms.Modules.Garnet.csproj : warning NU1510: PackageReference Microsoft.Extensions.Hosting will not be pruned. Consider removing this package from your dependencies, as it is likely unnecessary. [C:\Users\bbqch\proj\microbians\AeroCMS\src\Aero.Cms.slnx]
C:\Users\bbqch\proj\microbians\AeroCMS\src\Aero.Cms.Web\Aero.Cms.Web.csproj : warning NU1510: PackageReference Microsoft.Extensions.Logging.Abstractions will not be pruned. Consider removing this package from your dependencies, as it is likely unnecessary. [C:\Users\bbqch\proj\microbians\AeroCMS\src\Aero.Cms.slnx]
C:\Users\bbqch\proj\microbians\AeroCMS\src\Aero.Cms.Web\Aero.Cms.Web.csproj : warning NU1608: Detected package version outside of dependency constraint: AngleSharp.Css 0.17.0 requires AngleSharp (>= 0.17.0 && < 0.18.0) but version AngleSharp 1.4.0 was resolved. [C:\Users\bbqch\proj\microbians\AeroCMS\src\Aero.Cms.slnx]
C:\Users\bbqch\proj\microbians\AeroCMS\Aero\src\Aero.Social\Aero.Social.csproj : warning NU1903: Package 'Newtonsoft.Json' 10.0.2 has a known high severity vulnerability, https://github.com/advisories/GHSA-5crp-9r3c-p9vr [C:\Users\bbqch\proj\microbians\AeroCMS\src\Aero.Cms.slnx]
C:\Users\bbqch\proj\microbians\AeroCMS\Aero\src\Aero.Web\Aero.Web.csproj : warning NU1902: Package 'MimeKit' 2.10.1 has a known moderate severity vulnerability, https://github.com/advisories/GHSA-g7hc-96xr-gvvx [C:\Users\bbqch\proj\microbians\AeroCMS\src\Aero.Cms.slnx]
C:\Users\bbqch\proj\microbians\AeroCMS\Aero\src\Aero.SignalR\Aero.SignalR.csproj : warning NU1903: Package 'Newtonsoft.Json' 11.0.2 has a known high severity vulnerability, https://github.com/advisories/GHSA-5crp-9r3c-p9vr [C:\Users\bbqch\proj\microbians\AeroCMS\src\Aero.Cms.slnx]
C:\Users\bbqch\proj\microbians\AeroCMS\Aero\src\Aero.Core\Aero.Core.csproj : warning NU1903: Package 'Newtonsoft.Json' 10.0.2 has a known high severity vulnerability, https://github.com/advisories/GHSA-5crp-9r3c-p9vr [C:\Users\bbqch\proj\microbians\AeroCMS\src\Aero.Cms.slnx]
C:\Users\bbqch\proj\microbians\AeroCMS\Aero\src\Aero.Services\Aero.Services.csproj : warning NU1902: Package 'MimeKit' 2.10.1 has a known moderate severity vulnerability, https://github.com/advisories/GHSA-g7hc-96xr-gvvx [C:\Users\bbqch\proj\microbians\AeroCMS\src\Aero.Cms.slnx]
C:\Users\bbqch\proj\microbians\AeroCMS\src\Aero.Cms.Modules.Blog.Importer\Aero.Cms.Modules.Blog.Importer.csproj : warning NU1608: Detected package version outside of dependency constraint: AngleSharp.Css 0.17.0 requires AngleSharp (>= 0.17.0 && < 0.18.0) but version AngleSharp 1.4.0 was resolved. [C:\Users\bbqch\proj\microbians\AeroCMS\src\Aero.Cms.slnx]
C:\Users\bbqch\proj\microbians\AeroCMS\Aero\src\Aero.Auth\Aero.Auth.csproj : warning NU1902: Package 'MimeKit' 2.10.1 has a known moderate severity vulnerability, https://github.com/advisories/GHSA-g7hc-96xr-gvvx [C:\Users\bbqch\proj\microbians\AeroCMS\src\Aero.Cms.slnx]
C:\Users\bbqch\proj\microbians\AeroCMS\Aero\src\Aero.Social\Aero.Social.csproj : warning NU1903: Package 'Newtonsoft.Json' 10.0.2 has a known high severity vulnerability, https://github.com/advisories/GHSA-5crp-9r3c-p9vr
C:\Users\bbqch\proj\microbians\AeroCMS\Aero\src\Aero.Services\Aero.Services.csproj : warning NU1902: Package 'MimeKit' 2.10.1 has a known moderate severity vulnerability, https://github.com/advisories/GHSA-g7hc-96xr-gvvx
C:\Users\bbqch\proj\microbians\AeroCMS\Aero\src\Aero.SignalR\Aero.SignalR.csproj : warning NU1903: Package 'Newtonsoft.Json' 11.0.2 has a known high severity vulnerability, https://github.com/advisories/GHSA-5crp-9r3c-p9vr
C:\Users\bbqch\proj\microbians\AeroCMS\Aero\src\Aero.Core\Aero.Core.csproj : warning NU1903: Package 'Newtonsoft.Json' 10.0.2 has a known high severity vulnerability, https://github.com/advisories/GHSA-5crp-9r3c-p9vr
C:\Users\bbqch\proj\microbians\AeroCMS\Aero\src\Aero.Web\Aero.Web.csproj : warning NU1902: Package 'MimeKit' 2.10.1 has a known moderate severity vulnerability, https://github.com/advisories/GHSA-g7hc-96xr-gvvx
C:\Users\bbqch\proj\microbians\AeroCMS\src\Aero.Cms.Modules.Garnet\Aero.Cms.Modules.Garnet.csproj : warning NU1510: PackageReference Microsoft.Extensions.Hosting will not be pruned. Consider removing this package from your dependencies, as it is likely unnecessary.
C:\Users\bbqch\proj\microbians\AeroCMS\Aero\src\Aero.Auth\Aero.Auth.csproj : warning NU1902: Package 'MimeKit' 2.10.1 has a known moderate severity vulnerability, https://github.com/advisories/GHSA-g7hc-96xr-gvvx
C:\Users\bbqch\proj\microbians\AeroCMS\src\Aero.Cms.Web\Aero.Cms.Web.csproj : warning NU1510: PackageReference Microsoft.Extensions.Logging.Abstractions will not be pruned. Consider removing this package from your dependencies, as it is likely unnecessary.
C:\Users\bbqch\proj\microbians\AeroCMS\src\Aero.Cms.Web\Aero.Cms.Web.csproj : warning NU1608: Detected package version outside of dependency constraint: AngleSharp.Css 0.17.0 requires AngleSharp (>= 0.17.0 && < 0.18.0) but version AngleSharp 1.4.0 was resolved.
C:\Users\bbqch\proj\microbians\AeroCMS\Aero\src\Aero.Cloudflare\DnsUpdaterService.cs(160,35): warning CS8600: Converting null literal or possible null value to non-nullable type. [C:\Users\bbqch\proj\microbians\AeroCMS\Aero\src\Aero.Cloudflare\Aero.Cloudflare.csproj]
C:\Users\bbqch\proj\microbians\AeroCMS\Aero\src\Aero.Cloudflare\DnsUpdaterService.cs(167,29): warning CS8600: Converting null literal or possible null value to non-nullable type. [C:\Users\bbqch\proj\microbians\AeroCMS\Aero\src\Aero.Cloudflare\Aero.Cloudflare.csproj]
C:\Users\bbqch\proj\microbians\AeroCMS\Aero\src\Aero.Cloudflare\DnsUpdaterService.cs(176,16): warning CS8603: Possible null reference return. [C:\Users\bbqch\proj\microbians\AeroCMS\Aero\src\Aero.Cloudflare\Aero.Cloudflare.csproj]
C:\Users\bbqch\proj\microbians\AeroCMS\src\Aero.Cms.Modules.Blog.Importer\Aero.Cms.Modules.Blog.Importer.csproj : warning NU1608: Detected package version outside of dependency constraint: AngleSharp.Css 0.17.0 requires AngleSharp (>= 0.17.0 && < 0.18.0) but version AngleSharp 1.4.0 was resolved.
C:\Users\bbqch\proj\microbians\AeroCMS\Aero\src\Aero.Core\Data\Functional\GenericRepositoryOptional.cs(61,48): warning CS1570: XML comment has badly formed XML -- 'Whitespace is not allowed at this location.' [C:\Users\bbqch\proj\microbians\AeroCMS\Aero\src\Aero.Core\Aero.Core.csproj]
C:\Users\bbqch\proj\microbians\AeroCMS\Aero\src\Aero.Core\Helpers\Config.cs(19,52): warning CS8625: Cannot convert null literal to non-nullable reference type. [C:\Users\bbqch\proj\microbians\AeroCMS\Aero\src\Aero.Core\Aero.Core.csproj]
C:\Users\bbqch\proj\microbians\AeroCMS\Aero\src\Aero.Core\QueryableExtensions.cs(42,68): warning CS8625: Cannot convert null literal to non-nullable reference type. [C:\Users\bbqch\proj\microbians\AeroCMS\Aero\src\Aero.Core\Aero.Core.csproj]
C:\Users\bbqch\proj\microbians\AeroCMS\Aero\src\Aero.Core\QueryableExtensions.cs(42,108): warning CS8625: Cannot convert null literal to non-nullable reference type. [C:\Users\bbqch\proj\microbians\AeroCMS\Aero\src\Aero.Core\Aero.Core.csproj]
C:\Users\bbqch\proj\microbians\AeroCMS\Aero\src\Aero.Core\Identity\AeroRole.cs(59,32): warning CS8766: Nullability of reference types in return type of 'string? AeroRole<TKey>.CreatedBy.get' doesn't match implicitly implemented member 'string IEntity<TKey>.CreatedBy.get' (possibly because of nullability attributes). [C:\Users\bbqch\proj\microbians\AeroCMS\Aero\src\Aero.Core\Aero.Core.csproj]
C:\Users\bbqch\proj\microbians\AeroCMS\Aero\src\Aero.Core\Identity\AeroRole.cs(60,33): warning CS8766: Nullability of reference types in return type of 'string? AeroRole<TKey>.ModifiedBy.get' doesn't match implicitly implemented member 'string IEntity<TKey>.ModifiedBy.get' (possibly because of nullability attributes). [C:\Users\bbqch\proj\microbians\AeroCMS\Aero\src\Aero.Core\Aero.Core.csproj]
C:\Users\bbqch\proj\microbians\AeroCMS\Aero\src\Aero.Core\Extensions\XmlDocumentExtension.cs(442,111): warning CS8625: Cannot convert null literal to non-nullable reference type. [C:\Users\bbqch\proj\microbians\AeroCMS\Aero\src\Aero.Core\Aero.Core.csproj]
C:\Users\bbqch\proj\microbians\AeroCMS\Aero\src\Aero.Core\Extensions\XmlDocumentExtension.cs(456,106): warning CS8625: Cannot convert null literal to non-nullable reference type. [C:\Users\bbqch\proj\microbians\AeroCMS\Aero\src\Aero.Core\Aero.Core.csproj]
C:\Users\bbqch\proj\microbians\AeroCMS\Aero\src\Aero.Core\DataStructures\Trees\Interval.cs(11,16): warning CS8767: Nullability of reference types in type of parameter 'other' of 'int Interval.CompareTo(Interval other)' doesn't match implicitly implemented member 'int IComparable<Interval>.CompareTo(Interval? other)' (possibly because of nullability attributes). [C:\Users\bbqch\proj\microbians\AeroCMS\Aero\src\Aero.Core\Aero.Core.csproj]
C:\Users\bbqch\proj\microbians\AeroCMS\Aero\src\Aero.Core\DataStructures\Trees\Persistence\Interfaces\IKeyValueTree.cs(8,21): warning CS0108: 'IKeyValueTree<TKey, TValue>.DeleteAsync(TKey, CancellationToken)' hides inherited member 'ITree<TKey>.DeleteAsync(TKey, CancellationToken)'. Use the new keyword if hiding was intended. [C:\Users\bbqch\proj\microbians\AeroCMS\Aero\src\Aero.Core\Aero.Core.csproj]
C:\Users\bbqch\proj\microbians\AeroCMS\Aero\src\Aero.Core\DataStructures\Trees\Persistence\Interfaces\IKeyValueTree.cs(9,21): warning CS0108: 'IKeyValueTree<TKey, TValue>.ContainsAsync(TKey, CancellationToken)' hides inherited member 'ITree<TKey>.ContainsAsync(TKey, CancellationToken)'. Use the new keyword if hiding was intended. [C:\Users\bbqch\proj\microbians\AeroCMS\Aero\src\Aero.Core\Aero.Core.csproj]
C:\Users\bbqch\proj\microbians\AeroCMS\Aero\src\Aero.Core\Workers\BackgroundServiceBase.cs(7,22): warning CS9113: Parameter 'sp' is unread. [C:\Users\bbqch\proj\microbians\AeroCMS\Aero\src\Aero.Core\Aero.Core.csproj]
C:\Users\bbqch\proj\microbians\AeroCMS\Aero\src\Aero.Core\Workers\BackgroundServiceBase.cs(8,36): warning CS9113: Parameter 'log' is unread. [C:\Users\bbqch\proj\microbians\AeroCMS\Aero\src\Aero.Core\Aero.Core.csproj]
C:\Users\bbqch\proj\microbians\AeroCMS\Aero\src\Aero.Core\Workers\BackgroundServiceBase.cs(9,20): warning CS9113: Parameter 'config' is unread. [C:\Users\bbqch\proj\microbians\AeroCMS\Aero\src\Aero.Core\Aero.Core.csproj]
C:\Users\bbqch\proj\microbians\AeroCMS\Aero\src\Aero.Core\AppSettings.cs(74,19): warning CS8618: Non-nullable property 'Key' must contain a non-null value when exiting constructor. Consider adding the 'required' modifier or declaring the property as nullable. [C:\Users\bbqch\proj\microbians\AeroCMS\Aero\src\Aero.Core\Aero.Core.csproj]
C:\Users\bbqch\proj\microbians\AeroCMS\Aero\src\Aero.Core\AppSettings.cs(77,19): warning CS8618: Non-nullable property 'From' must contain a non-null value when exiting constructor. Consider adding the 'required' modifier or declaring the property as nullable. [C:\Users\bbqch\proj\microbians\AeroCMS\Aero\src\Aero.Core\Aero.Core.csproj]
C:\Users\bbqch\proj\microbians\AeroCMS\Aero\src\Aero.Core\AppSettings.cs(80,19): warning CS8618: Non-nullable property 'FromName' must contain a non-null value when exiting constructor. Consider adding the 'required' modifier or declaring the property as nullable. [C:\Users\bbqch\proj\microbians\AeroCMS\Aero\src\Aero.Core\Aero.Core.csproj]
C:\Users\bbqch\proj\microbians\AeroCMS\Aero\src\Aero.Core\DataStructures\Trees\Trie.cs(65,24): warning CS8603: Possible null reference return. [C:\Users\bbqch\proj\microbians\AeroCMS\Aero\src\Aero.Core\Aero.Core.csproj]
C:\Users\bbqch\proj\microbians\AeroCMS\Aero\src\Aero.Core\AppSettings.cs(92,19): warning CS8618: Non-nullable property 'AccountSid' must contain a non-null value when exiting constructor. Consider adding the 'required' modifier or declaring the property as nullable. [C:\Users\bbqch\proj\microbians\AeroCMS\Aero\src\Aero.Core\Aero.Core.csproj]
C:\Users\bbqch\proj\microbians\AeroCMS\Aero\src\Aero.Core\AppSettings.cs(95,19): warning CS8618: Non-nullable property 'AuthToken' must contain a non-null value when exiting constructor. Consider adding the 'required' modifier or declaring the property as nullable. [C:\Users\bbqch\proj\microbians\AeroCMS\Aero\src\Aero.Core\Aero.Core.csproj]
C:\Users\bbqch\proj\microbians\AeroCMS\Aero\src\Aero.Core\DataStructures\Trees\Trie.cs(75,16): warning CS8603: Possible null reference return. [C:\Users\bbqch\proj\microbians\AeroCMS\Aero\src\Aero.Core\Aero.Core.csproj]
C:\Users\bbqch\proj\microbians\AeroCMS\Aero\src\Aero.Core\AppSettings.cs(86,19): warning CS8618: Non-nullable property 'SecretKey' must contain a non-null value when exiting constructor. Consider adding the 'required' modifier or declaring the property as nullable. [C:\Users\bbqch\proj\microbians\AeroCMS\Aero\src\Aero.Core\Aero.Core.csproj]
C:\Users\bbqch\proj\microbians\AeroCMS\Aero\src\Aero.Core\DataStructures\Trees\AvlTree.cs(57,20): warning CS8603: Possible null reference return. [C:\Users\bbqch\proj\microbians\AeroCMS\Aero\src\Aero.Core\Aero.Core.csproj]
C:\Users\bbqch\proj\microbians\AeroCMS\Aero\src\Aero.Core\DataStructures\Trees\AvlTree.cs(73,24): warning CS8600: Converting null literal or possible null value to non-nullable type. [C:\Users\bbqch\proj\microbians\AeroCMS\Aero\src\Aero.Core\Aero.Core.csproj]
C:\Users\bbqch\proj\microbians\AeroCMS\Aero\src\Aero.Core\DataStructures\Trees\AvlTree.cs(85,20): warning CS8603: Possible null reference return. [C:\Users\bbqch\proj\microbians\AeroCMS\Aero\src\Aero.Core\Aero.Core.csproj]
C:\Users\bbqch\proj\microbians\AeroCMS\Aero\src\Aero.Core\Xml\XmlSchemaValidator.cs(29,41): warning CS8622: Nullability of reference types in type of parameter 'sender' of 'void XsdSchemaValidator.ValidationEventHandler(object sender, ValidationEventArgs e)' doesn't match the target delegate 'ValidationEventHandler' (possibly because of nullability attributes). [C:\Users\bbqch\proj\microbians\AeroCMS\Aero\src\Aero.Core\Aero.Core.csproj]
C:\Users\bbqch\proj\microbians\AeroCMS\Aero\src\Aero.Core\Xml\XmlSchemaValidator.cs(29,22): warning CS8600: Converting null literal or possible null value to non-nullable type. [C:\Users\bbqch\proj\microbians\AeroCMS\Aero\src\Aero.Core\Aero.Core.csproj]
C:\Users\bbqch\proj\microbians\AeroCMS\Aero\src\Aero.Core\Xml\XmlSchemaValidator.cs(36,25): warning CS8604: Possible null reference argument for parameter 'item' in 'void List<XmlSchema>.Add(XmlSchema item)'. [C:\Users\bbqch\proj\microbians\AeroCMS\Aero\src\Aero.Core\Aero.Core.csproj]
C:\Users\bbqch\proj\microbians\AeroCMS\Aero\src\Aero.Core\DataStructures\Trees\BinaryTreeNode.cs(13,12): warning CS8618: Non-nullable property 'Left' must contain a non-null value when exiting constructor. Consider adding the 'required' modifier or declaring the property as nullable. [C:\Users\bbqch\proj\microbians\AeroCMS\Aero\src\Aero.Core\Aero.Core.csproj]
C:\Users\bbqch\proj\microbians\AeroCMS\Aero\src\Aero.Core\DataStructures\Trees\BinaryTreeNode.cs(13,12): warning CS8618: Non-nullable property 'Right' must contain a non-null value when exiting constructor. Consider adding the 'required' modifier or declaring the property as nullable. [C:\Users\bbqch\proj\microbians\AeroCMS\Aero\src\Aero.Core\Aero.Core.csproj]
C:\Users\bbqch\proj\microbians\AeroCMS\Aero\src\Aero.Core\DataStructures\Trees\AvlTree.cs(103,20): warning CS8603: Possible null reference return. [C:\Users\bbqch\proj\microbians\AeroCMS\Aero\src\Aero.Core\Aero.Core.csproj]
C:\Users\bbqch\proj\microbians\AeroCMS\Aero\src\Aero.Core\DataStructures\Graphs\WeightedGraph.cs(174,101): warning CS8601: Possible null reference assignment. [C:\Users\bbqch\proj\microbians\AeroCMS\Aero\src\Aero.Core\Aero.Core.csproj]
C:\Users\bbqch\proj\microbians\AeroCMS\Aero\src\Aero.Core\Xml\XmlSchemaValidator.cs(51,49): warning CS8622: Nullability of reference types in type of parameter 'sender' of 'void XsdSchemaValidator.ValidationEventHandler(object sender, ValidationEventArgs e)' doesn't match the target delegate 'ValidationEventHandler' (possibly because of nullability attributes). [C:\Users\bbqch\proj\microbians\AeroCMS\Aero\src\Aero.Core\Aero.Core.csproj]
C:\Users\bbqch\proj\microbians\AeroCMS\Aero\src\Aero.Core\Xml\XmlSchemaValidator.cs(55,29): warning CS8604: Possible null reference argument for parameter 'item' in 'void List<XmlSchema>.Add(XmlSchema item)'. [C:\Users\bbqch\proj\microbians\AeroCMS\Aero\src\Aero.Core\Aero.Core.csproj]
C:\Users\bbqch\proj\microbians\AeroCMS\Aero\src\Aero.Core\DataStructures\Trees\BinarySearchTree.cs(50,20): warning CS8603: Possible null reference return. [C:\Users\bbqch\proj\microbians\AeroCMS\Aero\src\Aero.Core\Aero.Core.csproj]
C:\Users\bbqch\proj\microbians\AeroCMS\Aero\src\Aero.Core\AppSettings.cs(101,19): warning CS8618: Non-nullable property 'Username' must contain a non-null value when exiting constructor. Consider adding the 'required' modifier or declaring the property as nullable. [C:\Users\bbqch\proj\microbians\AeroCMS\Aero\src\Aero.Core\Aero.Core.csproj]
C:\Users\bbqch\proj\microbians\AeroCMS\Aero\src\Aero.Core\AppSettings.cs(104,19): warning CS8618: Non-nullable property 'Password' must contain a non-null value when exiting constructor. Consider adding the 'required' modifier or declaring the property as nullable. [C:\Users\bbqch\proj\microbians\AeroCMS\Aero\src\Aero.Core\Aero.Core.csproj]
C:\Users\bbqch\proj\microbians\AeroCMS\Aero\src\Aero.Core\AppSettings.cs(107,19): warning CS8618: Non-nullable property 'Url' must contain a non-null value when exiting constructor. Consider adding the 'required' modifier or declaring the property as nullable. [C:\Users\bbqch\proj\microbians\AeroCMS\Aero\src\Aero.Core\Aero.Core.csproj]
C:\Users\bbqch\proj\microbians\AeroCMS\Aero\src\Aero.Core\AppSettings.cs(110,19): warning CS8618: Non-nullable property 'ApiKey' must contain a non-null value when exiting constructor. Consider adding the 'required' modifier or declaring the property as nullable. [C:\Users\bbqch\proj\microbians\AeroCMS\Aero\src\Aero.Core\Aero.Core.csproj]
C:\Users\bbqch\proj\microbians\AeroCMS\Aero\src\Aero.Core\AppSettings.cs(113,19): warning CS8618: Non-nullable property 'JsApiKey' must contain a non-null value when exiting constructor. Consider adding the 'required' modifier or declaring the property as nullable. [C:\Users\bbqch\proj\microbians\AeroCMS\Aero\src\Aero.Core\Aero.Core.csproj]
C:\Users\bbqch\proj\microbians\AeroCMS\Aero\src\Aero.Core\DataStructures\Trees\BinaryTree.cs(58,13): warning CS8602: Dereference of a possibly null reference. [C:\Users\bbqch\proj\microbians\AeroCMS\Aero\src\Aero.Core\Aero.Core.csproj]
C:\Users\bbqch\proj\microbians\AeroCMS\Aero\src\Aero.Core\DataStructures\Trees\BinaryTree.cs(60,20): warning CS8625: Cannot convert null literal to non-nullable reference type. [C:\Users\bbqch\proj\microbians\AeroCMS\Aero\src\Aero.Core\Aero.Core.csproj]
C:\Users\bbqch\proj\microbians\AeroCMS\Aero\src\Aero.Core\DataStructures\Trees\BinaryTree.cs(66,42): warning CS8600: Converting null literal or possible null value to non-nullable type. [C:\Users\bbqch\proj\microbians\AeroCMS\Aero\src\Aero.Core\Aero.Core.csproj]
C:\Users\bbqch\proj\microbians\AeroCMS\Aero\src\Aero.Core\DataStructures\Trees\BinaryTree.cs(67,41): warning CS8600: Converting null literal or possible null value to non-nullable type. [C:\Users\bbqch\proj\microbians\AeroCMS\Aero\src\Aero.Core\Aero.Core.csproj]
C:\Users\bbqch\proj\microbians\AeroCMS\Aero\src\Aero.Core\DataStructures\Trees\BinaryTree.cs(72,17): warning CS8602: Dereference of a possibly null reference. [C:\Users\bbqch\proj\microbians\AeroCMS\Aero\src\Aero.Core\Aero.Core.csproj]
C:\Users\bbqch\proj\microbians\AeroCMS\Aero\src\Aero.Core\DataStructures\Trees\BinaryTree.cs(91,34): warning CS8602: Dereference of a possibly null reference. [C:\Users\bbqch\proj\microbians\AeroCMS\Aero\src\Aero.Core\Aero.Core.csproj]
C:\Users\bbqch\proj\microbians\AeroCMS\Aero\src\Aero.Core\DataStructures\Trees\Treap.cs(58,34): warning CS8603: Possible null reference return. [C:\Users\bbqch\proj\microbians\AeroCMS\Aero\src\Aero.Core\Aero.Core.csproj]
C:\Users\bbqch\proj\microbians\AeroCMS\Aero\src\Aero.Core\DataStructures\Trees\Treap.cs(98,34): warning CS8603: Possible null reference return. [C:\Users\bbqch\proj\microbians\AeroCMS\Aero\src\Aero.Core\Aero.Core.csproj]
C:\Users\bbqch\proj\microbians\AeroCMS\Aero\src\Aero.Core\DataStructures\Trees\BinaryTree.cs(103,34): warning CS8600: Converting null literal or possible null value to non-nullable type. [C:\Users\bbqch\proj\microbians\AeroCMS\Aero\src\Aero.Core\Aero.Core.csproj]
C:\Users\bbqch\proj\microbians\AeroCMS\Aero\src\Aero.Core\DataStructures\Trees\BinaryTree.cs(109,24): warning CS8600: Converting null literal or possible null value to non-nullable type. [C:\Users\bbqch\proj\microbians\AeroCMS\Aero\src\Aero.Core\Aero.Core.csproj]
C:\Users\bbqch\proj\microbians\AeroCMS\Aero\src\Aero.Core\DataStructures\Trees\BinaryTree.cs(116,34): warning CS8625: Cannot convert null literal to non-nullable reference type. [C:\Users\bbqch\proj\microbians\AeroCMS\Aero\src\Aero.Core\Aero.Core.csproj]
C:\Users\bbqch\proj\microbians\AeroCMS\Aero\src\Aero.Core\DataStructures\Trees\BinaryTree.cs(127,33): warning CS8625: Cannot convert null literal to non-nullable reference type. [C:\Users\bbqch\proj\microbians\AeroCMS\Aero\src\Aero.Core\Aero.Core.csproj]
C:\Users\bbqch\proj\microbians\AeroCMS\Aero\src\Aero.Core\DataStructures\Trees\BinarySearchTree.cs(102,20): warning CS8603: Possible null reference return. [C:\Users\bbqch\proj\microbians\AeroCMS\Aero\src\Aero.Core\Aero.Core.csproj]
C:\Users\bbqch\proj\microbians\AeroCMS\Aero\src\Aero.Core\DataStructures\Trees\BinarySearchTree.cs(12,36): warning CS8618: Non-nullable property 'Root' must contain a non-null value when exiting constructor. Consider adding the 'required' modifier or declaring the property as nullable. [C:\Users\bbqch\proj\microbians\AeroCMS\Aero\src\Aero.Core\Aero.Core.csproj]
C:\Users\bbqch\proj\microbians\AeroCMS\Aero\src\Aero.Core\DataStructures\Trees\Treap.cs(14,25): warning CS8618: Non-nullable property 'Root' must contain a non-null value when exiting constructor. Consider adding the 'required' modifier or declaring the property as nullable. [C:\Users\bbqch\proj\microbians\AeroCMS\Aero\src\Aero.Core\Aero.Core.csproj]
C:\Users\bbqch\proj\microbians\AeroCMS\Aero\src\Aero.Core\DataStructures\Trees\BinaryTree.cs(147,20): warning CS8603: Possible null reference return. [C:\Users\bbqch\proj\microbians\AeroCMS\Aero\src\Aero.Core\Aero.Core.csproj]
C:\Users\bbqch\proj\microbians\AeroCMS\Aero\src\Aero.Core\DataStructures\Trees\BinaryTree.cs(150,13): warning CS8602: Dereference of a possibly null reference. [C:\Users\bbqch\proj\microbians\AeroCMS\Aero\src\Aero.Core\Aero.Core.csproj]
C:\Users\bbqch\proj\microbians\AeroCMS\Aero\src\Aero.Core\DataHelper.cs(10,23): warning CS8602: Dereference of a possibly null reference. [C:\Users\bbqch\proj\microbians\AeroCMS\Aero\src\Aero.Core\Aero.Core.csproj]
C:\Users\bbqch\proj\microbians\AeroCMS\Aero\src\Aero.Core\DataStructures\Trees\BinaryTree.cs(12,30): warning CS8618: Non-nullable property 'Root' must contain a non-null value when exiting constructor. Consider adding the 'required' modifier or declaring the property as nullable. [C:\Users\bbqch\proj\microbians\AeroCMS\Aero\src\Aero.Core\Aero.Core.csproj]
C:\Users\bbqch\proj\microbians\AeroCMS\Aero\src\Aero.Core\DataStructures\Trees\BPlusTree.cs(53,16): warning CS8603: Possible null reference return. [C:\Users\bbqch\proj\microbians\AeroCMS\Aero\src\Aero.Core\Aero.Core.csproj]
C:\Users\bbqch\proj\microbians\AeroCMS\Aero\src\Aero.Core\DataStructures\Trees\BPlusTreeNode.cs(12,29): warning CS8618: Non-nullable property 'Next' must contain a non-null value when exiting constructor. Consider adding the 'required' modifier or declaring the property as nullable. [C:\Users\bbqch\proj\microbians\AeroCMS\Aero\src\Aero.Core\Aero.Core.csproj]
C:\Users\bbqch\proj\microbians\AeroCMS\Aero\src\Aero.Core\Entities\IEntity.cs(46,17): warning CS8618: Non-nullable property 'Id' must contain a non-null value when exiting constructor. Consider adding the 'required' modifier or declaring the property as nullable. [C:\Users\bbqch\proj\microbians\AeroCMS\Aero\src\Aero.Core\Aero.Core.csproj]
C:\Users\bbqch\proj\microbians\AeroCMS\Aero\src\Aero.Core\Entities\IEntity.cs(55,19): warning CS8618: Non-nullable property 'CreatedBy' must contain a non-null value when exiting constructor. Consider adding the 'required' modifier or declaring the property as nullable. [C:\Users\bbqch\proj\microbians\AeroCMS\Aero\src\Aero.Core\Aero.Core.csproj]
C:\Users\bbqch\proj\microbians\AeroCMS\Aero\src\Aero.Core\Entities\IEntity.cs(58,19): warning CS8618: Non-nullable property 'ModifiedBy' must contain a non-null value when exiting constructor. Consider adding the 'required' modifier or declaring the property as nullable. [C:\Users\bbqch\proj\microbians\AeroCMS\Aero\src\Aero.Core\Aero.Core.csproj]
C:\Users\bbqch\proj\microbians\AeroCMS\Aero\src\Aero.Core\DataStructures\Trees\AvlTree.cs(12,27): warning CS8618: Non-nullable property 'Root' must contain a non-null value when exiting constructor. Consider adding the 'required' modifier or declaring the property as nullable. [C:\Users\bbqch\proj\microbians\AeroCMS\Aero\src\Aero.Core\Aero.Core.csproj]
C:\Users\bbqch\proj\microbians\AeroCMS\Aero\src\Aero.Core\AzureBlobStorageClient.cs(74,25): warning CS8601: Possible null reference assignment. [C:\Users\bbqch\proj\microbians\AeroCMS\Aero\src\Aero.Core\Aero.Core.csproj]
C:\Users\bbqch\proj\microbians\AeroCMS\Aero\src\Aero.Core\DataStructures\Trees\SplayTree.cs(31,25): warning CS8625: Cannot convert null literal to non-nullable reference type. [C:\Users\bbqch\proj\microbians\AeroCMS\Aero\src\Aero.Core\Aero.Core.csproj]
C:\Users\bbqch\proj\microbians\AeroCMS\Aero\src\Aero.Core\DataStructures\Trees\SplayTree.cs(39,26): warning CS8625: Cannot convert null literal to non-nullable reference type. [C:\Users\bbqch\proj\microbians\AeroCMS\Aero\src\Aero.Core\Aero.Core.csproj]
C:\Users\bbqch\proj\microbians\AeroCMS\Aero\src\Aero.Core\DataStructures\Trees\BPlusTree.cs(80,16): warning CS8603: Possible null reference return. [C:\Users\bbqch\proj\microbians\AeroCMS\Aero\src\Aero.Core\Aero.Core.csproj]
C:\Users\bbqch\proj\microbians\AeroCMS\Aero\src\Aero.Core\DataStructures\Trees\SplayTree.cs(72,20): warning CS8603: Possible null reference return. [C:\Users\bbqch\proj\microbians\AeroCMS\Aero\src\Aero.Core\Aero.Core.csproj]
C:\Users\bbqch\proj\microbians\AeroCMS\Aero\src\Aero.Core\DataStructures\Trees\BTree.cs(71,16): warning CS8603: Possible null reference return. [C:\Users\bbqch\proj\microbians\AeroCMS\Aero\src\Aero.Core\Aero.Core.csproj]
C:\Users\bbqch\proj\microbians\AeroCMS\Aero\src\Aero.Core\Xml\XmlSchemaValidator.cs(235,44): warning CS8622: Nullability of reference types in type of parameter 'sender' of 'void XsdSchemaValidator.ValidationEventHandler(object sender, ValidationEventArgs e)' doesn't match the target delegate 'ValidationEventHandler' (possibly because of nullability attributes). [C:\Users\bbqch\proj\microbians\AeroCMS\Aero\src\Aero.Core\Aero.Core.csproj]
C:\Users\bbqch\proj\microbians\AeroCMS\Aero\src\Aero.Core\DataStructures\Trees\SplayTree.cs(80,34): warning CS8603: Possible null reference return. [C:\Users\bbqch\proj\microbians\AeroCMS\Aero\src\Aero.Core\Aero.Core.csproj]
C:\Users\bbqch\proj\microbians\AeroCMS\Aero\src\Aero.Core\DataStructures\Trees\BTree.cs(96,27): warning CS8604: Possible null reference argument for parameter 'item' in 'void List<T>.Add(T item)'. [C:\Users\bbqch\proj\microbians\AeroCMS\Aero\src\Aero.Core\Aero.Core.csproj]
C:\Users\bbqch\proj\microbians\AeroCMS\Aero\src\Aero.Core\DataStructures\Trees\SplayTree.cs(12,29): warning CS8618: Non-nullable property 'Root' must contain a non-null value when exiting constructor. Consider adding the 'required' modifier or declaring the property as nullable. [C:\Users\bbqch\proj\microbians\AeroCMS\Aero\src\Aero.Core\Aero.Core.csproj]
C:\Users\bbqch\proj\microbians\AeroCMS\Aero\src\Aero.Core\DataStructures\Trees\SkipList.cs(88,37): warning CS8604: Possible null reference argument for parameter 'value' in 'SkipListNode<T>.SkipListNode(T value, int level)'. [C:\Users\bbqch\proj\microbians\AeroCMS\Aero\src\Aero.Core\Aero.Core.csproj]
C:\Users\bbqch\proj\microbians\AeroCMS\Aero\src\Aero.Core\Decorators\RetryCommandHandlerDecorator.cs(52,16): warning CS8603: Possible null reference return. [C:\Users\bbqch\proj\microbians\AeroCMS\Aero\src\Aero.Core\Aero.Core.csproj]
C:\Users\bbqch\proj\microbians\AeroCMS\Aero\src\Aero.Core\DataStructures\Trees\BPlusTree.cs(207,20): warning CS8603: Possible null reference return. [C:\Users\bbqch\proj\microbians\AeroCMS\Aero\src\Aero.Core\Aero.Core.csproj]
C:\Users\bbqch\proj\microbians\AeroCMS\Aero\src\Aero.Core\DataStructures\Trees\BPlusTree.cs(220,16): warning CS8603: Possible null reference return. [C:\Users\bbqch\proj\microbians\AeroCMS\Aero\src\Aero.Core\Aero.Core.csproj]
C:\Users\bbqch\proj\microbians\AeroCMS\Aero\src\Aero.Core\DataStructures\Trees\SkipList.cs(184,16): warning CS8603: Possible null reference return. [C:\Users\bbqch\proj\microbians\AeroCMS\Aero\src\Aero.Core\Aero.Core.csproj]
C:\Users\bbqch\proj\microbians\AeroCMS\Aero\src\Aero.Core\Helpers\Config.cs(9,52): warning CS8603: Possible null reference return. [C:\Users\bbqch\proj\microbians\AeroCMS\Aero\src\Aero.Core\Aero.Core.csproj]
C:\Users\bbqch\proj\microbians\AeroCMS\Aero\src\Aero.Core\Helpers\Config.cs(12,9): warning CS8603: Possible null reference return. [C:\Users\bbqch\proj\microbians\AeroCMS\Aero\src\Aero.Core\Aero.Core.csproj]
C:\Users\bbqch\proj\microbians\AeroCMS\Aero\src\Aero.Core\Extensions\BlobStorageClientHelpers.cs(16,16): warning CS8603: Possible null reference return. [C:\Users\bbqch\proj\microbians\AeroCMS\Aero\src\Aero.Core\Aero.Core.csproj]
C:\Users\bbqch\proj\microbians\AeroCMS\Aero\src\Aero.Core\DataStructures\Trees\SkipList.cs(216,16): warning CS8603: Possible null reference return. [C:\Users\bbqch\proj\microbians\AeroCMS\Aero\src\Aero.Core\Aero.Core.csproj]
C:\Users\bbqch\proj\microbians\AeroCMS\Aero\src\Aero.Core\DataStructures\Graphs\KnowledgeGraph.cs(290,19): warning CS8604: Possible null reference argument for parameter 'key' in 'Entity Dictionary<TEntityId, Entity>.this[TEntityId key]'. [C:\Users\bbqch\proj\microbians\AeroCMS\Aero\src\Aero.Core\Aero.Core.csproj]
C:\Users\bbqch\proj\microbians\AeroCMS\Aero\src\Aero.Core\DataStructures\Trees\IntervalTreeNode.cs(10,29): warning CS8618: Non-nullable property 'Left' must contain a non-null value when exiting constructor. Consider adding the 'required' modifier or declaring the property as nullable. [C:\Users\bbqch\proj\microbians\AeroCMS\Aero\src\Aero.Core\Aero.Core.csproj]
C:\Users\bbqch\proj\microbians\AeroCMS\Aero\src\Aero.Core\DataStructures\Trees\IntervalTreeNode.cs(11,29): warning CS8618: Non-nullable property 'Right' must contain a non-null value when exiting constructor. Consider adding the 'required' modifier or declaring the property as nullable. [C:\Users\bbqch\proj\microbians\AeroCMS\Aero\src\Aero.Core\Aero.Core.csproj]
C:\Users\bbqch\proj\microbians\AeroCMS\Aero\src\Aero.Core\DataStructures\Trees\SkipList.cs(237,16): warning CS8603: Possible null reference return. [C:\Users\bbqch\proj\microbians\AeroCMS\Aero\src\Aero.Core\Aero.Core.csproj]
C:\Users\bbqch\proj\microbians\AeroCMS\Aero\src\Aero.Core\Helpers\Config.cs(24,20): warning CS8603: Possible null reference return. [C:\Users\bbqch\proj\microbians\AeroCMS\Aero\src\Aero.Core\Aero.Core.csproj]
C:\Users\bbqch\proj\microbians\AeroCMS\Aero\src\Aero.Core\Helpers\Config.cs(28,16): warning CS8603: Possible null reference return. [C:\Users\bbqch\proj\microbians\AeroCMS\Aero\src\Aero.Core\Aero.Core.csproj]
C:\Users\bbqch\proj\microbians\AeroCMS\Aero\src\Aero.Core\DataStructures\Trees\SegmentTreeNode.cs(11,28): warning CS8618: Non-nullable property 'Left' must contain a non-null value when exiting constructor. Consider adding the 'required' modifier or declaring the property as nullable. [C:\Users\bbqch\proj\microbians\AeroCMS\Aero\src\Aero.Core\Aero.Core.csproj]
C:\Users\bbqch\proj\microbians\AeroCMS\Aero\src\Aero.Core\DataStructures\Trees\SegmentTreeNode.cs(12,28): warning CS8618: Non-nullable property 'Right' must contain a non-null value when exiting constructor. Consider adding the 'required' modifier or declaring the property as nullable. [C:\Users\bbqch\proj\microbians\AeroCMS\Aero\src\Aero.Core\Aero.Core.csproj]
C:\Users\bbqch\proj\microbians\AeroCMS\Aero\src\Aero.Core\Helpers\AssemblyBindingHelper.cs(50,22): warning CS8600: Converting null literal or possible null value to non-nullable type. [C:\Users\bbqch\proj\microbians\AeroCMS\Aero\src\Aero.Core\Aero.Core.csproj]
C:\Users\bbqch\proj\microbians\AeroCMS\Aero\src\Aero.Core\Helpers\AssemblyBindingHelper.cs(53,16): warning CS8603: Possible null reference return. [C:\Users\bbqch\proj\microbians\AeroCMS\Aero\src\Aero.Core\Aero.Core.csproj]
C:\Users\bbqch\proj\microbians\AeroCMS\Aero\src\Aero.Core\ExternalProcess.cs(20,9): warning CS8602: Dereference of a possibly null reference. [C:\Users\bbqch\proj\microbians\AeroCMS\Aero\src\Aero.Core\Aero.Core.csproj]
C:\Users\bbqch\proj\microbians\AeroCMS\Aero\src\Aero.Core\Helpers\AssemblyBindingHelper.cs(74,39): warning CS8600: Converting null literal or possible null value to non-nullable type. [C:\Users\bbqch\proj\microbians\AeroCMS\Aero\src\Aero.Core\Aero.Core.csproj]
C:\Users\bbqch\proj\microbians\AeroCMS\Aero\src\Aero.Core\DataStructures\Trees\SegmentTree.cs(44,20): warning CS8603: Possible null reference return. [C:\Users\bbqch\proj\microbians\AeroCMS\Aero\src\Aero.Core\Aero.Core.csproj]
C:\Users\bbqch\proj\microbians\AeroCMS\Aero\src\Aero.Core\Helpers\AssemblyBindingHelper.cs(96,23): warning CS8618: Non-nullable property 'ShortName' must contain a non-null value when exiting constructor. Consider adding the 'required' modifier or declaring the property as nullable. [C:\Users\bbqch\proj\microbians\AeroCMS\Aero\src\Aero.Core\Aero.Core.csproj]
C:\Users\bbqch\proj\microbians\AeroCMS\Aero\src\Aero.Core\Helpers\AssemblyBindingHelper.cs(97,23): warning CS8618: Non-nullable property 'PublicKeyToken' must contain a non-null value when exiting constructor. Consider adding the 'required' modifier or declaring the property as nullable. [C:\Users\bbqch\proj\microbians\AeroCMS\Aero\src\Aero.Core\Aero.Core.csproj]
C:\Users\bbqch\proj\microbians\AeroCMS\Aero\src\Aero.Core\Helpers\AssemblyBindingHelper.cs(98,23): warning CS8618: Non-nullable property 'RedirectToVersion' must contain a non-null value when exiting constructor. Consider adding the 'required' modifier or declaring the property as nullable. [C:\Users\bbqch\proj\microbians\AeroCMS\Aero\src\Aero.Core\Aero.Core.csproj]
C:\Users\bbqch\proj\microbians\AeroCMS\Aero\src\Aero.Core\Http\HttpClientBase.cs(27,79): warning CS8602: Dereference of a possibly null reference. [C:\Users\bbqch\proj\microbians\AeroCMS\Aero\src\Aero.Core\Aero.Core.csproj]
C:\Users\bbqch\proj\microbians\AeroCMS\Aero\src\Aero.Core\SmtpEmailOptions.cs(5,12): warning CS8618: Non-nullable property 'Host' must contain a non-null value when exiting constructor. Consider adding the 'required' modifier or declaring the property as nullable. [C:\Users\bbqch\proj\microbians\AeroCMS\Aero\src\Aero.Core\Aero.Core.csproj]
C:\Users\bbqch\proj\microbians\AeroCMS\Aero\src\Aero.Core\SmtpEmailOptions.cs(5,12): warning CS8618: Non-nullable property 'Username' must contain a non-null value when exiting constructor. Consider adding the 'required' modifier or declaring the property as nullable. [C:\Users\bbqch\proj\microbians\AeroCMS\Aero\src\Aero.Core\Aero.Core.csproj]
C:\Users\bbqch\proj\microbians\AeroCMS\Aero\src\Aero.Core\SmtpEmailOptions.cs(5,12): warning CS8618: Non-nullable property 'Password' must contain a non-null value when exiting constructor. Consider adding the 'required' modifier or declaring the property as nullable. [C:\Users\bbqch\proj\microbians\AeroCMS\Aero\src\Aero.Core\Aero.Core.csproj]
C:\Users\bbqch\proj\microbians\AeroCMS\Aero\src\Aero.Core\SmtpEmailOptions.cs(5,12): warning CS8618: Non-nullable property 'SenderEmail' must contain a non-null value when exiting constructor. Consider adding the 'required' modifier or declaring the property as nullable. [C:\Users\bbqch\proj\microbians\AeroCMS\Aero\src\Aero.Core\Aero.Core.csproj]
C:\Users\bbqch\proj\microbians\AeroCMS\Aero\src\Aero.Core\Decorators\ExceptionQueryHandlerDecorator.cs(39,16): warning CS8603: Possible null reference return. [C:\Users\bbqch\proj\microbians\AeroCMS\Aero\src\Aero.Core\Aero.Core.csproj]
C:\Users\bbqch\proj\microbians\AeroCMS\Aero\src\Aero.Core\DataStructures\Trees\SegmentTree.cs(145,20): warning CS8603: Possible null reference return. [C:\Users\bbqch\proj\microbians\AeroCMS\Aero\src\Aero.Core\Aero.Core.csproj]
C:\Users\bbqch\proj\microbians\AeroCMS\Aero\src\Aero.Core\DataStructures\Trees\KdTreeNode.cs(9,23): warning CS8618: Non-nullable property 'Left' must contain a non-null value when exiting constructor. Consider adding the 'required' modifier or declaring the property as nullable. [C:\Users\bbqch\proj\microbians\AeroCMS\Aero\src\Aero.Core\Aero.Core.csproj]
C:\Users\bbqch\proj\microbians\AeroCMS\Aero\src\Aero.Core\DataStructures\Trees\KdTreeNode.cs(10,23): warning CS8618: Non-nullable property 'Right' must contain a non-null value when exiting constructor. Consider adding the 'required' modifier or declaring the property as nullable. [C:\Users\bbqch\proj\microbians\AeroCMS\Aero\src\Aero.Core\Aero.Core.csproj]
C:\Users\bbqch\proj\microbians\AeroCMS\Aero\src\Aero.Core\QueryableExtensions.cs(54,46): warning CS8625: Cannot convert null literal to non-nullable reference type. [C:\Users\bbqch\proj\microbians\AeroCMS\Aero\src\Aero.Core\Aero.Core.csproj]
C:\Users\bbqch\proj\microbians\AeroCMS\Aero\src\Aero.Core\DataStructures\Trees\KdTree.cs(92,16): warning CS8603: Possible null reference return. [C:\Users\bbqch\proj\microbians\AeroCMS\Aero\src\Aero.Core\Aero.Core.csproj]
C:\Users\bbqch\proj\microbians\AeroCMS\Aero\src\Aero.Core\Http\HttpClientBase.cs(49,78): warning CS8602: Dereference of a possibly null reference. [C:\Users\bbqch\proj\microbians\AeroCMS\Aero\src\Aero.Core\Aero.Core.csproj]
C:\Users\bbqch\proj\microbians\AeroCMS\Aero\src\Aero.Core\QueryableExtensions.cs(59,51): warning CS8625: Cannot convert null literal to non-nullable reference type. [C:\Users\bbqch\proj\microbians\AeroCMS\Aero\src\Aero.Core\Aero.Core.csproj]
C:\Users\bbqch\proj\microbians\AeroCMS\Aero\src\Aero.Core\Decorators\ExceptionQueryHandlerDecorator.cs(20,16): warning CS8603: Possible null reference return. [C:\Users\bbqch\proj\microbians\AeroCMS\Aero\src\Aero.Core\Aero.Core.csproj]
C:\Users\bbqch\proj\microbians\AeroCMS\Aero\src\Aero.Core\Extensions\XmlDocumentExtension.cs(101,69): warning CS8622: Nullability of reference types in type of parameter 'sender' of 'void XmlDocumentExtension.ShowCompileErrors(object sender, ValidationEventArgs args)' doesn't match the target delegate 'ValidationEventHandler' (possibly because of nullability attributes). [C:\Users\bbqch\proj\microbians\AeroCMS\Aero\src\Aero.Core\Aero.Core.csproj]
C:\Users\bbqch\proj\microbians\AeroCMS\Aero\src\Aero.Core\Identity\IdentityToken.cs(5,19): warning CS8618: Non-nullable property 'LoginProvider' must contain a non-null value when exiting constructor. Consider adding the 'required' modifier or declaring the property as nullable. [C:\Users\bbqch\proj\microbians\AeroCMS\Aero\src\Aero.Core\Aero.Core.csproj]
C:\Users\bbqch\proj\microbians\AeroCMS\Aero\src\Aero.Core\Identity\IdentityToken.cs(7,19): warning CS8618: Non-nullable property 'Name' must contain a non-null value when exiting constructor. Consider adding the 'required' modifier or declaring the property as nullable. [C:\Users\bbqch\proj\microbians\AeroCMS\Aero\src\Aero.Core\Aero.Core.csproj]
C:\Users\bbqch\proj\microbians\AeroCMS\Aero\src\Aero.Core\Identity\IdentityToken.cs(9,19): warning CS8618: Non-nullable property 'Value' must contain a non-null value when exiting constructor. Consider adding the 'required' modifier or declaring the property as nullable. [C:\Users\bbqch\proj\microbians\AeroCMS\Aero\src\Aero.Core\Aero.Core.csproj]
C:\Users\bbqch\proj\microbians\AeroCMS\Aero\src\Aero.Core\DataStructures\Trees\RTreeNode.cs(10,16): warning CS8618: Non-nullable property 'Mbr' must contain a non-null value when exiting constructor. Consider adding the 'required' modifier or declaring the property as nullable. [C:\Users\bbqch\proj\microbians\AeroCMS\Aero\src\Aero.Core\Aero.Core.csproj]
C:\Users\bbqch\proj\microbians\AeroCMS\Aero\src\Aero.Core\DataStructures\Trees\RTreeNode.cs(11,22): warning CS8618: Non-nullable property 'Parent' must contain a non-null value when exiting constructor. Consider adding the 'required' modifier or declaring the property as nullable. [C:\Users\bbqch\proj\microbians\AeroCMS\Aero\src\Aero.Core\Aero.Core.csproj]
C:\Users\bbqch\proj\microbians\AeroCMS\Aero\src\Aero.Core\Identity\IdentityLogin.cs(5,19): warning CS8618: Non-nullable property 'LoginProvider' must contain a non-null value when exiting constructor. Consider adding the 'required' modifier or declaring the property as nullable. [C:\Users\bbqch\proj\microbians\AeroCMS\Aero\src\Aero.Core\Aero.Core.csproj]
C:\Users\bbqch\proj\microbians\AeroCMS\Aero\src\Aero.Core\Identity\IdentityLogin.cs(7,19): warning CS8618: Non-nullable property 'ProviderKey' must contain a non-null value when exiting constructor. Consider adding the 'required' modifier or declaring the property as nullable. [C:\Users\bbqch\proj\microbians\AeroCMS\Aero\src\Aero.Core\Aero.Core.csproj]
C:\Users\bbqch\proj\microbians\AeroCMS\Aero\src\Aero.Core\Identity\IdentityLogin.cs(9,19): warning CS8618: Non-nullable property 'ProviderDisplayName' must contain a non-null value when exiting constructor. Consider adding the 'required' modifier or declaring the property as nullable. [C:\Users\bbqch\proj\microbians\AeroCMS\Aero\src\Aero.Core\Aero.Core.csproj]
C:\Users\bbqch\proj\microbians\AeroCMS\Aero\src\Aero.Core\Http\HttpClientBase.cs(63,81): warning CS8602: Dereference of a possibly null reference. [C:\Users\bbqch\proj\microbians\AeroCMS\Aero\src\Aero.Core\Aero.Core.csproj]
C:\Users\bbqch\proj\microbians\AeroCMS\Aero\src\Aero.Core\DataStructures\Trees\RTree.cs(34,30): warning CS8625: Cannot convert null literal to non-nullable reference type. [C:\Users\bbqch\proj\microbians\AeroCMS\Aero\src\Aero.Core\Aero.Core.csproj]
C:\Users\bbqch\proj\microbians\AeroCMS\Aero\src\Aero.Core\Decorators\ExceptionCommandHandlerDecorator.cs(54,16): warning CS8603: Possible null reference return. [C:\Users\bbqch\proj\microbians\AeroCMS\Aero\src\Aero.Core\Aero.Core.csproj]
C:\Users\bbqch\proj\microbians\AeroCMS\Aero\src\Aero.Core\Extensions\XmlDocumentExtension.cs(179,16): warning CS8603: Possible null reference return. [C:\Users\bbqch\proj\microbians\AeroCMS\Aero\src\Aero.Core\Aero.Core.csproj]
C:\Users\bbqch\proj\microbians\AeroCMS\Aero\src\Aero.Core\Extensions\Compression.cs(10,32): warning CS8600: Converting null literal or possible null value to non-nullable type. [C:\Users\bbqch\proj\microbians\AeroCMS\Aero\src\Aero.Core\Aero.Core.csproj]
C:\Users\bbqch\proj\microbians\AeroCMS\Aero\src\Aero.Core\Extensions\ObjectExtensions.cs(39,82): warning CS8604: Possible null reference argument for parameter 'value' in 'KeyValuePair<string, string>.KeyValuePair(string key, string value)'. [C:\Users\bbqch\proj\microbians\AeroCMS\Aero\src\Aero.Core\Aero.Core.csproj]
C:\Users\bbqch\proj\microbians\AeroCMS\Aero\src\Aero.Core\Extensions\ObjectExtensions.cs(44,78): warning CS8604: Possible null reference argument for parameter 'value' in 'KeyValuePair<string, string>.KeyValuePair(string key, string value)'. [C:\Users\bbqch\proj\microbians\AeroCMS\Aero\src\Aero.Core\Aero.Core.csproj]
C:\Users\bbqch\proj\microbians\AeroCMS\Aero\src\Aero.Core\Extensions\Compression.cs(24,36): warning CS8600: Converting null literal or possible null value to non-nullable type. [C:\Users\bbqch\proj\microbians\AeroCMS\Aero\src\Aero.Core\Aero.Core.csproj]
C:\Users\bbqch\proj\microbians\AeroCMS\Aero\src\Aero.Core\DataStructures\Trees\KdTree.cs(127,34): warning CS8603: Possible null reference return. [C:\Users\bbqch\proj\microbians\AeroCMS\Aero\src\Aero.Core\Aero.Core.csproj]
C:\Users\bbqch\proj\microbians\AeroCMS\Aero\src\Aero.Core\DataStructures\Trees\KdTree.cs(146,63): warning CS8625: Cannot convert null literal to non-nullable reference type. [C:\Users\bbqch\proj\microbians\AeroCMS\Aero\src\Aero.Core\Aero.Core.csproj]
C:\Users\bbqch\proj\microbians\AeroCMS\Aero\src\Aero.Core\DataStructures\Trees\KdTree.cs(150,24): warning CS8603: Possible null reference return. [C:\Users\bbqch\proj\microbians\AeroCMS\Aero\src\Aero.Core\Aero.Core.csproj]
C:\Users\bbqch\proj\microbians\AeroCMS\Aero\src\Aero.Core\DataStructures\Trees\RTree.cs(55,31): warning CS8600: Converting null literal or possible null value to non-nullable type. [C:\Users\bbqch\proj\microbians\AeroCMS\Aero\src\Aero.Core\Aero.Core.csproj]
C:\Users\bbqch\proj\microbians\AeroCMS\Aero\src\Aero.Core\DataStructures\Trees\RTree.cs(73,27): warning CS8604: Possible null reference argument for parameter 'node' in 'RTreeNode RTree.ChooseLeaf(RTreeNode node, Point point)'. [C:\Users\bbqch\proj\microbians\AeroCMS\Aero\src\Aero.Core\Aero.Core.csproj]
C:\Users\bbqch\proj\microbians\AeroCMS\Aero\src\Aero.Core\Http\HttpClientBase.cs(85,80): warning CS8602: Dereference of a possibly null reference. [C:\Users\bbqch\proj\microbians\AeroCMS\Aero\src\Aero.Core\Aero.Core.csproj]
C:\Users\bbqch\proj\microbians\AeroCMS\Aero\src\Aero.Core\DataStructures\Trees\KdTree.cs(167,34): warning CS8603: Possible null reference return. [C:\Users\bbqch\proj\microbians\AeroCMS\Aero\src\Aero.Core\Aero.Core.csproj]
C:\Users\bbqch\proj\microbians\AeroCMS\Aero\src\Aero.Core\DataStructures\Trees\KdTree.cs(209,16): warning CS8603: Possible null reference return. [C:\Users\bbqch\proj\microbians\AeroCMS\Aero\src\Aero.Core\Aero.Core.csproj]
C:\Users\bbqch\proj\microbians\AeroCMS\Aero\src\Aero.Core\Extensions\XmlDocumentExtension.cs(260,20): warning CS8600: Converting null literal or possible null value to non-nullable type. [C:\Users\bbqch\proj\microbians\AeroCMS\Aero\src\Aero.Core\Aero.Core.csproj]
C:\Users\bbqch\proj\microbians\AeroCMS\Aero\src\Aero.Core\Extensions\XmlDocumentExtension.cs(260,20): warning CS8603: Possible null reference return. [C:\Users\bbqch\proj\microbians\AeroCMS\Aero\src\Aero.Core\Aero.Core.csproj]
C:\Users\bbqch\proj\microbians\AeroCMS\Aero\src\Aero.Core\DataStructures\Trees\KdTree.cs(214,34): warning CS8603: Possible null reference return. [C:\Users\bbqch\proj\microbians\AeroCMS\Aero\src\Aero.Core\Aero.Core.csproj]
C:\Users\bbqch\proj\microbians\AeroCMS\Aero\src\Aero.Core\DataStructures\Trees\KdTree.cs(31,23): warning CS8618: Non-nullable property 'Root' must contain a non-null value when exiting constructor. Consider adding the 'required' modifier or declaring the property as nullable. [C:\Users\bbqch\proj\microbians\AeroCMS\Aero\src\Aero.Core\Aero.Core.csproj]
C:\Users\bbqch\proj\microbians\AeroCMS\Aero\src\Aero.Core\Extensions\XmlDocumentExtension.cs(275,20): warning CS8600: Converting null literal or possible null value to non-nullable type. [C:\Users\bbqch\proj\microbians\AeroCMS\Aero\src\Aero.Core\Aero.Core.csproj]
C:\Users\bbqch\proj\microbians\AeroCMS\Aero\src\Aero.Core\Extensions\XmlDocumentExtension.cs(275,20): warning CS8603: Possible null reference return. [C:\Users\bbqch\proj\microbians\AeroCMS\Aero\src\Aero.Core\Aero.Core.csproj]
C:\Users\bbqch\proj\microbians\AeroCMS\Aero\src\Aero.Core\Validation\Examples.cs(5,55): warning CS9113: Parameter 'errors' is unread. [C:\Users\bbqch\proj\microbians\AeroCMS\Aero\src\Aero.Core\Aero.Core.csproj]
C:\Users\bbqch\proj\microbians\AeroCMS\Aero\src\Aero.Core\Extensions\XmlDocumentExtension.cs(290,20): warning CS8600: Converting null literal or possible null value to non-nullable type. [C:\Users\bbqch\proj\microbians\AeroCMS\Aero\src\Aero.Core\Aero.Core.csproj]
C:\Users\bbqch\proj\microbians\AeroCMS\Aero\src\Aero.Core\Extensions\XmlDocumentExtension.cs(290,20): warning CS8603: Possible null reference return. [C:\Users\bbqch\proj\microbians\AeroCMS\Aero\src\Aero.Core\Aero.Core.csproj]
C:\Users\bbqch\proj\microbians\AeroCMS\Aero\src\Aero.Core\Http\HttpClientBase.cs(102,81): warning CS8602: Dereference of a possibly null reference. [C:\Users\bbqch\proj\microbians\AeroCMS\Aero\src\Aero.Core\Aero.Core.csproj]
C:\Users\bbqch\proj\microbians\AeroCMS\Aero\src\Aero.Core\DataStructures\Trees\LsmTree.cs(99,16): warning CS8603: Possible null reference return. [C:\Users\bbqch\proj\microbians\AeroCMS\Aero\src\Aero.Core\Aero.Core.csproj]
C:\Users\bbqch\proj\microbians\AeroCMS\Aero\src\Aero.Core\Secrets\ShamirsSecretManager.cs(11,44): warning CS8604: Possible null reference argument for parameter 's' in 'byte[] Encoding.GetBytes(string s)'. [C:\Users\bbqch\proj\microbians\AeroCMS\Aero\src\Aero.Core\Aero.Core.csproj]
C:\Users\bbqch\proj\microbians\AeroCMS\Aero\src\Aero.Core\Http\HttpClientBase.cs(115,63): warning CS8602: Dereference of a possibly null reference. [C:\Users\bbqch\proj\microbians\AeroCMS\Aero\src\Aero.Core\Aero.Core.csproj]
C:\Users\bbqch\proj\microbians\AeroCMS\Aero\src\Aero.Core\Extensions\XmlDocumentExtension.cs(359,31): warning CS8604: Possible null reference argument for parameter 'node' in 'void XmlDocumentExtension.RemoveWhitespaceNodes(XmlNode node)'. [C:\Users\bbqch\proj\microbians\AeroCMS\Aero\src\Aero.Core\Aero.Core.csproj]
C:\Users\bbqch\proj\microbians\AeroCMS\Aero\src\Aero.Core\Railway\Result.cs(56,16): warning CS8509: The switch expression does not handle all possible values of its input type (it is not exhaustive). For example, the pattern '_' is not covered. [C:\Users\bbqch\proj\microbians\AeroCMS\Aero\src\Aero.Core\Aero.Core.csproj]
C:\Users\bbqch\proj\microbians\AeroCMS\Aero\src\Aero.Core\DataStructures\Trees\RTree.cs(178,41): warning CS8625: Cannot convert null literal to non-nullable reference type. [C:\Users\bbqch\proj\microbians\AeroCMS\Aero\src\Aero.Core\Aero.Core.csproj]
C:\Users\bbqch\proj\microbians\AeroCMS\Aero\src\Aero.Core\DataStructures\Trees\RTree.cs(183,37): warning CS8625: Cannot convert null literal to non-nullable reference type. [C:\Users\bbqch\proj\microbians\AeroCMS\Aero\src\Aero.Core\Aero.Core.csproj]
C:\Users\bbqch\proj\microbians\AeroCMS\Aero\src\Aero.Core\DataStructures\Trees\IntervalTree.cs(8,29): warning CS8618: Non-nullable property 'Root' must contain a non-null value when exiting constructor. Consider adding the 'required' modifier or declaring the property as nullable. [C:\Users\bbqch\proj\microbians\AeroCMS\Aero\src\Aero.Core\Aero.Core.csproj]
C:\Users\bbqch\proj\microbians\AeroCMS\Aero\src\Aero.Core\Railway\Result.cs(17,16): warning CS8509: The switch expression does not handle all possible values of its input type (it is not exhaustive). For example, the pattern '_' is not covered. [C:\Users\bbqch\proj\microbians\AeroCMS\Aero\src\Aero.Core\Aero.Core.csproj]
C:\Users\bbqch\proj\microbians\AeroCMS\Aero\src\Aero.Core\Extensions\ExceptionExtensions.cs(26,54): warning CS8603: Possible null reference return. [C:\Users\bbqch\proj\microbians\AeroCMS\Aero\src\Aero.Core\Aero.Core.csproj]
C:\Users\bbqch\proj\microbians\AeroCMS\Aero\src\Aero.Core\Railway\OptionExtensions.cs(84,16): warning CS8509: The switch expression does not handle all possible values of its input type (it is not exhaustive). For example, the pattern '_' is not covered. [C:\Users\bbqch\proj\microbians\AeroCMS\Aero\src\Aero.Core\Aero.Core.csproj]
C:\Users\bbqch\proj\microbians\AeroCMS\Aero\src\Aero.Core\Extensions\XmlDocumentExtension.cs(382,17): warning CS8602: Dereference of a possibly null reference. [C:\Users\bbqch\proj\microbians\AeroCMS\Aero\src\Aero.Core\Aero.Core.csproj]
C:\Users\bbqch\proj\microbians\AeroCMS\Aero\src\Aero.Core\Secrets\EncryptingSecretManager.cs(14,25): warning CS8604: Possible null reference argument for parameter 'source' in 'IEnumerable<string> Enumerable.Select<string, string>(IEnumerable<string> source, Func<string, string> selector)'. [C:\Users\bbqch\proj\microbians\AeroCMS\Aero\src\Aero.Core\Aero.Core.csproj]
C:\Users\bbqch\proj\microbians\AeroCMS\Aero\src\Aero.Core\DataStructures\Trees\RTree.cs(191,20): warning CS8603: Possible null reference return. [C:\Users\bbqch\proj\microbians\AeroCMS\Aero\src\Aero.Core\Aero.Core.csproj]
C:\Users\bbqch\proj\microbians\AeroCMS\Aero\src\Aero.Core\DataStructures\Trees\RTree.cs(202,16): warning CS8603: Possible null reference return. [C:\Users\bbqch\proj\microbians\AeroCMS\Aero\src\Aero.Core\Aero.Core.csproj]
C:\Users\bbqch\proj\microbians\AeroCMS\Aero\src\Aero.Core\Railway\ResultExtensions.cs(89,11): warning CS8509: The switch expression does not handle all possible values of its input type (it is not exhaustive). For example, the pattern '_' is not covered. [C:\Users\bbqch\proj\microbians\AeroCMS\Aero\src\Aero.Core\Aero.Core.csproj]
C:\Users\bbqch\proj\microbians\AeroCMS\Aero\src\Aero.Core\Railway\OptionExtensions.cs(121,16): warning CS8509: The switch expression does not handle all possible values of its input type (it is not exhaustive). For example, the pattern '_' is not covered. [C:\Users\bbqch\proj\microbians\AeroCMS\Aero\src\Aero.Core\Aero.Core.csproj]
C:\Users\bbqch\proj\microbians\AeroCMS\Aero\src\Aero.Core\Railway\Result.cs(24,16): warning CS8509: The switch expression does not handle all possible values of its input type (it is not exhaustive). For example, the pattern '_' is not covered. [C:\Users\bbqch\proj\microbians\AeroCMS\Aero\src\Aero.Core\Aero.Core.csproj]
C:\Users\bbqch\proj\microbians\AeroCMS\Aero\src\Aero.Core\Secrets\ShamirsSecretManager.cs(31,22): warning CS0618: 'SecretSplitter<BigInteger>.MakeShares(BigInteger, BigInteger, int)' is obsolete: 'Use MakeShares with out parameter secret instead' [C:\Users\bbqch\proj\microbians\AeroCMS\Aero\src\Aero.Core\Aero.Core.csproj]
C:\Users\bbqch\proj\microbians\AeroCMS\Aero\src\Aero.Core\Secrets\ShamirsSecretManager.cs(33,41): warning CS0618: 'Share<BigInteger>.X' is obsolete: 'Use 'Index' property instead.' [C:\Users\bbqch\proj\microbians\AeroCMS\Aero\src\Aero.Core\Aero.Core.csproj]
C:\Users\bbqch\proj\microbians\AeroCMS\Aero\src\Aero.Core\Secrets\ShamirsSecretManager.cs(34,32): warning CS0618: 'SecretReconstructor<BigInteger, IExtendedGcdAlgorithm<BigInteger>, ExtendedGcdResult<BigInteger>>.Reconstruction(Share<BigInteger>[])' is obsolete: 'Use Reconstruction(Shares<TNumber> shares) instead' [C:\Users\bbqch\proj\microbians\AeroCMS\Aero\src\Aero.Core\Aero.Core.csproj]
C:\Users\bbqch\proj\microbians\AeroCMS\Aero\src\Aero.Core\Secrets\ShamirsSecretManager.cs(35,42): warning CS0618: 'Share<BigInteger>.X' is obsolete: 'Use 'Index' property instead.' [C:\Users\bbqch\proj\microbians\AeroCMS\Aero\src\Aero.Core\Aero.Core.csproj]
C:\Users\bbqch\proj\microbians\AeroCMS\Aero\src\Aero.Core\Secrets\ShamirsSecretManager.cs(36,32): warning CS0618: 'SecretReconstructor<BigInteger, IExtendedGcdAlgorithm<BigInteger>, ExtendedGcdResult<BigInteger>>.Reconstruction(Share<BigInteger>[])' is obsolete: 'Use Reconstruction(Shares<TNumber> shares) instead' [C:\Users\bbqch\proj\microbians\AeroCMS\Aero\src\Aero.Core\Aero.Core.csproj]
C:\Users\bbqch\proj\microbians\AeroCMS\Aero\src\Aero.Core\Secrets\ShamirsSecretManager.cs(52,9): warning CS0162: Unreachable code detected [C:\Users\bbqch\proj\microbians\AeroCMS\Aero\src\Aero.Core\Aero.Core.csproj]
C:\Users\bbqch\proj\microbians\AeroCMS\Aero\src\Aero.Core\Extensions\XmlDocumentExtension.cs(413,16): warning CS8603: Possible null reference return. [C:\Users\bbqch\proj\microbians\AeroCMS\Aero\src\Aero.Core\Aero.Core.csproj]
C:\Users\bbqch\proj\microbians\AeroCMS\Aero\src\Aero.Core\Http\HttpClientBase.cs(127,63): warning CS8602: Dereference of a possibly null reference. [C:\Users\bbqch\proj\microbians\AeroCMS\Aero\src\Aero.Core\Aero.Core.csproj]
C:\Users\bbqch\proj\microbians\AeroCMS\Aero\src\Aero.Core\DataStructures\Trees\LsmTree.cs(210,24): warning CS8603: Possible null reference return. [C:\Users\bbqch\proj\microbians\AeroCMS\Aero\src\Aero.Core\Aero.Core.csproj]
C:\Users\bbqch\proj\microbians\AeroCMS\Aero\src\Aero.Core\DataStructures\Trees\LsmTree.cs(219,28): warning CS8603: Possible null reference return. [C:\Users\bbqch\proj\microbians\AeroCMS\Aero\src\Aero.Core\Aero.Core.csproj]
C:\Users\bbqch\proj\microbians\AeroCMS\Aero\src\Aero.Core\DataStructures\Trees\LsmTree.cs(223,20): warning CS8603: Possible null reference return. [C:\Users\bbqch\proj\microbians\AeroCMS\Aero\src\Aero.Core\Aero.Core.csproj]
C:\Users\bbqch\proj\microbians\AeroCMS\Aero\src\Aero.Core\Railway\ResultExtensions.cs(121,11): warning CS8509: The switch expression does not handle all possible values of its input type (it is not exhaustive). For example, the pattern '_' is not covered. [C:\Users\bbqch\proj\microbians\AeroCMS\Aero\src\Aero.Core\Aero.Core.csproj]
C:\Users\bbqch\proj\microbians\AeroCMS\Aero\src\Aero.Core\DataStructures\Trees\LsmTree.cs(235,16): warning CS8603: Possible null reference return. [C:\Users\bbqch\proj\microbians\AeroCMS\Aero\src\Aero.Core\Aero.Core.csproj]
C:\Users\bbqch\proj\microbians\AeroCMS\Aero\src\Aero.Core\Railway\OptionExtensions.cs(154,16): warning CS8509: The switch expression does not handle all possible values of its input type (it is not exhaustive). For example, the pattern '_' is not covered. [C:\Users\bbqch\proj\microbians\AeroCMS\Aero\src\Aero.Core\Aero.Core.csproj]
C:\Users\bbqch\proj\microbians\AeroCMS\Aero\src\Aero.Core\DataStructures\Trees\RTree.cs(212,31): warning CS8625: Cannot convert null literal to non-nullable reference type. [C:\Users\bbqch\proj\microbians\AeroCMS\Aero\src\Aero.Core\Aero.Core.csproj]
C:\Users\bbqch\proj\microbians\AeroCMS\Aero\src\Aero.Core\Railway\ResultExtensions.cs(162,11): warning CS8509: The switch expression does not handle all possible values of its input type (it is not exhaustive). For example, the pattern '_' is not covered. [C:\Users\bbqch\proj\microbians\AeroCMS\Aero\src\Aero.Core\Aero.Core.csproj]
C:\Users\bbqch\proj\microbians\AeroCMS\Aero\src\Aero.Core\Railway\ResultExtensions.cs(215,11): warning CS8509: The switch expression does not handle all possible values of its input type (it is not exhaustive). For example, the pattern '_' is not covered. [C:\Users\bbqch\proj\microbians\AeroCMS\Aero\src\Aero.Core\Aero.Core.csproj]
C:\Users\bbqch\proj\microbians\AeroCMS\Aero\src\Aero.Core\Railway\OptionExtensions.cs(184,16): warning CS8509: The switch expression does not handle all possible values of its input type (it is not exhaustive). For example, the pattern '_' is not covered. [C:\Users\bbqch\proj\microbians\AeroCMS\Aero\src\Aero.Core\Aero.Core.csproj]
C:\Users\bbqch\proj\microbians\AeroCMS\Aero\src\Aero.Core\DataStructures\Trees\LsmTree.cs(252,57): warning CS8604: Possible null reference argument for parameter 'value' in 'LsmEntry<TKey, TValue>.LsmEntry(TKey key, TValue value, bool isTombstone, long timestamp)'. [C:\Users\bbqch\proj\microbians\AeroCMS\Aero\src\Aero.Core\Aero.Core.csproj]
C:\Users\bbqch\proj\microbians\AeroCMS\Aero\src\Aero.Core\Railway\OptionExtensions.cs(228,16): warning CS8509: The switch expression does not handle all possible values of its input type (it is not exhaustive). For example, the pattern '_' is not covered. [C:\Users\bbqch\proj\microbians\AeroCMS\Aero\src\Aero.Core\Aero.Core.csproj]
C:\Users\bbqch\proj\microbians\AeroCMS\Aero\src\Aero.Core\Railway\ResultExtensions.cs(252,11): warning CS8509: The switch expression does not handle all possible values of its input type (it is not exhaustive). For example, the pattern '_' is not covered. [C:\Users\bbqch\proj\microbians\AeroCMS\Aero\src\Aero.Core\Aero.Core.csproj]
C:\Users\bbqch\proj\microbians\AeroCMS\Aero\src\Aero.Core\Secrets\EncryptingSecretManager.cs(49,16): warning CS8603: Possible null reference return. [C:\Users\bbqch\proj\microbians\AeroCMS\Aero\src\Aero.Core\Aero.Core.csproj]
C:\Users\bbqch\proj\microbians\AeroCMS\Aero\src\Aero.Core\Railway\ResultExtensions.cs(304,11): warning CS8509: The switch expression does not handle all possible values of its input type (it is not exhaustive). For example, the pattern '_' is not covered. [C:\Users\bbqch\proj\microbians\AeroCMS\Aero\src\Aero.Core\Aero.Core.csproj]
C:\Users\bbqch\proj\microbians\AeroCMS\Aero\src\Aero.Core\Railway\OptionExtensions.cs(266,16): warning CS8509: The switch expression does not handle all possible values of its input type (it is not exhaustive). For example, the pattern '_' is not covered. [C:\Users\bbqch\proj\microbians\AeroCMS\Aero\src\Aero.Core\Aero.Core.csproj]
C:\Users\bbqch\proj\microbians\AeroCMS\Aero\src\Aero.Core\Railway\OptionExtensions.cs(307,16): warning CS8509: The switch expression does not handle all possible values of its input type (it is not exhaustive). For example, the pattern '_' is not covered. [C:\Users\bbqch\proj\microbians\AeroCMS\Aero\src\Aero.Core\Aero.Core.csproj]
C:\Users\bbqch\proj\microbians\AeroCMS\Aero\src\Aero.Core\DataStructures\Trees\RedBlackTree.cs(62,37): warning CS8604: Possible null reference argument for parameter 'node' in 'RedBlackTreeNode<T> RedBlackTree<T>.Node(ITreeNode<T> node)'. [C:\Users\bbqch\proj\microbians\AeroCMS\Aero\src\Aero.Core\Aero.Core.csproj]
C:\Users\bbqch\proj\microbians\AeroCMS\Aero\src\Aero.Core\DataStructures\Trees\RedBlackTree.cs(70,24): warning CS8603: Possible null reference return. [C:\Users\bbqch\proj\microbians\AeroCMS\Aero\src\Aero.Core\Aero.Core.csproj]
C:\Users\bbqch\proj\microbians\AeroCMS\Aero\src\Aero.Core\DataStructures\Trees\RedBlackTree.cs(78,40): warning CS8604: Possible null reference argument for parameter 'node' in 'RedBlackTreeNode<T> RedBlackTree<T>.Node(ITreeNode<T> node)'. [C:\Users\bbqch\proj\microbians\AeroCMS\Aero\src\Aero.Core\Aero.Core.csproj]
C:\Users\bbqch\proj\microbians\AeroCMS\Aero\src\Aero.Core\DataStructures\Trees\RedBlackTree.cs(84,42): warning CS8604: Possible null reference argument for parameter 'node' in 'RedBlackTreeNode<T> RedBlackTree<T>.Node(ITreeNode<T> node)'. [C:\Users\bbqch\proj\microbians\AeroCMS\Aero\src\Aero.Core\Aero.Core.csproj]
C:\Users\bbqch\proj\microbians\AeroCMS\Aero\src\Aero.Core\Railway\ResultExtensions.cs(352,11): warning CS8509: The switch expression does not handle all possible values of its input type (it is not exhaustive). For example, the pattern '_' is not covered. [C:\Users\bbqch\proj\microbians\AeroCMS\Aero\src\Aero.Core\Aero.Core.csproj]
C:\Users\bbqch\proj\microbians\AeroCMS\Aero\src\Aero.Core\Railway\OptionExtensions.cs(340,16): warning CS8509: The switch expression does not handle all possible values of its input type (it is not exhaustive). For example, the pattern '_' is not covered. [C:\Users\bbqch\proj\microbians\AeroCMS\Aero\src\Aero.Core\Aero.Core.csproj]
C:\Users\bbqch\proj\microbians\AeroCMS\Aero\src\Aero.Core\Railway\ResultExtensions.cs(392,11): warning CS8509: The switch expression does not handle all possible values of its input type (it is not exhaustive). For example, the pattern '_' is not covered. [C:\Users\bbqch\proj\microbians\AeroCMS\Aero\src\Aero.Core\Aero.Core.csproj]
C:\Users\bbqch\proj\microbians\AeroCMS\Aero\src\Aero.Core\Railway\ResultExtensions.cs(428,11): warning CS8509: The switch expression does not handle all possible values of its input type (it is not exhaustive). For example, the pattern '_' is not covered. [C:\Users\bbqch\proj\microbians\AeroCMS\Aero\src\Aero.Core\Aero.Core.csproj]
C:\Users\bbqch\proj\microbians\AeroCMS\Aero\src\Aero.Core\Railway\OptionExtensions.cs(356,16): warning CS8509: The switch expression does not handle all possible values of its input type (it is not exhaustive). For example, the pattern '_' is not covered. [C:\Users\bbqch\proj\microbians\AeroCMS\Aero\src\Aero.Core\Aero.Core.csproj]
C:\Users\bbqch\proj\microbians\AeroCMS\Aero\src\Aero.Core\DataStructures\Trees\RedBlackTree.cs(94,20): warning CS8603: Possible null reference return. [C:\Users\bbqch\proj\microbians\AeroCMS\Aero\src\Aero.Core\Aero.Core.csproj]
C:\Users\bbqch\proj\microbians\AeroCMS\Aero\src\Aero.Core\Railway\ResultExtensions.cs(466,11): warning CS8509: The switch expression does not handle all possible values of its input type (it is not exhaustive). For example, the pattern '_' is not covered. [C:\Users\bbqch\proj\microbians\AeroCMS\Aero\src\Aero.Core\Aero.Core.csproj]
C:\Users\bbqch\proj\microbians\AeroCMS\Aero\src\Aero.Core\DataStructures\Trees\Persistence\Readers\NodeReader.cs(111,41): warning CS9191: The 'ref' modifier for argument 2 corresponding to 'in' parameter is equivalent to 'in'. Consider using 'in' instead. [C:\Users\bbqch\proj\microbians\AeroCMS\Aero\src\Aero.Core\Aero.Core.csproj]
C:\Users\bbqch\proj\microbians\AeroCMS\Aero\src\Aero.Core\DataStructures\Trees\Persistence\Readers\NodeReader.cs(118,41): warning CS9191: The 'ref' modifier for argument 2 corresponding to 'in' parameter is equivalent to 'in'. Consider using 'in' instead. [C:\Users\bbqch\proj\microbians\AeroCMS\Aero\src\Aero.Core\Aero.Core.csproj]
C:\Users\bbqch\proj\microbians\AeroCMS\Aero\src\Aero.Core\DataStructures\Trees\RedBlackTree.cs(170,16): warning CS8603: Possible null reference return. [C:\Users\bbqch\proj\microbians\AeroCMS\Aero\src\Aero.Core\Aero.Core.csproj]
C:\Users\bbqch\proj\microbians\AeroCMS\Aero\src\Aero.Core\DataStructures\Trees\RedBlackTree.cs(5,32): warning CS8618: Non-nullable property 'Root' must contain a non-null value when exiting constructor. Consider adding the 'required' modifier or declaring the property as nullable. [C:\Users\bbqch\proj\microbians\AeroCMS\Aero\src\Aero.Core\Aero.Core.csproj]
C:\Users\bbqch\proj\microbians\AeroCMS\Aero\src\Aero.Core\DataStructures\Trees\Persistence\Storage\MemoryStorageBackend.cs(70,14): warning CS0219: The variable 'isReused' is assigned but its value is never used [C:\Users\bbqch\proj\microbians\AeroCMS\Aero\src\Aero.Core\Aero.Core.csproj]
C:\Users\bbqch\proj\microbians\AeroCMS\Aero\src\Aero.Core\DataStructures\Graphs\SimpleGraph.cs(424,76): warning CS8604: Possible null reference argument for parameter 'parent' in 'bool SimpleGraph<T>.HasCycleUndirectedDfs(T vertex, T parent, HashSet<T> visited)'. [C:\Users\bbqch\proj\microbians\AeroCMS\Aero\src\Aero.Core\Aero.Core.csproj]
C:\Users\bbqch\proj\microbians\AeroCMS\Aero\src\Aero.Core\DataStructures\Trees\Persistence\Serialization\BstNodeSerializer.cs(69,103): warning CS9191: The 'ref' modifier for argument 2 corresponding to 'in' parameter is equivalent to 'in'. Consider using 'in' instead. [C:\Users\bbqch\proj\microbians\AeroCMS\Aero\src\Aero.Core\Aero.Core.csproj]
C:\Users\bbqch\proj\microbians\AeroCMS\Aero\src\Aero.Core\DataStructures\Trees\Persistence\Serialization\PrimitiveSerializer.cs(22,46): warning CS9191: The 'ref' modifier for argument 2 corresponding to 'in' parameter is equivalent to 'in'. Consider using 'in' instead. [C:\Users\bbqch\proj\microbians\AeroCMS\Aero\src\Aero.Core\Aero.Core.csproj]
C:\Users\bbqch\proj\microbians\AeroCMS\Aero\src\Aero.Core\DataStructures\Trees\Persistence\Wal\WalFile.cs(174,68): warning CS9191: The 'ref' modifier for argument 2 corresponding to 'in' parameter is equivalent to 'in'. Consider using 'in' instead. [C:\Users\bbqch\proj\microbians\AeroCMS\Aero\src\Aero.Core\Aero.Core.csproj]
C:\Users\bbqch\proj\microbians\AeroCMS\Aero\src\Aero.Core\DataStructures\Trees\Persistence\Wal\WalFile.cs(344,72): warning CS9191: The 'ref' modifier for argument 2 corresponding to 'in' parameter is equivalent to 'in'. Consider using 'in' instead. [C:\Users\bbqch\proj\microbians\AeroCMS\Aero\src\Aero.Core\Aero.Core.csproj]
C:\Users\bbqch\proj\microbians\AeroCMS\Aero\src\Aero.Core\Patterns\QueryInterfaces.cs(12,39): warning CS1711: XML comment has a typeparam tag for 'TResult', but there is no type parameter by that name [C:\Users\bbqch\proj\microbians\AeroCMS\Aero\src\Aero.Core\Aero.Core.csproj]
C:\Users\bbqch\proj\microbians\AeroCMS\Aero\src\Aero.Core\Patterns\QueryInterfaces.cs(22,29): warning CS1710: XML comment has a duplicate typeparam tag for 'TParam' [C:\Users\bbqch\proj\microbians\AeroCMS\Aero\src\Aero.Core\Aero.Core.csproj]
C:\Users\bbqch\proj\microbians\AeroCMS\Aero\src\Aero.Core\Encryption\Aes256Encryptor.cs(32,18): warning CS1572: XML comment has a param tag for 'key', but there is no parameter by that name [C:\Users\bbqch\proj\microbians\AeroCMS\Aero\src\Aero.Core\Aero.Core.csproj]
C:\Users\bbqch\proj\microbians\AeroCMS\Aero\src\Aero.Core\Encryption\Aes256Encryptor.cs(33,18): warning CS1572: XML comment has a param tag for 'iv', but there is no parameter by that name [C:\Users\bbqch\proj\microbians\AeroCMS\Aero\src\Aero.Core\Aero.Core.csproj]
C:\Users\bbqch\proj\microbians\AeroCMS\Aero\src\Aero.Core\Encryption\Aes256Encryptor.cs(34,50): warning CS1573: Parameter 'settings' has no matching param tag in the XML comment for 'Aes256Encryptor.Aes256Encryptor(AesEncryptorOptions)' (but other parameters do) [C:\Users\bbqch\proj\microbians\AeroCMS\Aero\src\Aero.Core\Aero.Core.csproj]
C:\Users\bbqch\proj\microbians\AeroCMS\Aero\src\Aero.Core\DataStructures\Graphs\Hypergraph.cs(8,16): warning CS1710: XML comment has a duplicate typeparam tag for 'TVertex' [C:\Users\bbqch\proj\microbians\AeroCMS\Aero\src\Aero.Core\Aero.Core.csproj]
C:\Users\bbqch\proj\microbians\AeroCMS\Aero\src\Aero.Core\DataStructures\Graphs\Hypergraph.cs(59,34): warning CS1712: Type parameter 'THyperedgeId' has no matching typeparam tag in the XML comment on 'Hypergraph<TVertex, THyperedgeId>' (but other type parameters do) [C:\Users\bbqch\proj\microbians\AeroCMS\Aero\src\Aero.Core\Aero.Core.csproj]
C:\Users\bbqch\proj\microbians\AeroCMS\Aero\src\Aero.Core\DataStructures\Graphs\TemporalGraph.cs(372,22): warning CS1572: XML comment has a param tag for 'step', but there is no parameter by that name [C:\Users\bbqch\proj\microbians\AeroCMS\Aero\src\Aero.Core\Aero.Core.csproj]
C:\Users\bbqch\proj\microbians\AeroCMS\Aero\src\Aero.Core\DataStructures\Graphs\TemporalGraph.cs(375,45): warning CS1573: Parameter 'steps' has no matching param tag in the XML comment for 'TemporalGraph<TVertex, TEdgeId, TTime>.GetEvolution(TTime, TTime, int)' (but other parameters do) [C:\Users\bbqch\proj\microbians\AeroCMS\Aero\src\Aero.Core\Aero.Core.csproj]
C:\Users\bbqch\proj\microbians\AeroCMS\Aero\src\Aero.Events\AeroEventHandlerBase.cs(7,74): warning CS9113: Parameter 'log' is unread. [C:\Users\bbqch\proj\microbians\AeroCMS\Aero\src\Aero.Events\Aero.Events.csproj]
C:\Users\bbqch\proj\microbians\AeroCMS\Aero\src\Aero.Models\Entities\AeroUser.cs(32,19): warning CS0108: 'IAeroUser<TKey>.CreatedBy' hides inherited member 'IEntity<TKey>.CreatedBy'. Use the new keyword if hiding was intended. [C:\Users\bbqch\proj\microbians\AeroCMS\Aero\src\Aero.Models\Aero.Models.csproj]
C:\Users\bbqch\proj\microbians\AeroCMS\Aero\src\Aero.Models\ViewModels\ServiceRequestResult.cs(6,22): warning CS8618: Non-nullable property 'Result' must contain a non-null value when exiting constructor. Consider adding the 'required' modifier or declaring the property as nullable. [C:\Users\bbqch\proj\microbians\AeroCMS\Aero\src\Aero.Models\Aero.Models.csproj]
C:\Users\bbqch\proj\microbians\AeroCMS\Aero\src\Aero.Models\AuthRegistrationRequest.cs(7,19): warning CS8618: Non-nullable property 'Email' must contain a non-null value when exiting constructor. Consider adding the 'required' modifier or declaring the property as nullable. [C:\Users\bbqch\proj\microbians\AeroCMS\Aero\src\Aero.Models\Aero.Models.csproj]
C:\Users\bbqch\proj\microbians\AeroCMS\Aero\src\Aero.Models\BaseErrorResponse.cs(16,19): warning CS8618: Non-nullable property 'Field' must contain a non-null value when exiting constructor. Consider adding the 'required' modifier or declaring the property as nullable. [C:\Users\bbqch\proj\microbians\AeroCMS\Aero\src\Aero.Models\Aero.Models.csproj]
C:\Users\bbqch\proj\microbians\AeroCMS\Aero\src\Aero.Models\BaseErrorResponse.cs(21,19): warning CS8618: Non-nullable property 'Message' must contain a non-null value when exiting constructor. Consider adding the 'required' modifier or declaring the property as nullable. [C:\Users\bbqch\proj\microbians\AeroCMS\Aero\src\Aero.Models\Aero.Models.csproj]
C:\Users\bbqch\proj\microbians\AeroCMS\Aero\src\Aero.Models\BaseErrorResponse.cs(24,19): warning CS8618: Non-nullable property 'Details' must contain a non-null value when exiting constructor. Consider adding the 'required' modifier or declaring the property as nullable. [C:\Users\bbqch\proj\microbians\AeroCMS\Aero\src\Aero.Models\Aero.Models.csproj]
C:\Users\bbqch\proj\microbians\AeroCMS\Aero\src\Aero.Models\ViewModels\RegistrationRequestModel.cs(8,19): warning CS8618: Non-nullable property 'Username' must contain a non-null value when exiting constructor. Consider adding the 'required' modifier or declaring the property as nullable. [C:\Users\bbqch\proj\microbians\AeroCMS\Aero\src\Aero.Models\Aero.Models.csproj]
C:\Users\bbqch\proj\microbians\AeroCMS\Aero\src\Aero.Models\ViewModels\RegistrationRequestModel.cs(11,19): warning CS8618: Non-nullable property 'Email' must contain a non-null value when exiting constructor. Consider adding the 'required' modifier or declaring the property as nullable. [C:\Users\bbqch\proj\microbians\AeroCMS\Aero\src\Aero.Models\Aero.Models.csproj]
C:\Users\bbqch\proj\microbians\AeroCMS\Aero\src\Aero.Models\ViewModels\RegistrationRequestModel.cs(14,19): warning CS8618: Non-nullable property 'Firstname' must contain a non-null value when exiting constructor. Consider adding the 'required' modifier or declaring the property as nullable. [C:\Users\bbqch\proj\microbians\AeroCMS\Aero\src\Aero.Models\Aero.Models.csproj]
C:\Users\bbqch\proj\microbians\AeroCMS\Aero\src\Aero.Models\ViewModels\RegistrationRequestModel.cs(17,19): warning CS8618: Non-nullable property 'Lastname' must contain a non-null value when exiting constructor. Consider adding the 'required' modifier or declaring the property as nullable. [C:\Users\bbqch\proj\microbians\AeroCMS\Aero\src\Aero.Models\Aero.Models.csproj]
C:\Users\bbqch\proj\microbians\AeroCMS\Aero\src\Aero.Models\ViewModels\RegistrationRequestModel.cs(20,19): warning CS8618: Non-nullable property 'Password' must contain a non-null value when exiting constructor. Consider adding the 'required' modifier or declaring the property as nullable. [C:\Users\bbqch\proj\microbians\AeroCMS\Aero\src\Aero.Models\Aero.Models.csproj]
C:\Users\bbqch\proj\microbians\AeroCMS\Aero\src\Aero.Models\ViewModels\RegistrationRequestModel.cs(23,19): warning CS8618: Non-nullable property 'ConfirmedPassword' must contain a non-null value when exiting constructor. Consider adding the 'required' modifier or declaring the property as nullable. [C:\Users\bbqch\proj\microbians\AeroCMS\Aero\src\Aero.Models\Aero.Models.csproj]
C:\Users\bbqch\proj\microbians\AeroCMS\Aero\src\Aero.Models\ViewModels\RegistrationRequestModel.cs(31,19): warning CS8618: Non-nullable property 'MobileNumber' must contain a non-null value when exiting constructor. Consider adding the 'required' modifier or declaring the property as nullable. [C:\Users\bbqch\proj\microbians\AeroCMS\Aero\src\Aero.Models\Aero.Models.csproj]
C:\Users\bbqch\proj\microbians\AeroCMS\Aero\src\Aero.Models\ViewModels\RegistrationRequestModel.cs(34,19): warning CS8618: Non-nullable property 'PostalCode' must contain a non-null value when exiting constructor. Consider adding the 'required' modifier or declaring the property as nullable. [C:\Users\bbqch\proj\microbians\AeroCMS\Aero\src\Aero.Models\Aero.Models.csproj]
C:\Users\bbqch\proj\microbians\AeroCMS\Aero\src\Aero.Models\ViewModels\RegistrationRequestModel.cs(37,19): warning CS8618: Non-nullable property 'Country' must contain a non-null value when exiting constructor. Consider adding the 'required' modifier or declaring the property as nullable. [C:\Users\bbqch\proj\microbians\AeroCMS\Aero\src\Aero.Models\Aero.Models.csproj]
C:\Users\bbqch\proj\microbians\AeroCMS\Aero\src\Aero.Models\ViewModels\RegistrationRequestModel.cs(43,19): warning CS8618: Non-nullable property 'Address' must contain a non-null value when exiting constructor. Consider adding the 'required' modifier or declaring the property as nullable. [C:\Users\bbqch\proj\microbians\AeroCMS\Aero\src\Aero.Models\Aero.Models.csproj]
C:\Users\bbqch\proj\microbians\AeroCMS\Aero\src\Aero.Models\UserSettingsModel.cs(7,19): warning CS8618: Non-nullable property 'UserId' must contain a non-null value when exiting constructor. Consider adding the 'required' modifier or declaring the property as nullable. [C:\Users\bbqch\proj\microbians\AeroCMS\Aero\src\Aero.Models\Aero.Models.csproj]
C:\Users\bbqch\proj\microbians\AeroCMS\Aero\src\Aero.Models\UserSettingsModel.cs(8,19): warning CS8618: Non-nullable property 'Stuff' must contain a non-null value when exiting constructor. Consider adding the 'required' modifier or declaring the property as nullable. [C:\Users\bbqch\proj\microbians\AeroCMS\Aero\src\Aero.Models\Aero.Models.csproj]
C:\Users\bbqch\proj\microbians\AeroCMS\Aero\src\Aero.Models\UserProfileUpdateRequest.cs(9,19): warning CS8618: Non-nullable property 'Name' must contain a non-null value when exiting constructor. Consider adding the 'required' modifier or declaring the property as nullable. [C:\Users\bbqch\proj\microbians\AeroCMS\Aero\src\Aero.Models\Aero.Models.csproj]
C:\Users\bbqch\proj\microbians\AeroCMS\Aero\src\Aero.Models\UserProfileUpdateRequest.cs(12,19): warning CS8618: Non-nullable property 'Website' must contain a non-null value when exiting constructor. Consider adding the 'required' modifier or declaring the property as nullable. [C:\Users\bbqch\proj\microbians\AeroCMS\Aero\src\Aero.Models\Aero.Models.csproj]
C:\Users\bbqch\proj\microbians\AeroCMS\Aero\src\Aero.Models\UserProfileUpdateRequest.cs(24,19): warning CS8618: Non-nullable property 'Tagline' must contain a non-null value when exiting constructor. Consider adding the 'required' modifier or declaring the property as nullable. [C:\Users\bbqch\proj\microbians\AeroCMS\Aero\src\Aero.Models\Aero.Models.csproj]
C:\Users\bbqch\proj\microbians\AeroCMS\Aero\src\Aero.Models\UserProfileUpdateRequest.cs(27,19): warning CS8618: Non-nullable property 'Location' must contain a non-null value when exiting constructor. Consider adding the 'required' modifier or declaring the property as nullable. [C:\Users\bbqch\proj\microbians\AeroCMS\Aero\src\Aero.Models\Aero.Models.csproj]
C:\Users\bbqch\proj\microbians\AeroCMS\Aero\src\Aero.Models\UserProfileUpdateRequest.cs(30,19): warning CS8618: Non-nullable property 'Bio' must contain a non-null value when exiting constructor. Consider adding the 'required' modifier or declaring the property as nullable. [C:\Users\bbqch\proj\microbians\AeroCMS\Aero\src\Aero.Models\Aero.Models.csproj]
C:\Users\bbqch\proj\microbians\AeroCMS\Aero\src\Aero.Models\BaseResponse.cs(20,19): warning CS8618: Non-nullable property 'Message' must contain a non-null value when exiting constructor. Consider adding the 'required' modifier or declaring the property as nullable. [C:\Users\bbqch\proj\microbians\AeroCMS\Aero\src\Aero.Models\Aero.Models.csproj]
C:\Users\bbqch\proj\microbians\AeroCMS\Aero\src\Aero.Models\BaseResponse.cs(26,14): warning CS8618: Non-nullable property 'Data' must contain a non-null value when exiting constructor. Consider adding the 'required' modifier or declaring the property as nullable. [C:\Users\bbqch\proj\microbians\AeroCMS\Aero\src\Aero.Models\Aero.Models.csproj]
C:\Users\bbqch\proj\microbians\AeroCMS\Aero\src\Aero.Models\ContactUsModel.cs(5,19): warning CS8618: Non-nullable property 'Email' must contain a non-null value when exiting constructor. Consider adding the 'required' modifier or declaring the property as nullable. [C:\Users\bbqch\proj\microbians\AeroCMS\Aero\src\Aero.Models\Aero.Models.csproj]
C:\Users\bbqch\proj\microbians\AeroCMS\Aero\src\Aero.Models\ContactUsModel.cs(6,19): warning CS8618: Non-nullable property 'Name' must contain a non-null value when exiting constructor. Consider adding the 'required' modifier or declaring the property as nullable. [C:\Users\bbqch\proj\microbians\AeroCMS\Aero\src\Aero.Models\Aero.Models.csproj]
C:\Users\bbqch\proj\microbians\AeroCMS\Aero\src\Aero.Models\ContactUsModel.cs(7,19): warning CS8618: Non-nullable property 'Message' must contain a non-null value when exiting constructor. Consider adding the 'required' modifier or declaring the property as nullable. [C:\Users\bbqch\proj\microbians\AeroCMS\Aero\src\Aero.Models\Aero.Models.csproj]
C:\Users\bbqch\proj\microbians\AeroCMS\Aero\src\Aero.Models\Entities\UserPasskeys.cs(10,19): warning CS8618: Non-nullable property 'CredentialId' must contain a non-null value when exiting constructor. Consider adding the 'required' modifier or declaring the property as nullable. [C:\Users\bbqch\proj\microbians\AeroCMS\Aero\src\Aero.Models\Aero.Models.csproj]
C:\Users\bbqch\proj\microbians\AeroCMS\Aero\src\Aero.Models\Entities\UserPasskeys.cs(11,19): warning CS8618: Non-nullable property 'PublicKey' must contain a non-null value when exiting constructor. Consider adding the 'required' modifier or declaring the property as nullable. [C:\Users\bbqch\proj\microbians\AeroCMS\Aero\src\Aero.Models\Aero.Models.csproj]
C:\Users\bbqch\proj\microbians\AeroCMS\Aero\src\Aero.Models\Entities\AeroUser.cs(69,15): warning CS8618: Non-nullable property 'FirstName' must contain a non-null value when exiting constructor. Consider adding the 'required' modifier or declaring the property as nullable. [C:\Users\bbqch\proj\microbians\AeroCMS\Aero\src\Aero.Models\Aero.Models.csproj]
C:\Users\bbqch\proj\microbians\AeroCMS\Aero\src\Aero.Models\Entities\AeroUser.cs(69,15): warning CS8618: Non-nullable property 'MiddleName' must contain a non-null value when exiting constructor. Consider adding the 'required' modifier or declaring the property as nullable. [C:\Users\bbqch\proj\microbians\AeroCMS\Aero\src\Aero.Models\Aero.Models.csproj]
C:\Users\bbqch\proj\microbians\AeroCMS\Aero\src\Aero.Models\Entities\AeroUser.cs(69,15): warning CS8618: Non-nullable property 'LastName' must contain a non-null value when exiting constructor. Consider adding the 'required' modifier or declaring the property as nullable. [C:\Users\bbqch\proj\microbians\AeroCMS\Aero\src\Aero.Models\Aero.Models.csproj]
C:\Users\bbqch\proj\microbians\AeroCMS\Aero\src\Aero.Models\Entities\AeroUser.cs(69,15): warning CS8618: Non-nullable property 'CreatedBy' must contain a non-null value when exiting constructor. Consider adding the 'required' modifier or declaring the property as nullable. [C:\Users\bbqch\proj\microbians\AeroCMS\Aero\src\Aero.Models\Aero.Models.csproj]
C:\Users\bbqch\proj\microbians\AeroCMS\Aero\src\Aero.Models\Entities\AeroUser.cs(69,15): warning CS8618: Non-nullable property 'ProfilePictureDataUrl' must contain a non-null value when exiting constructor. Consider adding the 'required' modifier or declaring the property as nullable. [C:\Users\bbqch\proj\microbians\AeroCMS\Aero\src\Aero.Models\Aero.Models.csproj]
C:\Users\bbqch\proj\microbians\AeroCMS\Aero\src\Aero.Models\Entities\AeroUser.cs(69,15): warning CS8618: Non-nullable property 'ModifiedBy' must contain a non-null value when exiting constructor. Consider adding the 'required' modifier or declaring the property as nullable. [C:\Users\bbqch\proj\microbians\AeroCMS\Aero\src\Aero.Models\Aero.Models.csproj]
C:\Users\bbqch\proj\microbians\AeroCMS\Aero\src\Aero.Models\Entities\AeroUser.cs(69,15): warning CS8618: Non-nullable property 'RefreshToken' must contain a non-null value when exiting constructor. Consider adding the 'required' modifier or declaring the property as nullable. [C:\Users\bbqch\proj\microbians\AeroCMS\Aero\src\Aero.Models\Aero.Models.csproj]
C:\Users\bbqch\proj\microbians\AeroCMS\Aero\src\Aero.Models\Entities\AeroUser.cs(69,15): warning CS8618: Non-nullable property 'UserHandle' must contain a non-null value when exiting constructor. Consider adding the 'required' modifier or declaring the property as nullable. [C:\Users\bbqch\proj\microbians\AeroCMS\Aero\src\Aero.Models\Aero.Models.csproj]
C:\Users\bbqch\proj\microbians\AeroCMS\Aero\src\Aero.Models\Entities\AeroUser.cs(69,15): warning CS8618: Non-nullable property 'UserProfileId' must contain a non-null value when exiting constructor. Consider adding the 'required' modifier or declaring the property as nullable. [C:\Users\bbqch\proj\microbians\AeroCMS\Aero\src\Aero.Models\Aero.Models.csproj]
C:\Users\bbqch\proj\microbians\AeroCMS\Aero\src\Aero.Models\Entities\AeroUserProfile.cs(13,12): warning CS8618: Non-nullable property 'Username' must contain a non-null value when exiting constructor. Consider adding the 'required' modifier or declaring the property as nullable. [C:\Users\bbqch\proj\microbians\AeroCMS\Aero\src\Aero.Models\Aero.Models.csproj]
C:\Users\bbqch\proj\microbians\AeroCMS\Aero\src\Aero.Models\Entities\AeroUserProfile.cs(13,12): warning CS8618: Non-nullable property 'Headline' must contain a non-null value when exiting constructor. Consider adding the 'required' modifier or declaring the property as nullable. [C:\Users\bbqch\proj\microbians\AeroCMS\Aero\src\Aero.Models\Aero.Models.csproj]
C:\Users\bbqch\proj\microbians\AeroCMS\Aero\src\Aero.Models\Entities\AeroUserProfile.cs(13,12): warning CS8618: Non-nullable property 'Location' must contain a non-null value when exiting constructor. Consider adding the 'required' modifier or declaring the property as nullable. [C:\Users\bbqch\proj\microbians\AeroCMS\Aero\src\Aero.Models\Aero.Models.csproj]
C:\Users\bbqch\proj\microbians\AeroCMS\Aero\src\Aero.Models\RefreshTokenModel.cs(6,19): warning CS8618: Non-nullable property 'Id' must contain a non-null value when exiting constructor. Consider adding the 'required' modifier or declaring the property as nullable. [C:\Users\bbqch\proj\microbians\AeroCMS\Aero\src\Aero.Models\Aero.Models.csproj]
C:\Users\bbqch\proj\microbians\AeroCMS\Aero\src\Aero.Models\RefreshTokenModel.cs(9,19): warning CS8618: Non-nullable property 'RefreshToken' must contain a non-null value when exiting constructor. Consider adding the 'required' modifier or declaring the property as nullable. [C:\Users\bbqch\proj\microbians\AeroCMS\Aero\src\Aero.Models\Aero.Models.csproj]
C:\Users\bbqch\proj\microbians\AeroCMS\Aero\src\Aero.Models\RefreshTokenRequest.cs(6,19): warning CS8618: Non-nullable property 'AccessToken' must contain a non-null value when exiting constructor. Consider adding the 'required' modifier or declaring the property as nullable. [C:\Users\bbqch\proj\microbians\AeroCMS\Aero\src\Aero.Models\Aero.Models.csproj]
C:\Users\bbqch\proj\microbians\AeroCMS\Aero\src\Aero.Models\RefreshTokenRequest.cs(9,19): warning CS8618: Non-nullable property 'RefreshToken' must contain a non-null value when exiting constructor. Consider adding the 'required' modifier or declaring the property as nullable. [C:\Users\bbqch\proj\microbians\AeroCMS\Aero\src\Aero.Models\Aero.Models.csproj]
C:\Users\bbqch\proj\microbians\AeroCMS\Aero\src\Aero.Models\Entities\ApiAccountModel.cs(11,19): warning CS8618: Non-nullable property 'Email' must contain a non-null value when exiting constructor. Consider adding the 'required' modifier or declaring the property as nullable. [C:\Users\bbqch\proj\microbians\AeroCMS\Aero\src\Aero.Models\Aero.Models.csproj]
C:\Users\bbqch\proj\microbians\AeroCMS\Aero\src\Aero.Models\Entities\ApiAccountModel.cs(14,19): warning CS8618: Non-nullable property 'RefreshToken' must contain a non-null value when exiting constructor. Consider adding the 'required' modifier or declaring the property as nullable. [C:\Users\bbqch\proj\microbians\AeroCMS\Aero\src\Aero.Models\Aero.Models.csproj]
C:\Users\bbqch\proj\microbians\AeroCMS\Aero\src\Aero.Models\Entities\AddressModel.cs(10,19): warning CS8618: Non-nullable property 'UserId' must contain a non-null value when exiting constructor. Consider adding the 'required' modifier or declaring the property as nullable. [C:\Users\bbqch\proj\microbians\AeroCMS\Aero\src\Aero.Models\Aero.Models.csproj]
C:\Users\bbqch\proj\microbians\AeroCMS\Aero\src\Aero.Models\Entities\AddressModel.cs(13,19): warning CS8618: Non-nullable property 'AddressLine1' must contain a non-null value when exiting constructor. Consider adding the 'required' modifier or declaring the property as nullable. [C:\Users\bbqch\proj\microbians\AeroCMS\Aero\src\Aero.Models\Aero.Models.csproj]
C:\Users\bbqch\proj\microbians\AeroCMS\Aero\src\Aero.Models\Entities\AddressModel.cs(16,19): warning CS8618: Non-nullable property 'AddressLine2' must contain a non-null value when exiting constructor. Consider adding the 'required' modifier or declaring the property as nullable. [C:\Users\bbqch\proj\microbians\AeroCMS\Aero\src\Aero.Models\Aero.Models.csproj]
C:\Users\bbqch\proj\microbians\AeroCMS\Aero\src\Aero.Models\Entities\AddressModel.cs(19,19): warning CS8618: Non-nullable property 'AddressLine3' must contain a non-null value when exiting constructor. Consider adding the 'required' modifier or declaring the property as nullable. [C:\Users\bbqch\proj\microbians\AeroCMS\Aero\src\Aero.Models\Aero.Models.csproj]
C:\Users\bbqch\proj\microbians\AeroCMS\Aero\src\Aero.Models\Entities\AddressModel.cs(22,19): warning CS8618: Non-nullable property 'City' must contain a non-null value when exiting constructor. Consider adding the 'required' modifier or declaring the property as nullable. [C:\Users\bbqch\proj\microbians\AeroCMS\Aero\src\Aero.Models\Aero.Models.csproj]
C:\Users\bbqch\proj\microbians\AeroCMS\Aero\src\Aero.Models\Entities\AddressModel.cs(24,19): warning CS8618: Non-nullable property 'State' must contain a non-null value when exiting constructor. Consider adding the 'required' modifier or declaring the property as nullable. [C:\Users\bbqch\proj\microbians\AeroCMS\Aero\src\Aero.Models\Aero.Models.csproj]
C:\Users\bbqch\proj\microbians\AeroCMS\Aero\src\Aero.Models\Entities\AddressModel.cs(25,19): warning CS8618: Non-nullable property 'StateCode' must contain a non-null value when exiting constructor. Consider adding the 'required' modifier or declaring the property as nullable. [C:\Users\bbqch\proj\microbians\AeroCMS\Aero\src\Aero.Models\Aero.Models.csproj]
C:\Users\bbqch\proj\microbians\AeroCMS\Aero\src\Aero.Models\Entities\AddressModel.cs(27,19): warning CS8618: Non-nullable property 'Country' must contain a non-null value when exiting constructor. Consider adding the 'required' modifier or declaring the property as nullable. [C:\Users\bbqch\proj\microbians\AeroCMS\Aero\src\Aero.Models\Aero.Models.csproj]
C:\Users\bbqch\proj\microbians\AeroCMS\Aero\src\Aero.Models\Entities\AddressModel.cs(29,19): warning CS8618: Non-nullable property 'CountryCode' must contain a non-null value when exiting constructor. Consider adding the 'required' modifier or declaring the property as nullable. [C:\Users\bbqch\proj\microbians\AeroCMS\Aero\src\Aero.Models\Aero.Models.csproj]
C:\Users\bbqch\proj\microbians\AeroCMS\Aero\src\Aero.Models\Entities\AddressModel.cs(31,19): warning CS8618: Non-nullable property 'PostalCode' must contain a non-null value when exiting constructor. Consider adding the 'required' modifier or declaring the property as nullable. [C:\Users\bbqch\proj\microbians\AeroCMS\Aero\src\Aero.Models\Aero.Models.csproj]
C:\Users\bbqch\proj\microbians\AeroCMS\Aero\src\Aero.Models\Entities\CityModel.cs(10,19): warning CS8618: Non-nullable property 'FIPS' must contain a non-null value when exiting constructor. Consider adding the 'required' modifier or declaring the property as nullable. [C:\Users\bbqch\proj\microbians\AeroCMS\Aero\src\Aero.Models\Aero.Models.csproj]
C:\Users\bbqch\proj\microbians\AeroCMS\Aero\src\Aero.Models\Entities\CityModel.cs(13,19): warning CS8618: Non-nullable property 'ISO' must contain a non-null value when exiting constructor. Consider adding the 'required' modifier or declaring the property as nullable. [C:\Users\bbqch\proj\microbians\AeroCMS\Aero\src\Aero.Models\Aero.Models.csproj]
C:\Users\bbqch\proj\microbians\AeroCMS\Aero\src\Aero.Models\Entities\CityModel.cs(16,19): warning CS8618: Non-nullable property 'Name' must contain a non-null value when exiting constructor. Consider adding the 'required' modifier or declaring the property as nullable. [C:\Users\bbqch\proj\microbians\AeroCMS\Aero\src\Aero.Models\Aero.Models.csproj]
C:\Users\bbqch\proj\microbians\AeroCMS\Aero\src\Aero.Models\Entities\CountryModel.cs(10,19): warning CS8618: Non-nullable property 'FIPS' must contain a non-null value when exiting constructor. Consider adding the 'required' modifier or declaring the property as nullable. [C:\Users\bbqch\proj\microbians\AeroCMS\Aero\src\Aero.Models\Aero.Models.csproj]
C:\Users\bbqch\proj\microbians\AeroCMS\Aero\src\Aero.Models\Entities\CountryModel.cs(13,19): warning CS8618: Non-nullable property 'ISO' must contain a non-null value when exiting constructor. Consider adding the 'required' modifier or declaring the property as nullable. [C:\Users\bbqch\proj\microbians\AeroCMS\Aero\src\Aero.Models\Aero.Models.csproj]
C:\Users\bbqch\proj\microbians\AeroCMS\Aero\src\Aero.Models\Entities\CountryModel.cs(16,19): warning CS8618: Non-nullable property 'TLD' must contain a non-null value when exiting constructor. Consider adding the 'required' modifier or declaring the property as nullable. [C:\Users\bbqch\proj\microbians\AeroCMS\Aero\src\Aero.Models\Aero.Models.csproj]
C:\Users\bbqch\proj\microbians\AeroCMS\Aero\src\Aero.Models\Entities\CountryModel.cs(19,19): warning CS8618: Non-nullable property 'Name' must contain a non-null value when exiting constructor. Consider adding the 'required' modifier or declaring the property as nullable. [C:\Users\bbqch\proj\microbians\AeroCMS\Aero\src\Aero.Models\Aero.Models.csproj]
C:\Users\bbqch\proj\microbians\AeroCMS\Aero\src\Aero.Validators\Extensions\NotNullOrEmpty.cs(13,28): warning CS8618: Non-nullable property 'Name' must contain a non-null value when exiting constructor. Consider adding the 'required' modifier or declaring the property as nullable. [C:\Users\bbqch\proj\microbians\AeroCMS\Aero\src\Aero.Validators\Aero.Validators.csproj]
C:\Users\bbqch\proj\microbians\AeroCMS\Aero\src\Aero.Validators\Extensions\NotEmptyGuid.cs(21,28): warning CS8618: Non-nullable property 'Name' must contain a non-null value when exiting constructor. Consider adding the 'required' modifier or declaring the property as nullable. [C:\Users\bbqch\proj\microbians\AeroCMS\Aero\src\Aero.Validators\Aero.Validators.csproj]
C:\Users\bbqch\proj\microbians\AeroCMS\Aero\src\Aero.Caching\Decorators\CachingRepository.cs(27,54): warning CS8625: Cannot convert null literal to non-nullable reference type. [C:\Users\bbqch\proj\microbians\AeroCMS\Aero\src\Aero.Caching\Aero.Caching.csproj]
C:\Users\bbqch\proj\microbians\AeroCMS\Aero\src\Aero.Caching\Decorators\CachingRepository.cs(28,54): warning CS8625: Cannot convert null literal to non-nullable reference type. [C:\Users\bbqch\proj\microbians\AeroCMS\Aero\src\Aero.Caching\Aero.Caching.csproj]
C:\Users\bbqch\proj\microbians\AeroCMS\Aero\src\Aero.Caching\Decorators\CachingRepository.cs(29,54): warning CS8625: Cannot convert null literal to non-nullable reference type. [C:\Users\bbqch\proj\microbians\AeroCMS\Aero\src\Aero.Caching\Aero.Caching.csproj]
C:\Users\bbqch\proj\microbians\AeroCMS\Aero\src\Aero.Caching\Decorators\CachingRepository.cs(34,65): warning CS8625: Cannot convert null literal to non-nullable reference type. [C:\Users\bbqch\proj\microbians\AeroCMS\Aero\src\Aero.Caching\Aero.Caching.csproj]
C:\Users\bbqch\proj\microbians\AeroCMS\Aero\src\Aero.Caching\Decorators\CachingRepository.cs(35,65): warning CS8625: Cannot convert null literal to non-nullable reference type. [C:\Users\bbqch\proj\microbians\AeroCMS\Aero\src\Aero.Caching\Aero.Caching.csproj]
C:\Users\bbqch\proj\microbians\AeroCMS\Aero\src\Aero.Caching\Decorators\CachingRepository.cs(36,65): warning CS8625: Cannot convert null literal to non-nullable reference type. [C:\Users\bbqch\proj\microbians\AeroCMS\Aero\src\Aero.Caching\Aero.Caching.csproj]
C:\Users\bbqch\proj\microbians\AeroCMS\Aero\src\Aero.Caching\Extensions\FusionCacheExtensions.cs(77,29): warning CS8625: Cannot convert null literal to non-nullable reference type. [C:\Users\bbqch\proj\microbians\AeroCMS\Aero\src\Aero.Caching\Aero.Caching.csproj]
C:\Users\bbqch\proj\microbians\AeroCMS\Aero\src\Aero.Caching\Extensions\FusionCacheExtensions.cs(125,113): warning CS8625: Cannot convert null literal to non-nullable reference type. [C:\Users\bbqch\proj\microbians\AeroCMS\Aero\src\Aero.Caching\Aero.Caching.csproj]
C:\Users\bbqch\proj\microbians\AeroCMS\Aero\src\Aero.Caching\Extensions\FusionCacheExtensions.cs(129,29): warning CS8625: Cannot convert null literal to non-nullable reference type. [C:\Users\bbqch\proj\microbians\AeroCMS\Aero\src\Aero.Caching\Aero.Caching.csproj]
C:\Users\bbqch\proj\microbians\AeroCMS\Aero\src\Aero.Caching\Decorators\CachingRepository.cs(216,61): warning CS8625: Cannot convert null literal to non-nullable reference type. [C:\Users\bbqch\proj\microbians\AeroCMS\Aero\src\Aero.Caching\Aero.Caching.csproj]
C:\Users\bbqch\proj\microbians\AeroCMS\Aero\src\Aero.Caching\Decorators\CachingRepository.cs(219,61): warning CS8625: Cannot convert null literal to non-nullable reference type. [C:\Users\bbqch\proj\microbians\AeroCMS\Aero\src\Aero.Caching\Aero.Caching.csproj]
C:\Users\bbqch\proj\microbians\AeroCMS\Aero\src\Aero.Caching\Decorators\CachingRepository.cs(222,61): warning CS8625: Cannot convert null literal to non-nullable reference type. [C:\Users\bbqch\proj\microbians\AeroCMS\Aero\src\Aero.Caching\Aero.Caching.csproj]
C:\Users\bbqch\proj\microbians\AeroCMS\Aero\src\Aero.Caching\Decorators\CachingRepository.cs(263,78): warning CS8625: Cannot convert null literal to non-nullable reference type. [C:\Users\bbqch\proj\microbians\AeroCMS\Aero\src\Aero.Caching\Aero.Caching.csproj]
C:\Users\bbqch\proj\microbians\AeroCMS\Aero\src\Aero.Caching\Decorators\CachingRepository.cs(266,78): warning CS8625: Cannot convert null literal to non-nullable reference type. [C:\Users\bbqch\proj\microbians\AeroCMS\Aero\src\Aero.Caching\Aero.Caching.csproj]
C:\Users\bbqch\proj\microbians\AeroCMS\Aero\src\Aero.Caching\Decorators\CachingRepository.cs(270,78): warning CS8625: Cannot convert null literal to non-nullable reference type. [C:\Users\bbqch\proj\microbians\AeroCMS\Aero\src\Aero.Caching\Aero.Caching.csproj]
C:\Users\bbqch\proj\microbians\AeroCMS\Aero\src\Aero.Caching\CacheServiceBase.cs(7,66): warning CS9113: Parameter 'log' is unread. [C:\Users\bbqch\proj\microbians\AeroCMS\Aero\src\Aero.Caching\Aero.Caching.csproj]
C:\Users\bbqch\proj\microbians\AeroCMS\Aero\src\Aero.Caching\FusionCacheClient.cs(10,24): warning CS9107: Parameter 'ILogger<CacheServiceBase> log' is captured into the state of the enclosing type and its value is also passed to the base constructor. The value might be captured by the base class as well. [C:\Users\bbqch\proj\microbians\AeroCMS\Aero\src\Aero.Caching\Aero.Caching.csproj]
C:\Users\bbqch\proj\microbians\AeroCMS\Aero\src\Aero.Caching\CacheEntry.cs(5,19): warning CS8618: Non-nullable property 'Key' must contain a non-null value when exiting constructor. Consider adding the 'required' modifier or declaring the property as nullable. [C:\Users\bbqch\proj\microbians\AeroCMS\Aero\src\Aero.Caching\Aero.Caching.csproj]
C:\Users\bbqch\proj\microbians\AeroCMS\Aero\src\Aero.Caching\CacheEntry.cs(6,14): warning CS8618: Non-nullable property 'Value' must contain a non-null value when exiting constructor. Consider adding the 'required' modifier or declaring the property as nullable. [C:\Users\bbqch\proj\microbians\AeroCMS\Aero\src\Aero.Caching\Aero.Caching.csproj]
C:\Users\bbqch\proj\microbians\AeroCMS\Aero\src\Aero.Caching\Decorators\CachingRepository.cs(13,19): warning CS8618: Non-nullable property 'Key' must contain a non-null value when exiting constructor. Consider adding the 'required' modifier or declaring the property as nullable. [C:\Users\bbqch\proj\microbians\AeroCMS\Aero\src\Aero.Caching\Aero.Caching.csproj]
C:\Users\bbqch\proj\microbians\AeroCMS\Aero\src\Aero.Caching\Decorators\CachingRepository.cs(14,14): warning CS8618: Non-nullable property 'Value' must contain a non-null value when exiting constructor. Consider adding the 'required' modifier or declaring the property as nullable. [C:\Users\bbqch\proj\microbians\AeroCMS\Aero\src\Aero.Caching\Aero.Caching.csproj]
C:\Users\bbqch\proj\microbians\AeroCMS\Aero\src\Aero.Caching\Extensions\FusionCacheExtensions.cs(73,16): warning CS8603: Possible null reference return. [C:\Users\bbqch\proj\microbians\AeroCMS\Aero\src\Aero.Caching\Aero.Caching.csproj]
C:\Users\bbqch\proj\microbians\AeroCMS\Aero\src\Aero.Caching\Decorators\CachingRepository.cs(102,59): warning CS8603: Possible null reference return. [C:\Users\bbqch\proj\microbians\AeroCMS\Aero\src\Aero.Caching\Aero.Caching.csproj]
C:\Users\bbqch\proj\microbians\AeroCMS\Aero\src\Aero.Caching\Decorators\CachingRepository.cs(120,9): warning CS0162: Unreachable code detected [C:\Users\bbqch\proj\microbians\AeroCMS\Aero\src\Aero.Caching\Aero.Caching.csproj]
C:\Users\bbqch\proj\microbians\AeroCMS\Aero\src\Aero.Caching\FusionCacheClient.cs(74,16): warning CS8629: Nullable value type may be null. [C:\Users\bbqch\proj\microbians\AeroCMS\Aero\src\Aero.Caching\Aero.Caching.csproj]
C:\Users\bbqch\proj\microbians\AeroCMS\Aero\src\Aero.Caching\Extensions\FusionCacheExtensions.cs(100,13): warning CS8603: Possible null reference return. [C:\Users\bbqch\proj\microbians\AeroCMS\Aero\src\Aero.Caching\Aero.Caching.csproj]
C:\Users\bbqch\proj\microbians\AeroCMS\Aero\src\Aero.Caching\Extensions\FusionCacheExtensions.cs(106,13): warning CS8603: Possible null reference return. [C:\Users\bbqch\proj\microbians\AeroCMS\Aero\src\Aero.Caching\Aero.Caching.csproj]
C:\Users\bbqch\proj\microbians\AeroCMS\Aero\src\Aero.Caching\Extensions\FusionCacheExtensions.cs(121,17): warning CS8601: Possible null reference assignment. [C:\Users\bbqch\proj\microbians\AeroCMS\Aero\src\Aero.Caching\Aero.Caching.csproj]
C:\Users\bbqch\proj\microbians\AeroCMS\Aero\src\Aero.Caching\Decorators\CachingRepository.cs(166,30): warning CS8604: Possible null reference argument for parameter 'key' in 'Task ICacheService.SetAsync<T>(string key, T value, TimeSpan? absoluteExpiration = null)'. [C:\Users\bbqch\proj\microbians\AeroCMS\Aero\src\Aero.Caching\Aero.Caching.csproj]
C:\Users\bbqch\proj\microbians\AeroCMS\Aero\src\Aero.Caching\Decorators\CachingRepository.cs(175,30): warning CS8604: Possible null reference argument for parameter 'key' in 'Task ICacheService.SetAsync<T>(string key, T value, TimeSpan? absoluteExpiration = null)'. [C:\Users\bbqch\proj\microbians\AeroCMS\Aero\src\Aero.Caching\Aero.Caching.csproj]
C:\Users\bbqch\proj\microbians\AeroCMS\Aero\src\Aero.Caching\Decorators\CachingRepository.cs(187,30): warning CS8604: Possible null reference argument for parameter 'key' in 'Task ICacheService.SetAsync<T>(string key, T value, TimeSpan? absoluteExpiration = null)'. [C:\Users\bbqch\proj\microbians\AeroCMS\Aero\src\Aero.Caching\Aero.Caching.csproj]
C:\Users\bbqch\proj\microbians\AeroCMS\Aero\src\Aero.Caching\Decorators\CachingRepository.cs(203,33): warning CS8604: Possible null reference argument for parameter 'key' in 'Task ICacheService.DeleteAsync(string key)'. [C:\Users\bbqch\proj\microbians\AeroCMS\Aero\src\Aero.Caching\Aero.Caching.csproj]
C:\Users\bbqch\proj\microbians\AeroCMS\Aero\src\Aero.Caching\Decorators\CachingRepository.cs(236,16): warning CS8603: Possible null reference return. [C:\Users\bbqch\proj\microbians\AeroCMS\Aero\src\Aero.Caching\Aero.Caching.csproj]
C:\Users\bbqch\proj\microbians\AeroCMS\Aero\src\Aero.Caching\Decorators\CachingRepository.cs(248,16): warning CS8603: Possible null reference return. [C:\Users\bbqch\proj\microbians\AeroCMS\Aero\src\Aero.Caching\Aero.Caching.csproj]
C:\Users\bbqch\proj\microbians\AeroCMS\Aero\src\Aero.Caching\Decorators\CachingRepository.cs(260,16): warning CS8603: Possible null reference return. [C:\Users\bbqch\proj\microbians\AeroCMS\Aero\src\Aero.Caching\Aero.Caching.csproj]
C:\Users\bbqch\proj\microbians\AeroCMS\Aero\src\Aero.Caching\Decorators\CachingRepository.cs(264,58): warning CS8601: Possible null reference assignment. [C:\Users\bbqch\proj\microbians\AeroCMS\Aero\src\Aero.Caching\Aero.Caching.csproj]
C:\Users\bbqch\proj\microbians\AeroCMS\Aero\src\Aero.Caching\Decorators\CachingRepository.cs(267,58): warning CS8601: Possible null reference assignment. [C:\Users\bbqch\proj\microbians\AeroCMS\Aero\src\Aero.Caching\Aero.Caching.csproj]
C:\Users\bbqch\proj\microbians\AeroCMS\Aero\src\Aero.Caching\Decorators\CachingRepository.cs(271,58): warning CS8601: Possible null reference assignment. [C:\Users\bbqch\proj\microbians\AeroCMS\Aero\src\Aero.Caching\Aero.Caching.csproj]
C:\Users\bbqch\proj\microbians\AeroCMS\Aero\src\Aero.Social\Social\Providers\LinkedInPageProvider.cs(664,19): warning CS0108: 'LinkedInPageProvider.LinkedInTokenResponse' hides inherited member 'LinkedInProvider.LinkedInTokenResponse'. Use the new keyword if hiding was intended. [C:\Users\bbqch\proj\microbians\AeroCMS\Aero\src\Aero.Social\Aero.Social.csproj]
C:\Users\bbqch\proj\microbians\AeroCMS\Aero\src\Aero.Social\Social\Providers\LinkedInPageProvider.cs(679,19): warning CS0108: 'LinkedInPageProvider.LinkedInUploadResponse' hides inherited member 'LinkedInProvider.LinkedInUploadResponse'. Use the new keyword if hiding was intended. [C:\Users\bbqch\proj\microbians\AeroCMS\Aero\src\Aero.Social\Aero.Social.csproj]
C:\Users\bbqch\proj\microbians\AeroCMS\Aero\src\Aero.Social\Social\Providers\LinkedInPageProvider.cs(685,19): warning CS0108: 'LinkedInPageProvider.LinkedInUploadValue' hides inherited member 'LinkedInProvider.LinkedInUploadValue'. Use the new keyword if hiding was intended. [C:\Users\bbqch\proj\microbians\AeroCMS\Aero\src\Aero.Social\Aero.Social.csproj]
C:\Users\bbqch\proj\microbians\AeroCMS\Aero\src\Aero.Social\Social\Providers\LinkedInPageProvider.cs(694,19): warning CS0108: 'LinkedInPageProvider.LinkedInCommentResponse' hides inherited member 'LinkedInProvider.LinkedInCommentResponse'. Use the new keyword if hiding was intended. [C:\Users\bbqch\proj\microbians\AeroCMS\Aero\src\Aero.Social\Aero.Social.csproj]
C:\Users\bbqch\proj\microbians\AeroCMS\Aero\src\Aero.Social\Social\Providers\FarcasterProvider.cs(52,18): warning CS8601: Possible null reference assignment. [C:\Users\bbqch\proj\microbians\AeroCMS\Aero\src\Aero.Social\Aero.Social.csproj]
C:\Users\bbqch\proj\microbians\AeroCMS\Aero\src\Aero.Social\Social\Providers\DevToProvider.cs(79,22): warning CS8602: Dereference of a possibly null reference. [C:\Users\bbqch\proj\microbians\AeroCMS\Aero\src\Aero.Social\Aero.Social.csproj]
C:\Users\bbqch\proj\microbians\AeroCMS\Aero\src\Aero.Social\Social\Providers\DribbbleProvider.cs(66,29): warning CS8602: Dereference of a possibly null reference. [C:\Users\bbqch\proj\microbians\AeroCMS\Aero\src\Aero.Social\Aero.Social.csproj]
C:\Users\bbqch\proj\microbians\AeroCMS\Aero\src\Aero.Social\Social\Providers\GmbProvider.cs(102,47): warning CS8602: Dereference of a possibly null reference. [C:\Users\bbqch\proj\microbians\AeroCMS\Aero\src\Aero.Social\Aero.Social.csproj]
C:\Users\bbqch\proj\microbians\AeroCMS\Aero\src\Aero.Social\Social\Providers\DiscordProvider.cs(94,61): warning CS8602: Dereference of a possibly null reference. [C:\Users\bbqch\proj\microbians\AeroCMS\Aero\src\Aero.Social\Aero.Social.csproj]
C:\Users\bbqch\proj\microbians\AeroCMS\Aero\src\Aero.Social\Social\Providers\FacebookProvider.cs(145,18): warning CS8602: Dereference of a possibly null reference. [C:\Users\bbqch\proj\microbians\AeroCMS\Aero\src\Aero.Social\Aero.Social.csproj]
C:\Users\bbqch\proj\microbians\AeroCMS\Aero\src\Aero.Social\Social\Providers\LinkedInPageProvider.cs(87,29): warning CS8602: Dereference of a possibly null reference. [C:\Users\bbqch\proj\microbians\AeroCMS\Aero\src\Aero.Social\Aero.Social.csproj]
C:\Users\bbqch\proj\microbians\AeroCMS\Aero\src\Aero.Social\Social\Providers\GmbProvider.cs(135,47): warning CS8602: Dereference of a possibly null reference. [C:\Users\bbqch\proj\microbians\AeroCMS\Aero\src\Aero.Social\Aero.Social.csproj]
C:\Users\bbqch\proj\microbians\AeroCMS\Aero\src\Aero.Social\Social\Providers\LinkedInProvider.cs(96,29): warning CS8602: Dereference of a possibly null reference. [C:\Users\bbqch\proj\microbians\AeroCMS\Aero\src\Aero.Social\Aero.Social.csproj]
C:\Users\bbqch\proj\microbians\AeroCMS\Aero\src\Aero.Social\Social\Providers\MediumProvider.cs(85,22): warning CS8602: Dereference of a possibly null reference. [C:\Users\bbqch\proj\microbians\AeroCMS\Aero\src\Aero.Social\Aero.Social.csproj]
C:\Users\bbqch\proj\microbians\AeroCMS\Aero\src\Aero.Social\Social\Providers\DribbbleProvider.cs(105,59): warning CS8602: Dereference of a possibly null reference. [C:\Users\bbqch\proj\microbians\AeroCMS\Aero\src\Aero.Social\Aero.Social.csproj]
C:\Users\bbqch\proj\microbians\AeroCMS\Aero\src\Aero.Social\Social\Providers\DribbbleProvider.cs(109,21): warning CS8602: Dereference of a possibly null reference. [C:\Users\bbqch\proj\microbians\AeroCMS\Aero\src\Aero.Social\Aero.Social.csproj]
C:\Users\bbqch\proj\microbians\AeroCMS\Aero\src\Aero.Social\Social\Providers\ListmonkProvider.cs(100,24): warning CS8602: Dereference of a possibly null reference. [C:\Users\bbqch\proj\microbians\AeroCMS\Aero\src\Aero.Social\Aero.Social.csproj]
C:\Users\bbqch\proj\microbians\AeroCMS\Aero\src\Aero.Social\Social\Providers\MastodonProvider.cs(69,62): warning CS8602: Dereference of a possibly null reference. [C:\Users\bbqch\proj\microbians\AeroCMS\Aero\src\Aero.Social\Aero.Social.csproj]
C:\Users\bbqch\proj\microbians\AeroCMS\Aero\src\Aero.Social\Social\Providers\PinterestProvider.cs(97,29): warning CS8602: Dereference of a possibly null reference. [C:\Users\bbqch\proj\microbians\AeroCMS\Aero\src\Aero.Social\Aero.Social.csproj]
C:\Users\bbqch\proj\microbians\AeroCMS\Aero\src\Aero.Social\Social\Providers\RedditProvider.cs(78,29): warning CS8602: Dereference of a possibly null reference. [C:\Users\bbqch\proj\microbians\AeroCMS\Aero\src\Aero.Social\Aero.Social.csproj]
C:\Users\bbqch\proj\microbians\AeroCMS\Aero\src\Aero.Social\Social\Providers\ListmonkProvider.cs(124,17): warning CS8602: Dereference of a possibly null reference. [C:\Users\bbqch\proj\microbians\AeroCMS\Aero\src\Aero.Social\Aero.Social.csproj]
C:\Users\bbqch\proj\microbians\AeroCMS\Aero\src\Aero.Social\Social\Providers\GmbProvider.cs(212,26): warning CS8602: Dereference of a possibly null reference. [C:\Users\bbqch\proj\microbians\AeroCMS\Aero\src\Aero.Social\Aero.Social.csproj]
C:\Users\bbqch\proj\microbians\AeroCMS\Aero\src\Aero.Social\Social\Providers\LinkedInProvider.cs(137,51): warning CS8602: Dereference of a possibly null reference. [C:\Users\bbqch\proj\microbians\AeroCMS\Aero\src\Aero.Social\Aero.Social.csproj]
C:\Users\bbqch\proj\microbians\AeroCMS\Aero\src\Aero.Social\Social\Providers\DevToProvider.cs(172,26): warning CS8602: Dereference of a possibly null reference. [C:\Users\bbqch\proj\microbians\AeroCMS\Aero\src\Aero.Social\Aero.Social.csproj]
C:\Users\bbqch\proj\microbians\AeroCMS\Aero\src\Aero.Social\Social\Providers\DiscordProvider.cs(161,26): warning CS8602: Dereference of a possibly null reference. [C:\Users\bbqch\proj\microbians\AeroCMS\Aero\src\Aero.Social\Aero.Social.csproj]
C:\Users\bbqch\proj\microbians\AeroCMS\Aero\src\Aero.Social\Social\Providers\DribbbleProvider.cs(168,16): warning CS8602: Dereference of a possibly null reference. [C:\Users\bbqch\proj\microbians\AeroCMS\Aero\src\Aero.Social\Aero.Social.csproj]
C:\Users\bbqch\proj\microbians\AeroCMS\Aero\src\Aero.Social\Social\Providers\KickProvider.cs(77,47): warning CS8602: Dereference of a possibly null reference. [C:\Users\bbqch\proj\microbians\AeroCMS\Aero\src\Aero.Social\Aero.Social.csproj]
C:\Users\bbqch\proj\microbians\AeroCMS\Aero\src\Aero.Social\Social\Providers\RedditProvider.cs(118,47): warning CS8602: Dereference of a possibly null reference. [C:\Users\bbqch\proj\microbians\AeroCMS\Aero\src\Aero.Social\Aero.Social.csproj]
C:\Users\bbqch\proj\microbians\AeroCMS\Aero\src\Aero.Social\Social\Providers\ThreadsProvider.cs(97,49): warning CS8602: Dereference of a possibly null reference. [C:\Users\bbqch\proj\microbians\AeroCMS\Aero\src\Aero.Social\Aero.Social.csproj]
C:\Users\bbqch\proj\microbians\AeroCMS\Aero\src\Aero.Social\Social\Providers\DribbbleProvider.cs(183,16): warning CS8603: Possible null reference return. [C:\Users\bbqch\proj\microbians\AeroCMS\Aero\src\Aero.Social\Aero.Social.csproj]
C:\Users\bbqch\proj\microbians\AeroCMS\Aero\src\Aero.Social\Social\Providers\LemmyProvider.cs(76,84): warning CS8602: Dereference of a possibly null reference. [C:\Users\bbqch\proj\microbians\AeroCMS\Aero\src\Aero.Social\Aero.Social.csproj]
C:\Users\bbqch\proj\microbians\AeroCMS\Aero\src\Aero.Social\Social\Providers\LemmyProvider.cs(88,22): warning CS8602: Dereference of a possibly null reference. [C:\Users\bbqch\proj\microbians\AeroCMS\Aero\src\Aero.Social\Aero.Social.csproj]
C:\Users\bbqch\proj\microbians\AeroCMS\Aero\src\Aero.Social\Social\Providers\MastodonProvider.cs(149,26): warning CS8602: Dereference of a possibly null reference. [C:\Users\bbqch\proj\microbians\AeroCMS\Aero\src\Aero.Social\Aero.Social.csproj]
C:\Users\bbqch\proj\microbians\AeroCMS\Aero\src\Aero.Social\Social\Providers\SlackProvider.cs(97,46): warning CS8602: Dereference of a possibly null reference. [C:\Users\bbqch\proj\microbians\AeroCMS\Aero\src\Aero.Social\Aero.Social.csproj]
C:\Users\bbqch\proj\microbians\AeroCMS\Aero\src\Aero.Social\Social\Providers\LinkedInPageProvider.cs(128,51): warning CS8602: Dereference of a possibly null reference. [C:\Users\bbqch\proj\microbians\AeroCMS\Aero\src\Aero.Social\Aero.Social.csproj]
C:\Users\bbqch\proj\microbians\AeroCMS\Aero\src\Aero.Social\Social\Providers\KickProvider.cs(110,47): warning CS8602: Dereference of a possibly null reference. [C:\Users\bbqch\proj\microbians\AeroCMS\Aero\src\Aero.Social\Aero.Social.csproj]
C:\Users\bbqch\proj\microbians\AeroCMS\Aero\src\Aero.Social\Social\Providers\PinterestProvider.cs(143,49): warning CS8602: Dereference of a possibly null reference. [C:\Users\bbqch\proj\microbians\AeroCMS\Aero\src\Aero.Social\Aero.Social.csproj]
C:\Users\bbqch\proj\microbians\AeroCMS\Aero\src\Aero.Social\Social\Providers\ListmonkProvider.cs(147,29): warning CS8602: Dereference of a possibly null reference. [C:\Users\bbqch\proj\microbians\AeroCMS\Aero\src\Aero.Social\Aero.Social.csproj]
C:\Users\bbqch\proj\microbians\AeroCMS\Aero\src\Aero.Social\Social\Providers\TwitchProvider.cs(71,47): warning CS8602: Dereference of a possibly null reference. [C:\Users\bbqch\proj\microbians\AeroCMS\Aero\src\Aero.Social\Aero.Social.csproj]
C:\Users\bbqch\proj\microbians\AeroCMS\Aero\src\Aero.Social\Social\Providers\MediumProvider.cs(149,26): warning CS8602: Dereference of a possibly null reference. [C:\Users\bbqch\proj\microbians\AeroCMS\Aero\src\Aero.Social\Aero.Social.csproj]
C:\Users\bbqch\proj\microbians\AeroCMS\Aero\src\Aero.Social\Social\Providers\GmbProvider.cs(262,20): warning CS8602: Dereference of a possibly null reference. [C:\Users\bbqch\proj\microbians\AeroCMS\Aero\src\Aero.Social\Aero.Social.csproj]
C:\Users\bbqch\proj\microbians\AeroCMS\Aero\src\Aero.Social\Social\Providers\TikTokProvider.cs(126,29): warning CS8602: Dereference of a possibly null reference. [C:\Users\bbqch\proj\microbians\AeroCMS\Aero\src\Aero.Social\Aero.Social.csproj]
C:\Users\bbqch\proj\microbians\AeroCMS\Aero\src\Aero.Social\Social\Providers\FacebookProvider.cs(223,26): warning CS8602: Dereference of a possibly null reference. [C:\Users\bbqch\proj\microbians\AeroCMS\Aero\src\Aero.Social\Aero.Social.csproj]
C:\Users\bbqch\proj\microbians\AeroCMS\Aero\src\Aero.Social\Social\Providers\InstagramStandaloneProvider.cs(100,44): warning CS8602: Dereference of a possibly null reference. [C:\Users\bbqch\proj\microbians\AeroCMS\Aero\src\Aero.Social\Aero.Social.csproj]
C:\Users\bbqch\proj\microbians\AeroCMS\Aero\src\Aero.Social\Social\Providers\InstagramStandaloneProvider.cs(107,47): warning CS8602: Dereference of a possibly null reference. [C:\Users\bbqch\proj\microbians\AeroCMS\Aero\src\Aero.Social\Aero.Social.csproj]
C:\Users\bbqch\proj\microbians\AeroCMS\Aero\src\Aero.Social\Social\Providers\KickProvider.cs(155,26): warning CS8602: Dereference of a possibly null reference. [C:\Users\bbqch\proj\microbians\AeroCMS\Aero\src\Aero.Social\Aero.Social.csproj]
C:\Users\bbqch\proj\microbians\AeroCMS\Aero\src\Aero.Social\Social\Providers\MastodonProvider.cs(210,26): warning CS8602: Dereference of a possibly null reference. [C:\Users\bbqch\proj\microbians\AeroCMS\Aero\src\Aero.Social\Aero.Social.csproj]
C:\Users\bbqch\proj\microbians\AeroCMS\Aero\src\Aero.Social\Social\Providers\WordPressProvider.cs(68,17): warning CS8602: Dereference of a possibly null reference. [C:\Users\bbqch\proj\microbians\AeroCMS\Aero\src\Aero.Social\Aero.Social.csproj]
C:\Users\bbqch\proj\microbians\AeroCMS\Aero\src\Aero.Social\Social\Providers\DiscordProvider.cs(235,26): warning CS8602: Dereference of a possibly null reference. [C:\Users\bbqch\proj\microbians\AeroCMS\Aero\src\Aero.Social\Aero.Social.csproj]
C:\Users\bbqch\proj\microbians\AeroCMS\Aero\src\Aero.Social\Social\Providers\FacebookProvider.cs(258,26): warning CS8602: Dereference of a possibly null reference. [C:\Users\bbqch\proj\microbians\AeroCMS\Aero\src\Aero.Social\Aero.Social.csproj]
C:\Users\bbqch\proj\microbians\AeroCMS\Aero\src\Aero.Social\Social\Providers\InstagramProvider.cs(186,27): warning CS8602: Dereference of a possibly null reference. [C:\Users\bbqch\proj\microbians\AeroCMS\Aero\src\Aero.Social\Aero.Social.csproj]
C:\Users\bbqch\proj\microbians\AeroCMS\Aero\src\Aero.Social\Social\Providers\TikTokProvider.cs(166,47): warning CS8602: Dereference of a possibly null reference. [C:\Users\bbqch\proj\microbians\AeroCMS\Aero\src\Aero.Social\Aero.Social.csproj]
C:\Users\bbqch\proj\microbians\AeroCMS\Aero\src\Aero.Social\Social\Providers\FarcasterProvider.cs(191,16): warning CS8602: Dereference of a possibly null reference. [C:\Users\bbqch\proj\microbians\AeroCMS\Aero\src\Aero.Social\Aero.Social.csproj]
C:\Users\bbqch\proj\microbians\AeroCMS\Aero\src\Aero.Social\Social\Providers\TwitchProvider.cs(104,47): warning CS8602: Dereference of a possibly null reference. [C:\Users\bbqch\proj\microbians\AeroCMS\Aero\src\Aero.Social\Aero.Social.csproj]
C:\Users\bbqch\proj\microbians\AeroCMS\Aero\src\Aero.Social\Social\Providers\SlackProvider.cs(168,62): warning CS8602: Dereference of a possibly null reference. [C:\Users\bbqch\proj\microbians\AeroCMS\Aero\src\Aero.Social\Aero.Social.csproj]
C:\Users\bbqch\proj\microbians\AeroCMS\Aero\src\Aero.Social\Social\Providers\MediumProvider.cs(164,16): warning CS8602: Dereference of a possibly null reference. [C:\Users\bbqch\proj\microbians\AeroCMS\Aero\src\Aero.Social\Aero.Social.csproj]
C:\Users\bbqch\proj\microbians\AeroCMS\Aero\src\Aero.Social\Social\Providers\BlueskyProvider.cs(228,16): warning CS8603: Possible null reference return. [C:\Users\bbqch\proj\microbians\AeroCMS\Aero\src\Aero.Social\Aero.Social.csproj]
C:\Users\bbqch\proj\microbians\AeroCMS\Aero\src\Aero.Social\Social\Providers\InstagramStandaloneProvider.cs(131,47): warning CS8602: Dereference of a possibly null reference. [C:\Users\bbqch\proj\microbians\AeroCMS\Aero\src\Aero.Social\Aero.Social.csproj]
C:\Users\bbqch\proj\microbians\AeroCMS\Aero\src\Aero.Social\Social\Providers\LinkedInPageProvider.cs(179,17): warning CS8602: Dereference of a possibly null reference. [C:\Users\bbqch\proj\microbians\AeroCMS\Aero\src\Aero.Social\Aero.Social.csproj]
C:\Users\bbqch\proj\microbians\AeroCMS\Aero\src\Aero.Social\Social\Providers\VkProvider.cs(99,47): warning CS8602: Dereference of a possibly null reference. [C:\Users\bbqch\proj\microbians\AeroCMS\Aero\src\Aero.Social\Aero.Social.csproj]
C:\Users\bbqch\proj\microbians\AeroCMS\Aero\src\Aero.Social\Social\Providers\HashnodeProvider.cs(211,16): warning CS8602: Dereference of a possibly null reference. [C:\Users\bbqch\proj\microbians\AeroCMS\Aero\src\Aero.Social\Aero.Social.csproj]
C:\Users\bbqch\proj\microbians\AeroCMS\Aero\src\Aero.Social\Social\Providers\BlueskyProvider.cs(245,16): warning CS8603: Possible null reference return. [C:\Users\bbqch\proj\microbians\AeroCMS\Aero\src\Aero.Social\Aero.Social.csproj]
C:\Users\bbqch\proj\microbians\AeroCMS\Aero\src\Aero.Social\Social\Providers\ListmonkProvider.cs(235,22): warning CS8602: Dereference of a possibly null reference. [C:\Users\bbqch\proj\microbians\AeroCMS\Aero\src\Aero.Social\Aero.Social.csproj]
C:\Users\bbqch\proj\microbians\AeroCMS\Aero\src\Aero.Social\Social\Providers\FacebookProvider.cs(300,26): warning CS8602: Dereference of a possibly null reference. [C:\Users\bbqch\proj\microbians\AeroCMS\Aero\src\Aero.Social\Aero.Social.csproj]
C:\Users\bbqch\proj\microbians\AeroCMS\Aero\src\Aero.Social\Social\Providers\KickProvider.cs(196,26): warning CS8602: Dereference of a possibly null reference. [C:\Users\bbqch\proj\microbians\AeroCMS\Aero\src\Aero.Social\Aero.Social.csproj]
C:\Users\bbqch\proj\microbians\AeroCMS\Aero\src\Aero.Social\Social\Providers\InstagramProvider.cs(211,22): warning CS8602: Dereference of a possibly null reference. [C:\Users\bbqch\proj\microbians\AeroCMS\Aero\src\Aero.Social\Aero.Social.csproj]
C:\Users\bbqch\proj\microbians\AeroCMS\Aero\src\Aero.Social\Social\Providers\FarcasterProvider.cs(215,20): warning CS8602: Dereference of a possibly null reference. [C:\Users\bbqch\proj\microbians\AeroCMS\Aero\src\Aero.Social\Aero.Social.csproj]
C:\Users\bbqch\proj\microbians\AeroCMS\Aero\src\Aero.Social\Social\Providers\GmbProvider.cs(280,13): warning CS8602: Dereference of a possibly null reference. [C:\Users\bbqch\proj\microbians\AeroCMS\Aero\src\Aero.Social\Aero.Social.csproj]
C:\Users\bbqch\proj\microbians\AeroCMS\Aero\src\Aero.Social\Social\Providers\GmbProvider.cs(295,21): warning CS8602: Dereference of a possibly null reference. [C:\Users\bbqch\proj\microbians\AeroCMS\Aero\src\Aero.Social\Aero.Social.csproj]
C:\Users\bbqch\proj\microbians\AeroCMS\Aero\src\Aero.Social\Social\Providers\FacebookProvider.cs(315,16): warning CS8602: Dereference of a possibly null reference. [C:\Users\bbqch\proj\microbians\AeroCMS\Aero\src\Aero.Social\Aero.Social.csproj]
C:\Users\bbqch\proj\microbians\AeroCMS\Aero\src\Aero.Social\Social\Providers\TikTokProvider.cs(206,91): warning CS8602: Dereference of a possibly null reference. [C:\Users\bbqch\proj\microbians\AeroCMS\Aero\src\Aero.Social\Aero.Social.csproj]
C:\Users\bbqch\proj\microbians\AeroCMS\Aero\src\Aero.Social\Social\Providers\YouTubeProvider.cs(236,16): warning CS8602: Dereference of a possibly null reference. [C:\Users\bbqch\proj\microbians\AeroCMS\Aero\src\Aero.Social\Aero.Social.csproj]
C:\Users\bbqch\proj\microbians\AeroCMS\Aero\src\Aero.Social\Social\Providers\GmbProvider.cs(327,16): warning CS8603: Possible null reference return. [C:\Users\bbqch\proj\microbians\AeroCMS\Aero\src\Aero.Social\Aero.Social.csproj]
C:\Users\bbqch\proj\microbians\AeroCMS\Aero\src\Aero.Social\Social\Providers\SlackProvider.cs(239,62): warning CS8602: Dereference of a possibly null reference. [C:\Users\bbqch\proj\microbians\AeroCMS\Aero\src\Aero.Social\Aero.Social.csproj]
C:\Users\bbqch\proj\microbians\AeroCMS\Aero\src\Aero.Social\Social\Providers\VkProvider.cs(142,47): warning CS8602: Dereference of a possibly null reference. [C:\Users\bbqch\proj\microbians\AeroCMS\Aero\src\Aero.Social\Aero.Social.csproj]
C:\Users\bbqch\proj\microbians\AeroCMS\Aero\src\Aero.Social\Social\Providers\LinkedInPageProvider.cs(230,18): warning CS8602: Dereference of a possibly null reference. [C:\Users\bbqch\proj\microbians\AeroCMS\Aero\src\Aero.Social\Aero.Social.csproj]
C:\Users\bbqch\proj\microbians\AeroCMS\Aero\src\Aero.Social\Social\Providers\FacebookProvider.cs(334,18): warning CS8602: Dereference of a possibly null reference. [C:\Users\bbqch\proj\microbians\AeroCMS\Aero\src\Aero.Social\Aero.Social.csproj]
C:\Users\bbqch\proj\microbians\AeroCMS\Aero\src\Aero.Social\Social\Providers\WordPressProvider.cs(174,26): warning CS8602: Dereference of a possibly null reference. [C:\Users\bbqch\proj\microbians\AeroCMS\Aero\src\Aero.Social\Aero.Social.csproj]
C:\Users\bbqch\proj\microbians\AeroCMS\Aero\src\Aero.Social\Social\Providers\ThreadsProvider.cs(187,16): warning CS8602: Dereference of a possibly null reference. [C:\Users\bbqch\proj\microbians\AeroCMS\Aero\src\Aero.Social\Aero.Social.csproj]
C:\Users\bbqch\proj\microbians\AeroCMS\Aero\src\Aero.Social\Social\Providers\ThreadsProvider.cs(192,66): warning CS8601: Possible null reference assignment. [C:\Users\bbqch\proj\microbians\AeroCMS\Aero\src\Aero.Social\Aero.Social.csproj]
C:\Users\bbqch\proj\microbians\AeroCMS\Aero\src\Aero.Social\Social\Providers\XProvider.cs(176,23): warning CS8602: Dereference of a possibly null reference. [C:\Users\bbqch\proj\microbians\AeroCMS\Aero\src\Aero.Social\Aero.Social.csproj]
C:\Users\bbqch\proj\microbians\AeroCMS\Aero\src\Aero.Social\Social\Providers\InstagramProvider.cs(230,60): warning CS8602: Dereference of a possibly null reference. [C:\Users\bbqch\proj\microbians\AeroCMS\Aero\src\Aero.Social\Aero.Social.csproj]
C:\Users\bbqch\proj\microbians\AeroCMS\Aero\src\Aero.Social\Social\Providers\GmbProvider.cs(343,20): warning CS8602: Dereference of a possibly null reference. [C:\Users\bbqch\proj\microbians\AeroCMS\Aero\src\Aero.Social\Aero.Social.csproj]
C:\Users\bbqch\proj\microbians\AeroCMS\Aero\src\Aero.Social\Social\Providers\SlackProvider.cs(263,16): warning CS8602: Dereference of a possibly null reference. [C:\Users\bbqch\proj\microbians\AeroCMS\Aero\src\Aero.Social\Aero.Social.csproj]
C:\Users\bbqch\proj\microbians\AeroCMS\Aero\src\Aero.Social\Social\Providers\MastodonProvider.cs(247,16): warning CS8602: Dereference of a possibly null reference. [C:\Users\bbqch\proj\microbians\AeroCMS\Aero\src\Aero.Social\Aero.Social.csproj]
C:\Users\bbqch\proj\microbians\AeroCMS\Aero\src\Aero.Social\Social\Providers\FacebookProvider.cs(357,16): warning CS8602: Dereference of a possibly null reference. [C:\Users\bbqch\proj\microbians\AeroCMS\Aero\src\Aero.Social\Aero.Social.csproj]
C:\Users\bbqch\proj\microbians\AeroCMS\Aero\src\Aero.Social\Social\Providers\InstagramStandaloneProvider.cs(193,16): warning CS8603: Possible null reference return. [C:\Users\bbqch\proj\microbians\AeroCMS\Aero\src\Aero.Social\Aero.Social.csproj]
C:\Users\bbqch\proj\microbians\AeroCMS\Aero\src\Aero.Social\Social\Providers\LinkedInProvider.cs(270,26): warning CS8602: Dereference of a possibly null reference. [C:\Users\bbqch\proj\microbians\AeroCMS\Aero\src\Aero.Social\Aero.Social.csproj]
C:\Users\bbqch\proj\microbians\AeroCMS\Aero\src\Aero.Social\Social\Providers\PinterestProvider.cs(243,26): warning CS8602: Dereference of a possibly null reference. [C:\Users\bbqch\proj\microbians\AeroCMS\Aero\src\Aero.Social\Aero.Social.csproj]
C:\Users\bbqch\proj\microbians\AeroCMS\Aero\src\Aero.Social\Social\Providers\DiscordProvider.cs(317,16): warning CS8603: Possible null reference return. [C:\Users\bbqch\proj\microbians\AeroCMS\Aero\src\Aero.Social\Aero.Social.csproj]
C:\Users\bbqch\proj\microbians\AeroCMS\Aero\src\Aero.Social\Social\Providers\XProvider.cs(240,16): warning CS8602: Dereference of a possibly null reference. [C:\Users\bbqch\proj\microbians\AeroCMS\Aero\src\Aero.Social\Aero.Social.csproj]
C:\Users\bbqch\proj\microbians\AeroCMS\Aero\src\Aero.Social\Social\Providers\ThreadsProvider.cs(215,13): warning CS8602: Dereference of a possibly null reference. [C:\Users\bbqch\proj\microbians\AeroCMS\Aero\src\Aero.Social\Aero.Social.csproj]
C:\Users\bbqch\proj\microbians\AeroCMS\Aero\src\Aero.Social\Social\Providers\MastodonProvider.cs(263,16): warning CS8603: Possible null reference return. [C:\Users\bbqch\proj\microbians\AeroCMS\Aero\src\Aero.Social\Aero.Social.csproj]
C:\Users\bbqch\proj\microbians\AeroCMS\Aero\src\Aero.Social\Social\Providers\TwitchProvider.cs(228,20): warning CS8602: Dereference of a possibly null reference. [C:\Users\bbqch\proj\microbians\AeroCMS\Aero\src\Aero.Social\Aero.Social.csproj]
C:\Users\bbqch\proj\microbians\AeroCMS\Aero\src\Aero.Social\Social\Providers\DiscordProvider.cs(328,16): warning CS8603: Possible null reference return. [C:\Users\bbqch\proj\microbians\AeroCMS\Aero\src\Aero.Social\Aero.Social.csproj]
C:\Users\bbqch\proj\microbians\AeroCMS\Aero\src\Aero.Social\Social\Providers\FacebookProvider.cs(372,16): warning CS8602: Dereference of a possibly null reference. [C:\Users\bbqch\proj\microbians\AeroCMS\Aero\src\Aero.Social\Aero.Social.csproj]
C:\Users\bbqch\proj\microbians\AeroCMS\Aero\src\Aero.Social\Social\Providers\InstagramProvider.cs(261,49): warning CS8602: Dereference of a possibly null reference. [C:\Users\bbqch\proj\microbians\AeroCMS\Aero\src\Aero.Social\Aero.Social.csproj]
C:\Users\bbqch\proj\microbians\AeroCMS\Aero\src\Aero.Social\Social\Providers\InstagramProvider.cs(268,60): warning CS8602: Dereference of a possibly null reference. [C:\Users\bbqch\proj\microbians\AeroCMS\Aero\src\Aero.Social\Aero.Social.csproj]
C:\Users\bbqch\proj\microbians\AeroCMS\Aero\src\Aero.Social\Social\Providers\DiscordProvider.cs(347,16): warning CS8603: Possible null reference return. [C:\Users\bbqch\proj\microbians\AeroCMS\Aero\src\Aero.Social\Aero.Social.csproj]
C:\Users\bbqch\proj\microbians\AeroCMS\Aero\src\Aero.Social\Social\Providers\InstagramProvider.cs(287,16): warning CS8602: Dereference of a possibly null reference. [C:\Users\bbqch\proj\microbians\AeroCMS\Aero\src\Aero.Social\Aero.Social.csproj]
C:\Users\bbqch\proj\microbians\AeroCMS\Aero\src\Aero.Social\Social\Providers\FacebookProvider.cs(387,16): warning CS8602: Dereference of a possibly null reference. [C:\Users\bbqch\proj\microbians\AeroCMS\Aero\src\Aero.Social\Aero.Social.csproj]
C:\Users\bbqch\proj\microbians\AeroCMS\Aero\src\Aero.Social\Social\Providers\ThreadsProvider.cs(297,16): warning CS8602: Dereference of a possibly null reference. [C:\Users\bbqch\proj\microbians\AeroCMS\Aero\src\Aero.Social\Aero.Social.csproj]
C:\Users\bbqch\proj\microbians\AeroCMS\Aero\src\Aero.Social\Social\Providers\SlackProvider.cs(285,16): warning CS8602: Dereference of a possibly null reference. [C:\Users\bbqch\proj\microbians\AeroCMS\Aero\src\Aero.Social\Aero.Social.csproj]
C:\Users\bbqch\proj\microbians\AeroCMS\Aero\src\Aero.Social\Social\Providers\XProvider.cs(262,23): warning CS8602: Dereference of a possibly null reference. [C:\Users\bbqch\proj\microbians\AeroCMS\Aero\src\Aero.Social\Aero.Social.csproj]
C:\Users\bbqch\proj\microbians\AeroCMS\Aero\src\Aero.Social\Social\Providers\LinkedInProvider.cs(303,25): warning CS8602: Dereference of a possibly null reference. [C:\Users\bbqch\proj\microbians\AeroCMS\Aero\src\Aero.Social\Aero.Social.csproj]
C:\Users\bbqch\proj\microbians\AeroCMS\Aero\src\Aero.Social\Social\Providers\TwitchProvider.cs(290,24): warning CS8602: Dereference of a possibly null reference. [C:\Users\bbqch\proj\microbians\AeroCMS\Aero\src\Aero.Social\Aero.Social.csproj]
C:\Users\bbqch\proj\microbians\AeroCMS\Aero\src\Aero.Social\Social\Providers\YouTubeProvider.cs(267,16): warning CS8602: Dereference of a possibly null reference. [C:\Users\bbqch\proj\microbians\AeroCMS\Aero\src\Aero.Social\Aero.Social.csproj]
C:\Users\bbqch\proj\microbians\AeroCMS\Aero\src\Aero.Social\Social\Providers\KickProvider.cs(212,20): warning CS8602: Dereference of a possibly null reference. [C:\Users\bbqch\proj\microbians\AeroCMS\Aero\src\Aero.Social\Aero.Social.csproj]
C:\Users\bbqch\proj\microbians\AeroCMS\Aero\src\Aero.Social\Social\Providers\DiscordProvider.cs(358,16): warning CS8603: Possible null reference return. [C:\Users\bbqch\proj\microbians\AeroCMS\Aero\src\Aero.Social\Aero.Social.csproj]
C:\Users\bbqch\proj\microbians\AeroCMS\Aero\src\Aero.Social\Social\Providers\LemmyProvider.cs(176,26): warning CS8602: Dereference of a possibly null reference. [C:\Users\bbqch\proj\microbians\AeroCMS\Aero\src\Aero.Social\Aero.Social.csproj]
C:\Users\bbqch\proj\microbians\AeroCMS\Aero\src\Aero.Social\Social\Providers\LinkedInProvider.cs(332,16): warning CS8603: Possible null reference return. [C:\Users\bbqch\proj\microbians\AeroCMS\Aero\src\Aero.Social\Aero.Social.csproj]
C:\Users\bbqch\proj\microbians\AeroCMS\Aero\src\Aero.Social\Social\Providers\SlackProvider.cs(297,16): warning CS8602: Dereference of a possibly null reference. [C:\Users\bbqch\proj\microbians\AeroCMS\Aero\src\Aero.Social\Aero.Social.csproj]
C:\Users\bbqch\proj\microbians\AeroCMS\Aero\src\Aero.Social\Social\Providers\InstagramProvider.cs(315,26): warning CS8602: Dereference of a possibly null reference. [C:\Users\bbqch\proj\microbians\AeroCMS\Aero\src\Aero.Social\Aero.Social.csproj]
C:\Users\bbqch\proj\microbians\AeroCMS\Aero\src\Aero.Social\Social\Providers\TikTokProvider.cs(313,26): warning CS8602: Dereference of a possibly null reference. [C:\Users\bbqch\proj\microbians\AeroCMS\Aero\src\Aero.Social\Aero.Social.csproj]
C:\Users\bbqch\proj\microbians\AeroCMS\Aero\src\Aero.Social\Social\Providers\FacebookProvider.cs(398,16): warning CS8602: Dereference of a possibly null reference. [C:\Users\bbqch\proj\microbians\AeroCMS\Aero\src\Aero.Social\Aero.Social.csproj]
C:\Users\bbqch\proj\microbians\AeroCMS\Aero\src\Aero.Social\Social\Providers\YouTubeProvider.cs(296,16): warning CS8603: Possible null reference return. [C:\Users\bbqch\proj\microbians\AeroCMS\Aero\src\Aero.Social\Aero.Social.csproj]
C:\Users\bbqch\proj\microbians\AeroCMS\Aero\src\Aero.Social\Social\Providers\LinkedInProvider.cs(344,16): warning CS8602: Dereference of a possibly null reference. [C:\Users\bbqch\proj\microbians\AeroCMS\Aero\src\Aero.Social\Aero.Social.csproj]
C:\Users\bbqch\proj\microbians\AeroCMS\Aero\src\Aero.Social\Social\Providers\DiscordProvider.cs(369,16): warning CS8603: Possible null reference return. [C:\Users\bbqch\proj\microbians\AeroCMS\Aero\src\Aero.Social\Aero.Social.csproj]
C:\Users\bbqch\proj\microbians\AeroCMS\Aero\src\Aero.Social\Social\Providers\FacebookProvider.cs(411,16): warning CS8603: Possible null reference return. [C:\Users\bbqch\proj\microbians\AeroCMS\Aero\src\Aero.Social\Aero.Social.csproj]
C:\Users\bbqch\proj\microbians\AeroCMS\Aero\src\Aero.Social\Social\Providers\TikTokProvider.cs(349,16): warning CS8602: Dereference of a possibly null reference. [C:\Users\bbqch\proj\microbians\AeroCMS\Aero\src\Aero.Social\Aero.Social.csproj]
C:\Users\bbqch\proj\microbians\AeroCMS\Aero\src\Aero.Social\Social\Providers\ThreadsProvider.cs(336,16): warning CS8602: Dereference of a possibly null reference. [C:\Users\bbqch\proj\microbians\AeroCMS\Aero\src\Aero.Social\Aero.Social.csproj]
C:\Users\bbqch\proj\microbians\AeroCMS\Aero\src\Aero.Social\Social\Providers\BlueskyProvider.cs(348,16): warning CS8602: Dereference of a possibly null reference. [C:\Users\bbqch\proj\microbians\AeroCMS\Aero\src\Aero.Social\Aero.Social.csproj]
C:\Users\bbqch\proj\microbians\AeroCMS\Aero\src\Aero.Social\Social\Providers\BlueskyProvider.cs(348,16): warning CS8603: Possible null reference return. [C:\Users\bbqch\proj\microbians\AeroCMS\Aero\src\Aero.Social\Aero.Social.csproj]
C:\Users\bbqch\proj\microbians\AeroCMS\Aero\src\Aero.Social\Social\Providers\YouTubeProvider.cs(317,16): warning CS8603: Possible null reference return. [C:\Users\bbqch\proj\microbians\AeroCMS\Aero\src\Aero.Social\Aero.Social.csproj]
C:\Users\bbqch\proj\microbians\AeroCMS\Aero\src\Aero.Social\Social\Providers\WordPressProvider.cs(251,16): warning CS8602: Dereference of a possibly null reference. [C:\Users\bbqch\proj\microbians\AeroCMS\Aero\src\Aero.Social\Aero.Social.csproj]
C:\Users\bbqch\proj\microbians\AeroCMS\Aero\src\Aero.Social\Social\Providers\YouTubeProvider.cs(328,16): warning CS8603: Possible null reference return. [C:\Users\bbqch\proj\microbians\AeroCMS\Aero\src\Aero.Social\Aero.Social.csproj]
C:\Users\bbqch\proj\microbians\AeroCMS\Aero\src\Aero.Social\Social\Providers\PinterestProvider.cs(270,13): warning CS8602: Dereference of a possibly null reference. [C:\Users\bbqch\proj\microbians\AeroCMS\Aero\src\Aero.Social\Aero.Social.csproj]
C:\Users\bbqch\proj\microbians\AeroCMS\Aero\src\Aero.Social\Social\Providers\PinterestProvider.cs(285,87): warning CS8601: Possible null reference assignment. [C:\Users\bbqch\proj\microbians\AeroCMS\Aero\src\Aero.Social\Aero.Social.csproj]
C:\Users\bbqch\proj\microbians\AeroCMS\Aero\src\Aero.Social\Social\Providers\PinterestProvider.cs(288,87): warning CS8601: Possible null reference assignment. [C:\Users\bbqch\proj\microbians\AeroCMS\Aero\src\Aero.Social\Aero.Social.csproj]
C:\Users\bbqch\proj\microbians\AeroCMS\Aero\src\Aero.Social\Social\Providers\PinterestProvider.cs(291,87): warning CS8601: Possible null reference assignment. [C:\Users\bbqch\proj\microbians\AeroCMS\Aero\src\Aero.Social\Aero.Social.csproj]
C:\Users\bbqch\proj\microbians\AeroCMS\Aero\src\Aero.Social\Social\Providers\PinterestProvider.cs(294,87): warning CS8601: Possible null reference assignment. [C:\Users\bbqch\proj\microbians\AeroCMS\Aero\src\Aero.Social\Aero.Social.csproj]
C:\Users\bbqch\proj\microbians\AeroCMS\Aero\src\Aero.Social\Social\Providers\PinterestProvider.cs(297,87): warning CS8601: Possible null reference assignment. [C:\Users\bbqch\proj\microbians\AeroCMS\Aero\src\Aero.Social\Aero.Social.csproj]
C:\Users\bbqch\proj\microbians\AeroCMS\Aero\src\Aero.Social\Social\Providers\InstagramProvider.cs(332,30): warning CS8602: Dereference of a possibly null reference. [C:\Users\bbqch\proj\microbians\AeroCMS\Aero\src\Aero.Social\Aero.Social.csproj]
C:\Users\bbqch\proj\microbians\AeroCMS\Aero\src\Aero.Social\Social\Providers\InstagramProvider.cs(344,28): warning CS8602: Dereference of a possibly null reference. [C:\Users\bbqch\proj\microbians\AeroCMS\Aero\src\Aero.Social\Aero.Social.csproj]
C:\Users\bbqch\proj\microbians\AeroCMS\Aero\src\Aero.Social\Social\Providers\RedditProvider.cs(209,17): warning CS8602: Dereference of a possibly null reference. [C:\Users\bbqch\proj\microbians\AeroCMS\Aero\src\Aero.Social\Aero.Social.csproj]
C:\Users\bbqch\proj\microbians\AeroCMS\Aero\src\Aero.Social\Social\Providers\RedditProvider.cs(212,27): warning CS8600: Converting null literal or possible null value to non-nullable type. [C:\Users\bbqch\proj\microbians\AeroCMS\Aero\src\Aero.Social\Aero.Social.csproj]
C:\Users\bbqch\proj\microbians\AeroCMS\Aero\src\Aero.Social\Social\Providers\RedditProvider.cs(227,30): warning CS8601: Possible null reference assignment. [C:\Users\bbqch\proj\microbians\AeroCMS\Aero\src\Aero.Social\Aero.Social.csproj]
C:\Users\bbqch\proj\microbians\AeroCMS\Aero\src\Aero.Social\Social\Providers\VkProvider.cs(194,26): warning CS8602: Dereference of a possibly null reference. [C:\Users\bbqch\proj\microbians\AeroCMS\Aero\src\Aero.Social\Aero.Social.csproj]
C:\Users\bbqch\proj\microbians\AeroCMS\Aero\src\Aero.Social\Social\Providers\InstagramProvider.cs(366,16): warning CS8602: Dereference of a possibly null reference. [C:\Users\bbqch\proj\microbians\AeroCMS\Aero\src\Aero.Social\Aero.Social.csproj]
C:\Users\bbqch\proj\microbians\AeroCMS\Aero\src\Aero.Social\Social\Providers\LemmyProvider.cs(236,26): warning CS8602: Dereference of a possibly null reference. [C:\Users\bbqch\proj\microbians\AeroCMS\Aero\src\Aero.Social\Aero.Social.csproj]
C:\Users\bbqch\proj\microbians\AeroCMS\Aero\src\Aero.Social\Social\Providers\ThreadsProvider.cs(381,16): warning CS8602: Dereference of a possibly null reference. [C:\Users\bbqch\proj\microbians\AeroCMS\Aero\src\Aero.Social\Aero.Social.csproj]
C:\Users\bbqch\proj\microbians\AeroCMS\Aero\src\Aero.Social\Social\Providers\RedditProvider.cs(278,25): warning CS8602: Dereference of a possibly null reference. [C:\Users\bbqch\proj\microbians\AeroCMS\Aero\src\Aero.Social\Aero.Social.csproj]
C:\Users\bbqch\proj\microbians\AeroCMS\Aero\src\Aero.Social\Social\Providers\InstagramProvider.cs(381,16): warning CS8602: Dereference of a possibly null reference. [C:\Users\bbqch\proj\microbians\AeroCMS\Aero\src\Aero.Social\Aero.Social.csproj]
C:\Users\bbqch\proj\microbians\AeroCMS\Aero\src\Aero.Social\Social\Providers\XProvider.cs(362,16): warning CS8602: Dereference of a possibly null reference. [C:\Users\bbqch\proj\microbians\AeroCMS\Aero\src\Aero.Social\Aero.Social.csproj]
C:\Users\bbqch\proj\microbians\AeroCMS\Aero\src\Aero.Social\Social\Providers\BlueskyProvider.cs(387,82): warning CS8602: Dereference of a possibly null reference. [C:\Users\bbqch\proj\microbians\AeroCMS\Aero\src\Aero.Social\Aero.Social.csproj]
C:\Users\bbqch\proj\microbians\AeroCMS\Aero\src\Aero.Social\Social\Providers\BlueskyProvider.cs(393,20): warning CS8602: Dereference of a possibly null reference. [C:\Users\bbqch\proj\microbians\AeroCMS\Aero\src\Aero.Social\Aero.Social.csproj]
C:\Users\bbqch\proj\microbians\AeroCMS\Aero\src\Aero.Social\Social\Providers\BlueskyProvider.cs(404,20): warning CS8602: Dereference of a possibly null reference. [C:\Users\bbqch\proj\microbians\AeroCMS\Aero\src\Aero.Social\Aero.Social.csproj]
C:\Users\bbqch\proj\microbians\AeroCMS\Aero\src\Aero.Social\Social\Providers\VkProvider.cs(242,26): warning CS8602: Dereference of a possibly null reference. [C:\Users\bbqch\proj\microbians\AeroCMS\Aero\src\Aero.Social\Aero.Social.csproj]
C:\Users\bbqch\proj\microbians\AeroCMS\Aero\src\Aero.Social\Social\Providers\ThreadsProvider.cs(393,13): warning CS8602: Dereference of a possibly null reference. [C:\Users\bbqch\proj\microbians\AeroCMS\Aero\src\Aero.Social\Aero.Social.csproj]
C:\Users\bbqch\proj\microbians\AeroCMS\Aero\src\Aero.Social\Social\Providers\LemmyProvider.cs(273,16): warning CS8602: Dereference of a possibly null reference. [C:\Users\bbqch\proj\microbians\AeroCMS\Aero\src\Aero.Social\Aero.Social.csproj]
C:\Users\bbqch\proj\microbians\AeroCMS\Aero\src\Aero.Social\Social\Providers\PinterestProvider.cs(324,13): warning CS8602: Dereference of a possibly null reference. [C:\Users\bbqch\proj\microbians\AeroCMS\Aero\src\Aero.Social\Aero.Social.csproj]
C:\Users\bbqch\proj\microbians\AeroCMS\Aero\src\Aero.Social\Social\Providers\InstagramProvider.cs(392,16): warning CS8602: Dereference of a possibly null reference. [C:\Users\bbqch\proj\microbians\AeroCMS\Aero\src\Aero.Social\Aero.Social.csproj]
C:\Users\bbqch\proj\microbians\AeroCMS\Aero\src\Aero.Social\Social\Providers\VkProvider.cs(268,16): warning CS8602: Dereference of a possibly null reference. [C:\Users\bbqch\proj\microbians\AeroCMS\Aero\src\Aero.Social\Aero.Social.csproj]
C:\Users\bbqch\proj\microbians\AeroCMS\Aero\src\Aero.Social\Social\Providers\BlueskyProvider.cs(453,16): warning CS8603: Possible null reference return. [C:\Users\bbqch\proj\microbians\AeroCMS\Aero\src\Aero.Social\Aero.Social.csproj]
C:\Users\bbqch\proj\microbians\AeroCMS\Aero\src\Aero.Social\Social\Providers\RedditProvider.cs(305,16): warning CS8602: Dereference of a possibly null reference. [C:\Users\bbqch\proj\microbians\AeroCMS\Aero\src\Aero.Social\Aero.Social.csproj]
C:\Users\bbqch\proj\microbians\AeroCMS\Aero\src\Aero.Social\Social\Providers\LinkedInPageProvider.cs(311,33): warning CS8602: Dereference of a possibly null reference. [C:\Users\bbqch\proj\microbians\AeroCMS\Aero\src\Aero.Social\Aero.Social.csproj]
C:\Users\bbqch\proj\microbians\AeroCMS\Aero\src\Aero.Social\Social\Providers\LinkedInPageProvider.cs(343,25): warning CS8602: Dereference of a possibly null reference. [C:\Users\bbqch\proj\microbians\AeroCMS\Aero\src\Aero.Social\Aero.Social.csproj]
C:\Users\bbqch\proj\microbians\AeroCMS\Aero\src\Aero.Social\Social\Providers\PinterestProvider.cs(395,16): warning CS8602: Dereference of a possibly null reference. [C:\Users\bbqch\proj\microbians\AeroCMS\Aero\src\Aero.Social\Aero.Social.csproj]
C:\Users\bbqch\proj\microbians\AeroCMS\Aero\src\Aero.Social\Social\Providers\LemmyProvider.cs(298,16): warning CS8602: Dereference of a possibly null reference. [C:\Users\bbqch\proj\microbians\AeroCMS\Aero\src\Aero.Social\Aero.Social.csproj]
C:\Users\bbqch\proj\microbians\AeroCMS\Aero\src\Aero.Social\Social\Providers\InstagramProvider.cs(405,16): warning CS8603: Possible null reference return. [C:\Users\bbqch\proj\microbians\AeroCMS\Aero\src\Aero.Social\Aero.Social.csproj]
C:\Users\bbqch\proj\microbians\AeroCMS\Aero\src\Aero.Social\Social\Providers\ThreadsProvider.cs(424,62): warning CS8602: Dereference of a possibly null reference. [C:\Users\bbqch\proj\microbians\AeroCMS\Aero\src\Aero.Social\Aero.Social.csproj]
C:\Users\bbqch\proj\microbians\AeroCMS\Aero\src\Aero.Social\Social\Providers\ThreadsProvider.cs(430,35): warning CS8602: Dereference of a possibly null reference. [C:\Users\bbqch\proj\microbians\AeroCMS\Aero\src\Aero.Social\Aero.Social.csproj]
C:\Users\bbqch\proj\microbians\AeroCMS\Aero\src\Aero.Social\Social\Providers\ThreadsProvider.cs(446,16): warning CS8602: Dereference of a possibly null reference. [C:\Users\bbqch\proj\microbians\AeroCMS\Aero\src\Aero.Social\Aero.Social.csproj]
C:\Users\bbqch\proj\microbians\AeroCMS\Aero\src\Aero.Social\Social\Providers\ThreadsProvider.cs(460,16): warning CS8602: Dereference of a possibly null reference. [C:\Users\bbqch\proj\microbians\AeroCMS\Aero\src\Aero.Social\Aero.Social.csproj]
C:\Users\bbqch\proj\microbians\AeroCMS\Aero\src\Aero.Social\Social\Providers\RedditProvider.cs(341,31): warning CS8602: Dereference of a possibly null reference. [C:\Users\bbqch\proj\microbians\AeroCMS\Aero\src\Aero.Social\Aero.Social.csproj]
C:\Users\bbqch\proj\microbians\AeroCMS\Aero\src\Aero.Social\Social\Providers\ThreadsProvider.cs(470,16): warning CS8603: Possible null reference return. [C:\Users\bbqch\proj\microbians\AeroCMS\Aero\src\Aero.Social\Aero.Social.csproj]
C:\Users\bbqch\proj\microbians\AeroCMS\Aero\src\Aero.Social\Social\Providers\LinkedInPageProvider.cs(381,33): warning CS8602: Dereference of a possibly null reference. [C:\Users\bbqch\proj\microbians\AeroCMS\Aero\src\Aero.Social\Aero.Social.csproj]
C:\Users\bbqch\proj\microbians\AeroCMS\Aero\src\Aero.Social\Social\Providers\PinterestProvider.cs(413,13): warning CS8602: Dereference of a possibly null reference. [C:\Users\bbqch\proj\microbians\AeroCMS\Aero\src\Aero.Social\Aero.Social.csproj]
C:\Users\bbqch\proj\microbians\AeroCMS\Aero\src\Aero.Social\Social\Providers\PinterestProvider.cs(441,22): warning CS8602: Dereference of a possibly null reference. [C:\Users\bbqch\proj\microbians\AeroCMS\Aero\src\Aero.Social\Aero.Social.csproj]
C:\Users\bbqch\proj\microbians\AeroCMS\Aero\src\Aero.Social\Social\Providers\RedditProvider.cs(368,16): warning CS8603: Possible null reference return. [C:\Users\bbqch\proj\microbians\AeroCMS\Aero\src\Aero.Social\Aero.Social.csproj]
C:\Users\bbqch\proj\microbians\AeroCMS\Aero\src\Aero.Social\Social\Providers\VkProvider.cs(298,44): warning CS8602: Dereference of a possibly null reference. [C:\Users\bbqch\proj\microbians\AeroCMS\Aero\src\Aero.Social\Aero.Social.csproj]
C:\Users\bbqch\proj\microbians\AeroCMS\Aero\src\Aero.Social\Social\Providers\VkProvider.cs(320,65): warning CS8602: Dereference of a possibly null reference. [C:\Users\bbqch\proj\microbians\AeroCMS\Aero\src\Aero.Social\Aero.Social.csproj]
C:\Users\bbqch\proj\microbians\AeroCMS\Aero\src\Aero.Social\Social\Providers\VkProvider.cs(325,41): warning CS8602: Dereference of a possibly null reference. [C:\Users\bbqch\proj\microbians\AeroCMS\Aero\src\Aero.Social\Aero.Social.csproj]
C:\Users\bbqch\proj\microbians\AeroCMS\Aero\src\Aero.Social\Social\Providers\VkProvider.cs(338,21): warning CS8602: Dereference of a possibly null reference. [C:\Users\bbqch\proj\microbians\AeroCMS\Aero\src\Aero.Social\Aero.Social.csproj]
C:\Users\bbqch\proj\microbians\AeroCMS\Aero\src\Aero.Social\Social\Providers\PinterestProvider.cs(457,16): warning CS8603: Possible null reference return. [C:\Users\bbqch\proj\microbians\AeroCMS\Aero\src\Aero.Social\Aero.Social.csproj]
C:\Users\bbqch\proj\microbians\AeroCMS\Aero\src\Aero.Social\Social\Providers\LinkedInPageProvider.cs(533,26): warning CS8602: Dereference of a possibly null reference. [C:\Users\bbqch\proj\microbians\AeroCMS\Aero\src\Aero.Social\Aero.Social.csproj]
C:\Users\bbqch\proj\microbians\AeroCMS\Aero\src\Aero.Social\Social\Providers\LinkedInPageProvider.cs(566,25): warning CS8602: Dereference of a possibly null reference. [C:\Users\bbqch\proj\microbians\AeroCMS\Aero\src\Aero.Social\Aero.Social.csproj]
C:\Users\bbqch\proj\microbians\AeroCMS\Aero\src\Aero.Social\Social\Providers\LinkedInPageProvider.cs(863,30): warning CS8602: Dereference of a possibly null reference. [C:\Users\bbqch\proj\microbians\AeroCMS\Aero\src\Aero.Social\Aero.Social.csproj]
C:\Users\bbqch\proj\microbians\AeroCMS\Aero\src\Aero.Marten\MartenOptionalRepository.cs(42,48): warning CS1570: XML comment has badly formed XML -- 'Whitespace is not allowed at this location.' [C:\Users\bbqch\proj\microbians\AeroCMS\Aero\src\Aero.Marten\Aero.Marten.csproj]
C:\Users\bbqch\proj\microbians\AeroCMS\Aero\src\Aero.Marten\AeroDb.cs(26,20): warning CS9113: Parameter 'loggerFactory' is unread. [C:\Users\bbqch\proj\microbians\AeroCMS\Aero\src\Aero.Marten\Aero.Marten.csproj]
C:\Users\bbqch\proj\microbians\AeroCMS\Aero\src\Aero.Marten\Conventions.cs(90,40): warning CS8604: Possible null reference argument for parameter 'suffix' in 'string Conventions.UserIdWithSuffix<TUser>(string suffix, IDocumentStore db)'. [C:\Users\bbqch\proj\microbians\AeroCMS\Aero\src\Aero.Marten\Aero.Marten.csproj]
C:\Users\bbqch\proj\microbians\AeroCMS\Aero\src\Aero.Marten\AuthInitializationExtensions.cs(50,29): warning SYSLIB0023: 'RNGCryptoServiceProvider' is obsolete: 'RNGCryptoServiceProvider is obsolete. To generate a random number, use one of the RandomNumberGenerator static methods instead.' (https://aka.ms/dotnet-warnings/SYSLIB0023) [C:\Users\bbqch\proj\microbians\AeroCMS\Aero\src\Aero.Marten\Aero.Marten.csproj]
C:\Users\bbqch\proj\microbians\AeroCMS\Aero\src\Aero.Marten\GenericMartenRepository.cs(60,9): warning CS9179: Primary constructor parameter 'ILogger<GenericMartenRepository<T, TKey>> log' is shadowed by a member from base. [C:\Users\bbqch\proj\microbians\AeroCMS\Aero\src\Aero.Marten\Aero.Marten.csproj]
C:\Users\bbqch\proj\microbians\AeroCMS\Aero\src\Aero.Marten\DynamicMartinRepository.cs(43,16): warning CS8603: Possible null reference return. [C:\Users\bbqch\proj\microbians\AeroCMS\Aero\src\Aero.Marten\Aero.Marten.csproj]
C:\Users\bbqch\proj\microbians\AeroCMS\Aero\src\Aero.Marten\GenericMartenRepository.cs(68,9): warning CS9179: Primary constructor parameter 'ILogger<GenericMartenRepository<T, TKey>> log' is shadowed by a member from base. [C:\Users\bbqch\proj\microbians\AeroCMS\Aero\src\Aero.Marten\Aero.Marten.csproj]
C:\Users\bbqch\proj\microbians\AeroCMS\Aero\src\Aero.Marten\Identity\RoleStore.cs(73,59): warning CS8604: Possible null reference argument for parameter 'type' in 'Claim.Claim(string type, string value)'. [C:\Users\bbqch\proj\microbians\AeroCMS\Aero\src\Aero.Marten\Aero.Marten.csproj]
C:\Users\bbqch\proj\microbians\AeroCMS\Aero\src\Aero.Marten\Identity\RoleStore.cs(73,72): warning CS8604: Possible null reference argument for parameter 'value' in 'Claim.Claim(string type, string value)'. [C:\Users\bbqch\proj\microbians\AeroCMS\Aero\src\Aero.Marten\Aero.Marten.csproj]
C:\Users\bbqch\proj\microbians\AeroCMS\Aero\src\Aero.Marten\GenericMartenRepository.cs(77,9): warning CS9179: Primary constructor parameter 'ILogger<GenericMartenRepository<T, TKey>> log' is shadowed by a member from base. [C:\Users\bbqch\proj\microbians\AeroCMS\Aero\src\Aero.Marten\Aero.Marten.csproj]
C:\Users\bbqch\proj\microbians\AeroCMS\Aero\src\Aero.Marten\AeroDbRepositoryBase.cs(51,13): warning CS9179: Primary constructor parameter 'ILogger<AeroDbRepositoryBase<TEntity>> log' is shadowed by a member from base. [C:\Users\bbqch\proj\microbians\AeroCMS\Aero\src\Aero.Marten\Aero.Marten.csproj]
C:\Users\bbqch\proj\microbians\AeroCMS\Aero\src\Aero.Marten\GenericMartenRepository.cs(84,9): warning CS9179: Primary constructor parameter 'ILogger<GenericMartenRepository<T, TKey>> log' is shadowed by a member from base. [C:\Users\bbqch\proj\microbians\AeroCMS\Aero\src\Aero.Marten\Aero.Marten.csproj]
C:\Users\bbqch\proj\microbians\AeroCMS\Aero\src\Aero.Marten\GenericMartenRepository.cs(92,9): warning CS9179: Primary constructor parameter 'ILogger<GenericMartenRepository<T, TKey>> log' is shadowed by a member from base. [C:\Users\bbqch\proj\microbians\AeroCMS\Aero\src\Aero.Marten\Aero.Marten.csproj]
C:\Users\bbqch\proj\microbians\AeroCMS\Aero\src\Aero.Marten\AeroDbRepositoryBase.cs(67,13): warning CS9179: Primary constructor parameter 'ILogger<AeroDbRepositoryBase<TEntity>> log' is shadowed by a member from base. [C:\Users\bbqch\proj\microbians\AeroCMS\Aero\src\Aero.Marten\Aero.Marten.csproj]
C:\Users\bbqch\proj\microbians\AeroCMS\Aero\src\Aero.Marten\Identity\UserStore.cs(71,231): warning CS8601: Possible null reference assignment. [C:\Users\bbqch\proj\microbians\AeroCMS\Aero\src\Aero.Marten\Aero.Marten.csproj]
C:\Users\bbqch\proj\microbians\AeroCMS\Aero\src\Aero.Marten\GenericMartenRepository.cs(100,9): warning CS9179: Primary constructor parameter 'ILogger<GenericMartenRepository<T, TKey>> log' is shadowed by a member from base. [C:\Users\bbqch\proj\microbians\AeroCMS\Aero\src\Aero.Marten\Aero.Marten.csproj]
C:\Users\bbqch\proj\microbians\AeroCMS\Aero\src\Aero.Marten\AeroDbRepositoryBase.cs(84,13): warning CS9179: Primary constructor parameter 'ILogger<AeroDbRepositoryBase<TEntity>> log' is shadowed by a member from base. [C:\Users\bbqch\proj\microbians\AeroCMS\Aero\src\Aero.Marten\Aero.Marten.csproj]
C:\Users\bbqch\proj\microbians\AeroCMS\Aero\src\Aero.Marten\AeroDbRepositoryBase.cs(96,17): warning CS9179: Primary constructor parameter 'ILogger<AeroDbRepositoryBase<TEntity>> log' is shadowed by a member from base. [C:\Users\bbqch\proj\microbians\AeroCMS\Aero\src\Aero.Marten\Aero.Marten.csproj]
C:\Users\bbqch\proj\microbians\AeroCMS\Aero\src\Aero.Marten\AeroDbRepositoryBase.cs(105,13): warning CS9179: Primary constructor parameter 'ILogger<AeroDbRepositoryBase<TEntity>> log' is shadowed by a member from base. [C:\Users\bbqch\proj\microbians\AeroCMS\Aero\src\Aero.Marten\Aero.Marten.csproj]
C:\Users\bbqch\proj\microbians\AeroCMS\Aero\src\Aero.Marten\AeroDbRepositoryBase.cs(119,13): warning CS9179: Primary constructor parameter 'ILogger<AeroDbRepositoryBase<TEntity>> log' is shadowed by a member from base. [C:\Users\bbqch\proj\microbians\AeroCMS\Aero\src\Aero.Marten\Aero.Marten.csproj]
C:\Users\bbqch\proj\microbians\AeroCMS\Aero\src\Aero.Marten\Identity\UserStore.cs(77,162): warning CS8604: Possible null reference argument for parameter 'type' in 'Claim.Claim(string type, string value)'. [C:\Users\bbqch\proj\microbians\AeroCMS\Aero\src\Aero.Marten\Aero.Marten.csproj]
C:\Users\bbqch\proj\microbians\AeroCMS\Aero\src\Aero.Marten\Identity\UserStore.cs(77,175): warning CS8604: Possible null reference argument for parameter 'value' in 'Claim.Claim(string type, string value)'. [C:\Users\bbqch\proj\microbians\AeroCMS\Aero\src\Aero.Marten\Aero.Marten.csproj]
C:\Users\bbqch\proj\microbians\AeroCMS\Aero\src\Aero.Marten\Identity\UserStore.cs(86,129): warning CS8620: Argument of type 'List<string?>' cannot be used for parameter 'result' of type 'IList<string>' in 'Task<IList<string>> Task.FromResult<IList<string>>(IList<string> result)' due to differences in the nullability of reference types. [C:\Users\bbqch\proj\microbians\AeroCMS\Aero\src\Aero.Marten\Aero.Marten.csproj]
C:\Users\bbqch\proj\microbians\AeroCMS\Aero\src\Aero.Marten\Identity\UserStore.cs(118,262): warning CS8601: Possible null reference assignment. [C:\Users\bbqch\proj\microbians\AeroCMS\Aero\src\Aero.Marten\Aero.Marten.csproj]
C:\Users\bbqch\proj\microbians\AeroCMS\Aero\src\Aero.Marten\Identity\UserStore.cs(118,362): warning CS8601: Possible null reference assignment. [C:\Users\bbqch\proj\microbians\AeroCMS\Aero\src\Aero.Marten\Aero.Marten.csproj]
C:\Users\bbqch\proj\microbians\AeroCMS\Aero\src\Aero.EfCore\AuthInitializationExtensions.cs(49,29): warning SYSLIB0023: 'RNGCryptoServiceProvider' is obsolete: 'RNGCryptoServiceProvider is obsolete. To generate a random number, use one of the RandomNumberGenerator static methods instead.' (https://aka.ms/dotnet-warnings/SYSLIB0023) [C:\Users\bbqch\proj\microbians\AeroCMS\Aero\src\Aero.EfCore\Aero.EfCore.csproj]
C:\Users\bbqch\proj\microbians\AeroCMS\Aero\src\Aero.EfCore\GenericEntityFrameworkRepository.cs(160,9): warning CS9179: Primary constructor parameter 'ILogger<GenericEntityFrameworkRepository<T, TKey, TContext>> log' is shadowed by a member from base. [C:\Users\bbqch\proj\microbians\AeroCMS\Aero\src\Aero.EfCore\Aero.EfCore.csproj]
C:\Users\bbqch\proj\microbians\AeroCMS\Aero\src\Aero.EfCore\GenericEntityFrameworkRepository.cs(162,9): warning CS9179: Primary constructor parameter 'ILogger<GenericEntityFrameworkRepository<T, TKey, TContext>> log' is shadowed by a member from base. [C:\Users\bbqch\proj\microbians\AeroCMS\Aero\src\Aero.EfCore\Aero.EfCore.csproj]
C:\Users\bbqch\proj\microbians\AeroCMS\Aero\src\Aero.EfCore\GenericEntityFrameworkRepository.cs(168,9): warning CS9179: Primary constructor parameter 'ILogger<GenericEntityFrameworkRepository<T, TKey, TContext>> log' is shadowed by a member from base. [C:\Users\bbqch\proj\microbians\AeroCMS\Aero\src\Aero.EfCore\Aero.EfCore.csproj]
C:\Users\bbqch\proj\microbians\AeroCMS\Aero\src\Aero.EfCore\GenericEntityFrameworkRepository.cs(170,9): warning CS9179: Primary constructor parameter 'ILogger<GenericEntityFrameworkRepository<T, TKey, TContext>> log' is shadowed by a member from base. [C:\Users\bbqch\proj\microbians\AeroCMS\Aero\src\Aero.EfCore\Aero.EfCore.csproj]
C:\Users\bbqch\proj\microbians\AeroCMS\Aero\src\Aero.EfCore\GenericEntityFrameworkRepository.cs(176,9): warning CS9179: Primary constructor parameter 'ILogger<GenericEntityFrameworkRepository<T, TKey, TContext>> log' is shadowed by a member from base. [C:\Users\bbqch\proj\microbians\AeroCMS\Aero\src\Aero.EfCore\Aero.EfCore.csproj]
C:\Users\bbqch\proj\microbians\AeroCMS\Aero\src\Aero.EfCore\GenericEntityFrameworkRepository.cs(179,9): warning CS9179: Primary constructor parameter 'ILogger<GenericEntityFrameworkRepository<T, TKey, TContext>> log' is shadowed by a member from base. [C:\Users\bbqch\proj\microbians\AeroCMS\Aero\src\Aero.EfCore\Aero.EfCore.csproj]
C:\Users\bbqch\proj\microbians\AeroCMS\Aero\src\Aero.EfCore\ApiAuthRepository.cs(73,18): warning CS9179: Primary constructor parameter 'AeroDbContext context' is shadowed by a member from base. [C:\Users\bbqch\proj\microbians\AeroCMS\Aero\src\Aero.EfCore\Aero.EfCore.csproj]
C:\Users\bbqch\proj\microbians\AeroCMS\Aero\src\Aero.EfCore\GenericEntityFrameworkRepository.cs(194,9): warning CS9179: Primary constructor parameter 'ILogger<GenericEntityFrameworkRepository<T, TKey, TContext>> log' is shadowed by a member from base. [C:\Users\bbqch\proj\microbians\AeroCMS\Aero\src\Aero.EfCore\Aero.EfCore.csproj]
C:\Users\bbqch\proj\microbians\AeroCMS\Aero\src\Aero.EfCore\GenericEntityFrameworkRepository.cs(196,9): warning CS9179: Primary constructor parameter 'ILogger<GenericEntityFrameworkRepository<T, TKey, TContext>> log' is shadowed by a member from base. [C:\Users\bbqch\proj\microbians\AeroCMS\Aero\src\Aero.EfCore\Aero.EfCore.csproj]
C:\Users\bbqch\proj\microbians\AeroCMS\Aero\src\Aero.EfCore\GenericEntityFrameworkRepository.cs(201,9): warning CS9179: Primary constructor parameter 'ILogger<GenericEntityFrameworkRepository<T, TKey, TContext>> log' is shadowed by a member from base. [C:\Users\bbqch\proj\microbians\AeroCMS\Aero\src\Aero.EfCore\Aero.EfCore.csproj]
C:\Users\bbqch\proj\microbians\AeroCMS\Aero\src\Aero.EfCore\GenericEntityFrameworkRepository.cs(208,9): warning CS9179: Primary constructor parameter 'ILogger<GenericEntityFrameworkRepository<T, TKey, TContext>> log' is shadowed by a member from base. [C:\Users\bbqch\proj\microbians\AeroCMS\Aero\src\Aero.EfCore\Aero.EfCore.csproj]
C:\Program Files\dotnet\sdk\10.0.201\Sdks\Microsoft.NET.Sdk.Razor\targets\Sdk.Razor.CurrentVersion.targets(840,5): warning RAZORSDK1004: One or more Razor view or page files were found, but the project is not configured to add Razor support for MVC. The MSBuild property 'AddRazorSupportForMvc' must be set to correctly compile Razor files that target MVC. For more information, see https://go.microsoft.com/fwlink/?linkid=868374. [C:\Users\bbqch\proj\microbians\AeroCMS\src\Aero.Cms.Modules.Theming\Aero.Cms.Modules.Theming.csproj]
C:\Program Files\dotnet\sdk\10.0.201\Sdks\Microsoft.NET.Sdk.Razor\targets\Sdk.Razor.CurrentVersion.targets(840,5): warning RAZORSDK1004: One or more Razor view or page files were found, but the project is not configured to add Razor support for MVC. The MSBuild property 'AddRazorSupportForMvc' must be set to correctly compile Razor files that target MVC. For more information, see https://go.microsoft.com/fwlink/?linkid=868374. [C:\Users\bbqch\proj\microbians\AeroCMS\src\Aero.Cms.Modules.Search\Aero.Cms.Modules.Search.csproj]
C:\Program Files\dotnet\sdk\10.0.201\Sdks\Microsoft.NET.Sdk.Razor\targets\Sdk.Razor.CurrentVersion.targets(840,5): warning RAZORSDK1004: One or more Razor view or page files were found, but the project is not configured to add Razor support for MVC. The MSBuild property 'AddRazorSupportForMvc' must be set to correctly compile Razor files that target MVC. For more information, see https://go.microsoft.com/fwlink/?linkid=868374. [C:\Users\bbqch\proj\microbians\AeroCMS\src\Aero.Cms.Modules.Users\Aero.Cms.Modules.Users.csproj]
C:\Program Files\dotnet\sdk\10.0.201\Sdks\Microsoft.NET.Sdk.Razor\targets\Sdk.Razor.CurrentVersion.targets(840,5): warning RAZORSDK1004: One or more Razor view or page files were found, but the project is not configured to add Razor support for MVC. The MSBuild property 'AddRazorSupportForMvc' must be set to correctly compile Razor files that target MVC. For more information, see https://go.microsoft.com/fwlink/?linkid=868374. [C:\Users\bbqch\proj\microbians\AeroCMS\src\Aero.Cms.Modules.Mail\Aero.Cms.Modules.Mail.csproj]
C:\Program Files\dotnet\sdk\10.0.201\Sdks\Microsoft.NET.Sdk.Razor\targets\Sdk.Razor.CurrentVersion.targets(840,5): warning RAZORSDK1004: One or more Razor view or page files were found, but the project is not configured to add Razor support for MVC. The MSBuild property 'AddRazorSupportForMvc' must be set to correctly compile Razor files that target MVC. For more information, see https://go.microsoft.com/fwlink/?linkid=868374. [C:\Users\bbqch\proj\microbians\AeroCMS\src\Aero.Cms.Modules.OutputCache\Aero.Cms.Modules.OutputCache.csproj]
C:\Users\bbqch\proj\microbians\AeroCMS\src\Modules\Security\Aero.Cms.Modules.SimpleSecurity\SimpleSecurityModule.cs(20,26): warning CS8765: Nullability of type of parameter 'config' doesn't match overridden member (possibly because of nullability attributes). [C:\Users\bbqch\proj\microbians\AeroCMS\src\Modules\Security\Aero.Cms.Modules.SimpleSecurity\Aero.Cms.Modules.SimpleSecurity.csproj]
C:\Users\bbqch\proj\microbians\AeroCMS\src\Modules\Security\Aero.Cms.Modules.SimpleSecurity\SimpleSecurityModule.cs(20,26): warning CS8765: Nullability of type of parameter 'env' doesn't match overridden member (possibly because of nullability attributes). [C:\Users\bbqch\proj\microbians\AeroCMS\src\Modules\Security\Aero.Cms.Modules.SimpleSecurity\Aero.Cms.Modules.SimpleSecurity.csproj]
C:\Users\bbqch\proj\microbians\AeroCMS\src\Modules\Security\Aero.Cms.Modules.SimpleSecurity\SimpleSecurityModule.cs(20,97): warning CS8625: Cannot convert null literal to non-nullable reference type. [C:\Users\bbqch\proj\microbians\AeroCMS\src\Modules\Security\Aero.Cms.Modules.SimpleSecurity\Aero.Cms.Modules.SimpleSecurity.csproj]
C:\Users\bbqch\proj\microbians\AeroCMS\src\Modules\Security\Aero.Cms.Modules.SimpleSecurity\SimpleSecurityModule.cs(20,126): warning CS8625: Cannot convert null literal to non-nullable reference type. [C:\Users\bbqch\proj\microbians\AeroCMS\src\Modules\Security\Aero.Cms.Modules.SimpleSecurity\Aero.Cms.Modules.SimpleSecurity.csproj]
C:\Users\bbqch\proj\microbians\AeroCMS\src\Modules\Analytics\Aero.Cms.Modules.Analytics\AnalyticsModule.cs(20,26): warning CS8765: Nullability of type of parameter 'config' doesn't match overridden member (possibly because of nullability attributes). [C:\Users\bbqch\proj\microbians\AeroCMS\src\Modules\Analytics\Aero.Cms.Modules.Analytics\Aero.Cms.Modules.Analytics.csproj]
C:\Users\bbqch\proj\microbians\AeroCMS\src\Modules\Analytics\Aero.Cms.Modules.Analytics\AnalyticsModule.cs(20,26): warning CS8765: Nullability of type of parameter 'env' doesn't match overridden member (possibly because of nullability attributes). [C:\Users\bbqch\proj\microbians\AeroCMS\src\Modules\Analytics\Aero.Cms.Modules.Analytics\Aero.Cms.Modules.Analytics.csproj]
C:\Users\bbqch\proj\microbians\AeroCMS\src\Modules\Analytics\Aero.Cms.Modules.Analytics\AnalyticsModule.cs(20,97): warning CS8625: Cannot convert null literal to non-nullable reference type. [C:\Users\bbqch\proj\microbians\AeroCMS\src\Modules\Analytics\Aero.Cms.Modules.Analytics\Aero.Cms.Modules.Analytics.csproj]
C:\Users\bbqch\proj\microbians\AeroCMS\src\Modules\Analytics\Aero.Cms.Modules.Analytics\AnalyticsModule.cs(20,126): warning CS8625: Cannot convert null literal to non-nullable reference type. [C:\Users\bbqch\proj\microbians\AeroCMS\src\Modules\Analytics\Aero.Cms.Modules.Analytics\Aero.Cms.Modules.Analytics.csproj]
C:\Users\bbqch\proj\microbians\AeroCMS\src\Aero.Cms.Modules.Theming\ThemeService.cs(13,39): warning CS8618: Non-nullable field 'sp' must contain a non-null value when exiting constructor. Consider adding the 'required' modifier or declaring the field as nullable. [C:\Users\bbqch\proj\microbians\AeroCMS\src\Aero.Cms.Modules.Theming\Aero.Cms.Modules.Theming.csproj]
C:\Users\bbqch\proj\microbians\AeroCMS\src\Aero.Cms.Modules.Theming\ThemeService.cs(13,39): warning CS0649: Field 'ThemeService.sp' is never assigned to, and will always have its default value null [C:\Users\bbqch\proj\microbians\AeroCMS\src\Aero.Cms.Modules.Theming\Aero.Cms.Modules.Theming.csproj]
C:\Users\bbqch\proj\microbians\AeroCMS\Aero\src\Aero.Services\Mail\MailtrapSender.cs(20,153): warning CS8625: Cannot convert null literal to non-nullable reference type. [C:\Users\bbqch\proj\microbians\AeroCMS\Aero\src\Aero.Services\Aero.Services.csproj]
C:\Users\bbqch\proj\microbians\AeroCMS\Aero\src\Aero.Services\Features\Features.cs(7,19): warning CS8618: Non-nullable property 'Application' must contain a non-null value when exiting constructor. Consider adding the 'required' modifier or declaring the property as nullable. [C:\Users\bbqch\proj\microbians\AeroCMS\Aero\src\Aero.Services\Aero.Services.csproj]
C:\Users\bbqch\proj\microbians\AeroCMS\Aero\src\Aero.Services\Features\Features.cs(8,19): warning CS8618: Non-nullable property 'Version' must contain a non-null value when exiting constructor. Consider adding the 'required' modifier or declaring the property as nullable. [C:\Users\bbqch\proj\microbians\AeroCMS\Aero\src\Aero.Services\Aero.Services.csproj]
C:\Users\bbqch\proj\microbians\AeroCMS\Aero\src\Aero.Services\Features\Features.cs(9,19): warning CS8618: Non-nullable property 'Feature' must contain a non-null value when exiting constructor. Consider adding the 'required' modifier or declaring the property as nullable. [C:\Users\bbqch\proj\microbians\AeroCMS\Aero\src\Aero.Services\Aero.Services.csproj]
C:\Users\bbqch\proj\microbians\AeroCMS\Aero\src\Aero.Services\Features\Features.cs(10,19): warning CS8618: Non-nullable property 'Description' must contain a non-null value when exiting constructor. Consider adding the 'required' modifier or declaring the property as nullable. [C:\Users\bbqch\proj\microbians\AeroCMS\Aero\src\Aero.Services\Aero.Services.csproj]
C:\Users\bbqch\proj\microbians\AeroCMS\Aero\src\Aero.Services\Features\Features.cs(12,19): warning CS8618: Non-nullable property 'Value' must contain a non-null value when exiting constructor. Consider adding the 'required' modifier or declaring the property as nullable. [C:\Users\bbqch\proj\microbians\AeroCMS\Aero\src\Aero.Services\Aero.Services.csproj]
C:\Users\bbqch\proj\microbians\AeroCMS\Aero\src\Aero.Services\Geo\ZipApiService.cs(135,46): warning CS8618: Non-nullable property 'City' must contain a non-null value when exiting constructor. Consider adding the 'required' modifier or declaring the property as nullable. [C:\Users\bbqch\proj\microbians\AeroCMS\Aero\src\Aero.Services\Aero.Services.csproj]
C:\Users\bbqch\proj\microbians\AeroCMS\Aero\src\Aero.Services\Geo\ZipApiService.cs(137,47): warning CS8618: Non-nullable property 'State' must contain a non-null value when exiting constructor. Consider adding the 'required' modifier or declaring the property as nullable. [C:\Users\bbqch\proj\microbians\AeroCMS\Aero\src\Aero.Services\Aero.Services.csproj]
C:\Users\bbqch\proj\microbians\AeroCMS\Aero\src\Aero.Services\Geo\ZipApiService.cs(139,56): warning CS8618: Non-nullable property 'StateFullName' must contain a non-null value when exiting constructor. Consider adding the 'required' modifier or declaring the property as nullable. [C:\Users\bbqch\proj\microbians\AeroCMS\Aero\src\Aero.Services\Aero.Services.csproj]
C:\Users\bbqch\proj\microbians\AeroCMS\Aero\src\Aero.Services\JwtTokenBuilder.cs(20,39): warning CS8625: Cannot convert null literal to non-nullable reference type. [C:\Users\bbqch\proj\microbians\AeroCMS\Aero\src\Aero.Services\Aero.Services.csproj]
C:\Users\bbqch\proj\microbians\AeroCMS\Aero\src\Aero.Services\Geo\ZipApiService.cs(130,47): warning CS8618: Non-nullable property 'Data' must contain a non-null value when exiting constructor. Consider adding the 'required' modifier or declaring the property as nullable. [C:\Users\bbqch\proj\microbians\AeroCMS\Aero\src\Aero.Services\Aero.Services.csproj]
C:\Users\bbqch\proj\microbians\AeroCMS\Aero\src\Aero.Services\RepositoryFeaturesStore.cs(16,29): warning CS8618: Non-nullable field 'appName' must contain a non-null value when exiting constructor. Consider adding the 'required' modifier or declaring the field as nullable. [C:\Users\bbqch\proj\microbians\AeroCMS\Aero\src\Aero.Services\Aero.Services.csproj]
C:\Users\bbqch\proj\microbians\AeroCMS\Aero\src\Aero.Services\Models\UserLoginRequest.cs(6,19): warning CS8618: Non-nullable property 'Username' must contain a non-null value when exiting constructor. Consider adding the 'required' modifier or declaring the property as nullable. [C:\Users\bbqch\proj\microbians\AeroCMS\Aero\src\Aero.Services\Aero.Services.csproj]
C:\Users\bbqch\proj\microbians\AeroCMS\Aero\src\Aero.Services\Models\UserLoginRequest.cs(8,19): warning CS8618: Non-nullable property 'Password' must contain a non-null value when exiting constructor. Consider adding the 'required' modifier or declaring the property as nullable. [C:\Users\bbqch\proj\microbians\AeroCMS\Aero\src\Aero.Services\Aero.Services.csproj]
C:\Users\bbqch\proj\microbians\AeroCMS\Aero\src\Aero.Services\UserProfileService.cs(24,102): warning CS9113: Parameter 'log' is unread. [C:\Users\bbqch\proj\microbians\AeroCMS\Aero\src\Aero.Services\Aero.Services.csproj]
C:\Users\bbqch\proj\microbians\AeroCMS\Aero\src\Aero.Services\Models\UserViewModel.cs(14,19): warning CS8618: Non-nullable property 'FirstName' must contain a non-null value when exiting constructor. Consider adding the 'required' modifier or declaring the property as nullable. [C:\Users\bbqch\proj\microbians\AeroCMS\Aero\src\Aero.Services\Aero.Services.csproj]
C:\Users\bbqch\proj\microbians\AeroCMS\Aero\src\Aero.Services\Models\UserViewModel.cs(17,19): warning CS8618: Non-nullable property 'LastName' must contain a non-null value when exiting constructor. Consider adding the 'required' modifier or declaring the property as nullable. [C:\Users\bbqch\proj\microbians\AeroCMS\Aero\src\Aero.Services\Aero.Services.csproj]
C:\Users\bbqch\proj\microbians\AeroCMS\Aero\src\Aero.Services\Models\UserViewModel.cs(20,19): warning CS8618: Non-nullable property 'Username' must contain a non-null value when exiting constructor. Consider adding the 'required' modifier or declaring the property as nullable. [C:\Users\bbqch\proj\microbians\AeroCMS\Aero\src\Aero.Services\Aero.Services.csproj]
C:\Users\bbqch\proj\microbians\AeroCMS\Aero\src\Aero.Services\Models\UserViewModel.cs(23,19): warning CS8618: Non-nullable property 'Email' must contain a non-null value when exiting constructor. Consider adding the 'required' modifier or declaring the property as nullable. [C:\Users\bbqch\proj\microbians\AeroCMS\Aero\src\Aero.Services\Aero.Services.csproj]
C:\Users\bbqch\proj\microbians\AeroCMS\Aero\src\Aero.Services\Models\UserViewModel.cs(29,19): warning CS8618: Non-nullable property 'Token' must contain a non-null value when exiting constructor. Consider adding the 'required' modifier or declaring the property as nullable. [C:\Users\bbqch\proj\microbians\AeroCMS\Aero\src\Aero.Services\Aero.Services.csproj]
C:\Users\bbqch\proj\microbians\AeroCMS\Aero\src\Aero.Services\Models\UserViewModel.cs(32,19): warning CS8618: Non-nullable property 'RefreshToken' must contain a non-null value when exiting constructor. Consider adding the 'required' modifier or declaring the property as nullable. [C:\Users\bbqch\proj\microbians\AeroCMS\Aero\src\Aero.Services\Aero.Services.csproj]
C:\Users\bbqch\proj\microbians\AeroCMS\Aero\src\Aero.Services\Models\UserViewModel.cs(40,17): warning CS8618: Non-nullable property 'Id' must contain a non-null value when exiting constructor. Consider adding the 'required' modifier or declaring the property as nullable. [C:\Users\bbqch\proj\microbians\AeroCMS\Aero\src\Aero.Services\Aero.Services.csproj]
C:\Users\bbqch\proj\microbians\AeroCMS\Aero\src\Aero.Services\Models\UserViewModel.cs(43,19): warning CS8618: Non-nullable property 'CreatedBy' must contain a non-null value when exiting constructor. Consider adding the 'required' modifier or declaring the property as nullable. [C:\Users\bbqch\proj\microbians\AeroCMS\Aero\src\Aero.Services\Aero.Services.csproj]
C:\Users\bbqch\proj\microbians\AeroCMS\Aero\src\Aero.Services\Models\UserViewModel.cs(44,19): warning CS8618: Non-nullable property 'ModifiedBy' must contain a non-null value when exiting constructor. Consider adding the 'required' modifier or declaring the property as nullable. [C:\Users\bbqch\proj\microbians\AeroCMS\Aero\src\Aero.Services\Aero.Services.csproj]
C:\Users\bbqch\proj\microbians\AeroCMS\Aero\src\Aero.Services\AeroJwtValidationService.cs(26,34): warning CS8604: Possible null reference argument for parameter 'value' in 'Claim.Claim(string type, string value)'. [C:\Users\bbqch\proj\microbians\AeroCMS\Aero\src\Aero.Services\Aero.Services.csproj]
C:\Users\bbqch\proj\microbians\AeroCMS\Aero\src\Aero.Services\AeroJwtValidationService.cs(28,35): warning CS8604: Possible null reference argument for parameter 'value' in 'Claim.Claim(string type, string value)'. [C:\Users\bbqch\proj\microbians\AeroCMS\Aero\src\Aero.Services\Aero.Services.csproj]
C:\Users\bbqch\proj\microbians\AeroCMS\Aero\src\Aero.Services\AeroJwtValidationService.cs(79,27): warning CS8601: Possible null reference assignment. [C:\Users\bbqch\proj\microbians\AeroCMS\Aero\src\Aero.Services\Aero.Services.csproj]
C:\Users\bbqch\proj\microbians\AeroCMS\Aero\src\Aero.Services\RepositoryFeaturesStore.cs(22,9): warning CS9179: Primary constructor parameter 'ILogger<RepositoryFeaturesStore> log' is shadowed by a member from base. [C:\Users\bbqch\proj\microbians\AeroCMS\Aero\src\Aero.Services\Aero.Services.csproj]
C:\Users\bbqch\proj\microbians\AeroCMS\Aero\src\Aero.Services\UserProfileService.cs(33,16): warning CS8603: Possible null reference return. [C:\Users\bbqch\proj\microbians\AeroCMS\Aero\src\Aero.Services\Aero.Services.csproj]
C:\Users\bbqch\proj\microbians\AeroCMS\Aero\src\Aero.Services\Geo\ZipApiService.cs(58,13): warning CS8602: Dereference of a possibly null reference. [C:\Users\bbqch\proj\microbians\AeroCMS\Aero\src\Aero.Services\Aero.Services.csproj]
C:\Users\bbqch\proj\microbians\AeroCMS\Aero\src\Aero.Services\AeroJwtValidationService.cs(90,45): warning CS8604: Possible null reference argument for parameter 's' in 'byte[] Encoding.GetBytes(string s)'. [C:\Users\bbqch\proj\microbians\AeroCMS\Aero\src\Aero.Services\Aero.Services.csproj]
C:\Users\bbqch\proj\microbians\AeroCMS\Aero\src\Aero.Services\RepositoryFeaturesStore.cs(47,9): warning CS9179: Primary constructor parameter 'ILogger<RepositoryFeaturesStore> log' is shadowed by a member from base. [C:\Users\bbqch\proj\microbians\AeroCMS\Aero\src\Aero.Services\Aero.Services.csproj]
C:\Users\bbqch\proj\microbians\AeroCMS\Aero\src\Aero.Services\MartenUserProfileService.cs(27,20): warning CS8603: Possible null reference return. [C:\Users\bbqch\proj\microbians\AeroCMS\Aero\src\Aero.Services\Aero.Services.csproj]
C:\Users\bbqch\proj\microbians\AeroCMS\Aero\src\Aero.Services\RepositoryFeaturesStore.cs(70,9): warning CS9179: Primary constructor parameter 'ILogger<RepositoryFeaturesStore> log' is shadowed by a member from base. [C:\Users\bbqch\proj\microbians\AeroCMS\Aero\src\Aero.Services\Aero.Services.csproj]
C:\Users\bbqch\proj\microbians\AeroCMS\Aero\src\Aero.Services\RepositoryFeaturesStore.cs(90,9): warning CS9179: Primary constructor parameter 'ILogger<RepositoryFeaturesStore> log' is shadowed by a member from base. [C:\Users\bbqch\proj\microbians\AeroCMS\Aero\src\Aero.Services\Aero.Services.csproj]
C:\Users\bbqch\proj\microbians\AeroCMS\Aero\src\Aero.Services\Geo\ZipApiService.cs(78,13): warning CS8602: Dereference of a possibly null reference. [C:\Users\bbqch\proj\microbians\AeroCMS\Aero\src\Aero.Services\Aero.Services.csproj]
C:\Users\bbqch\proj\microbians\AeroCMS\Aero\src\Aero.Services\Geo\ZipApiService.cs(91,13): warning CS8602: Dereference of a possibly null reference. [C:\Users\bbqch\proj\microbians\AeroCMS\Aero\src\Aero.Services\Aero.Services.csproj]
C:\Users\bbqch\proj\microbians\AeroCMS\Aero\src\Aero.Services\Geo\ZipApiService.cs(106,13): warning CS8602: Dereference of a possibly null reference. [C:\Users\bbqch\proj\microbians\AeroCMS\Aero\src\Aero.Services\Aero.Services.csproj]
C:\Users\bbqch\proj\microbians\AeroCMS\Aero\src\Aero.Services\Geo\ZipApiService.cs(119,13): warning CS8602: Dereference of a possibly null reference. [C:\Users\bbqch\proj\microbians\AeroCMS\Aero\src\Aero.Services\Aero.Services.csproj]
C:\Users\bbqch\proj\microbians\AeroCMS\Aero\src\Aero.Services\RepositoryFeaturesStore.cs(16,29): warning CS0169: The field 'RepositoryFeaturesStore.appName' is never used [C:\Users\bbqch\proj\microbians\AeroCMS\Aero\src\Aero.Services\Aero.Services.csproj]
C:\Users\bbqch\proj\microbians\AeroCMS\src\Aero.Cms.Marten.Identity\RoleStore.cs(74,25): warning CS8613: Nullability of reference types in return type of 'Task<string> RoleStore<TRole>.GetRoleNameAsync(TRole role, CancellationToken cancellationToken)' doesn't match implicitly implemented member 'Task<string?> IRoleStore<TRole>.GetRoleNameAsync(TRole role, CancellationToken cancellationToken)'. [C:\Users\bbqch\proj\microbians\AeroCMS\src\Aero.Cms.Marten.Identity\Aero.Cms.Marten.Identity.csproj]
C:\Users\bbqch\proj\microbians\AeroCMS\src\Aero.Cms.Marten.Identity\RoleStore.cs(81,17): warning CS8767: Nullability of reference types in type of parameter 'roleName' of 'Task RoleStore<TRole>.SetRoleNameAsync(TRole role, string roleName, CancellationToken cancellationToken)' doesn't match implicitly implemented member 'Task IRoleStore<TRole>.SetRoleNameAsync(TRole role, string? roleName, CancellationToken cancellationToken)' (possibly because of nullability attributes). [C:\Users\bbqch\proj\microbians\AeroCMS\src\Aero.Cms.Marten.Identity\Aero.Cms.Marten.Identity.csproj]
C:\Users\bbqch\proj\microbians\AeroCMS\src\Aero.Cms.Marten.Identity\RoleStore.cs(93,25): warning CS8613: Nullability of reference types in return type of 'Task<string> RoleStore<TRole>.GetNormalizedRoleNameAsync(TRole role, CancellationToken cancellationToken)' doesn't match implicitly implemented member 'Task<string?> IRoleStore<TRole>.GetNormalizedRoleNameAsync(TRole role, CancellationToken cancellationToken)'. [C:\Users\bbqch\proj\microbians\AeroCMS\src\Aero.Cms.Marten.Identity\Aero.Cms.Marten.Identity.csproj]
C:\Users\bbqch\proj\microbians\AeroCMS\src\Aero.Cms.Marten.Identity\RoleStore.cs(100,17): warning CS8767: Nullability of reference types in type of parameter 'normalizedName' of 'Task RoleStore<TRole>.SetNormalizedRoleNameAsync(TRole role, string normalizedName, CancellationToken cancellationToken)' doesn't match implicitly implemented member 'Task IRoleStore<TRole>.SetNormalizedRoleNameAsync(TRole role, string? normalizedName, CancellationToken cancellationToken)' (possibly because of nullability attributes). [C:\Users\bbqch\proj\microbians\AeroCMS\src\Aero.Cms.Marten.Identity\Aero.Cms.Marten.Identity.csproj]
C:\Users\bbqch\proj\microbians\AeroCMS\src\Aero.Cms.Marten.Identity\UserStore.cs(443,17): warning CS8767: Nullability of reference types in type of parameter 'passwordHash' of 'Task UserStore<TUser>.SetPasswordHashAsync(TUser user, string passwordHash, CancellationToken cancellationToken)' doesn't match implicitly implemented member 'Task IUserPasswordStore<TUser>.SetPasswordHashAsync(TUser user, string? passwordHash, CancellationToken cancellationToken)' (possibly because of nullability attributes). [C:\Users\bbqch\proj\microbians\AeroCMS\src\Aero.Cms.Marten.Identity\Aero.Cms.Marten.Identity.csproj]
C:\Users\bbqch\proj\microbians\AeroCMS\src\Aero.Cms.Marten.Identity\UserStore.cs(452,25): warning CS8613: Nullability of reference types in return type of 'Task<string> UserStore<TUser>.GetPasswordHashAsync(TUser user, CancellationToken cancellationToken)' doesn't match implicitly implemented member 'Task<string?> IUserPasswordStore<TUser>.GetPasswordHashAsync(TUser user, CancellationToken cancellationToken)'. [C:\Users\bbqch\proj\microbians\AeroCMS\src\Aero.Cms.Marten.Identity\Aero.Cms.Marten.Identity.csproj]
C:\Users\bbqch\proj\microbians\AeroCMS\src\Aero.Cms.Marten.Identity\UserStore.cs(549,25): warning CS8613: Nullability of reference types in return type of 'Task<string> UserStore<TUser>.GetSecurityStampAsync(TUser user, CancellationToken cancellationToken)' doesn't match implicitly implemented member 'Task<string?> IUserSecurityStampStore<TUser>.GetSecurityStampAsync(TUser user, CancellationToken cancellationToken)'. [C:\Users\bbqch\proj\microbians\AeroCMS\src\Aero.Cms.Marten.Identity\Aero.Cms.Marten.Identity.csproj]
C:\Users\bbqch\proj\microbians\AeroCMS\src\Aero.Cms.Marten.Identity\UserStore.cs(177,17): warning CS8767: Nullability of reference types in type of parameter 'email' of 'Task UserStore<TUser>.SetEmailAsync(TUser user, string email, CancellationToken cancellationToken)' doesn't match implicitly implemented member 'Task IUserEmailStore<TUser>.SetEmailAsync(TUser user, string? email, CancellationToken cancellationToken)' (possibly because of nullability attributes). [C:\Users\bbqch\proj\microbians\AeroCMS\src\Aero.Cms.Marten.Identity\Aero.Cms.Marten.Identity.csproj]
C:\Users\bbqch\proj\microbians\AeroCMS\src\Aero.Cms.Marten.Identity\UserStore.cs(186,25): warning CS8613: Nullability of reference types in return type of 'Task<string> UserStore<TUser>.GetEmailAsync(TUser user, CancellationToken cancellationToken)' doesn't match implicitly implemented member 'Task<string?> IUserEmailStore<TUser>.GetEmailAsync(TUser user, CancellationToken cancellationToken)'. [C:\Users\bbqch\proj\microbians\AeroCMS\src\Aero.Cms.Marten.Identity\Aero.Cms.Marten.Identity.csproj]
C:\Users\bbqch\proj\microbians\AeroCMS\src\Aero.Cms.Marten.Identity\UserStore.cs(214,25): warning CS8613: Nullability of reference types in return type of 'Task<string> UserStore<TUser>.GetNormalizedEmailAsync(TUser user, CancellationToken cancellationToken)' doesn't match implicitly implemented member 'Task<string?> IUserEmailStore<TUser>.GetNormalizedEmailAsync(TUser user, CancellationToken cancellationToken)'. [C:\Users\bbqch\proj\microbians\AeroCMS\src\Aero.Cms.Marten.Identity\Aero.Cms.Marten.Identity.csproj]
C:\Users\bbqch\proj\microbians\AeroCMS\src\Aero.Cms.Marten.Identity\UserStore.cs(221,17): warning CS8767: Nullability of reference types in type of parameter 'normalizedEmail' of 'Task UserStore<TUser>.SetNormalizedEmailAsync(TUser user, string normalizedEmail, CancellationToken cancellationToken)' doesn't match implicitly implemented member 'Task IUserEmailStore<TUser>.SetNormalizedEmailAsync(TUser user, string? normalizedEmail, CancellationToken cancellationToken)' (possibly because of nullability attributes). [C:\Users\bbqch\proj\microbians\AeroCMS\src\Aero.Cms.Marten.Identity\Aero.Cms.Marten.Identity.csproj]
C:\Users\bbqch\proj\microbians\AeroCMS\src\Aero.Cms.Marten.Identity\UserStore.cs(466,17): warning CS8767: Nullability of reference types in type of parameter 'phoneNumber' of 'Task UserStore<TUser>.SetPhoneNumberAsync(TUser user, string phoneNumber, CancellationToken cancellationToken)' doesn't match implicitly implemented member 'Task IUserPhoneNumberStore<TUser>.SetPhoneNumberAsync(TUser user, string? phoneNumber, CancellationToken cancellationToken)' (possibly because of nullability attributes). [C:\Users\bbqch\proj\microbians\AeroCMS\src\Aero.Cms.Marten.Identity\Aero.Cms.Marten.Identity.csproj]
C:\Users\bbqch\proj\microbians\AeroCMS\src\Aero.Cms.Marten.Identity\UserStore.cs(475,25): warning CS8613: Nullability of reference types in return type of 'Task<string> UserStore<TUser>.GetPhoneNumberAsync(TUser user, CancellationToken cancellationToken)' doesn't match implicitly implemented member 'Task<string?> IUserPhoneNumberStore<TUser>.GetPhoneNumberAsync(TUser user, CancellationToken cancellationToken)'. [C:\Users\bbqch\proj\microbians\AeroCMS\src\Aero.Cms.Marten.Identity\Aero.Cms.Marten.Identity.csproj]
C:\Users\bbqch\proj\microbians\AeroCMS\src\Aero.Cms.Marten.Identity\UserStore.cs(33,17): warning CS8767: Nullability of reference types in type of parameter 'value' of 'Task UserStore<TUser>.SetTokenAsync(TUser user, string loginProvider, string name, string value, CancellationToken cancellationToken)' doesn't match implicitly implemented member 'Task IUserAuthenticationTokenStore<TUser>.SetTokenAsync(TUser user, string loginProvider, string name, string? value, CancellationToken cancellationToken)' (possibly because of nullability attributes). [C:\Users\bbqch\proj\microbians\AeroCMS\src\Aero.Cms.Marten.Identity\Aero.Cms.Marten.Identity.csproj]
C:\Users\bbqch\proj\microbians\AeroCMS\src\Aero.Cms.Marten.Identity\UserStore.cs(70,25): warning CS8613: Nullability of reference types in return type of 'Task<string> UserStore<TUser>.GetTokenAsync(TUser user, string loginProvider, string name, CancellationToken cancellationToken)' doesn't match implicitly implemented member 'Task<string?> IUserAuthenticationTokenStore<TUser>.GetTokenAsync(TUser user, string loginProvider, string name, CancellationToken cancellationToken)'. [C:\Users\bbqch\proj\microbians\AeroCMS\src\Aero.Cms.Marten.Identity\Aero.Cms.Marten.Identity.csproj]
C:\Users\bbqch\proj\microbians\AeroCMS\src\Aero.Cms.Marten.Identity\UserStore.cs(88,25): warning CS8613: Nullability of reference types in return type of 'Task<string> UserStore<TUser>.GetAuthenticatorKeyAsync(TUser user, CancellationToken cancellationToken)' doesn't match implicitly implemented member 'Task<string?> IUserAuthenticatorKeyStore<TUser>.GetAuthenticatorKeyAsync(TUser user, CancellationToken cancellationToken)'. [C:\Users\bbqch\proj\microbians\AeroCMS\src\Aero.Cms.Marten.Identity\Aero.Cms.Marten.Identity.csproj]
C:\Users\bbqch\proj\microbians\AeroCMS\src\Aero.Cms.Marten.Identity\UserStore.cs(295,25): warning CS8613: Nullability of reference types in return type of 'Task<string> UserStore<TUser>.GetUserNameAsync(TUser user, CancellationToken cancellationToken)' doesn't match implicitly implemented member 'Task<string?> IUserStore<TUser>.GetUserNameAsync(TUser user, CancellationToken cancellationToken)'. [C:\Users\bbqch\proj\microbians\AeroCMS\src\Aero.Cms.Marten.Identity\Aero.Cms.Marten.Identity.csproj]
C:\Users\bbqch\proj\microbians\AeroCMS\src\Aero.Cms.Marten.Identity\UserStore.cs(302,17): warning CS8767: Nullability of reference types in type of parameter 'userName' of 'Task UserStore<TUser>.SetUserNameAsync(TUser user, string userName, CancellationToken cancellationToken)' doesn't match implicitly implemented member 'Task IUserStore<TUser>.SetUserNameAsync(TUser user, string? userName, CancellationToken cancellationToken)' (possibly because of nullability attributes). [C:\Users\bbqch\proj\microbians\AeroCMS\src\Aero.Cms.Marten.Identity\Aero.Cms.Marten.Identity.csproj]
C:\Users\bbqch\proj\microbians\AeroCMS\src\Aero.Cms.Marten.Identity\UserStore.cs(310,25): warning CS8613: Nullability of reference types in return type of 'Task<string> UserStore<TUser>.GetNormalizedUserNameAsync(TUser user, CancellationToken cancellationToken)' doesn't match implicitly implemented member 'Task<string?> IUserStore<TUser>.GetNormalizedUserNameAsync(TUser user, CancellationToken cancellationToken)'. [C:\Users\bbqch\proj\microbians\AeroCMS\src\Aero.Cms.Marten.Identity\Aero.Cms.Marten.Identity.csproj]
C:\Users\bbqch\proj\microbians\AeroCMS\src\Aero.Cms.Marten.Identity\UserStore.cs(317,17): warning CS8767: Nullability of reference types in type of parameter 'normalizedName' of 'Task UserStore<TUser>.SetNormalizedUserNameAsync(TUser user, string normalizedName, CancellationToken cancellationToken)' doesn't match implicitly implemented member 'Task IUserStore<TUser>.SetNormalizedUserNameAsync(TUser user, string? normalizedName, CancellationToken cancellationToken)' (possibly because of nullability attributes). [C:\Users\bbqch\proj\microbians\AeroCMS\src\Aero.Cms.Marten.Identity\Aero.Cms.Marten.Identity.csproj]
C:\Users\bbqch\proj\microbians\AeroCMS\src\Aero.Cms.Marten.Identity\RoleStore.cs(78,16): warning CS8619: Nullability of reference types in value of type 'Task<string?>' doesn't match target type 'Task<string>'. [C:\Users\bbqch\proj\microbians\AeroCMS\src\Aero.Cms.Marten.Identity\Aero.Cms.Marten.Identity.csproj]
C:\Users\bbqch\proj\microbians\AeroCMS\src\Aero.Cms.Marten.Identity\RoleStore.cs(97,16): warning CS8619: Nullability of reference types in value of type 'Task<string?>' doesn't match target type 'Task<string>'. [C:\Users\bbqch\proj\microbians\AeroCMS\src\Aero.Cms.Marten.Identity\Aero.Cms.Marten.Identity.csproj]
C:\Users\bbqch\proj\microbians\AeroCMS\src\Aero.Cms.Marten.Identity\RoleStore.cs(130,36): warning CS8604: Possible null reference argument for parameter 'type' in 'Claim.Claim(string type, string value)'. [C:\Users\bbqch\proj\microbians\AeroCMS\src\Aero.Cms.Marten.Identity\Aero.Cms.Marten.Identity.csproj]
C:\Users\bbqch\proj\microbians\AeroCMS\src\Aero.Cms.Marten.Identity\RoleStore.cs(130,49): warning CS8604: Possible null reference argument for parameter 'value' in 'Claim.Claim(string type, string value)'. [C:\Users\bbqch\proj\microbians\AeroCMS\src\Aero.Cms.Marten.Identity\Aero.Cms.Marten.Identity.csproj]
C:\Users\bbqch\proj\microbians\AeroCMS\src\Aero.Cms.Marten.Identity\RoleStore.cs(156,33): warning CS0168: The variable 'test' is declared but never used [C:\Users\bbqch\proj\microbians\AeroCMS\src\Aero.Cms.Marten.Identity\Aero.Cms.Marten.Identity.csproj]
C:\Users\bbqch\proj\microbians\AeroCMS\src\Aero.Cms.Marten.Identity\UserStore.cs(98,36): warning CS8604: Possible null reference argument for parameter 'type' in 'Claim.Claim(string type, string value)'. [C:\Users\bbqch\proj\microbians\AeroCMS\src\Aero.Cms.Marten.Identity\Aero.Cms.Marten.Identity.csproj]
C:\Users\bbqch\proj\microbians\AeroCMS\src\Aero.Cms.Marten.Identity\UserStore.cs(98,49): warning CS8604: Possible null reference argument for parameter 'value' in 'Claim.Claim(string type, string value)'. [C:\Users\bbqch\proj\microbians\AeroCMS\src\Aero.Cms.Marten.Identity\Aero.Cms.Marten.Identity.csproj]
C:\Users\bbqch\proj\microbians\AeroCMS\src\Aero.Cms.Marten.Identity\UserStore.cs(404,35): warning CS8601: Possible null reference assignment. [C:\Users\bbqch\proj\microbians\AeroCMS\src\Aero.Cms.Marten.Identity\Aero.Cms.Marten.Identity.csproj]
C:\Program Files\dotnet\sdk\10.0.201\Sdks\Microsoft.NET.Sdk.Razor\targets\Sdk.Razor.CurrentVersion.targets(840,5): warning RAZORSDK1004: One or more Razor view or page files were found, but the project is not configured to add Razor support for MVC. The MSBuild property 'AddRazorSupportForMvc' must be set to correctly compile Razor files that target MVC. For more information, see https://go.microsoft.com/fwlink/?linkid=868374. [C:\Users\bbqch\proj\microbians\AeroCMS\src\Aero.Cms.Modules.Garnet\Aero.Cms.Modules.Garnet.csproj]
C:\Program Files\dotnet\sdk\10.0.201\Sdks\Microsoft.NET.Sdk.Razor\targets\Sdk.Razor.CurrentVersion.targets(840,5): warning RAZORSDK1004: One or more Razor view or page files were found, but the project is not configured to add Razor support for MVC. The MSBuild property 'AddRazorSupportForMvc' must be set to correctly compile Razor files that target MVC. For more information, see https://go.microsoft.com/fwlink/?linkid=868374. [C:\Users\bbqch\proj\microbians\AeroCMS\src\Aero.Cms.Modules.Static\Aero.Cms.Modules.Static.csproj]
C:\Program Files\dotnet\sdk\10.0.201\Sdks\Microsoft.NET.Sdk.Razor\targets\Sdk.Razor.CurrentVersion.targets(840,5): warning RAZORSDK1004: One or more Razor view or page files were found, but the project is not configured to add Razor support for MVC. The MSBuild property 'AddRazorSupportForMvc' must be set to correctly compile Razor files that target MVC. For more information, see https://go.microsoft.com/fwlink/?linkid=868374. [C:\Users\bbqch\proj\microbians\AeroCMS\src\Aero.Cms.Modules.Mcp\Aero.Cms.Modules.Mcp.csproj]
C:\Users\bbqch\proj\microbians\AeroCMS\src\Aero.Cms.Modules.SiteMap\SiteMapModule.cs(20,26): warning CS8765: Nullability of type of parameter 'config' doesn't match overridden member (possibly because of nullability attributes). [C:\Users\bbqch\proj\microbians\AeroCMS\src\Aero.Cms.Modules.SiteMap\Aero.Cms.Modules.SiteMap.csproj]
C:\Users\bbqch\proj\microbians\AeroCMS\src\Aero.Cms.Modules.SiteMap\SiteMapModule.cs(20,26): warning CS8765: Nullability of type of parameter 'env' doesn't match overridden member (possibly because of nullability attributes). [C:\Users\bbqch\proj\microbians\AeroCMS\src\Aero.Cms.Modules.SiteMap\Aero.Cms.Modules.SiteMap.csproj]
C:\Users\bbqch\proj\microbians\AeroCMS\src\Aero.Cms.Modules.SiteMap\SiteMapModule.cs(20,97): warning CS8625: Cannot convert null literal to non-nullable reference type. [C:\Users\bbqch\proj\microbians\AeroCMS\src\Aero.Cms.Modules.SiteMap\Aero.Cms.Modules.SiteMap.csproj]
C:\Users\bbqch\proj\microbians\AeroCMS\src\Aero.Cms.Modules.SiteMap\SiteMapModule.cs(20,126): warning CS8625: Cannot convert null literal to non-nullable reference type. [C:\Users\bbqch\proj\microbians\AeroCMS\src\Aero.Cms.Modules.SiteMap\Aero.Cms.Modules.SiteMap.csproj]
C:\Users\bbqch\proj\microbians\AeroCMS\src\Aero.Cms.Modules.WebOptimizer\WebOptimizerModule.cs(18,26): warning CS8765: Nullability of type of parameter 'config' doesn't match overridden member (possibly because of nullability attributes). [C:\Users\bbqch\proj\microbians\AeroCMS\src\Aero.Cms.Modules.WebOptimizer\Aero.Cms.Modules.WebOptimizer.csproj]
C:\Users\bbqch\proj\microbians\AeroCMS\src\Aero.Cms.Modules.WebOptimizer\WebOptimizerModule.cs(18,26): warning CS8765: Nullability of type of parameter 'env' doesn't match overridden member (possibly because of nullability attributes). [C:\Users\bbqch\proj\microbians\AeroCMS\src\Aero.Cms.Modules.WebOptimizer\Aero.Cms.Modules.WebOptimizer.csproj]
C:\Users\bbqch\proj\microbians\AeroCMS\src\Aero.Cms.Modules.WebOptimizer\WebOptimizerModule.cs(18,95): warning CS8625: Cannot convert null literal to non-nullable reference type. [C:\Users\bbqch\proj\microbians\AeroCMS\src\Aero.Cms.Modules.WebOptimizer\Aero.Cms.Modules.WebOptimizer.csproj]
C:\Users\bbqch\proj\microbians\AeroCMS\src\Aero.Cms.Modules.WebOptimizer\WebOptimizerModule.cs(18,122): warning CS8625: Cannot convert null literal to non-nullable reference type. [C:\Users\bbqch\proj\microbians\AeroCMS\src\Aero.Cms.Modules.WebOptimizer\Aero.Cms.Modules.WebOptimizer.csproj]
C:\Users\bbqch\proj\microbians\AeroCMS\src\Modules\Infrastructure\Aero.Cms.Modules.Cache\CacheModule.cs(25,26): warning CS8765: Nullability of type of parameter 'config' doesn't match overridden member (possibly because of nullability attributes). [C:\Users\bbqch\proj\microbians\AeroCMS\src\Modules\Infrastructure\Aero.Cms.Modules.Cache\Aero.Cms.Modules.Cache.csproj]
C:\Users\bbqch\proj\microbians\AeroCMS\src\Modules\Infrastructure\Aero.Cms.Modules.Cache\CacheModule.cs(25,26): warning CS8765: Nullability of type of parameter 'env' doesn't match overridden member (possibly because of nullability attributes). [C:\Users\bbqch\proj\microbians\AeroCMS\src\Modules\Infrastructure\Aero.Cms.Modules.Cache\Aero.Cms.Modules.Cache.csproj]
C:\Users\bbqch\proj\microbians\AeroCMS\src\Modules\Infrastructure\Aero.Cms.Modules.Cache\CacheModule.cs(25,95): warning CS8625: Cannot convert null literal to non-nullable reference type. [C:\Users\bbqch\proj\microbians\AeroCMS\src\Modules\Infrastructure\Aero.Cms.Modules.Cache\Aero.Cms.Modules.Cache.csproj]
C:\Users\bbqch\proj\microbians\AeroCMS\src\Modules\Infrastructure\Aero.Cms.Modules.Cache\CacheModule.cs(25,122): warning CS8625: Cannot convert null literal to non-nullable reference type. [C:\Users\bbqch\proj\microbians\AeroCMS\src\Modules\Infrastructure\Aero.Cms.Modules.Cache\Aero.Cms.Modules.Cache.csproj]
C:\Program Files\dotnet\sdk\10.0.201\Sdks\Microsoft.NET.Sdk.Razor\targets\Sdk.Razor.CurrentVersion.targets(840,5): warning RAZORSDK1004: One or more Razor view or page files were found, but the project is not configured to add Razor support for MVC. The MSBuild property 'AddRazorSupportForMvc' must be set to correctly compile Razor files that target MVC. For more information, see https://go.microsoft.com/fwlink/?linkid=868374. [C:\Users\bbqch\proj\microbians\AeroCMS\src\Aero.Cms.Modules.Settings\Aero.Cms.Modules.Settings.csproj]
C:\Users\bbqch\proj\microbians\AeroCMS\Aero\src\Aero.Services\Aero.Services.csproj : warning NU1902: Package 'MimeKit' 2.10.1 has a known moderate severity vulnerability, https://github.com/advisories/GHSA-g7hc-96xr-gvvx
C:\Users\bbqch\proj\microbians\AeroCMS\src\Aero.Cms.Modules.Jobs\JobsModule.cs(20,26): warning CS8765: Nullability of type of parameter 'config' doesn't match overridden member (possibly because of nullability attributes). [C:\Users\bbqch\proj\microbians\AeroCMS\src\Aero.Cms.Modules.Jobs\Aero.Cms.Modules.Jobs.csproj]
C:\Users\bbqch\proj\microbians\AeroCMS\src\Aero.Cms.Modules.Jobs\JobsModule.cs(20,26): warning CS8765: Nullability of type of parameter 'env' doesn't match overridden member (possibly because of nullability attributes). [C:\Users\bbqch\proj\microbians\AeroCMS\src\Aero.Cms.Modules.Jobs\Aero.Cms.Modules.Jobs.csproj]
C:\Users\bbqch\proj\microbians\AeroCMS\src\Aero.Cms.Modules.Jobs\JobsModule.cs(20,97): warning CS8625: Cannot convert null literal to non-nullable reference type. [C:\Users\bbqch\proj\microbians\AeroCMS\src\Aero.Cms.Modules.Jobs\Aero.Cms.Modules.Jobs.csproj]
C:\Users\bbqch\proj\microbians\AeroCMS\src\Aero.Cms.Modules.Jobs\JobsModule.cs(20,126): warning CS8625: Cannot convert null literal to non-nullable reference type. [C:\Users\bbqch\proj\microbians\AeroCMS\src\Aero.Cms.Modules.Jobs\Aero.Cms.Modules.Jobs.csproj]
C:\Users\bbqch\proj\microbians\AeroCMS\src\Aero.Cms.Modules.Members\MembersModule.cs(10,28): warning CS8618: Non-nullable property 'Name' must contain a non-null value when exiting constructor. Consider adding the 'required' modifier or declaring the property as nullable. [C:\Users\bbqch\proj\microbians\AeroCMS\src\Aero.Cms.Modules.Members\Aero.Cms.Modules.Members.csproj]
C:\Users\bbqch\proj\microbians\AeroCMS\src\Aero.Cms.Modules.Members\MembersModule.cs(11,28): warning CS8618: Non-nullable property 'Version' must contain a non-null value when exiting constructor. Consider adding the 'required' modifier or declaring the property as nullable. [C:\Users\bbqch\proj\microbians\AeroCMS\src\Aero.Cms.Modules.Members\Aero.Cms.Modules.Members.csproj]
C:\Users\bbqch\proj\microbians\AeroCMS\src\Aero.Cms.Modules.Members\MembersModule.cs(12,28): warning CS8618: Non-nullable property 'Author' must contain a non-null value when exiting constructor. Consider adding the 'required' modifier or declaring the property as nullable. [C:\Users\bbqch\proj\microbians\AeroCMS\src\Aero.Cms.Modules.Members\Aero.Cms.Modules.Members.csproj]
C:\Users\bbqch\proj\microbians\AeroCMS\src\Aero.Cms.Modules.Members\MembersModule.cs(13,43): warning CS8618: Non-nullable property 'Dependencies' must contain a non-null value when exiting constructor. Consider adding the 'required' modifier or declaring the property as nullable. [C:\Users\bbqch\proj\microbians\AeroCMS\src\Aero.Cms.Modules.Members\Aero.Cms.Modules.Members.csproj]
C:\Users\bbqch\proj\microbians\AeroCMS\src\Aero.Cms.Modules.Members\MembersModule.cs(14,43): warning CS8618: Non-nullable property 'Category' must contain a non-null value when exiting constructor. Consider adding the 'required' modifier or declaring the property as nullable. [C:\Users\bbqch\proj\microbians\AeroCMS\src\Aero.Cms.Modules.Members\Aero.Cms.Modules.Members.csproj]
C:\Users\bbqch\proj\microbians\AeroCMS\src\Aero.Cms.Modules.Members\MembersModule.cs(15,43): warning CS8618: Non-nullable property 'Tags' must contain a non-null value when exiting constructor. Consider adding the 'required' modifier or declaring the property as nullable. [C:\Users\bbqch\proj\microbians\AeroCMS\src\Aero.Cms.Modules.Members\Aero.Cms.Modules.Members.csproj]
C:\Users\bbqch\proj\microbians\AeroCMS\src\Modules\Infrastructure\Aero.Cms.Modules.Rewrite\RewriteModule.cs(21,26): warning CS8765: Nullability of type of parameter 'config' doesn't match overridden member (possibly because of nullability attributes). [C:\Users\bbqch\proj\microbians\AeroCMS\src\Modules\Infrastructure\Aero.Cms.Modules.Rewrite\Aero.Cms.Modules.Rewrite.csproj]
C:\Users\bbqch\proj\microbians\AeroCMS\src\Modules\Infrastructure\Aero.Cms.Modules.Rewrite\RewriteModule.cs(21,26): warning CS8765: Nullability of type of parameter 'env' doesn't match overridden member (possibly because of nullability attributes). [C:\Users\bbqch\proj\microbians\AeroCMS\src\Modules\Infrastructure\Aero.Cms.Modules.Rewrite\Aero.Cms.Modules.Rewrite.csproj]
C:\Users\bbqch\proj\microbians\AeroCMS\src\Modules\Infrastructure\Aero.Cms.Modules.Rewrite\RewriteModule.cs(21,97): warning CS8625: Cannot convert null literal to non-nullable reference type. [C:\Users\bbqch\proj\microbians\AeroCMS\src\Modules\Infrastructure\Aero.Cms.Modules.Rewrite\Aero.Cms.Modules.Rewrite.csproj]
C:\Users\bbqch\proj\microbians\AeroCMS\src\Modules\Infrastructure\Aero.Cms.Modules.Rewrite\RewriteModule.cs(21,126): warning CS8625: Cannot convert null literal to non-nullable reference type. [C:\Users\bbqch\proj\microbians\AeroCMS\src\Modules\Infrastructure\Aero.Cms.Modules.Rewrite\Aero.Cms.Modules.Rewrite.csproj]
C:\Program Files\dotnet\sdk\10.0.201\Sdks\Microsoft.NET.Sdk.Razor\targets\Sdk.Razor.CurrentVersion.targets(840,5): warning RAZORSDK1004: One or more Razor view or page files were found, but the project is not configured to add Razor support for MVC. The MSBuild property 'AddRazorSupportForMvc' must be set to correctly compile Razor files that target MVC. For more information, see https://go.microsoft.com/fwlink/?linkid=868374. [C:\Users\bbqch\proj\microbians\AeroCMS\src\Aero.Cms.Modules.ContentCreator\Aero.Cms.Modules.ContentCreator.csproj]
C:\Users\bbqch\proj\microbians\AeroCMS\src\Modules\Security\Aero.Cms.Modules.Security\SecurityModule.cs(20,26): warning CS8765: Nullability of type of parameter 'config' doesn't match overridden member (possibly because of nullability attributes). [C:\Users\bbqch\proj\microbians\AeroCMS\src\Modules\Security\Aero.Cms.Modules.Security\Aero.Cms.Modules.Security.csproj]
C:\Users\bbqch\proj\microbians\AeroCMS\src\Modules\Security\Aero.Cms.Modules.Security\SecurityModule.cs(20,26): warning CS8765: Nullability of type of parameter 'env' doesn't match overridden member (possibly because of nullability attributes). [C:\Users\bbqch\proj\microbians\AeroCMS\src\Modules\Security\Aero.Cms.Modules.Security\Aero.Cms.Modules.Security.csproj]
C:\Users\bbqch\proj\microbians\AeroCMS\src\Modules\Security\Aero.Cms.Modules.Security\SecurityModule.cs(20,97): warning CS8625: Cannot convert null literal to non-nullable reference type. [C:\Users\bbqch\proj\microbians\AeroCMS\src\Modules\Security\Aero.Cms.Modules.Security\Aero.Cms.Modules.Security.csproj]
C:\Users\bbqch\proj\microbians\AeroCMS\src\Modules\Security\Aero.Cms.Modules.Security\SecurityModule.cs(20,126): warning CS8625: Cannot convert null literal to non-nullable reference type. [C:\Users\bbqch\proj\microbians\AeroCMS\src\Modules\Security\Aero.Cms.Modules.Security\Aero.Cms.Modules.Security.csproj]
C:\Users\bbqch\proj\microbians\AeroCMS\src\Aero.Cms.Modules.Identity\IdentityModule.cs(22,26): warning CS8765: Nullability of type of parameter 'config' doesn't match overridden member (possibly because of nullability attributes). [C:\Users\bbqch\proj\microbians\AeroCMS\src\Aero.Cms.Modules.Identity\Aero.Cms.Modules.Identity.csproj]
C:\Users\bbqch\proj\microbians\AeroCMS\src\Aero.Cms.Modules.Identity\IdentityModule.cs(22,26): warning CS8765: Nullability of type of parameter 'env' doesn't match overridden member (possibly because of nullability attributes). [C:\Users\bbqch\proj\microbians\AeroCMS\src\Aero.Cms.Modules.Identity\Aero.Cms.Modules.Identity.csproj]
C:\Users\bbqch\proj\microbians\AeroCMS\src\Aero.Cms.Modules.Identity\IdentityModule.cs(22,97): warning CS8625: Cannot convert null literal to non-nullable reference type. [C:\Users\bbqch\proj\microbians\AeroCMS\src\Aero.Cms.Modules.Identity\Aero.Cms.Modules.Identity.csproj]
C:\Users\bbqch\proj\microbians\AeroCMS\src\Aero.Cms.Modules.Identity\IdentityModule.cs(22,126): warning CS8625: Cannot convert null literal to non-nullable reference type. [C:\Users\bbqch\proj\microbians\AeroCMS\src\Aero.Cms.Modules.Identity\Aero.Cms.Modules.Identity.csproj]
C:\Users\bbqch\proj\microbians\AeroCMS\src\Aero.Cms.Modules.Identity\UserStore.cs(53,65): warning CS0436: The type 'UserStore<TUser, TRole>' in 'C:\Users\bbqch\proj\microbians\AeroCMS\src\Aero.Cms.Modules.Identity\UserStore.cs' conflicts with the imported type 'UserStore<TUser, TRole>' in 'Aero.Marten, Version=0.0.5.0, Culture=neutral, PublicKeyToken=null'. Using the type defined in 'C:\Users\bbqch\proj\microbians\AeroCMS\src\Aero.Cms.Modules.Identity\UserStore.cs'. [C:\Users\bbqch\proj\microbians\AeroCMS\src\Aero.Cms.Modules.Identity\Aero.Cms.Modules.Identity.csproj]
C:\Users\bbqch\proj\microbians\AeroCMS\src\Aero.Cms.Modules.Identity\UserStore.cs(62,56): warning CS0436: The type 'UserStore<TUser, TRole>' in 'C:\Users\bbqch\proj\microbians\AeroCMS\src\Aero.Cms.Modules.Identity\UserStore.cs' conflicts with the imported type 'UserStore<TUser, TRole>' in 'Aero.Marten, Version=0.0.5.0, Culture=neutral, PublicKeyToken=null'. Using the type defined in 'C:\Users\bbqch\proj\microbians\AeroCMS\src\Aero.Cms.Modules.Identity\UserStore.cs'. [C:\Users\bbqch\proj\microbians\AeroCMS\src\Aero.Cms.Modules.Identity\Aero.Cms.Modules.Identity.csproj]
C:\Users\bbqch\proj\microbians\AeroCMS\src\Aero.Cms.Modules.Identity\IdentityModule.cs(28,50): warning CS0436: The type 'UserStore<TUser, TRole>' in 'C:\Users\bbqch\proj\microbians\AeroCMS\src\Aero.Cms.Modules.Identity\UserStore.cs' conflicts with the imported type 'UserStore<TUser, TRole>' in 'Aero.Marten, Version=0.0.5.0, Culture=neutral, PublicKeyToken=null'. Using the type defined in 'C:\Users\bbqch\proj\microbians\AeroCMS\src\Aero.Cms.Modules.Identity\UserStore.cs'. [C:\Users\bbqch\proj\microbians\AeroCMS\src\Aero.Cms.Modules.Identity\Aero.Cms.Modules.Identity.csproj]
C:\Users\bbqch\proj\microbians\AeroCMS\src\Aero.Cms.Modules.Identity\IdentityModule.cs(29,50): warning CS0436: The type 'RoleStore<TRole>' in 'C:\Users\bbqch\proj\microbians\AeroCMS\src\Aero.Cms.Modules.Identity\MartenRoleStore.cs' conflicts with the imported type 'RoleStore<TRole>' in 'Aero.Marten, Version=0.0.5.0, Culture=neutral, PublicKeyToken=null'. Using the type defined in 'C:\Users\bbqch\proj\microbians\AeroCMS\src\Aero.Cms.Modules.Identity\MartenRoleStore.cs'. [C:\Users\bbqch\proj\microbians\AeroCMS\src\Aero.Cms.Modules.Identity\Aero.Cms.Modules.Identity.csproj]
C:\Users\bbqch\proj\microbians\AeroCMS\src\Aero.Cms.Modules.Identity\UserStore.cs(271,35): warning CS8601: Possible null reference assignment. [C:\Users\bbqch\proj\microbians\AeroCMS\src\Aero.Cms.Modules.Identity\Aero.Cms.Modules.Identity.csproj]
C:\Users\bbqch\proj\microbians\AeroCMS\src\Aero.Cms.Modules.Identity\UserStore.cs(436,150): warning CS8602: Dereference of a possibly null reference. [C:\Users\bbqch\proj\microbians\AeroCMS\src\Aero.Cms.Modules.Identity\Aero.Cms.Modules.Identity.csproj]
C:\Users\bbqch\proj\microbians\AeroCMS\src\Aero.Cms.Modules.Identity\UserStore.cs(675,35): warning CS8601: Possible null reference assignment. [C:\Users\bbqch\proj\microbians\AeroCMS\src\Aero.Cms.Modules.Identity\Aero.Cms.Modules.Identity.csproj]
C:\Users\bbqch\proj\microbians\AeroCMS\src\Aero.Cms.Modules.Identity\UserStore.cs(683,25): warning CS8601: Possible null reference assignment. [C:\Users\bbqch\proj\microbians\AeroCMS\src\Aero.Cms.Modules.Identity\Aero.Cms.Modules.Identity.csproj]
C:\Program Files\dotnet\sdk\10.0.201\Sdks\Microsoft.NET.Sdk.Razor\targets\Sdk.Razor.CurrentVersion.targets(840,5): warning RAZORSDK1004: One or more Razor view or page files were found, but the project is not configured to add Razor support for MVC. The MSBuild property 'AddRazorSupportForMvc' must be set to correctly compile Razor files that target MVC. For more information, see https://go.microsoft.com/fwlink/?linkid=868374. [C:\Users\bbqch\proj\microbians\AeroCMS\src\Aero.Cms.Modules.Tcp\Aero.Cms.Modules.Tcp.csproj]
C:\Users\bbqch\proj\microbians\AeroCMS\src\Aero.Cms.Modules.Grpc\GrpcModule.cs(20,26): warning CS8765: Nullability of type of parameter 'config' doesn't match overridden member (possibly because of nullability attributes). [C:\Users\bbqch\proj\microbians\AeroCMS\src\Aero.Cms.Modules.Grpc\Aero.Cms.Modules.Grpc.csproj]
C:\Users\bbqch\proj\microbians\AeroCMS\src\Aero.Cms.Modules.Grpc\GrpcModule.cs(20,26): warning CS8765: Nullability of type of parameter 'env' doesn't match overridden member (possibly because of nullability attributes). [C:\Users\bbqch\proj\microbians\AeroCMS\src\Aero.Cms.Modules.Grpc\Aero.Cms.Modules.Grpc.csproj]
C:\Users\bbqch\proj\microbians\AeroCMS\src\Aero.Cms.Modules.Grpc\GrpcModule.cs(20,97): warning CS8625: Cannot convert null literal to non-nullable reference type. [C:\Users\bbqch\proj\microbians\AeroCMS\src\Aero.Cms.Modules.Grpc\Aero.Cms.Modules.Grpc.csproj]
C:\Users\bbqch\proj\microbians\AeroCMS\src\Aero.Cms.Modules.Grpc\GrpcModule.cs(20,126): warning CS8625: Cannot convert null literal to non-nullable reference type. [C:\Users\bbqch\proj\microbians\AeroCMS\src\Aero.Cms.Modules.Grpc\Aero.Cms.Modules.Grpc.csproj]
C:\Users\bbqch\proj\microbians\AeroCMS\Aero\src\Aero.Web\Controllers\AeroApiBaseController.cs(38,79): warning CS8625: Cannot convert null literal to non-nullable reference type. [C:\Users\bbqch\proj\microbians\AeroCMS\Aero\src\Aero.Web\Aero.Web.csproj]
C:\Users\bbqch\proj\microbians\AeroCMS\Aero\src\Aero.Web\ApiResponse.cs(26,14): warning CS8618: Non-nullable property 'Data' must contain a non-null value when exiting constructor. Consider adding the 'required' modifier or declaring the property as nullable. [C:\Users\bbqch\proj\microbians\AeroCMS\Aero\src\Aero.Web\Aero.Web.csproj]
C:\Users\bbqch\proj\microbians\AeroCMS\Aero\src\Aero.Web\Commands\SaveRefreshTokenCommand.cs(39,19): warning CS8618: Non-nullable property 'Username' must contain a non-null value when exiting constructor. Consider adding the 'required' modifier or declaring the property as nullable. [C:\Users\bbqch\proj\microbians\AeroCMS\Aero\src\Aero.Web\Aero.Web.csproj]
C:\Users\bbqch\proj\microbians\AeroCMS\Aero\src\Aero.Web\Commands\SaveRefreshTokenCommand.cs(40,19): warning CS8618: Non-nullable property 'Password' must contain a non-null value when exiting constructor. Consider adding the 'required' modifier or declaring the property as nullable. [C:\Users\bbqch\proj\microbians\AeroCMS\Aero\src\Aero.Web\Aero.Web.csproj]
C:\Users\bbqch\proj\microbians\AeroCMS\Aero\src\Aero.Web\Commands\SaveRefreshTokenCommand.cs(41,19): warning CS8618: Non-nullable property 'Token' must contain a non-null value when exiting constructor. Consider adding the 'required' modifier or declaring the property as nullable. [C:\Users\bbqch\proj\microbians\AeroCMS\Aero\src\Aero.Web\Aero.Web.csproj]
C:\Users\bbqch\proj\microbians\AeroCMS\Aero\src\Aero.Web\Commands\DeleteRefreshTokenCommand.cs(10,19): warning CS8618: Non-nullable property 'Username' must contain a non-null value when exiting constructor. Consider adding the 'required' modifier or declaring the property as nullable. [C:\Users\bbqch\proj\microbians\AeroCMS\Aero\src\Aero.Web\Aero.Web.csproj]
C:\Users\bbqch\proj\microbians\AeroCMS\Aero\src\Aero.Web\Commands\DeleteRefreshTokenCommand.cs(11,19): warning CS8618: Non-nullable property 'Password' must contain a non-null value when exiting constructor. Consider adding the 'required' modifier or declaring the property as nullable. [C:\Users\bbqch\proj\microbians\AeroCMS\Aero\src\Aero.Web\Aero.Web.csproj]
C:\Users\bbqch\proj\microbians\AeroCMS\Aero\src\Aero.Web\Commands\DeleteRefreshTokenCommand.cs(12,19): warning CS8618: Non-nullable property 'RefreshToken' must contain a non-null value when exiting constructor. Consider adding the 'required' modifier or declaring the property as nullable. [C:\Users\bbqch\proj\microbians\AeroCMS\Aero\src\Aero.Web\Aero.Web.csproj]
C:\Users\bbqch\proj\microbians\AeroCMS\Aero\src\Aero.Web\ErrorViewModel.cs(5,19): warning CS8618: Non-nullable property 'RequestId' must contain a non-null value when exiting constructor. Consider adding the 'required' modifier or declaring the property as nullable. [C:\Users\bbqch\proj\microbians\AeroCMS\Aero\src\Aero.Web\Aero.Web.csproj]
C:\Users\bbqch\proj\microbians\AeroCMS\Aero\src\Aero.Web\Extensions\WebResponseExtensions.cs(15,28): warning CS8601: Possible null reference assignment. [C:\Users\bbqch\proj\microbians\AeroCMS\Aero\src\Aero.Web\Aero.Web.csproj]
C:\Users\bbqch\proj\microbians\AeroCMS\Aero\src\Aero.Web\Jwt\IJwtFactory.cs(7,19): warning CS8618: Non-nullable property 'AccessToken' must contain a non-null value when exiting constructor. Consider adding the 'required' modifier or declaring the property as nullable. [C:\Users\bbqch\proj\microbians\AeroCMS\Aero\src\Aero.Web\Aero.Web.csproj]
C:\Users\bbqch\proj\microbians\AeroCMS\Aero\src\Aero.Web\Jwt\IJwtFactory.cs(8,19): warning CS8618: Non-nullable property 'RefreshToken' must contain a non-null value when exiting constructor. Consider adding the 'required' modifier or declaring the property as nullable. [C:\Users\bbqch\proj\microbians\AeroCMS\Aero\src\Aero.Web\Aero.Web.csproj]
C:\Users\bbqch\proj\microbians\AeroCMS\Aero\src\Aero.Web\Jwt\JwtOptions.cs(5,19): warning CS8618: Non-nullable property 'Issuer' must contain a non-null value when exiting constructor. Consider adding the 'required' modifier or declaring the property as nullable. [C:\Users\bbqch\proj\microbians\AeroCMS\Aero\src\Aero.Web\Aero.Web.csproj]
C:\Users\bbqch\proj\microbians\AeroCMS\Aero\src\Aero.Web\Jwt\JwtOptions.cs(6,19): warning CS8618: Non-nullable property 'Subject' must contain a non-null value when exiting constructor. Consider adding the 'required' modifier or declaring the property as nullable. [C:\Users\bbqch\proj\microbians\AeroCMS\Aero\src\Aero.Web\Aero.Web.csproj]
C:\Users\bbqch\proj\microbians\AeroCMS\Aero\src\Aero.Web\Jwt\JwtOptions.cs(7,19): warning CS8618: Non-nullable property 'Audience' must contain a non-null value when exiting constructor. Consider adding the 'required' modifier or declaring the property as nullable. [C:\Users\bbqch\proj\microbians\AeroCMS\Aero\src\Aero.Web\Aero.Web.csproj]
C:\Users\bbqch\proj\microbians\AeroCMS\Aero\src\Aero.Web\Jwt\JwtOptions.cs(8,19): warning CS8618: Non-nullable property 'Key' must contain a non-null value when exiting constructor. Consider adding the 'required' modifier or declaring the property as nullable. [C:\Users\bbqch\proj\microbians\AeroCMS\Aero\src\Aero.Web\Aero.Web.csproj]
C:\Users\bbqch\proj\microbians\AeroCMS\Aero\src\Aero.Web\Jwt\JwtOptions.cs(11,19): warning CS8618: Non-nullable property 'EncryptionKey' must contain a non-null value when exiting constructor. Consider adding the 'required' modifier or declaring the property as nullable. [C:\Users\bbqch\proj\microbians\AeroCMS\Aero\src\Aero.Web\Aero.Web.csproj]
C:\Users\bbqch\proj\microbians\AeroCMS\Aero\src\Aero.Web\Extensions\WebResponseExtensions.cs(28,28): warning CS8601: Possible null reference assignment. [C:\Users\bbqch\proj\microbians\AeroCMS\Aero\src\Aero.Web\Aero.Web.csproj]
C:\Users\bbqch\proj\microbians\AeroCMS\Aero\src\Aero.Web\Extensions\WebResponseExtensions.cs(41,28): warning CS8601: Possible null reference assignment. [C:\Users\bbqch\proj\microbians\AeroCMS\Aero\src\Aero.Web\Aero.Web.csproj]
C:\Users\bbqch\proj\microbians\AeroCMS\Aero\src\Aero.Web\Models\ApiClaimsModel.cs(9,19): warning CS8618: Non-nullable property 'ClaimKey' must contain a non-null value when exiting constructor. Consider adding the 'required' modifier or declaring the property as nullable. [C:\Users\bbqch\proj\microbians\AeroCMS\Aero\src\Aero.Web\Aero.Web.csproj]
C:\Users\bbqch\proj\microbians\AeroCMS\Aero\src\Aero.Web\Models\ApiClaimsModel.cs(10,19): warning CS8618: Non-nullable property 'ClaimValue' must contain a non-null value when exiting constructor. Consider adding the 'required' modifier or declaring the property as nullable. [C:\Users\bbqch\proj\microbians\AeroCMS\Aero\src\Aero.Web\Aero.Web.csproj]
C:\Users\bbqch\proj\microbians\AeroCMS\Aero\src\Aero.Web\Extensions\ClaimsPrincipalExtensions.cs(8,12): warning CS8603: Possible null reference return. [C:\Users\bbqch\proj\microbians\AeroCMS\Aero\src\Aero.Web\Aero.Web.csproj]
C:\Users\bbqch\proj\microbians\AeroCMS\Aero\src\Aero.Web\Extensions\ClaimsPrincipalExtensions.cs(11,12): warning CS8603: Possible null reference return. [C:\Users\bbqch\proj\microbians\AeroCMS\Aero\src\Aero.Web\Aero.Web.csproj]
C:\Users\bbqch\proj\microbians\AeroCMS\Aero\src\Aero.Web\Extensions\ClaimsPrincipalExtensions.cs(14,12): warning CS8603: Possible null reference return. [C:\Users\bbqch\proj\microbians\AeroCMS\Aero\src\Aero.Web\Aero.Web.csproj]
C:\Users\bbqch\proj\microbians\AeroCMS\Aero\src\Aero.Web\Controllers\AeroApiBaseController.cs(30,27): warning CS8602: Dereference of a possibly null reference. [C:\Users\bbqch\proj\microbians\AeroCMS\Aero\src\Aero.Web\Aero.Web.csproj]
C:\Users\bbqch\proj\microbians\AeroCMS\Aero\src\Aero.Web\Filters\ValidateModelAttribute.cs(10,51): warning CS8618: Non-nullable field 'log' must contain a non-null value when exiting constructor. Consider adding the 'required' modifier or declaring the field as nullable. [C:\Users\bbqch\proj\microbians\AeroCMS\Aero\src\Aero.Web\Aero.Web.csproj]
C:\Users\bbqch\proj\microbians\AeroCMS\Aero\src\Aero.Web\Middleware\RequestCultureMiddleware.cs(12,43): warning CS8604: Possible null reference argument for parameter 'name' in 'CultureInfo.CultureInfo(string name)'. [C:\Users\bbqch\proj\microbians\AeroCMS\Aero\src\Aero.Web\Aero.Web.csproj]
C:\Users\bbqch\proj\microbians\AeroCMS\Aero\src\Aero.Web\Jwt\JwtFactory.cs(16,9): warning CS9179: Primary constructor parameter 'ILogger<JwtFactory> log' is shadowed by a member from base. [C:\Users\bbqch\proj\microbians\AeroCMS\Aero\src\Aero.Web\Aero.Web.csproj]
C:\Users\bbqch\proj\microbians\AeroCMS\Aero\src\Aero.Web\Jwt\JwtFactory.cs(17,9): warning CS9179: Primary constructor parameter 'ILogger<JwtFactory> log' is shadowed by a member from base. [C:\Users\bbqch\proj\microbians\AeroCMS\Aero\src\Aero.Web\Aero.Web.csproj]
C:\Users\bbqch\proj\microbians\AeroCMS\Aero\src\Aero.Web\Jwt\JwtFactory.cs(39,9): warning CS9179: Primary constructor parameter 'ILogger<JwtFactory> log' is shadowed by a member from base. [C:\Users\bbqch\proj\microbians\AeroCMS\Aero\src\Aero.Web\Aero.Web.csproj]
C:\Users\bbqch\proj\microbians\AeroCMS\Aero\src\Aero.Web\Extensions\ClaimsPrincipalExtensions.cs(29,20): warning CS8600: Converting null literal or possible null value to non-nullable type. [C:\Users\bbqch\proj\microbians\AeroCMS\Aero\src\Aero.Web\Aero.Web.csproj]
C:\Users\bbqch\proj\microbians\AeroCMS\Aero\src\Aero.Web\Extensions\ClaimsPrincipalExtensions.cs(29,20): warning CS8603: Possible null reference return. [C:\Users\bbqch\proj\microbians\AeroCMS\Aero\src\Aero.Web\Aero.Web.csproj]
C:\Users\bbqch\proj\microbians\AeroCMS\Aero\src\Aero.Web\Extensions\ClaimsPrincipalExtensions.cs(49,16): warning CS8603: Possible null reference return. [C:\Users\bbqch\proj\microbians\AeroCMS\Aero\src\Aero.Web\Aero.Web.csproj]
C:\Users\bbqch\proj\microbians\AeroCMS\Aero\src\Aero.Web\Extensions\SessionExtensions.cs(13,16): warning CS8603: Possible null reference return. [C:\Users\bbqch\proj\microbians\AeroCMS\Aero\src\Aero.Web\Aero.Web.csproj]
C:\Users\bbqch\proj\microbians\AeroCMS\Aero\src\Aero.Web\Extensions\ClaimsPrincipalExtensions.cs(56,16): warning CS8603: Possible null reference return. [C:\Users\bbqch\proj\microbians\AeroCMS\Aero\src\Aero.Web\Aero.Web.csproj]
C:\Users\bbqch\proj\microbians\AeroCMS\Aero\src\Aero.Web\Middleware\CloudflareMiddleware.cs(79,28): warning CS8604: Possible null reference argument for parameter 'ipadress' in 'bool CloudFlareConnectingIpMiddleware.IsCloudFlareIp(IPAddress ipadress)'. [C:\Users\bbqch\proj\microbians\AeroCMS\Aero\src\Aero.Web\Aero.Web.csproj]
C:\Users\bbqch\proj\microbians\AeroCMS\Aero\src\Aero.Web\Extensions\MartenExtensions.cs(15,29): warning CS8604: Possible null reference argument for parameter 'connectionString' in 'void StoreOptions.Connection(string connectionString)'. [C:\Users\bbqch\proj\microbians\AeroCMS\Aero\src\Aero.Web\Aero.Web.csproj]
C:\Users\bbqch\proj\microbians\AeroCMS\Aero\src\Aero.Web\Infrastructure\CacheService.cs(39,14): warning CS8602: Dereference of a possibly null reference. [C:\Users\bbqch\proj\microbians\AeroCMS\Aero\src\Aero.Web\Aero.Web.csproj]
C:\Users\bbqch\proj\microbians\AeroCMS\Aero\src\Aero.Web\Extensions\ScalarExtensions.cs(13,17): warning CS0618: 'ScalarOptionsExtensions.WithPreferredScheme<TOptions>(TOptions, string)' is obsolete: 'This method is obsolete and will be removed in a future release. Use AddPreferredSecuritySchemes instead.' [C:\Users\bbqch\proj\microbians\AeroCMS\Aero\src\Aero.Web\Aero.Web.csproj]
C:\Users\bbqch\proj\microbians\AeroCMS\Aero\src\Aero.Web\Extensions\ScalarExtensions.cs(15,55): warning CS0618: 'HttpBearerOptions' is obsolete: 'This class is obsolete and will be removed in a future release. Use AddHttpBasicAuthentication with ScalarHttpSecurityScheme instead.' [C:\Users\bbqch\proj\microbians\AeroCMS\Aero\src\Aero.Web\Aero.Web.csproj]
C:\Users\bbqch\proj\microbians\AeroCMS\Aero\src\Aero.Web\Extensions\ScalarExtensions.cs(13,17): warning CS0618: 'ScalarOptionsExtensions.WithHttpBearerAuthentication(ScalarOptions, HttpBearerOptions)' is obsolete: 'This method is obsolete and will be removed in a future release. Use AddHttpAuthentication instead.' [C:\Users\bbqch\proj\microbians\AeroCMS\Aero\src\Aero.Web\Aero.Web.csproj]
C:\Users\bbqch\proj\microbians\AeroCMS\Aero\src\Aero.Web\Extensions\ScalarExtensions.cs(13,17): warning CS0618: 'ScalarOptionsExtensions.WithDownloadButton<TOptions>(TOptions, bool)' is obsolete: 'This method is obsolete and will be removed in a future release. Use 'WithDocumentDownloadType' instead.' [C:\Users\bbqch\proj\microbians\AeroCMS\Aero\src\Aero.Web\Aero.Web.csproj]
C:\Users\bbqch\proj\microbians\AeroCMS\Aero\src\Aero.Web\Extensions\ScalarExtensions.cs(13,17): warning CS0618: 'ScalarOptionsExtensions.WithClientButton<TOptions>(TOptions, bool)' is obsolete: 'This method is obsolete and will be removed in a future release. Please use HideClientButton() instead. Note: WithClientButton(true) is the default behavior and can be removed entirely.' [C:\Users\bbqch\proj\microbians\AeroCMS\Aero\src\Aero.Web\Aero.Web.csproj]
C:\Users\bbqch\proj\microbians\AeroCMS\Aero\src\Aero.Web\Infrastructure\CacheService.cs(51,17): warning CS8602: Dereference of a possibly null reference. [C:\Users\bbqch\proj\microbians\AeroCMS\Aero\src\Aero.Web\Aero.Web.csproj]
C:\Users\bbqch\proj\microbians\AeroCMS\Aero\src\Aero.Web\AppSettingsMiddleware.cs(26,48): warning CS8601: Possible null reference assignment. [C:\Users\bbqch\proj\microbians\AeroCMS\Aero\src\Aero.Web\Aero.Web.csproj]
C:\Users\bbqch\proj\microbians\AeroCMS\Aero\src\Aero.Web\Extensions\SerilogOpenTelemExtensions.cs(53,36): warning CS8604: Possible null reference argument for parameter 'teamId' in 'LoggerConfiguration HoneycombSinkExtensions.HoneycombSink(LoggerSinkConfiguration loggerConfiguration, string teamId, string apiKey, PeriodicBatchingSinkOptions? batchingOptions = null, Func<HttpClient>? httpClientFactory = null, string honeycombUrl = "https://api.honeycomb.io/")'. [C:\Users\bbqch\proj\microbians\AeroCMS\Aero\src\Aero.Web\Aero.Web.csproj]
C:\Users\bbqch\proj\microbians\AeroCMS\Aero\src\Aero.Web\Extensions\SerilogOpenTelemExtensions.cs(53,49): warning CS8604: Possible null reference argument for parameter 'apiKey' in 'LoggerConfiguration HoneycombSinkExtensions.HoneycombSink(LoggerSinkConfiguration loggerConfiguration, string teamId, string apiKey, PeriodicBatchingSinkOptions? batchingOptions = null, Func<HttpClient>? httpClientFactory = null, string honeycombUrl = "https://api.honeycomb.io/")'. [C:\Users\bbqch\proj\microbians\AeroCMS\Aero\src\Aero.Web\Aero.Web.csproj]
C:\Users\bbqch\proj\microbians\AeroCMS\Aero\src\Aero.Web\Extensions\HttpContextExtensions.cs(57,35): warning CS8601: Possible null reference assignment. [C:\Users\bbqch\proj\microbians\AeroCMS\Aero\src\Aero.Web\Aero.Web.csproj]
C:\Users\bbqch\proj\microbians\AeroCMS\Aero\src\Aero.Web\Email\SmtpEmalSender.cs(39,54): warning CS1574: XML comment has cref attribute 'EmailSender' that could not be resolved [C:\Users\bbqch\proj\microbians\AeroCMS\Aero\src\Aero.Web\Aero.Web.csproj]
C:\Users\bbqch\proj\microbians\AeroCMS\Aero\src\Aero.Web\Infrastructure\DefaultApiKeyGenerator.cs(19,21): warning CS1574: XML comment has cref attribute 'ApiKeyGenerationOptions' that could not be resolved [C:\Users\bbqch\proj\microbians\AeroCMS\Aero\src\Aero.Web\Aero.Web.csproj]
C:\Users\bbqch\proj\microbians\AeroCMS\Aero\src\Aero.Web\Middleware\XssExtensions.cs(32,13): warning ASP0019: Use IHeaderDictionary.Append or the indexer to append or set headers. IDictionary.Add will throw an ArgumentException when attempting to add a duplicate key. (https://aka.ms/aspnet/analyzers) [C:\Users\bbqch\proj\microbians\AeroCMS\Aero\src\Aero.Web\Aero.Web.csproj]
C:\Users\bbqch\proj\microbians\AeroCMS\Aero\src\Aero.Web\Middleware\XssExtensions.cs(35,17): warning ASP0019: Use IHeaderDictionary.Append or the indexer to append or set headers. IDictionary.Add will throw an ArgumentException when attempting to add a duplicate key. (https://aka.ms/aspnet/analyzers) [C:\Users\bbqch\proj\microbians\AeroCMS\Aero\src\Aero.Web\Aero.Web.csproj]
C:\Users\bbqch\proj\microbians\AeroCMS\Aero\src\Aero.Web\Middleware\XssExtensions.cs(45,17): warning ASP0019: Use IHeaderDictionary.Append or the indexer to append or set headers. IDictionary.Add will throw an ArgumentException when attempting to add a duplicate key. (https://aka.ms/aspnet/analyzers) [C:\Users\bbqch\proj\microbians\AeroCMS\Aero\src\Aero.Web\Aero.Web.csproj]
C:\Users\bbqch\proj\microbians\AeroCMS\src\Aero.Cms.Modules.Jwt\JwtAuthModule.cs(25,26): warning CS8765: Nullability of type of parameter 'config' doesn't match overridden member (possibly because of nullability attributes). [C:\Users\bbqch\proj\microbians\AeroCMS\src\Aero.Cms.Modules.Jwt\Aero.Cms.Modules.Jwt.csproj]
C:\Users\bbqch\proj\microbians\AeroCMS\src\Aero.Cms.Modules.Jwt\JwtAuthModule.cs(25,26): warning CS8765: Nullability of type of parameter 'env' doesn't match overridden member (possibly because of nullability attributes). [C:\Users\bbqch\proj\microbians\AeroCMS\src\Aero.Cms.Modules.Jwt\Aero.Cms.Modules.Jwt.csproj]
C:\Users\bbqch\proj\microbians\AeroCMS\src\Aero.Cms.Modules.Jwt\JwtAuthModule.cs(25,97): warning CS8625: Cannot convert null literal to non-nullable reference type. [C:\Users\bbqch\proj\microbians\AeroCMS\src\Aero.Cms.Modules.Jwt\Aero.Cms.Modules.Jwt.csproj]
C:\Users\bbqch\proj\microbians\AeroCMS\src\Aero.Cms.Modules.Jwt\JwtAuthModule.cs(25,126): warning CS8625: Cannot convert null literal to non-nullable reference type. [C:\Users\bbqch\proj\microbians\AeroCMS\src\Aero.Cms.Modules.Jwt\Aero.Cms.Modules.Jwt.csproj]
C:\Users\bbqch\proj\microbians\AeroCMS\src\Modules\Infrastructure\Aero.Cms.Modules.RateLimiting\RateLimitingModule.cs(20,26): warning CS8765: Nullability of type of parameter 'config' doesn't match overridden member (possibly because of nullability attributes). [C:\Users\bbqch\proj\microbians\AeroCMS\src\Modules\Infrastructure\Aero.Cms.Modules.RateLimiting\Aero.Cms.Modules.RateLimiting.csproj]
C:\Users\bbqch\proj\microbians\AeroCMS\src\Modules\Infrastructure\Aero.Cms.Modules.RateLimiting\RateLimitingModule.cs(20,26): warning CS8765: Nullability of type of parameter 'env' doesn't match overridden member (possibly because of nullability attributes). [C:\Users\bbqch\proj\microbians\AeroCMS\src\Modules\Infrastructure\Aero.Cms.Modules.RateLimiting\Aero.Cms.Modules.RateLimiting.csproj]
C:\Users\bbqch\proj\microbians\AeroCMS\src\Modules\Infrastructure\Aero.Cms.Modules.RateLimiting\RateLimitingModule.cs(20,97): warning CS8625: Cannot convert null literal to non-nullable reference type. [C:\Users\bbqch\proj\microbians\AeroCMS\src\Modules\Infrastructure\Aero.Cms.Modules.RateLimiting\Aero.Cms.Modules.RateLimiting.csproj]
C:\Users\bbqch\proj\microbians\AeroCMS\src\Modules\Infrastructure\Aero.Cms.Modules.RateLimiting\RateLimitingModule.cs(20,126): warning CS8625: Cannot convert null literal to non-nullable reference type. [C:\Users\bbqch\proj\microbians\AeroCMS\src\Modules\Infrastructure\Aero.Cms.Modules.RateLimiting\Aero.Cms.Modules.RateLimiting.csproj]
C:\Users\bbqch\proj\microbians\AeroCMS\Aero\src\Aero.Auth\Controllers\AuthController.cs(12,15): warning CS1570: XML comment has badly formed XML -- 'Whitespace is not allowed at this location.' [C:\Users\bbqch\proj\microbians\AeroCMS\Aero\src\Aero.Auth\Aero.Auth.csproj]
C:\Users\bbqch\proj\microbians\AeroCMS\Aero\src\Aero.Auth\Services\JwtSigningKeyStore.cs(165,29): warning SYSLIB0023: 'RNGCryptoServiceProvider' is obsolete: 'RNGCryptoServiceProvider is obsolete. To generate a random number, use one of the RandomNumberGenerator static methods instead.' (https://aka.ms/dotnet-warnings/SYSLIB0023) [C:\Users\bbqch\proj\microbians\AeroCMS\Aero\src\Aero.Auth\Aero.Auth.csproj]
C:\Users\bbqch\proj\microbians\AeroCMS\Aero\src\Aero.Auth\Controllers\AuthController.cs(635,9): warning CS0162: Unreachable code detected [C:\Users\bbqch\proj\microbians\AeroCMS\Aero\src\Aero.Auth\Aero.Auth.csproj]
C:\Users\bbqch\proj\microbians\AeroCMS\Aero\src\Aero.Auth\Extensions\SocialLoginExtensions.cs(17,87): warning CS1573: Parameter 'services' has no matching param tag in the XML comment for 'SocialLoginExtensions.AddAeroAuthentication(IServiceCollection, IHostEnvironment, IConfiguration)' (but other parameters do) [C:\Users\bbqch\proj\microbians\AeroCMS\Aero\src\Aero.Auth\Aero.Auth.csproj]
C:\Users\bbqch\proj\microbians\AeroCMS\src\Aero.Cms.Shared\Pages\Manager\Settings.razor(83,20): error CS1061: 'Result<string, SettingDetail>' does not contain a definition for 'IsSuccess' and no accessible extension method 'IsSuccess' accepting a first argument of type 'Result<string, SettingDetail>' could be found (are you missing a using directive or an assembly reference?) [C:\Users\bbqch\proj\microbians\AeroCMS\src\Aero.Cms.Shared\Aero.Cms.Shared.csproj]
C:\Users\bbqch\proj\microbians\AeroCMS\src\Aero.Cms.Shared\Pages\Manager\Settings.razor(83,36): error CS1061: 'Result<string, SettingDetail>' does not contain a definition for 'IsSuccess' and no accessible extension method 'IsSuccess' accepting a first argument of type 'Result<string, SettingDetail>' could be found (are you missing a using directive or an assembly reference?) [C:\Users\bbqch\proj\microbians\AeroCMS\src\Aero.Cms.Shared\Aero.Cms.Shared.csproj]
    767 Warning(s)
    2 Error(s)

Time Elapsed 00:00:22.80
