  Determining projects to restore...
C:\Users\bbqch\proj\microbians\AeroCMS\Aero\src\Aero.Core\Aero.Core.csproj : warning NU1510: PackageReference System.Text.Json will not be pruned. Consider removing this package from your dependencies, as it is likely unnecessary.
C:\Users\bbqch\proj\microbians\AeroCMS\Aero\src\Aero.Core\Aero.Core.csproj : warning NU1510: PackageReference System.Text.RegularExpressions will not be pruned. Consider removing this package from your dependencies, as it is likely unnecessary.
C:\Users\bbqch\proj\microbians\AeroCMS\Aero\src\Aero.Core\Aero.Core.csproj : warning NU1903: Package 'Newtonsoft.Json' 10.0.2 has a known high severity vulnerability, https://github.com/advisories/GHSA-5crp-9r3c-p9vr
C:\Users\bbqch\proj\microbians\AeroCMS\Aero\src\Aero.Core\Aero.Core.csproj : warning NU1902: Package 'System.Data.SqlClient' 4.5.1 has a known moderate severity vulnerability, https://github.com/advisories/GHSA-8g2p-5pqh-5jmc
C:\Users\bbqch\proj\microbians\AeroCMS\Aero\src\Aero.Core\Aero.Core.csproj : warning NU1903: Package 'System.Data.SqlClient' 4.5.1 has a known high severity vulnerability, https://github.com/advisories/GHSA-98g6-xh36-x2p7
  All projects are up-to-date for restore.
C:\Users\bbqch\proj\microbians\AeroCMS\Aero\src\Aero.Core\Aero.Core.csproj : warning NU1510: PackageReference System.Text.Json will not be pruned. Consider removing this package from your dependencies, as it is likely unnecessary.
C:\Users\bbqch\proj\microbians\AeroCMS\Aero\src\Aero.Core\Aero.Core.csproj : warning NU1510: PackageReference System.Text.RegularExpressions will not be pruned. Consider removing this package from your dependencies, as it is likely unnecessary.
C:\Users\bbqch\proj\microbians\AeroCMS\Aero\src\Aero.Core\Aero.Core.csproj : warning NU1903: Package 'Newtonsoft.Json' 10.0.2 has a known high severity vulnerability, https://github.com/advisories/GHSA-5crp-9r3c-p9vr
C:\Users\bbqch\proj\microbians\AeroCMS\Aero\src\Aero.Core\Aero.Core.csproj : warning NU1902: Package 'System.Data.SqlClient' 4.5.1 has a known moderate severity vulnerability, https://github.com/advisories/GHSA-8g2p-5pqh-5jmc
C:\Users\bbqch\proj\microbians\AeroCMS\Aero\src\Aero.Core\Aero.Core.csproj : warning NU1903: Package 'System.Data.SqlClient' 4.5.1 has a known high severity vulnerability, https://github.com/advisories/GHSA-98g6-xh36-x2p7
C:\Users\bbqch\proj\microbians\AeroCMS\Aero\src\Aero.Core\Data\Functional\GenericRepositoryOptional.cs(67,48): warning CS1570: XML comment has badly formed XML -- 'Whitespace is not allowed at this location.' [C:\Users\bbqch\proj\microbians\AeroCMS\Aero\src\Aero.Core\Aero.Core.csproj]
C:\Users\bbqch\proj\microbians\AeroCMS\Aero\src\Aero.Core\QueryableExtensions.cs(42,68): warning CS8625: Cannot convert null literal to non-nullable reference type. [C:\Users\bbqch\proj\microbians\AeroCMS\Aero\src\Aero.Core\Aero.Core.csproj]
C:\Users\bbqch\proj\microbians\AeroCMS\Aero\src\Aero.Core\QueryableExtensions.cs(42,108): warning CS8625: Cannot convert null literal to non-nullable reference type. [C:\Users\bbqch\proj\microbians\AeroCMS\Aero\src\Aero.Core\Aero.Core.csproj]
C:\Users\bbqch\proj\microbians\AeroCMS\Aero\src\Aero.Core\DataStructures\Trees\Interval.cs(17,16): warning CS8767: Nullability of reference types in type of parameter 'other' of 'int Interval.CompareTo(Interval other)' doesn't match implicitly implemented member 'int IComparable<Interval>.CompareTo(Interval? other)' (possibly because of nullability attributes). [C:\Users\bbqch\proj\microbians\AeroCMS\Aero\src\Aero.Core\Aero.Core.csproj]
C:\Users\bbqch\proj\microbians\AeroCMS\Aero\src\Aero.Core\Helpers\Config.cs(19,52): warning CS8625: Cannot convert null literal to non-nullable reference type. [C:\Users\bbqch\proj\microbians\AeroCMS\Aero\src\Aero.Core\Aero.Core.csproj]
C:\Users\bbqch\proj\microbians\AeroCMS\Aero\src\Aero.Core\Data\GenericRepository.cs(192,23): error CS0314: The type 'T' cannot be used as type parameter 'T' in the generic type or method 'GenericRepository<T, TKey>'. There is no boxing conversion or type parameter conversion from 'T' to 'Aero.Core.Entities.IEntity<string>'. [C:\Users\bbqch\proj\microbians\AeroCMS\Aero\src\Aero.Core\Aero.Core.csproj]
C:\Users\bbqch\proj\microbians\AeroCMS\Aero\src\Aero.Core\Data\GenericRepository.cs(184,18): error CS0314: The type 'T' cannot be used as type parameter 'T' in the generic type or method 'IGenericRepository<T, TKey>'. There is no boxing conversion or type parameter conversion from 'T' to 'Aero.Core.Entities.IEntity<string>'. [C:\Users\bbqch\proj\microbians\AeroCMS\Aero\src\Aero.Core\Aero.Core.csproj]
C:\Users\bbqch\proj\microbians\AeroCMS\Aero\src\Aero.Core\Data\GenericRepository.cs(184,18): error CS0314: The type 'T' cannot be used as type parameter 'T' in the generic type or method 'IReadOnlyRepository<T, TKey>'. There is no boxing conversion or type parameter conversion from 'T' to 'Aero.Core.Entities.IEntity<string>'. [C:\Users\bbqch\proj\microbians\AeroCMS\Aero\src\Aero.Core\Aero.Core.csproj]
C:\Users\bbqch\proj\microbians\AeroCMS\Aero\src\Aero.Core\Data\GenericRepository.cs(184,18): error CS0314: The type 'T' cannot be used as type parameter 'T' in the generic type or method 'IReadonlyRepositorySync<T, TKey>'. There is no boxing conversion or type parameter conversion from 'T' to 'Aero.Core.Entities.IEntity<string>'. [C:\Users\bbqch\proj\microbians\AeroCMS\Aero\src\Aero.Core\Aero.Core.csproj]
C:\Users\bbqch\proj\microbians\AeroCMS\Aero\src\Aero.Core\Data\GenericRepository.cs(184,18): error CS0314: The type 'T' cannot be used as type parameter 'T' in the generic type or method 'IReadonlyRepositoryAsync<T, TKey>'. There is no boxing conversion or type parameter conversion from 'T' to 'Aero.Core.Entities.IEntity<string>'. [C:\Users\bbqch\proj\microbians\AeroCMS\Aero\src\Aero.Core\Aero.Core.csproj]
C:\Users\bbqch\proj\microbians\AeroCMS\Aero\src\Aero.Core\Data\GenericRepository.cs(184,18): error CS0314: The type 'T' cannot be used as type parameter 'T' in the generic type or method 'IWriteOnlyRepository<T, TKey>'. There is no boxing conversion or type parameter conversion from 'T' to 'Aero.Core.Entities.IEntity<string>'. [C:\Users\bbqch\proj\microbians\AeroCMS\Aero\src\Aero.Core\Aero.Core.csproj]
C:\Users\bbqch\proj\microbians\AeroCMS\Aero\src\Aero.Core\Data\GenericRepository.cs(184,18): error CS0314: The type 'T' cannot be used as type parameter 'T' in the generic type or method 'IWriteOnlyRepositorySync<T, TKey>'. There is no boxing conversion or type parameter conversion from 'T' to 'Aero.Core.Entities.IEntity<string>'. [C:\Users\bbqch\proj\microbians\AeroCMS\Aero\src\Aero.Core\Aero.Core.csproj]
C:\Users\bbqch\proj\microbians\AeroCMS\Aero\src\Aero.Core\Data\GenericRepository.cs(184,18): error CS0314: The type 'T' cannot be used as type parameter 'T' in the generic type or method 'IWriteOnlyRepositoryAsync<T, TKey>'. There is no boxing conversion or type parameter conversion from 'T' to 'Aero.Core.Entities.IEntity<string>'. [C:\Users\bbqch\proj\microbians\AeroCMS\Aero\src\Aero.Core\Aero.Core.csproj]
C:\Users\bbqch\proj\microbians\AeroCMS\Aero\src\Aero.Core\Data\GenericRepository.cs(192,23): error CS0314: The type 'T' cannot be used as type parameter 'T' in the generic type or method 'IGenericRepository<T, TKey>'. There is no boxing conversion or type parameter conversion from 'T' to 'Aero.Core.Entities.IEntity<string>'. [C:\Users\bbqch\proj\microbians\AeroCMS\Aero\src\Aero.Core\Aero.Core.csproj]
C:\Users\bbqch\proj\microbians\AeroCMS\Aero\src\Aero.Core\Data\GenericRepository.cs(192,23): error CS0314: The type 'T' cannot be used as type parameter 'T' in the generic type or method 'IReadOnlyRepository<T, TKey>'. There is no boxing conversion or type parameter conversion from 'T' to 'Aero.Core.Entities.IEntity<string>'. [C:\Users\bbqch\proj\microbians\AeroCMS\Aero\src\Aero.Core\Aero.Core.csproj]
C:\Users\bbqch\proj\microbians\AeroCMS\Aero\src\Aero.Core\Data\GenericRepository.cs(192,23): error CS0314: The type 'T' cannot be used as type parameter 'T' in the generic type or method 'IReadonlyRepositorySync<T, TKey>'. There is no boxing conversion or type parameter conversion from 'T' to 'Aero.Core.Entities.IEntity<string>'. [C:\Users\bbqch\proj\microbians\AeroCMS\Aero\src\Aero.Core\Aero.Core.csproj]
C:\Users\bbqch\proj\microbians\AeroCMS\Aero\src\Aero.Core\Data\GenericRepository.cs(192,23): error CS0314: The type 'T' cannot be used as type parameter 'T' in the generic type or method 'IReadonlyRepositoryAsync<T, TKey>'. There is no boxing conversion or type parameter conversion from 'T' to 'Aero.Core.Entities.IEntity<string>'. [C:\Users\bbqch\proj\microbians\AeroCMS\Aero\src\Aero.Core\Aero.Core.csproj]
C:\Users\bbqch\proj\microbians\AeroCMS\Aero\src\Aero.Core\Data\GenericRepository.cs(192,23): error CS0314: The type 'T' cannot be used as type parameter 'T' in the generic type or method 'IWriteOnlyRepository<T, TKey>'. There is no boxing conversion or type parameter conversion from 'T' to 'Aero.Core.Entities.IEntity<string>'. [C:\Users\bbqch\proj\microbians\AeroCMS\Aero\src\Aero.Core\Aero.Core.csproj]
C:\Users\bbqch\proj\microbians\AeroCMS\Aero\src\Aero.Core\Data\GenericRepository.cs(192,23): error CS0314: The type 'T' cannot be used as type parameter 'T' in the generic type or method 'IWriteOnlyRepositorySync<T, TKey>'. There is no boxing conversion or type parameter conversion from 'T' to 'Aero.Core.Entities.IEntity<string>'. [C:\Users\bbqch\proj\microbians\AeroCMS\Aero\src\Aero.Core\Aero.Core.csproj]
C:\Users\bbqch\proj\microbians\AeroCMS\Aero\src\Aero.Core\Data\GenericRepository.cs(192,23): error CS0314: The type 'T' cannot be used as type parameter 'T' in the generic type or method 'IWriteOnlyRepositoryAsync<T, TKey>'. There is no boxing conversion or type parameter conversion from 'T' to 'Aero.Core.Entities.IEntity<string>'. [C:\Users\bbqch\proj\microbians\AeroCMS\Aero\src\Aero.Core\Aero.Core.csproj]
C:\Users\bbqch\proj\microbians\AeroCMS\Aero\src\Aero.Core\Extensions\XmlDocumentExtension.cs(442,111): warning CS8625: Cannot convert null literal to non-nullable reference type. [C:\Users\bbqch\proj\microbians\AeroCMS\Aero\src\Aero.Core\Aero.Core.csproj]
C:\Users\bbqch\proj\microbians\AeroCMS\Aero\src\Aero.Core\Extensions\XmlDocumentExtension.cs(456,106): warning CS8625: Cannot convert null literal to non-nullable reference type. [C:\Users\bbqch\proj\microbians\AeroCMS\Aero\src\Aero.Core\Aero.Core.csproj]
C:\Users\bbqch\proj\microbians\AeroCMS\Aero\src\Aero.Core\DataStructures\Trees\Persistence\Interfaces\IKeyValueTree.cs(8,21): warning CS0108: 'IKeyValueTree<TKey, TValue>.DeleteAsync(TKey, CancellationToken)' hides inherited member 'ITree<TKey>.DeleteAsync(TKey, CancellationToken)'. Use the new keyword if hiding was intended. [C:\Users\bbqch\proj\microbians\AeroCMS\Aero\src\Aero.Core\Aero.Core.csproj]
C:\Users\bbqch\proj\microbians\AeroCMS\Aero\src\Aero.Core\DataStructures\Trees\Persistence\Interfaces\IKeyValueTree.cs(9,21): warning CS0108: 'IKeyValueTree<TKey, TValue>.ContainsAsync(TKey, CancellationToken)' hides inherited member 'ITree<TKey>.ContainsAsync(TKey, CancellationToken)'. Use the new keyword if hiding was intended. [C:\Users\bbqch\proj\microbians\AeroCMS\Aero\src\Aero.Core\Aero.Core.csproj]

Build FAILED.

C:\Users\bbqch\proj\microbians\AeroCMS\Aero\src\Aero.Core\Aero.Core.csproj : warning NU1510: PackageReference System.Text.Json will not be pruned. Consider removing this package from your dependencies, as it is likely unnecessary.
C:\Users\bbqch\proj\microbians\AeroCMS\Aero\src\Aero.Core\Aero.Core.csproj : warning NU1510: PackageReference System.Text.RegularExpressions will not be pruned. Consider removing this package from your dependencies, as it is likely unnecessary.
C:\Users\bbqch\proj\microbians\AeroCMS\Aero\src\Aero.Core\Aero.Core.csproj : warning NU1903: Package 'Newtonsoft.Json' 10.0.2 has a known high severity vulnerability, https://github.com/advisories/GHSA-5crp-9r3c-p9vr
C:\Users\bbqch\proj\microbians\AeroCMS\Aero\src\Aero.Core\Aero.Core.csproj : warning NU1902: Package 'System.Data.SqlClient' 4.5.1 has a known moderate severity vulnerability, https://github.com/advisories/GHSA-8g2p-5pqh-5jmc
C:\Users\bbqch\proj\microbians\AeroCMS\Aero\src\Aero.Core\Aero.Core.csproj : warning NU1903: Package 'System.Data.SqlClient' 4.5.1 has a known high severity vulnerability, https://github.com/advisories/GHSA-98g6-xh36-x2p7
C:\Users\bbqch\proj\microbians\AeroCMS\Aero\src\Aero.Core\Aero.Core.csproj : warning NU1510: PackageReference System.Text.Json will not be pruned. Consider removing this package from your dependencies, as it is likely unnecessary.
C:\Users\bbqch\proj\microbians\AeroCMS\Aero\src\Aero.Core\Aero.Core.csproj : warning NU1510: PackageReference System.Text.RegularExpressions will not be pruned. Consider removing this package from your dependencies, as it is likely unnecessary.
C:\Users\bbqch\proj\microbians\AeroCMS\Aero\src\Aero.Core\Aero.Core.csproj : warning NU1903: Package 'Newtonsoft.Json' 10.0.2 has a known high severity vulnerability, https://github.com/advisories/GHSA-5crp-9r3c-p9vr
C:\Users\bbqch\proj\microbians\AeroCMS\Aero\src\Aero.Core\Aero.Core.csproj : warning NU1902: Package 'System.Data.SqlClient' 4.5.1 has a known moderate severity vulnerability, https://github.com/advisories/GHSA-8g2p-5pqh-5jmc
C:\Users\bbqch\proj\microbians\AeroCMS\Aero\src\Aero.Core\Aero.Core.csproj : warning NU1903: Package 'System.Data.SqlClient' 4.5.1 has a known high severity vulnerability, https://github.com/advisories/GHSA-98g6-xh36-x2p7
C:\Users\bbqch\proj\microbians\AeroCMS\Aero\src\Aero.Core\Data\Functional\GenericRepositoryOptional.cs(67,48): warning CS1570: XML comment has badly formed XML -- 'Whitespace is not allowed at this location.' [C:\Users\bbqch\proj\microbians\AeroCMS\Aero\src\Aero.Core\Aero.Core.csproj]
C:\Users\bbqch\proj\microbians\AeroCMS\Aero\src\Aero.Core\QueryableExtensions.cs(42,68): warning CS8625: Cannot convert null literal to non-nullable reference type. [C:\Users\bbqch\proj\microbians\AeroCMS\Aero\src\Aero.Core\Aero.Core.csproj]
C:\Users\bbqch\proj\microbians\AeroCMS\Aero\src\Aero.Core\QueryableExtensions.cs(42,108): warning CS8625: Cannot convert null literal to non-nullable reference type. [C:\Users\bbqch\proj\microbians\AeroCMS\Aero\src\Aero.Core\Aero.Core.csproj]
C:\Users\bbqch\proj\microbians\AeroCMS\Aero\src\Aero.Core\DataStructures\Trees\Interval.cs(17,16): warning CS8767: Nullability of reference types in type of parameter 'other' of 'int Interval.CompareTo(Interval other)' doesn't match implicitly implemented member 'int IComparable<Interval>.CompareTo(Interval? other)' (possibly because of nullability attributes). [C:\Users\bbqch\proj\microbians\AeroCMS\Aero\src\Aero.Core\Aero.Core.csproj]
C:\Users\bbqch\proj\microbians\AeroCMS\Aero\src\Aero.Core\Helpers\Config.cs(19,52): warning CS8625: Cannot convert null literal to non-nullable reference type. [C:\Users\bbqch\proj\microbians\AeroCMS\Aero\src\Aero.Core\Aero.Core.csproj]
C:\Users\bbqch\proj\microbians\AeroCMS\Aero\src\Aero.Core\Extensions\XmlDocumentExtension.cs(442,111): warning CS8625: Cannot convert null literal to non-nullable reference type. [C:\Users\bbqch\proj\microbians\AeroCMS\Aero\src\Aero.Core\Aero.Core.csproj]
C:\Users\bbqch\proj\microbians\AeroCMS\Aero\src\Aero.Core\Extensions\XmlDocumentExtension.cs(456,106): warning CS8625: Cannot convert null literal to non-nullable reference type. [C:\Users\bbqch\proj\microbians\AeroCMS\Aero\src\Aero.Core\Aero.Core.csproj]
C:\Users\bbqch\proj\microbians\AeroCMS\Aero\src\Aero.Core\DataStructures\Trees\Persistence\Interfaces\IKeyValueTree.cs(8,21): warning CS0108: 'IKeyValueTree<TKey, TValue>.DeleteAsync(TKey, CancellationToken)' hides inherited member 'ITree<TKey>.DeleteAsync(TKey, CancellationToken)'. Use the new keyword if hiding was intended. [C:\Users\bbqch\proj\microbians\AeroCMS\Aero\src\Aero.Core\Aero.Core.csproj]
C:\Users\bbqch\proj\microbians\AeroCMS\Aero\src\Aero.Core\DataStructures\Trees\Persistence\Interfaces\IKeyValueTree.cs(9,21): warning CS0108: 'IKeyValueTree<TKey, TValue>.ContainsAsync(TKey, CancellationToken)' hides inherited member 'ITree<TKey>.ContainsAsync(TKey, CancellationToken)'. Use the new keyword if hiding was intended. [C:\Users\bbqch\proj\microbians\AeroCMS\Aero\src\Aero.Core\Aero.Core.csproj]
C:\Users\bbqch\proj\microbians\AeroCMS\Aero\src\Aero.Core\Data\GenericRepository.cs(192,23): error CS0314: The type 'T' cannot be used as type parameter 'T' in the generic type or method 'GenericRepository<T, TKey>'. There is no boxing conversion or type parameter conversion from 'T' to 'Aero.Core.Entities.IEntity<string>'. [C:\Users\bbqch\proj\microbians\AeroCMS\Aero\src\Aero.Core\Aero.Core.csproj]
C:\Users\bbqch\proj\microbians\AeroCMS\Aero\src\Aero.Core\Data\GenericRepository.cs(184,18): error CS0314: The type 'T' cannot be used as type parameter 'T' in the generic type or method 'IGenericRepository<T, TKey>'. There is no boxing conversion or type parameter conversion from 'T' to 'Aero.Core.Entities.IEntity<string>'. [C:\Users\bbqch\proj\microbians\AeroCMS\Aero\src\Aero.Core\Aero.Core.csproj]
C:\Users\bbqch\proj\microbians\AeroCMS\Aero\src\Aero.Core\Data\GenericRepository.cs(184,18): error CS0314: The type 'T' cannot be used as type parameter 'T' in the generic type or method 'IReadOnlyRepository<T, TKey>'. There is no boxing conversion or type parameter conversion from 'T' to 'Aero.Core.Entities.IEntity<string>'. [C:\Users\bbqch\proj\microbians\AeroCMS\Aero\src\Aero.Core\Aero.Core.csproj]
C:\Users\bbqch\proj\microbians\AeroCMS\Aero\src\Aero.Core\Data\GenericRepository.cs(184,18): error CS0314: The type 'T' cannot be used as type parameter 'T' in the generic type or method 'IReadonlyRepositorySync<T, TKey>'. There is no boxing conversion or type parameter conversion from 'T' to 'Aero.Core.Entities.IEntity<string>'. [C:\Users\bbqch\proj\microbians\AeroCMS\Aero\src\Aero.Core\Aero.Core.csproj]
C:\Users\bbqch\proj\microbians\AeroCMS\Aero\src\Aero.Core\Data\GenericRepository.cs(184,18): error CS0314: The type 'T' cannot be used as type parameter 'T' in the generic type or method 'IReadonlyRepositoryAsync<T, TKey>'. There is no boxing conversion or type parameter conversion from 'T' to 'Aero.Core.Entities.IEntity<string>'. [C:\Users\bbqch\proj\microbians\AeroCMS\Aero\src\Aero.Core\Aero.Core.csproj]
C:\Users\bbqch\proj\microbians\AeroCMS\Aero\src\Aero.Core\Data\GenericRepository.cs(184,18): error CS0314: The type 'T' cannot be used as type parameter 'T' in the generic type or method 'IWriteOnlyRepository<T, TKey>'. There is no boxing conversion or type parameter conversion from 'T' to 'Aero.Core.Entities.IEntity<string>'. [C:\Users\bbqch\proj\microbians\AeroCMS\Aero\src\Aero.Core\Aero.Core.csproj]
C:\Users\bbqch\proj\microbians\AeroCMS\Aero\src\Aero.Core\Data\GenericRepository.cs(184,18): error CS0314: The type 'T' cannot be used as type parameter 'T' in the generic type or method 'IWriteOnlyRepositorySync<T, TKey>'. There is no boxing conversion or type parameter conversion from 'T' to 'Aero.Core.Entities.IEntity<string>'. [C:\Users\bbqch\proj\microbians\AeroCMS\Aero\src\Aero.Core\Aero.Core.csproj]
C:\Users\bbqch\proj\microbians\AeroCMS\Aero\src\Aero.Core\Data\GenericRepository.cs(184,18): error CS0314: The type 'T' cannot be used as type parameter 'T' in the generic type or method 'IWriteOnlyRepositoryAsync<T, TKey>'. There is no boxing conversion or type parameter conversion from 'T' to 'Aero.Core.Entities.IEntity<string>'. [C:\Users\bbqch\proj\microbians\AeroCMS\Aero\src\Aero.Core\Aero.Core.csproj]
C:\Users\bbqch\proj\microbians\AeroCMS\Aero\src\Aero.Core\Data\GenericRepository.cs(192,23): error CS0314: The type 'T' cannot be used as type parameter 'T' in the generic type or method 'IGenericRepository<T, TKey>'. There is no boxing conversion or type parameter conversion from 'T' to 'Aero.Core.Entities.IEntity<string>'. [C:\Users\bbqch\proj\microbians\AeroCMS\Aero\src\Aero.Core\Aero.Core.csproj]
C:\Users\bbqch\proj\microbians\AeroCMS\Aero\src\Aero.Core\Data\GenericRepository.cs(192,23): error CS0314: The type 'T' cannot be used as type parameter 'T' in the generic type or method 'IReadOnlyRepository<T, TKey>'. There is no boxing conversion or type parameter conversion from 'T' to 'Aero.Core.Entities.IEntity<string>'. [C:\Users\bbqch\proj\microbians\AeroCMS\Aero\src\Aero.Core\Aero.Core.csproj]
C:\Users\bbqch\proj\microbians\AeroCMS\Aero\src\Aero.Core\Data\GenericRepository.cs(192,23): error CS0314: The type 'T' cannot be used as type parameter 'T' in the generic type or method 'IReadonlyRepositorySync<T, TKey>'. There is no boxing conversion or type parameter conversion from 'T' to 'Aero.Core.Entities.IEntity<string>'. [C:\Users\bbqch\proj\microbians\AeroCMS\Aero\src\Aero.Core\Aero.Core.csproj]
C:\Users\bbqch\proj\microbians\AeroCMS\Aero\src\Aero.Core\Data\GenericRepository.cs(192,23): error CS0314: The type 'T' cannot be used as type parameter 'T' in the generic type or method 'IReadonlyRepositoryAsync<T, TKey>'. There is no boxing conversion or type parameter conversion from 'T' to 'Aero.Core.Entities.IEntity<string>'. [C:\Users\bbqch\proj\microbians\AeroCMS\Aero\src\Aero.Core\Aero.Core.csproj]
C:\Users\bbqch\proj\microbians\AeroCMS\Aero\src\Aero.Core\Data\GenericRepository.cs(192,23): error CS0314: The type 'T' cannot be used as type parameter 'T' in the generic type or method 'IWriteOnlyRepository<T, TKey>'. There is no boxing conversion or type parameter conversion from 'T' to 'Aero.Core.Entities.IEntity<string>'. [C:\Users\bbqch\proj\microbians\AeroCMS\Aero\src\Aero.Core\Aero.Core.csproj]
C:\Users\bbqch\proj\microbians\AeroCMS\Aero\src\Aero.Core\Data\GenericRepository.cs(192,23): error CS0314: The type 'T' cannot be used as type parameter 'T' in the generic type or method 'IWriteOnlyRepositorySync<T, TKey>'. There is no boxing conversion or type parameter conversion from 'T' to 'Aero.Core.Entities.IEntity<string>'. [C:\Users\bbqch\proj\microbians\AeroCMS\Aero\src\Aero.Core\Aero.Core.csproj]
C:\Users\bbqch\proj\microbians\AeroCMS\Aero\src\Aero.Core\Data\GenericRepository.cs(192,23): error CS0314: The type 'T' cannot be used as type parameter 'T' in the generic type or method 'IWriteOnlyRepositoryAsync<T, TKey>'. There is no boxing conversion or type parameter conversion from 'T' to 'Aero.Core.Entities.IEntity<string>'. [C:\Users\bbqch\proj\microbians\AeroCMS\Aero\src\Aero.Core\Aero.Core.csproj]
    19 Warning(s)
    15 Error(s)

Time Elapsed 00:00:01.79
